[0.009s][info][gc,init] CardTable entry size: 512
[0.009s][info][gc     ] Using G1
[0.010s][info][gc,init] Version: 25.0.1+8-LTS-27 (release)
[0.010s][info][gc,init] CPUs: 16 total, 16 available
[0.010s][info][gc,init] Memory: 15720M
[0.010s][info][gc,init] Large Page Support: Disabled
[0.010s][info][gc,init] NUMA Support: Disabled
[0.010s][info][gc,init] Compressed Oops: Enabled (32-bit)
[0.010s][info][gc,init] Heap Region Size: 1M
[0.010s][info][gc,init] Heap Min Capacity: 8M
[0.010s][info][gc,init] Heap Initial Capacity: 246M
[0.010s][info][gc,init] Heap Max Capacity: 256M
[0.010s][info][gc,init] Pre-touch: Disabled
[0.010s][info][gc,init] Parallel Workers: 13
[0.011s][info][gc,init] Concurrent Workers: 3
[0.014s][info][gc,init] Concurrent Refinement Workers: 13
[0.014s][info][gc,init] Periodic GC: Disabled
[0.021s][info][gc,metaspace] CDS archive(s) mapped at: [0x0000000028000000-0x0000000028dd0000-0x0000000028dd0000), size 14483456, SharedBaseAddress: 0x0000000028000000, ArchiveRelocationMode: 1.
[0.021s][info][gc,metaspace] Compressed class space mapped at: 0x0000000029000000-0x0000000069000000, reserved size: 1073741824
[0.021s][info][gc,metaspace] UseCompressedClassPointers 1, UseCompactObjectHeaders 0
[0.021s][info][gc,metaspace] Narrow klass pointer bits 32, Max shift 3
[0.021s][info][gc,metaspace] Narrow klass base: 0x0000000028000000, Narrow klass shift: 0
[0.021s][info][gc,metaspace] Encoding Range: [0x0000000028000000 - 0x0000000128000000), (4294967296 bytes)
[0.021s][info][gc,metaspace] Klass Range:    [0x0000000028010000 - 0x0000000069000000), (1090453504 bytes)
[0.021s][info][gc,metaspace] Klass ID Range:  [65536 - 1090519033) (1090453497)
[0.021s][info][gc,metaspace] Protection zone: [0x0000000028000000 - 0x0000000028010000), (65536 bytes)
[0.086s][info][gc,start    ] GC(0) Pause Young (Concurrent Start) (G1 Humongous Allocation)
[0.086s][info][gc,task     ] GC(0) Using 5 workers of 13 for evacuation
[0.087s][info][gc,phases   ] GC(0)   Pre Evacuate Collection Set: 0.15ms
[0.087s][info][gc,phases   ] GC(0)   Merge Heap Roots: 0.03ms
[0.087s][info][gc,phases   ] GC(0)   Evacuate Collection Set: 0.37ms
[0.087s][info][gc,phases   ] GC(0)   Post Evacuate Collection Set: 0.16ms
[0.087s][info][gc,phases   ] GC(0)   Other: 0.21ms
[0.087s][info][gc,heap     ] GC(0) Eden regions: 2->0(57)
[0.087s][info][gc,heap     ] GC(0) Survivor regions: 0->1(6)
[0.087s][info][gc,heap     ] GC(0) Old regions: 2->2
[0.087s][info][gc,heap     ] GC(0) Humongous regions: 108->108
[0.087s][info][gc,metaspace] GC(0) Metaspace: 409K(640K)->409K(640K) NonClass: 391K(512K)->391K(512K) Class: 17K(128K)->17K(128K)
[0.087s][info][gc          ] GC(0) Pause Young (Concurrent Start) (G1 Humongous Allocation) 111M->109M(248M) 1.198ms
[0.087s][info][gc,cpu      ] GC(0) User=0.00s Sys=0.00s Real=0.00s
[0.087s][info][gc          ] GC(1) Concurrent Undo Cycle
[0.087s][info][gc,marking  ] GC(1) Concurrent Clear Claimed Marks
[0.087s][info][gc,marking  ] GC(1) Concurrent Clear Claimed Marks 0.018ms
[0.087s][info][gc,marking  ] GC(1) Concurrent Cleanup for Next Mark
[0.087s][info][gc,marking  ] GC(1) Concurrent Cleanup for Next Mark 0.040ms
[0.087s][info][gc          ] GC(1) Concurrent Undo Cycle 0.185ms
[0.088s][info][gc,start    ] GC(2) Pause Young (Concurrent Start) (G1 Humongous Allocation)
[0.088s][info][gc,task     ] GC(2) Using 5 workers of 13 for evacuation
[0.089s][info][gc,phases   ] GC(2)   Pre Evacuate Collection Set: 0.10ms
[0.089s][info][gc,phases   ] GC(2)   Merge Heap Roots: 0.02ms
[0.089s][info][gc,phases   ] GC(2)   Evacuate Collection Set: 0.26ms
[0.089s][info][gc,phases   ] GC(2)   Post Evacuate Collection Set: 0.11ms
[0.089s][info][gc,phases   ] GC(2)   Other: 0.04ms
[0.089s][info][gc,heap     ] GC(2) Eden regions: 1->0(73)
[0.089s][info][gc,heap     ] GC(2) Survivor regions: 1->1(8)
[0.089s][info][gc,heap     ] GC(2) Old regions: 2->2
[0.089s][info][gc,heap     ] GC(2) Humongous regions: 110->110
[0.089s][info][gc,metaspace] GC(2) Metaspace: 409K(640K)->409K(640K) NonClass: 391K(512K)->391K(512K) Class: 17K(128K)->17K(128K)
[0.089s][info][gc          ] GC(2) Pause Young (Concurrent Start) (G1 Humongous Allocation) 112M->111M(248M) 0.753ms
[0.089s][info][gc,cpu      ] GC(2) User=0.00s Sys=0.00s Real=0.00s
[0.089s][info][gc          ] GC(3) Concurrent Mark Cycle
[0.089s][info][gc,marking  ] GC(3) Concurrent Scan Root Regions
[0.089s][info][gc,marking  ] GC(3) Concurrent Scan Root Regions 0.374ms
[0.089s][info][gc,marking  ] GC(3) Concurrent Mark
[0.089s][info][gc,marking  ] GC(3) Concurrent Mark From Roots
[0.089s][info][gc,task     ] GC(3) Using 3 workers of 3 for marking
[0.091s][info][gc,marking  ] GC(3) Concurrent Mark From Roots 1.674ms
[0.091s][info][gc,marking  ] GC(3) Concurrent Preclean
[0.091s][info][gc,marking  ] GC(3) Concurrent Preclean 0.012ms
[0.091s][info][gc,start    ] GC(3) Pause Remark
[0.091s][info][gc          ] GC(3) Pause Remark 120M->120M(248M) 0.304ms
[0.091s][info][gc,cpu      ] GC(3) User=0.00s Sys=0.00s Real=0.00s
[0.091s][info][gc,marking  ] GC(3) Concurrent Mark 2.113ms
[0.091s][info][gc,marking  ] GC(3) Concurrent Rebuild Remembered Sets and Scrub Regions
[0.092s][info][gc,marking  ] GC(3) Concurrent Rebuild Remembered Sets and Scrub Regions 0.628ms
[0.092s][info][gc,start    ] GC(3) Pause Cleanup
[0.092s][info][gc          ] GC(3) Pause Cleanup 124M->124M(248M) 0.033ms
[0.092s][info][gc,cpu      ] GC(3) User=0.00s Sys=0.00s Real=0.00s
[0.092s][info][gc,marking  ] GC(3) Concurrent Clear Claimed Marks
[0.092s][info][gc,marking  ] GC(3) Concurrent Clear Claimed Marks 0.027ms
[0.092s][info][gc,marking  ] GC(3) Concurrent Cleanup for Next Mark
[0.093s][info][gc,marking  ] GC(3) Concurrent Cleanup for Next Mark 0.576ms
[0.093s][info][gc          ] GC(3) Concurrent Mark Cycle 4.014ms
[0.125s][info][gc,start    ] GC(4) Pause Young (Prepare Mixed) (G1 Humongous Allocation)
[0.125s][info][gc,task     ] GC(4) Using 6 workers of 13 for evacuation
[0.125s][info][gc,phases   ] GC(4)   Pre Evacuate Collection Set: 0.11ms
[0.125s][info][gc,phases   ] GC(4)   Merge Heap Roots: 0.03ms
[0.125s][info][gc,phases   ] GC(4)   Evacuate Collection Set: 0.19ms
[0.125s][info][gc,phases   ] GC(4)   Post Evacuate Collection Set: 0.20ms
[0.125s][info][gc,phases   ] GC(4)   Other: 0.14ms
[0.125s][info][gc,heap     ] GC(4) Eden regions: 1->0(1)
[0.125s][info][gc,heap     ] GC(4) Survivor regions: 1->0(0)
[0.125s][info][gc,heap     ] GC(4) Old regions: 2->4
[0.125s][info][gc,heap     ] GC(4) Humongous regions: 252->252
[0.125s][info][gc,metaspace] GC(4) Metaspace: 439K(640K)->439K(640K) NonClass: 421K(512K)->421K(512K) Class: 17K(128K)->17K(128K)
[0.125s][info][gc          ] GC(4) Pause Young (Prepare Mixed) (G1 Humongous Allocation) (Evacuation Failure: Allocation) 254M->254M(256M) 0.844ms
[0.125s][info][gc,cpu      ] GC(4) User=0.02s Sys=0.00s Real=0.00s
[0.125s][info][gc,ergo     ] Attempting full compaction
[0.125s][info][gc,start    ] GC(5) Pause Full (G1 Compaction Pause)
[0.125s][info][gc,task     ] GC(5) Using 6 workers of 13 for full compaction
[0.126s][info][gc,phases,start] GC(5) Phase 1: Mark live objects
[0.126s][info][gc,phases      ] GC(5) Phase 1: Mark live objects 0.602ms
[0.126s][info][gc,phases,start] GC(5) Phase 2: Prepare compaction
[0.126s][info][gc,phases      ] GC(5) Phase 2: Prepare compaction 0.184ms
[0.126s][info][gc,phases,start] GC(5) Phase 3: Adjust pointers
[0.127s][info][gc,phases      ] GC(5) Phase 3: Adjust pointers 0.546ms
[0.127s][info][gc,phases,start] GC(5) Phase 4: Compact heap
[0.127s][info][gc,phases      ] GC(5) Phase 4: Compact heap 0.299ms
[0.127s][info][gc,phases,start] GC(5) Phase 5: Reset Metadata
[0.127s][info][gc,phases      ] GC(5) Phase 5: Reset Metadata 0.216ms
[0.128s][info][gc,heap        ] GC(5) Eden regions: 0->0(2)
[0.128s][info][gc,heap        ] GC(5) Survivor regions: 0->0(0)
[0.128s][info][gc,heap        ] GC(5) Old regions: 4->2
[0.128s][info][gc,heap        ] GC(5) Humongous regions: 252->252
[0.128s][info][gc,metaspace   ] GC(5) Metaspace: 439K(640K)->439K(640K) NonClass: 421K(512K)->421K(512K) Class: 17K(128K)->17K(128K)
[0.128s][info][gc             ] GC(5) Pause Full (G1 Compaction Pause) 254M->253M(256M) 2.903ms
[0.128s][info][gc,cpu         ] GC(5) User=0.00s Sys=0.00s Real=0.00s
[0.128s][info][gc,ergo        ] Attempting maximal full compaction clearing soft references
[0.128s][info][gc,start       ] GC(6) Pause Full (G1 Compaction Pause)
[0.128s][info][gc,task        ] GC(6) Using 6 workers of 13 for full compaction
[0.128s][info][gc,phases,start] GC(6) Phase 1: Mark live objects
[0.129s][info][gc,phases      ] GC(6) Phase 1: Mark live objects 0.975ms
[0.129s][info][gc,phases,start] GC(6) Phase 2: Prepare compaction
[0.130s][info][gc,phases      ] GC(6) Phase 2: Prepare compaction 0.636ms
[0.130s][info][gc,phases,start] GC(6) Phase 3: Adjust pointers
[0.131s][info][gc,phases      ] GC(6) Phase 3: Adjust pointers 0.554ms
[0.131s][info][gc,phases,start] GC(6) Phase 4: Compact heap
[0.131s][info][gc,phases      ] GC(6) Phase 4: Compact heap 0.523ms
[0.131s][info][gc,phases,start] GC(6) Phase 5: Reset Metadata
[0.131s][info][gc,phases      ] GC(6) Phase 5: Reset Metadata 0.107ms
[0.132s][info][gc,heap        ] GC(6) Eden regions: 0->0(2)
[0.132s][info][gc,heap        ] GC(6) Survivor regions: 0->0(0)
[0.132s][info][gc,heap        ] GC(6) Old regions: 2->2
[0.132s][info][gc,heap        ] GC(6) Humongous regions: 252->252
[0.132s][info][gc,metaspace   ] GC(6) Metaspace: 439K(640K)->437K(640K) NonClass: 421K(512K)->420K(512K) Class: 17K(128K)->17K(128K)
[0.132s][info][gc             ] GC(6) Pause Full (G1 Compaction Pause) 253M->253M(256M) 3.633ms
[0.132s][info][gc,cpu         ] GC(6) User=0.00s Sys=0.00s Real=0.01s
[0.132s][info][gc,start       ] GC(7) Pause Young (Concurrent Start) (G1 Evacuation Pause)
[0.132s][info][gc,task        ] GC(7) Using 6 workers of 13 for evacuation
[0.133s][info][gc,phases      ] GC(7)   Pre Evacuate Collection Set: 0.11ms
[0.133s][info][gc,phases      ] GC(7)   Merge Heap Roots: 0.03ms
[0.133s][info][gc,phases      ] GC(7)   Evacuate Collection Set: 0.14ms
[0.133s][info][gc,phases      ] GC(7)   Post Evacuate Collection Set: 0.09ms
[0.133s][info][gc,phases      ] GC(7)   Other: 0.05ms
[0.133s][info][gc,heap        ] GC(7) Eden regions: 0->0(1)
[0.133s][info][gc,heap        ] GC(7) Survivor regions: 0->0(0)
[0.133s][info][gc,heap        ] GC(7) Old regions: 2->2
[0.133s][info][gc,heap        ] GC(7) Humongous regions: 254->254
[0.133s][info][gc,metaspace   ] GC(7) Metaspace: 437K(640K)->437K(640K) NonClass: 420K(512K)->420K(512K) Class: 17K(128K)->17K(128K)
[0.133s][info][gc             ] GC(7) Pause Young (Concurrent Start) (G1 Evacuation Pause) 255M->255M(256M) 0.628ms
[0.133s][info][gc,cpu         ] GC(7) User=0.00s Sys=0.00s Real=0.00s
[0.133s][info][gc             ] GC(8) Concurrent Mark Cycle
[0.133s][info][gc,ergo        ] Attempting full compaction
[0.133s][info][gc,marking     ] GC(8) Concurrent Scan Root Regions
[0.133s][info][gc,start       ] GC(9) Pause Full (G1 Compaction Pause)
[0.133s][info][gc,marking     ] GC(8) Concurrent Scan Root Regions 0.043ms
[0.133s][info][gc,task        ] GC(9) Using 6 workers of 13 for full compaction
[0.133s][info][gc,marking     ] GC(8) Concurrent Mark
[0.133s][info][gc,marking     ] GC(8) Concurrent Mark From Roots
[0.133s][info][gc,task        ] GC(8) Using 3 workers of 3 for marking
[0.133s][info][gc,phases,start] GC(9) Phase 1: Mark live objects
[0.134s][info][gc,phases      ] GC(9) Phase 1: Mark live objects 0.576ms
[0.134s][info][gc,phases,start] GC(9) Phase 2: Prepare compaction
[0.134s][info][gc,phases      ] GC(9) Phase 2: Prepare compaction 0.111ms
[0.134s][info][gc,phases,start] GC(9) Phase 3: Adjust pointers
[0.134s][info][gc,phases      ] GC(9) Phase 3: Adjust pointers 0.400ms
[0.134s][info][gc,phases,start] GC(9) Phase 4: Compact heap
[0.134s][info][gc,phases      ] GC(9) Phase 4: Compact heap 0.078ms
[0.134s][info][gc,phases,start] GC(9) Phase 5: Reset Metadata
[0.135s][info][gc,phases      ] GC(9) Phase 5: Reset Metadata 0.183ms
[0.135s][info][gc,heap        ] GC(9) Eden regions: 0->0(1)
[0.135s][info][gc,heap        ] GC(9) Survivor regions: 0->0(0)
[0.135s][info][gc,heap        ] GC(9) Old regions: 2->2
[0.135s][info][gc,heap        ] GC(9) Humongous regions: 254->254
[0.135s][info][gc,metaspace   ] GC(9) Metaspace: 437K(640K)->437K(640K) NonClass: 420K(512K)->420K(512K) Class: 17K(128K)->17K(128K)
[0.135s][info][gc             ] GC(9) Pause Full (G1 Compaction Pause) 255M->255M(256M) 2.036ms
[0.135s][info][gc,cpu         ] GC(9) User=0.00s Sys=0.00s Real=0.00s
[0.135s][info][gc,ergo        ] Attempting maximal full compaction clearing soft references
[0.135s][info][gc,start       ] GC(10) Pause Full (G1 Compaction Pause)
[0.135s][info][gc,task        ] GC(10) Using 6 workers of 13 for full compaction
[0.135s][info][gc,phases,start] GC(10) Phase 1: Mark live objects
[0.136s][info][gc,phases      ] GC(10) Phase 1: Mark live objects 0.495ms
[0.136s][info][gc,phases,start] GC(10) Phase 2: Prepare compaction
[0.136s][info][gc,phases      ] GC(10) Phase 2: Prepare compaction 0.293ms
[0.136s][info][gc,phases,start] GC(10) Phase 3: Adjust pointers
[0.137s][info][gc,phases      ] GC(10) Phase 3: Adjust pointers 0.673ms
[0.137s][info][gc,phases,start] GC(10) Phase 4: Compact heap
[0.137s][info][gc,phases      ] GC(10) Phase 4: Compact heap 0.303ms
[0.137s][info][gc,phases,start] GC(10) Phase 5: Reset Metadata
[0.137s][info][gc,phases      ] GC(10) Phase 5: Reset Metadata 0.047ms
[0.137s][info][gc,heap        ] GC(10) Eden regions: 0->0(1)
[0.137s][info][gc,heap        ] GC(10) Survivor regions: 0->0(0)
[0.137s][info][gc,heap        ] GC(10) Old regions: 2->2
[0.137s][info][gc,heap        ] GC(10) Humongous regions: 254->254
[0.137s][info][gc,metaspace   ] GC(10) Metaspace: 437K(640K)->437K(640K) NonClass: 420K(512K)->420K(512K) Class: 17K(128K)->17K(128K)
[0.137s][info][gc             ] GC(10) Pause Full (G1 Compaction Pause) 255M->255M(256M) 2.341ms
[0.137s][info][gc,cpu         ] GC(10) User=0.00s Sys=0.00s Real=0.00s
[0.137s][info][gc,marking     ] GC(8) Concurrent Mark From Roots 4.377ms
[0.137s][info][gc,start       ] GC(11) Pause Young (Normal) (G1 Evacuation Pause)
[0.137s][info][gc,task        ] GC(11) Using 6 workers of 13 for evacuation
[0.138s][info][gc,phases      ] GC(11)   Pre Evacuate Collection Set: 0.04ms
[0.138s][info][gc,phases      ] GC(11)   Merge Heap Roots: 0.02ms
[0.138s][info][gc,phases      ] GC(11)   Evacuate Collection Set: 0.03ms
[0.138s][info][gc,phases      ] GC(11)   Post Evacuate Collection Set: 0.09ms
[0.138s][info][gc,phases      ] GC(11)   Other: 0.03ms
[0.138s][info][gc,heap        ] GC(11) Eden regions: 0->0(1)
[0.138s][info][gc,heap        ] GC(11) Survivor regions: 0->0(0)
[0.138s][info][gc,heap        ] GC(11) Old regions: 2->2
[0.138s][info][gc,heap        ] GC(11) Humongous regions: 254->254
[0.138s][info][gc,metaspace   ] GC(11) Metaspace: 437K(640K)->437K(640K) NonClass: 420K(512K)->420K(512K) Class: 17K(128K)->17K(128K)
[0.138s][info][gc             ] GC(11) Pause Young (Normal) (G1 Evacuation Pause) 255M->255M(256M) 0.366ms
[0.138s][info][gc,cpu         ] GC(11) User=0.00s Sys=0.00s Real=0.00s
[0.138s][info][gc,ergo        ] Attempting full compaction
[0.138s][info][gc,start       ] GC(12) Pause Full (G1 Compaction Pause)
[0.138s][info][gc,task        ] GC(12) Using 6 workers of 13 for full compaction
[0.138s][info][gc,phases,start] GC(12) Phase 1: Mark live objects
[0.139s][info][gc,phases      ] GC(12) Phase 1: Mark live objects 0.769ms
[0.139s][info][gc,phases,start] GC(12) Phase 2: Prepare compaction
[0.139s][info][gc,phases      ] GC(12) Phase 2: Prepare compaction 0.094ms
[0.139s][info][gc,phases,start] GC(12) Phase 3: Adjust pointers
[0.139s][info][gc,phases      ] GC(12) Phase 3: Adjust pointers 0.697ms
[0.140s][info][gc,phases,start] GC(12) Phase 4: Compact heap
[0.140s][info][gc,phases      ] GC(12) Phase 4: Compact heap 0.084ms
[0.140s][info][gc,phases,start] GC(12) Phase 5: Reset Metadata
[0.140s][info][gc,phases      ] GC(12) Phase 5: Reset Metadata 0.238ms
[0.140s][info][gc,heap        ] GC(12) Eden regions: 0->0(1)
[0.140s][info][gc,heap        ] GC(12) Survivor regions: 0->0(0)
[0.140s][info][gc,heap        ] GC(12) Old regions: 2->2
[0.140s][info][gc,heap        ] GC(12) Humongous regions: 254->254
[0.140s][info][gc,metaspace   ] GC(12) Metaspace: 437K(640K)->437K(640K) NonClass: 420K(512K)->420K(512K) Class: 17K(128K)->17K(128K)
[0.140s][info][gc             ] GC(12) Pause Full (G1 Compaction Pause) 255M->255M(256M) 2.457ms
[0.140s][info][gc,cpu         ] GC(12) User=0.00s Sys=0.00s Real=0.00s
[0.140s][info][gc,ergo        ] Attempting maximal full compaction clearing soft references
[0.140s][info][gc,start       ] GC(13) Pause Full (G1 Compaction Pause)
[0.140s][info][gc,task        ] GC(13) Using 6 workers of 13 for full compaction
[0.140s][info][gc,phases,start] GC(13) Phase 1: Mark live objects
[0.141s][info][gc,phases      ] GC(13) Phase 1: Mark live objects 0.476ms
[0.141s][info][gc,phases,start] GC(13) Phase 2: Prepare compaction
[0.141s][info][gc,phases      ] GC(13) Phase 2: Prepare compaction 0.267ms
[0.141s][info][gc,phases,start] GC(13) Phase 3: Adjust pointers
[0.142s][info][gc,phases      ] GC(13) Phase 3: Adjust pointers 0.652ms
[0.142s][info][gc,phases,start] GC(13) Phase 4: Compact heap
[0.142s][info][gc,phases      ] GC(13) Phase 4: Compact heap 0.290ms
[0.142s][info][gc,phases,start] GC(13) Phase 5: Reset Metadata
[0.142s][info][gc,phases      ] GC(13) Phase 5: Reset Metadata 0.046ms
[0.142s][info][gc,heap        ] GC(13) Eden regions: 0->0(1)
[0.142s][info][gc,heap        ] GC(13) Survivor regions: 0->0(0)
[0.142s][info][gc,heap        ] GC(13) Old regions: 2->2
[0.142s][info][gc,heap        ] GC(13) Humongous regions: 254->254
[0.142s][info][gc,metaspace   ] GC(13) Metaspace: 437K(640K)->437K(640K) NonClass: 420K(512K)->420K(512K) Class: 17K(128K)->17K(128K)
[0.142s][info][gc             ] GC(13) Pause Full (G1 Compaction Pause) 255M->255M(256M) 2.275ms
[0.143s][info][gc,cpu         ] GC(13) User=0.00s Sys=0.05s Real=0.00s
[0.143s][info][gc,marking     ] GC(8) Concurrent Mark Abort
[0.143s][info][gc             ] GC(8) Concurrent Mark Cycle 9.766ms
[0.143s][info][gc,start       ] GC(14) Pause Young (Concurrent Start) (G1 Humongous Allocation)
[0.143s][info][gc,task        ] GC(14) Using 6 workers of 13 for evacuation
[0.143s][info][gc,phases      ] GC(14)   Pre Evacuate Collection Set: 0.08ms
[0.143s][info][gc,phases      ] GC(14)   Merge Heap Roots: 0.02ms
[0.143s][info][gc,phases      ] GC(14)   Evacuate Collection Set: 0.08ms
[0.143s][info][gc,phases      ] GC(14)   Post Evacuate Collection Set: 0.10ms
[0.143s][info][gc,phases      ] GC(14)   Other: 0.03ms
[0.143s][info][gc,heap        ] GC(14) Eden regions: 0->0(1)
[0.143s][info][gc,heap        ] GC(14) Survivor regions: 0->0(0)
[0.143s][info][gc,heap        ] GC(14) Old regions: 2->2
[0.143s][info][gc,heap        ] GC(14) Humongous regions: 254->254
[0.143s][info][gc,metaspace   ] GC(14) Metaspace: 437K(640K)->437K(640K) NonClass: 420K(512K)->420K(512K) Class: 17K(128K)->17K(128K)
[0.143s][info][gc             ] GC(14) Pause Young (Concurrent Start) (G1 Humongous Allocation) 255M->255M(256M) 0.451ms
[0.143s][info][gc,cpu         ] GC(14) User=0.00s Sys=0.00s Real=0.00s
[0.143s][info][gc             ] GC(15) Concurrent Mark Cycle
[0.143s][info][gc,start       ] GC(16) Pause Young (Normal) (G1 Humongous Allocation)
[0.143s][info][gc,marking     ] GC(15) Concurrent Scan Root Regions
[0.143s][info][gc,task        ] GC(16) Using 6 workers of 13 for evacuation
[0.143s][info][gc,marking     ] GC(15) Concurrent Scan Root Regions 0.039ms
[0.143s][info][gc,marking     ] GC(15) Concurrent Mark
[0.143s][info][gc,marking     ] GC(15) Concurrent Mark From Roots
[0.143s][info][gc,task        ] GC(15) Using 3 workers of 3 for marking
[0.143s][info][gc,phases      ] GC(16)   Pre Evacuate Collection Set: 0.05ms
[0.143s][info][gc,phases      ] GC(16)   Merge Heap Roots: 0.02ms
[0.143s][info][gc,phases      ] GC(16)   Evacuate Collection Set: 0.09ms
[0.143s][info][gc,phases      ] GC(16)   Post Evacuate Collection Set: 0.09ms
[0.143s][info][gc,phases      ] GC(16)   Other: 0.05ms
[0.143s][info][gc,heap        ] GC(16) Eden regions: 0->0(1)
[0.143s][info][gc,heap        ] GC(16) Survivor regions: 0->0(0)
[0.144s][info][gc,heap        ] GC(16) Old regions: 2->2
[0.144s][info][gc,heap        ] GC(16) Humongous regions: 254->254
[0.144s][info][gc,metaspace   ] GC(16) Metaspace: 437K(640K)->437K(640K) NonClass: 420K(512K)->420K(512K) Class: 17K(128K)->17K(128K)
[0.144s][info][gc             ] GC(16) Pause Young (Normal) (G1 Humongous Allocation) 255M->255M(256M) 0.459ms
[0.144s][info][gc,cpu         ] GC(16) User=0.00s Sys=0.00s Real=0.00s
[0.144s][info][gc,ergo        ] Attempting full compaction
[0.144s][info][gc,start       ] GC(17) Pause Full (G1 Compaction Pause)
[0.144s][info][gc,task        ] GC(17) Using 6 workers of 13 for full compaction
[0.144s][info][gc,phases,start] GC(17) Phase 1: Mark live objects
[0.144s][info][gc,phases      ] GC(17) Phase 1: Mark live objects 0.560ms
[0.144s][info][gc,phases,start] GC(17) Phase 2: Prepare compaction
[0.144s][info][gc,phases      ] GC(17) Phase 2: Prepare compaction 0.088ms
[0.144s][info][gc,phases,start] GC(17) Phase 3: Adjust pointers
[0.145s][info][gc,phases      ] GC(17) Phase 3: Adjust pointers 0.496ms
[0.145s][info][gc,phases,start] GC(17) Phase 4: Compact heap
[0.145s][info][gc,phases      ] GC(17) Phase 4: Compact heap 0.093ms
[0.145s][info][gc,phases,start] GC(17) Phase 5: Reset Metadata
[0.145s][info][gc,phases      ] GC(17) Phase 5: Reset Metadata 0.167ms
[0.146s][info][gc,heap        ] GC(17) Eden regions: 0->0(1)
[0.146s][info][gc,heap        ] GC(17) Survivor regions: 0->0(0)
[0.146s][info][gc,heap        ] GC(17) Old regions: 2->2
[0.146s][info][gc,heap        ] GC(17) Humongous regions: 254->254
[0.146s][info][gc,metaspace   ] GC(17) Metaspace: 437K(640K)->437K(640K) NonClass: 420K(512K)->420K(512K) Class: 17K(128K)->17K(128K)
[0.146s][info][gc             ] GC(17) Pause Full (G1 Compaction Pause) 255M->255M(256M) 2.207ms
[0.146s][info][gc,cpu         ] GC(17) User=0.00s Sys=0.00s Real=0.00s
[0.146s][info][gc,ergo        ] Attempting maximal full compaction clearing soft references
[0.146s][info][gc,start       ] GC(18) Pause Full (G1 Compaction Pause)
[0.146s][info][gc,task        ] GC(18) Using 6 workers of 13 for full compaction
[0.146s][info][gc,phases,start] GC(18) Phase 1: Mark live objects
[0.147s][info][gc,phases      ] GC(18) Phase 1: Mark live objects 0.572ms
[0.147s][info][gc,phases,start] GC(18) Phase 2: Prepare compaction
[0.147s][info][gc,phases      ] GC(18) Phase 2: Prepare compaction 0.448ms
[0.147s][info][gc,phases,start] GC(18) Phase 3: Adjust pointers
[0.148s][info][gc,phases      ] GC(18) Phase 3: Adjust pointers 0.714ms
[0.148s][info][gc,phases,start] GC(18) Phase 4: Compact heap
[0.148s][info][gc,phases      ] GC(18) Phase 4: Compact heap 0.519ms
[0.148s][info][gc,phases,start] GC(18) Phase 5: Reset Metadata
[0.148s][info][gc,phases      ] GC(18) Phase 5: Reset Metadata 0.057ms
[0.149s][info][gc,heap        ] GC(18) Eden regions: 0->0(1)
[0.149s][info][gc,heap        ] GC(18) Survivor regions: 0->0(0)
[0.149s][info][gc,heap        ] GC(18) Old regions: 2->2
[0.149s][info][gc,heap        ] GC(18) Humongous regions: 254->254
[0.149s][info][gc,metaspace   ] GC(18) Metaspace: 437K(640K)->437K(640K) NonClass: 420K(512K)->420K(512K) Class: 17K(128K)->17K(128K)
[0.149s][info][gc             ] GC(18) Pause Full (G1 Compaction Pause) 255M->255M(256M) 2.961ms
[0.149s][info][gc,cpu         ] GC(18) User=0.00s Sys=0.00s Real=0.00s
[0.149s][info][gc,marking     ] GC(15) Concurrent Mark From Roots 5.686ms
[0.149s][info][gc,start       ] GC(19) Pause Young (Normal) (G1 Humongous Allocation)
[0.149s][info][gc,task        ] GC(19) Using 6 workers of 13 for evacuation
[0.149s][info][gc,phases      ] GC(19)   Pre Evacuate Collection Set: 0.07ms
[0.149s][info][gc,phases      ] GC(19)   Merge Heap Roots: 0.02ms
[0.149s][info][gc,phases      ] GC(19)   Evacuate Collection Set: 0.04ms
[0.149s][info][gc,phases      ] GC(19)   Post Evacuate Collection Set: 0.09ms
[0.149s][info][gc,phases      ] GC(19)   Other: 0.05ms
[0.149s][info][gc,heap        ] GC(19) Eden regions: 0->0(1)
[0.149s][info][gc,heap        ] GC(19) Survivor regions: 0->0(0)
[0.149s][info][gc,heap        ] GC(19) Old regions: 2->2
[0.149s][info][gc,heap        ] GC(19) Humongous regions: 254->254
[0.149s][info][gc,metaspace   ] GC(19) Metaspace: 437K(640K)->437K(640K) NonClass: 420K(512K)->420K(512K) Class: 17K(128K)->17K(128K)
[0.149s][info][gc             ] GC(19) Pause Young (Normal) (G1 Humongous Allocation) 255M->255M(256M) 0.458ms
[0.149s][info][gc,cpu         ] GC(19) User=0.00s Sys=0.00s Real=0.00s
[0.149s][info][gc,ergo        ] Attempting full compaction
[0.149s][info][gc,start       ] GC(20) Pause Full (G1 Compaction Pause)
[0.149s][info][gc,task        ] GC(20) Using 6 workers of 13 for full compaction
[0.150s][info][gc,phases,start] GC(20) Phase 1: Mark live objects
[0.150s][info][gc,phases      ] GC(20) Phase 1: Mark live objects 0.562ms
[0.150s][info][gc,phases,start] GC(20) Phase 2: Prepare compaction
[0.150s][info][gc,phases      ] GC(20) Phase 2: Prepare compaction 0.096ms
[0.150s][info][gc,phases,start] GC(20) Phase 3: Adjust pointers
[0.151s][info][gc,phases      ] GC(20) Phase 3: Adjust pointers 0.564ms
[0.151s][info][gc,phases,start] GC(20) Phase 4: Compact heap
[0.151s][info][gc,phases      ] GC(20) Phase 4: Compact heap 0.107ms
[0.151s][info][gc,phases,start] GC(20) Phase 5: Reset Metadata
[0.151s][info][gc,phases      ] GC(20) Phase 5: Reset Metadata 0.248ms
[0.152s][info][gc,heap        ] GC(20) Eden regions: 0->0(1)
[0.152s][info][gc,heap        ] GC(20) Survivor regions: 0->0(0)
[0.152s][info][gc,heap        ] GC(20) Old regions: 2->2
[0.152s][info][gc,heap        ] GC(20) Humongous regions: 254->254
[0.152s][info][gc,metaspace   ] GC(20) Metaspace: 437K(640K)->437K(640K) NonClass: 420K(512K)->420K(512K) Class: 17K(128K)->17K(128K)
[0.152s][info][gc             ] GC(20) Pause Full (G1 Compaction Pause) 255M->255M(256M) 2.197ms
[0.152s][info][gc,cpu         ] GC(20) User=0.00s Sys=0.00s Real=0.00s
[0.152s][info][gc,ergo        ] Attempting maximal full compaction clearing soft references
[0.152s][info][gc,start       ] GC(21) Pause Full (G1 Compaction Pause)
[0.152s][info][gc,task        ] GC(21) Using 6 workers of 13 for full compaction
[0.152s][info][gc,phases,start] GC(21) Phase 1: Mark live objects
[0.152s][info][gc,phases      ] GC(21) Phase 1: Mark live objects 0.482ms
[0.152s][info][gc,phases,start] GC(21) Phase 2: Prepare compaction
[0.153s][info][gc,phases      ] GC(21) Phase 2: Prepare compaction 0.428ms
[0.153s][info][gc,phases,start] GC(21) Phase 3: Adjust pointers
[0.153s][info][gc,phases      ] GC(21) Phase 3: Adjust pointers 0.508ms
[0.153s][info][gc,phases,start] GC(21) Phase 4: Compact heap
[0.154s][info][gc,phases      ] GC(21) Phase 4: Compact heap 0.433ms
[0.154s][info][gc,phases,start] GC(21) Phase 5: Reset Metadata
[0.154s][info][gc,phases      ] GC(21) Phase 5: Reset Metadata 0.044ms
[0.154s][info][gc,heap        ] GC(21) Eden regions: 0->0(1)
[0.154s][info][gc,heap        ] GC(21) Survivor regions: 0->0(0)
[0.154s][info][gc,heap        ] GC(21) Old regions: 2->2
[0.154s][info][gc,heap        ] GC(21) Humongous regions: 254->254
[0.154s][info][gc,metaspace   ] GC(21) Metaspace: 437K(640K)->437K(640K) NonClass: 420K(512K)->420K(512K) Class: 17K(128K)->17K(128K)
[0.154s][info][gc             ] GC(21) Pause Full (G1 Compaction Pause) 255M->255M(256M) 2.409ms
[0.154s][info][gc,cpu         ] GC(21) User=0.00s Sys=0.00s Real=0.00s
[0.154s][info][gc,marking     ] GC(15) Concurrent Mark Abort
[0.154s][info][gc             ] GC(15) Concurrent Mark Cycle 11.065ms
[0.154s][info][gc,start       ] GC(22) Pause Young (Concurrent Start) (G1 Humongous Allocation)
[0.154s][info][gc,task        ] GC(22) Using 6 workers of 13 for evacuation
[0.154s][info][gc,phases      ] GC(22)   Pre Evacuate Collection Set: 0.08ms
[0.154s][info][gc,phases      ] GC(22)   Merge Heap Roots: 0.02ms
[0.155s][info][gc,phases      ] GC(22)   Evacuate Collection Set: 0.11ms
[0.155s][info][gc,phases      ] GC(22)   Post Evacuate Collection Set: 0.08ms
[0.155s][info][gc,phases      ] GC(22)   Other: 0.04ms
[0.155s][info][gc,heap        ] GC(22) Eden regions: 0->0(1)
[0.155s][info][gc,heap        ] GC(22) Survivor regions: 0->0(0)
[0.155s][info][gc,heap        ] GC(22) Old regions: 2->2
[0.155s][info][gc,heap        ] GC(22) Humongous regions: 254->254
[0.155s][info][gc,metaspace   ] GC(22) Metaspace: 437K(640K)->437K(640K) NonClass: 420K(512K)->420K(512K) Class: 17K(128K)->17K(128K)
[0.155s][info][gc             ] GC(22) Pause Young (Concurrent Start) (G1 Humongous Allocation) 255M->255M(256M) 0.479ms
[0.155s][info][gc,cpu         ] GC(22) User=0.00s Sys=0.00s Real=0.00s
[0.155s][info][gc             ] GC(23) Concurrent Mark Cycle
[0.155s][info][gc,marking     ] GC(23) Concurrent Scan Root Regions
[0.155s][info][gc,start       ] GC(24) Pause Young (Normal) (G1 Humongous Allocation)
[0.155s][info][gc,marking     ] GC(23) Concurrent Scan Root Regions 0.016ms
[0.155s][info][gc,task        ] GC(24) Using 6 workers of 13 for evacuation
[0.155s][info][gc,marking     ] GC(23) Concurrent Mark
[0.155s][info][gc,marking     ] GC(23) Concurrent Mark From Roots
[0.155s][info][gc,task        ] GC(23) Using 3 workers of 3 for marking
[0.155s][info][gc,phases      ] GC(24)   Pre Evacuate Collection Set: 0.05ms
[0.155s][info][gc,phases      ] GC(24)   Merge Heap Roots: 0.03ms
[0.155s][info][gc,phases      ] GC(24)   Evacuate Collection Set: 0.03ms
[0.155s][info][gc,phases      ] GC(24)   Post Evacuate Collection Set: 0.09ms
[0.155s][info][gc,phases      ] GC(24)   Other: 0.05ms
[0.155s][info][gc,heap        ] GC(24) Eden regions: 0->0(1)
[0.155s][info][gc,heap        ] GC(24) Survivor regions: 0->0(0)
[0.155s][info][gc,heap        ] GC(24) Old regions: 2->2
[0.155s][info][gc,heap        ] GC(24) Humongous regions: 254->254
[0.155s][info][gc,metaspace   ] GC(24) Metaspace: 437K(640K)->437K(640K) NonClass: 420K(512K)->420K(512K) Class: 17K(128K)->17K(128K)
[0.155s][info][gc             ] GC(24) Pause Young (Normal) (G1 Humongous Allocation) 255M->255M(256M) 0.393ms
[0.155s][info][gc,cpu         ] GC(24) User=0.00s Sys=0.00s Real=0.00s
[0.155s][info][gc,ergo        ] Attempting full compaction
[0.155s][info][gc,start       ] GC(25) Pause Full (G1 Compaction Pause)
[0.155s][info][gc,task        ] GC(25) Using 6 workers of 13 for full compaction
[0.155s][info][gc,phases,start] GC(25) Phase 1: Mark live objects
[0.156s][info][gc,phases      ] GC(25) Phase 1: Mark live objects 0.496ms
[0.156s][info][gc,phases,start] GC(25) Phase 2: Prepare compaction
[0.156s][info][gc,phases      ] GC(25) Phase 2: Prepare compaction 0.096ms
[0.156s][info][gc,phases,start] GC(25) Phase 3: Adjust pointers
[0.156s][info][gc,phases      ] GC(25) Phase 3: Adjust pointers 0.411ms
[0.156s][info][gc,phases,start] GC(25) Phase 4: Compact heap
[0.156s][info][gc,phases      ] GC(25) Phase 4: Compact heap 0.068ms
[0.156s][info][gc,phases,start] GC(25) Phase 5: Reset Metadata
[0.157s][info][gc,phases      ] GC(25) Phase 5: Reset Metadata 0.173ms
[0.157s][info][gc,heap        ] GC(25) Eden regions: 0->0(1)
[0.157s][info][gc,heap        ] GC(25) Survivor regions: 0->0(0)
[0.157s][info][gc,heap        ] GC(25) Old regions: 2->2
[0.157s][info][gc,heap        ] GC(25) Humongous regions: 254->254
[0.157s][info][gc,metaspace   ] GC(25) Metaspace: 437K(640K)->437K(640K) NonClass: 420K(512K)->420K(512K) Class: 17K(128K)->17K(128K)
[0.157s][info][gc             ] GC(25) Pause Full (G1 Compaction Pause) 255M->255M(256M) 1.750ms
[0.157s][info][gc,cpu         ] GC(25) User=0.02s Sys=0.00s Real=0.00s
[0.157s][info][gc,ergo        ] Attempting maximal full compaction clearing soft references
[0.157s][info][gc,start       ] GC(26) Pause Full (G1 Compaction Pause)
[0.157s][info][gc,task        ] GC(26) Using 6 workers of 13 for full compaction
[0.157s][info][gc,phases,start] GC(26) Phase 1: Mark live objects
[0.158s][info][gc,phases      ] GC(26) Phase 1: Mark live objects 0.493ms
[0.158s][info][gc,phases,start] GC(26) Phase 2: Prepare compaction
[0.158s][info][gc,phases      ] GC(26) Phase 2: Prepare compaction 0.371ms
[0.158s][info][gc,phases,start] GC(26) Phase 3: Adjust pointers
[0.158s][info][gc,phases      ] GC(26) Phase 3: Adjust pointers 0.500ms
[0.158s][info][gc,phases,start] GC(26) Phase 4: Compact heap
[0.159s][info][gc,phases      ] GC(26) Phase 4: Compact heap 0.575ms
[0.159s][info][gc,phases,start] GC(26) Phase 5: Reset Metadata
[0.159s][info][gc,phases      ] GC(26) Phase 5: Reset Metadata 0.056ms
[0.159s][info][gc,heap        ] GC(26) Eden regions: 0->0(1)
[0.159s][info][gc,heap        ] GC(26) Survivor regions: 0->0(0)
[0.159s][info][gc,heap        ] GC(26) Old regions: 2->2
[0.159s][info][gc,heap        ] GC(26) Humongous regions: 254->254
[0.159s][info][gc,metaspace   ] GC(26) Metaspace: 437K(640K)->437K(640K) NonClass: 420K(512K)->420K(512K) Class: 17K(128K)->17K(128K)
[0.159s][info][gc             ] GC(26) Pause Full (G1 Compaction Pause) 255M->255M(256M) 2.541ms
[0.159s][info][gc,cpu         ] GC(26) User=0.00s Sys=0.00s Real=0.00s
[0.159s][info][gc,marking     ] GC(23) Concurrent Mark From Roots 4.757ms
[0.160s][info][gc,start       ] GC(27) Pause Young (Normal) (G1 Humongous Allocation)
[0.160s][info][gc,task        ] GC(27) Using 6 workers of 13 for evacuation
[0.160s][info][gc,phases      ] GC(27)   Pre Evacuate Collection Set: 0.05ms
[0.160s][info][gc,phases      ] GC(27)   Merge Heap Roots: 0.02ms
[0.160s][info][gc,phases      ] GC(27)   Evacuate Collection Set: 0.03ms
[0.160s][info][gc,phases      ] GC(27)   Post Evacuate Collection Set: 0.08ms
[0.160s][info][gc,phases      ] GC(27)   Other: 0.03ms
[0.160s][info][gc,heap        ] GC(27) Eden regions: 0->0(1)
[0.160s][info][gc,heap        ] GC(27) Survivor regions: 0->0(0)
[0.160s][info][gc,heap        ] GC(27) Old regions: 2->2
[0.160s][info][gc,heap        ] GC(27) Humongous regions: 254->254
[0.160s][info][gc,metaspace   ] GC(27) Metaspace: 437K(640K)->437K(640K) NonClass: 420K(512K)->420K(512K) Class: 17K(128K)->17K(128K)
[0.160s][info][gc             ] GC(27) Pause Young (Normal) (G1 Humongous Allocation) 255M->255M(256M) 0.374ms
[0.160s][info][gc,cpu         ] GC(27) User=0.00s Sys=0.00s Real=0.00s
[0.160s][info][gc,ergo        ] Attempting full compaction
[0.160s][info][gc,start       ] GC(28) Pause Full (G1 Compaction Pause)
[0.160s][info][gc,task        ] GC(28) Using 6 workers of 13 for full compaction
[0.160s][info][gc,phases,start] GC(28) Phase 1: Mark live objects
[0.161s][info][gc,phases      ] GC(28) Phase 1: Mark live objects 0.510ms
[0.161s][info][gc,phases,start] GC(28) Phase 2: Prepare compaction
[0.161s][info][gc,phases      ] GC(28) Phase 2: Prepare compaction 0.083ms
[0.161s][info][gc,phases,start] GC(28) Phase 3: Adjust pointers
[0.161s][info][gc,phases      ] GC(28) Phase 3: Adjust pointers 0.422ms
[0.161s][info][gc,phases,start] GC(28) Phase 4: Compact heap
[0.161s][info][gc,phases      ] GC(28) Phase 4: Compact heap 0.076ms
[0.161s][info][gc,phases,start] GC(28) Phase 5: Reset Metadata
[0.161s][info][gc,phases      ] GC(28) Phase 5: Reset Metadata 0.170ms
[0.162s][info][gc,heap        ] GC(28) Eden regions: 0->0(1)
[0.162s][info][gc,heap        ] GC(28) Survivor regions: 0->0(0)
[0.162s][info][gc,heap        ] GC(28) Old regions: 2->2
[0.162s][info][gc,heap        ] GC(28) Humongous regions: 254->254
[0.162s][info][gc,metaspace   ] GC(28) Metaspace: 437K(640K)->437K(640K) NonClass: 420K(512K)->420K(512K) Class: 17K(128K)->17K(128K)
[0.162s][info][gc             ] GC(28) Pause Full (G1 Compaction Pause) 255M->255M(256M) 1.841ms
[0.162s][info][gc,cpu         ] GC(28) User=0.00s Sys=0.00s Real=0.00s
[0.162s][info][gc,ergo        ] Attempting maximal full compaction clearing soft references
[0.162s][info][gc,start       ] GC(29) Pause Full (G1 Compaction Pause)
[0.162s][info][gc,task        ] GC(29) Using 6 workers of 13 for full compaction
[0.162s][info][gc,phases,start] GC(29) Phase 1: Mark live objects
[0.162s][info][gc,phases      ] GC(29) Phase 1: Mark live objects 0.490ms
[0.162s][info][gc,phases,start] GC(29) Phase 2: Prepare compaction
[0.163s][info][gc,phases      ] GC(29) Phase 2: Prepare compaction 0.296ms
[0.163s][info][gc,phases,start] GC(29) Phase 3: Adjust pointers
[0.163s][info][gc,phases      ] GC(29) Phase 3: Adjust pointers 0.483ms
[0.163s][info][gc,phases,start] GC(29) Phase 4: Compact heap
[0.164s][info][gc,phases      ] GC(29) Phase 4: Compact heap 0.442ms
[0.164s][info][gc,phases,start] GC(29) Phase 5: Reset Metadata
[0.164s][info][gc,phases      ] GC(29) Phase 5: Reset Metadata 0.041ms
[0.164s][info][gc,heap        ] GC(29) Eden regions: 0->0(1)
[0.164s][info][gc,heap        ] GC(29) Survivor regions: 0->0(0)
[0.164s][info][gc,heap        ] GC(29) Old regions: 2->2
[0.164s][info][gc,heap        ] GC(29) Humongous regions: 254->254
[0.164s][info][gc,metaspace   ] GC(29) Metaspace: 437K(640K)->437K(640K) NonClass: 420K(512K)->420K(512K) Class: 17K(128K)->17K(128K)
[0.164s][info][gc             ] GC(29) Pause Full (G1 Compaction Pause) 255M->255M(256M) 2.273ms
[0.164s][info][gc,cpu         ] GC(29) User=0.00s Sys=0.00s Real=0.00s
[0.164s][info][gc,marking     ] GC(23) Concurrent Mark Abort
[0.164s][info][gc             ] GC(23) Concurrent Mark Cycle 9.538ms
[0.164s][info][gc,start       ] GC(30) Pause Young (Concurrent Start) (G1 Humongous Allocation)
[0.164s][info][gc,task        ] GC(30) Using 6 workers of 13 for evacuation
[0.164s][info][gc,phases      ] GC(30)   Pre Evacuate Collection Set: 0.08ms
[0.165s][info][gc,phases      ] GC(30)   Merge Heap Roots: 0.02ms
[0.165s][info][gc,phases      ] GC(30)   Evacuate Collection Set: 0.09ms
[0.165s][info][gc,phases      ] GC(30)   Post Evacuate Collection Set: 0.08ms
[0.165s][info][gc,phases      ] GC(30)   Other: 0.03ms
[0.165s][info][gc,heap        ] GC(30) Eden regions: 0->0(1)
[0.165s][info][gc,heap        ] GC(30) Survivor regions: 0->0(0)
[0.165s][info][gc,heap        ] GC(30) Old regions: 2->2
[0.165s][info][gc,heap        ] GC(30) Humongous regions: 254->254
[0.165s][info][gc,metaspace   ] GC(30) Metaspace: 437K(640K)->437K(640K) NonClass: 420K(512K)->420K(512K) Class: 17K(128K)->17K(128K)
[0.165s][info][gc             ] GC(30) Pause Young (Concurrent Start) (G1 Humongous Allocation) 255M->255M(256M) 0.446ms
[0.165s][info][gc,cpu         ] GC(30) User=0.00s Sys=0.00s Real=0.00s
[0.165s][info][gc             ] GC(31) Concurrent Mark Cycle
[0.165s][info][gc,marking     ] GC(31) Concurrent Scan Root Regions
[0.165s][info][gc,start       ] GC(32) Pause Young (Normal) (G1 Humongous Allocation)
[0.165s][info][gc,marking     ] GC(31) Concurrent Scan Root Regions 0.016ms
[0.165s][info][gc,marking     ] GC(31) Concurrent Mark
[0.165s][info][gc,task        ] GC(32) Using 6 workers of 13 for evacuation
[0.165s][info][gc,marking     ] GC(31) Concurrent Mark From Roots
[0.165s][info][gc,task        ] GC(31) Using 3 workers of 3 for marking
[0.165s][info][gc,phases      ] GC(32)   Pre Evacuate Collection Set: 0.06ms
[0.165s][info][gc,phases      ] GC(32)   Merge Heap Roots: 0.03ms
[0.165s][info][gc,phases      ] GC(32)   Evacuate Collection Set: 0.03ms
[0.165s][info][gc,phases      ] GC(32)   Post Evacuate Collection Set: 0.08ms
[0.165s][info][gc,phases      ] GC(32)   Other: 0.05ms
[0.165s][info][gc,heap        ] GC(32) Eden regions: 0->0(1)
[0.165s][info][gc,heap        ] GC(32) Survivor regions: 0->0(0)
[0.165s][info][gc,heap        ] GC(32) Old regions: 2->2
[0.165s][info][gc,heap        ] GC(32) Humongous regions: 254->254
[0.165s][info][gc,metaspace   ] GC(32) Metaspace: 437K(640K)->437K(640K) NonClass: 420K(512K)->420K(512K) Class: 17K(128K)->17K(128K)
[0.165s][info][gc             ] GC(32) Pause Young (Normal) (G1 Humongous Allocation) 255M->255M(256M) 0.394ms
[0.165s][info][gc,cpu         ] GC(32) User=0.00s Sys=0.00s Real=0.00s
[0.165s][info][gc,ergo        ] Attempting full compaction
[0.165s][info][gc,start       ] GC(33) Pause Full (G1 Compaction Pause)
[0.165s][info][gc,task        ] GC(33) Using 6 workers of 13 for full compaction
[0.165s][info][gc,phases,start] GC(33) Phase 1: Mark live objects
[0.166s][info][gc,phases      ] GC(33) Phase 1: Mark live objects 0.447ms
[0.166s][info][gc,phases,start] GC(33) Phase 2: Prepare compaction
[0.166s][info][gc,phases      ] GC(33) Phase 2: Prepare compaction 0.090ms
[0.166s][info][gc,phases,start] GC(33) Phase 3: Adjust pointers
[0.166s][info][gc,phases      ] GC(33) Phase 3: Adjust pointers 0.411ms
[0.166s][info][gc,phases,start] GC(33) Phase 4: Compact heap
[0.166s][info][gc,phases      ] GC(33) Phase 4: Compact heap 0.067ms
[0.166s][info][gc,phases,start] GC(33) Phase 5: Reset Metadata
[0.166s][info][gc,phases      ] GC(33) Phase 5: Reset Metadata 0.152ms
[0.167s][info][gc,heap        ] GC(33) Eden regions: 0->0(1)
[0.167s][info][gc,heap        ] GC(33) Survivor regions: 0->0(0)
[0.167s][info][gc,heap        ] GC(33) Old regions: 2->2
[0.167s][info][gc,heap        ] GC(33) Humongous regions: 254->254
[0.167s][info][gc,metaspace   ] GC(33) Metaspace: 437K(640K)->437K(640K) NonClass: 420K(512K)->420K(512K) Class: 17K(128K)->17K(128K)
[0.167s][info][gc             ] GC(33) Pause Full (G1 Compaction Pause) 255M->255M(256M) 1.658ms
[0.167s][info][gc,cpu         ] GC(33) User=0.00s Sys=0.00s Real=0.00s
[0.167s][info][gc,ergo        ] Attempting maximal full compaction clearing soft references
[0.167s][info][gc,start       ] GC(34) Pause Full (G1 Compaction Pause)
[0.167s][info][gc,task        ] GC(34) Using 6 workers of 13 for full compaction
[0.167s][info][gc,phases,start] GC(34) Phase 1: Mark live objects
[0.167s][info][gc,phases      ] GC(34) Phase 1: Mark live objects 0.480ms
[0.167s][info][gc,phases,start] GC(34) Phase 2: Prepare compaction
[0.168s][info][gc,phases      ] GC(34) Phase 2: Prepare compaction 0.238ms
[0.168s][info][gc,phases,start] GC(34) Phase 3: Adjust pointers
[0.168s][info][gc,phases      ] GC(34) Phase 3: Adjust pointers 0.401ms
[0.168s][info][gc,phases,start] GC(34) Phase 4: Compact heap
[0.168s][info][gc,phases      ] GC(34) Phase 4: Compact heap 0.215ms
[0.168s][info][gc,phases,start] GC(34) Phase 5: Reset Metadata
[0.168s][info][gc,phases      ] GC(34) Phase 5: Reset Metadata 0.046ms
[0.169s][info][gc,heap        ] GC(34) Eden regions: 0->0(1)
[0.169s][info][gc,heap        ] GC(34) Survivor regions: 0->0(0)
[0.169s][info][gc,heap        ] GC(34) Old regions: 2->2
[0.169s][info][gc,heap        ] GC(34) Humongous regions: 254->254
[0.169s][info][gc,metaspace   ] GC(34) Metaspace: 437K(640K)->437K(640K) NonClass: 420K(512K)->420K(512K) Class: 17K(128K)->17K(128K)
[0.169s][info][gc             ] GC(34) Pause Full (G1 Compaction Pause) 255M->255M(256M) 1.884ms
[0.169s][info][gc,cpu         ] GC(34) User=0.00s Sys=0.00s Real=0.00s
[0.169s][info][gc,marking     ] GC(31) Concurrent Mark From Roots 4.000ms
[0.169s][info][gc,start       ] GC(35) Pause Young (Normal) (G1 Humongous Allocation)
[0.169s][info][gc,task        ] GC(35) Using 6 workers of 13 for evacuation
[0.169s][info][gc,phases      ] GC(35)   Pre Evacuate Collection Set: 0.04ms
[0.169s][info][gc,phases      ] GC(35)   Merge Heap Roots: 0.02ms
[0.169s][info][gc,phases      ] GC(35)   Evacuate Collection Set: 0.03ms
[0.169s][info][gc,phases      ] GC(35)   Post Evacuate Collection Set: 0.07ms
[0.169s][info][gc,phases      ] GC(35)   Other: 0.03ms
[0.169s][info][gc,heap        ] GC(35) Eden regions: 0->0(1)
[0.169s][info][gc,heap        ] GC(35) Survivor regions: 0->0(0)
[0.169s][info][gc,heap        ] GC(35) Old regions: 2->2
[0.169s][info][gc,heap        ] GC(35) Humongous regions: 254->254
[0.169s][info][gc,metaspace   ] GC(35) Metaspace: 437K(640K)->437K(640K) NonClass: 420K(512K)->420K(512K) Class: 17K(128K)->17K(128K)
[0.169s][info][gc             ] GC(35) Pause Young (Normal) (G1 Humongous Allocation) 255M->255M(256M) 0.318ms
[0.169s][info][gc,cpu         ] GC(35) User=0.00s Sys=0.00s Real=0.00s
[0.169s][info][gc,ergo        ] Attempting full compaction
[0.169s][info][gc,start       ] GC(36) Pause Full (G1 Compaction Pause)
[0.169s][info][gc,task        ] GC(36) Using 6 workers of 13 for full compaction
[0.169s][info][gc,phases,start] GC(36) Phase 1: Mark live objects
[0.170s][info][gc,phases      ] GC(36) Phase 1: Mark live objects 0.496ms
[0.170s][info][gc,phases,start] GC(36) Phase 2: Prepare compaction
[0.170s][info][gc,phases      ] GC(36) Phase 2: Prepare compaction 0.091ms
[0.170s][info][gc,phases,start] GC(36) Phase 3: Adjust pointers
[0.170s][info][gc,phases      ] GC(36) Phase 3: Adjust pointers 0.530ms
[0.170s][info][gc,phases,start] GC(36) Phase 4: Compact heap
[0.170s][info][gc,phases      ] GC(36) Phase 4: Compact heap 0.082ms
[0.171s][info][gc,phases,start] GC(36) Phase 5: Reset Metadata
[0.171s][info][gc,phases      ] GC(36) Phase 5: Reset Metadata 0.151ms
[0.171s][info][gc,heap        ] GC(36) Eden regions: 0->0(1)
[0.171s][info][gc,heap        ] GC(36) Survivor regions: 0->0(0)
[0.171s][info][gc,heap        ] GC(36) Old regions: 2->2
[0.171s][info][gc,heap        ] GC(36) Humongous regions: 254->254
[0.171s][info][gc,metaspace   ] GC(36) Metaspace: 437K(640K)->437K(640K) NonClass: 420K(512K)->420K(512K) Class: 17K(128K)->17K(128K)
[0.171s][info][gc             ] GC(36) Pause Full (G1 Compaction Pause) 255M->255M(256M) 1.896ms
[0.171s][info][gc,cpu         ] GC(36) User=0.00s Sys=0.00s Real=0.00s
[0.171s][info][gc,ergo        ] Attempting maximal full compaction clearing soft references
[0.171s][info][gc,start       ] GC(37) Pause Full (G1 Compaction Pause)
[0.171s][info][gc,task        ] GC(37) Using 6 workers of 13 for full compaction
[0.171s][info][gc,phases,start] GC(37) Phase 1: Mark live objects
[0.172s][info][gc,phases      ] GC(37) Phase 1: Mark live objects 0.494ms
[0.172s][info][gc,phases,start] GC(37) Phase 2: Prepare compaction
[0.172s][info][gc,phases      ] GC(37) Phase 2: Prepare compaction 0.273ms
[0.172s][info][gc,phases,start] GC(37) Phase 3: Adjust pointers
[0.172s][info][gc,phases      ] GC(37) Phase 3: Adjust pointers 0.511ms
[0.172s][info][gc,phases,start] GC(37) Phase 4: Compact heap
[0.173s][info][gc,phases      ] GC(37) Phase 4: Compact heap 0.218ms
[0.173s][info][gc,phases,start] GC(37) Phase 5: Reset Metadata
[0.173s][info][gc,phases      ] GC(37) Phase 5: Reset Metadata 0.043ms
[0.173s][info][gc,heap        ] GC(37) Eden regions: 0->0(1)
[0.173s][info][gc,heap        ] GC(37) Survivor regions: 0->0(0)
[0.173s][info][gc,heap        ] GC(37) Old regions: 2->2
[0.173s][info][gc,heap        ] GC(37) Humongous regions: 254->254
[0.173s][info][gc,metaspace   ] GC(37) Metaspace: 437K(640K)->437K(640K) NonClass: 420K(512K)->420K(512K) Class: 17K(128K)->17K(128K)
[0.173s][info][gc             ] GC(37) Pause Full (G1 Compaction Pause) 255M->255M(256M) 2.036ms
[0.173s][info][gc,cpu         ] GC(37) User=0.02s Sys=0.00s Real=0.00s
[0.173s][info][gc,marking     ] GC(31) Concurrent Mark Abort
[0.173s][info][gc             ] GC(31) Concurrent Mark Cycle 8.488ms
[0.173s][info][gc,start       ] GC(38) Pause Young (Concurrent Start) (G1 Humongous Allocation)
[0.173s][info][gc,task        ] GC(38) Using 6 workers of 13 for evacuation
[0.173s][info][gc,phases      ] GC(38)   Pre Evacuate Collection Set: 0.07ms
[0.173s][info][gc,phases      ] GC(38)   Merge Heap Roots: 0.02ms
[0.173s][info][gc,phases      ] GC(38)   Evacuate Collection Set: 0.07ms
[0.173s][info][gc,phases      ] GC(38)   Post Evacuate Collection Set: 0.08ms
[0.173s][info][gc,phases      ] GC(38)   Other: 0.03ms
[0.173s][info][gc,heap        ] GC(38) Eden regions: 0->0(1)
[0.173s][info][gc,heap        ] GC(38) Survivor regions: 0->0(0)
[0.173s][info][gc,heap        ] GC(38) Old regions: 2->2
[0.174s][info][gc,heap        ] GC(38) Humongous regions: 254->254
[0.174s][info][gc,metaspace   ] GC(38) Metaspace: 437K(640K)->437K(640K) NonClass: 420K(512K)->420K(512K) Class: 17K(128K)->17K(128K)
[0.174s][info][gc             ] GC(38) Pause Young (Concurrent Start) (G1 Humongous Allocation) 255M->255M(256M) 0.415ms
[0.174s][info][gc,cpu         ] GC(38) User=0.00s Sys=0.00s Real=0.00s
[0.174s][info][gc             ] GC(39) Concurrent Mark Cycle
[0.174s][info][gc,marking     ] GC(39) Concurrent Scan Root Regions
[0.174s][info][gc,start       ] GC(40) Pause Young (Normal) (G1 Humongous Allocation)
[0.174s][info][gc,marking     ] GC(39) Concurrent Scan Root Regions 0.018ms
[0.174s][info][gc,task        ] GC(40) Using 6 workers of 13 for evacuation
[0.174s][info][gc,marking     ] GC(39) Concurrent Mark
[0.174s][info][gc,marking     ] GC(39) Concurrent Mark From Roots
[0.174s][info][gc,task        ] GC(39) Using 3 workers of 3 for marking
[0.174s][info][gc,phases      ] GC(40)   Pre Evacuate Collection Set: 0.06ms
[0.174s][info][gc,phases      ] GC(40)   Merge Heap Roots: 0.03ms
[0.174s][info][gc,phases      ] GC(40)   Evacuate Collection Set: 0.03ms
[0.174s][info][gc,phases      ] GC(40)   Post Evacuate Collection Set: 0.09ms
[0.174s][info][gc,phases      ] GC(40)   Other: 0.05ms
[0.174s][info][gc,heap        ] GC(40) Eden regions: 0->0(1)
[0.174s][info][gc,heap        ] GC(40) Survivor regions: 0->0(0)
[0.174s][info][gc,heap        ] GC(40) Old regions: 2->2
[0.174s][info][gc,heap        ] GC(40) Humongous regions: 254->254
[0.174s][info][gc,metaspace   ] GC(40) Metaspace: 437K(640K)->437K(640K) NonClass: 420K(512K)->420K(512K) Class: 17K(128K)->17K(128K)
[0.174s][info][gc             ] GC(40) Pause Young (Normal) (G1 Humongous Allocation) 255M->255M(256M) 0.410ms
[0.174s][info][gc,cpu         ] GC(40) User=0.00s Sys=0.00s Real=0.00s
[0.174s][info][gc,ergo        ] Attempting full compaction
[0.174s][info][gc,start       ] GC(41) Pause Full (G1 Compaction Pause)
[0.174s][info][gc,task        ] GC(41) Using 6 workers of 13 for full compaction
[0.174s][info][gc,phases,start] GC(41) Phase 1: Mark live objects
[0.175s][info][gc,phases      ] GC(41) Phase 1: Mark live objects 0.447ms
[0.175s][info][gc,phases,start] GC(41) Phase 2: Prepare compaction
[0.175s][info][gc,phases      ] GC(41) Phase 2: Prepare compaction 0.077ms
[0.175s][info][gc,phases,start] GC(41) Phase 3: Adjust pointers
[0.175s][info][gc,phases      ] GC(41) Phase 3: Adjust pointers 0.423ms
[0.175s][info][gc,phases,start] GC(41) Phase 4: Compact heap
[0.175s][info][gc,phases      ] GC(41) Phase 4: Compact heap 0.076ms
[0.175s][info][gc,phases,start] GC(41) Phase 5: Reset Metadata
[0.176s][info][gc,phases      ] GC(41) Phase 5: Reset Metadata 0.211ms
[0.176s][info][gc,heap        ] GC(41) Eden regions: 0->0(1)
[0.176s][info][gc,heap        ] GC(41) Survivor regions: 0->0(0)
[0.176s][info][gc,heap        ] GC(41) Old regions: 2->2
[0.176s][info][gc,heap        ] GC(41) Humongous regions: 254->254
[0.176s][info][gc,metaspace   ] GC(41) Metaspace: 437K(640K)->437K(640K) NonClass: 420K(512K)->420K(512K) Class: 17K(128K)->17K(128K)
[0.176s][info][gc             ] GC(41) Pause Full (G1 Compaction Pause) 255M->255M(256M) 1.799ms
[0.176s][info][gc,cpu         ] GC(41) User=0.00s Sys=0.00s Real=0.00s
[0.176s][info][gc,ergo        ] Attempting maximal full compaction clearing soft references
[0.176s][info][gc,start       ] GC(42) Pause Full (G1 Compaction Pause)
[0.176s][info][gc,task        ] GC(42) Using 6 workers of 13 for full compaction
[0.176s][info][gc,phases,start] GC(42) Phase 1: Mark live objects
[0.177s][info][gc,phases      ] GC(42) Phase 1: Mark live objects 0.635ms
[0.177s][info][gc,phases,start] GC(42) Phase 2: Prepare compaction
[0.177s][info][gc,phases      ] GC(42) Phase 2: Prepare compaction 0.226ms
[0.177s][info][gc,phases,start] GC(42) Phase 3: Adjust pointers
[0.177s][info][gc,phases      ] GC(42) Phase 3: Adjust pointers 0.411ms
[0.177s][info][gc,phases,start] GC(42) Phase 4: Compact heap
[0.178s][info][gc,phases      ] GC(42) Phase 4: Compact heap 0.243ms
[0.178s][info][gc,phases,start] GC(42) Phase 5: Reset Metadata
[0.178s][info][gc,phases      ] GC(42) Phase 5: Reset Metadata 0.051ms
[0.178s][info][gc,heap        ] GC(42) Eden regions: 0->0(1)
[0.178s][info][gc,heap        ] GC(42) Survivor regions: 0->0(0)
[0.178s][info][gc,heap        ] GC(42) Old regions: 2->2
[0.178s][info][gc,heap        ] GC(42) Humongous regions: 254->254
[0.178s][info][gc,metaspace   ] GC(42) Metaspace: 437K(640K)->437K(640K) NonClass: 420K(512K)->420K(512K) Class: 17K(128K)->17K(128K)
[0.178s][info][gc             ] GC(42) Pause Full (G1 Compaction Pause) 255M->255M(256M) 2.149ms
[0.178s][info][gc,cpu         ] GC(42) User=0.00s Sys=0.00s Real=0.00s
[0.178s][info][gc,marking     ] GC(39) Concurrent Mark From Roots 4.405ms
[0.178s][info][gc,marking     ] GC(39) Concurrent Mark Abort
[0.178s][info][gc             ] GC(39) Concurrent Mark Cycle 4.570ms
[0.178s][info][gc,start       ] GC(43) Pause Young (Normal) (G1 Humongous Allocation)
[0.178s][info][gc,task        ] GC(43) Using 6 workers of 13 for evacuation
[0.178s][info][gc,phases      ] GC(43)   Pre Evacuate Collection Set: 0.04ms
[0.178s][info][gc,phases      ] GC(43)   Merge Heap Roots: 0.03ms
[0.178s][info][gc,phases      ] GC(43)   Evacuate Collection Set: 0.04ms
[0.178s][info][gc,phases      ] GC(43)   Post Evacuate Collection Set: 0.11ms
[0.178s][info][gc,phases      ] GC(43)   Other: 0.04ms
[0.178s][info][gc,heap        ] GC(43) Eden regions: 0->0(1)
[0.179s][info][gc,heap        ] GC(43) Survivor regions: 0->0(0)
[0.179s][info][gc,heap        ] GC(43) Old regions: 2->2
[0.179s][info][gc,heap        ] GC(43) Humongous regions: 254->254
[0.179s][info][gc,metaspace   ] GC(43) Metaspace: 437K(640K)->437K(640K) NonClass: 420K(512K)->420K(512K) Class: 17K(128K)->17K(128K)
[0.179s][info][gc             ] GC(43) Pause Young (Normal) (G1 Humongous Allocation) 255M->255M(256M) 0.423ms
[0.179s][info][gc,cpu         ] GC(43) User=0.00s Sys=0.00s Real=0.00s
[0.179s][info][gc,ergo        ] Attempting full compaction
[0.179s][info][gc,start       ] GC(44) Pause Full (G1 Compaction Pause)
[0.179s][info][gc,task        ] GC(44) Using 6 workers of 13 for full compaction
[0.179s][info][gc,phases,start] GC(44) Phase 1: Mark live objects
[0.179s][info][gc,phases      ] GC(44) Phase 1: Mark live objects 0.565ms
[0.179s][info][gc,phases,start] GC(44) Phase 2: Prepare compaction
[0.179s][info][gc,phases      ] GC(44) Phase 2: Prepare compaction 0.108ms
[0.179s][info][gc,phases,start] GC(44) Phase 3: Adjust pointers
[0.180s][info][gc,phases      ] GC(44) Phase 3: Adjust pointers 0.505ms
[0.180s][info][gc,phases,start] GC(44) Phase 4: Compact heap
[0.180s][info][gc,phases      ] GC(44) Phase 4: Compact heap 0.086ms
[0.180s][info][gc,phases,start] GC(44) Phase 5: Reset Metadata
[0.180s][info][gc,phases      ] GC(44) Phase 5: Reset Metadata 0.193ms
[0.181s][info][gc,heap        ] GC(44) Eden regions: 0->0(1)
[0.181s][info][gc,heap        ] GC(44) Survivor regions: 0->0(0)
[0.181s][info][gc,heap        ] GC(44) Old regions: 2->2
[0.181s][info][gc,heap        ] GC(44) Humongous regions: 254->254
[0.181s][info][gc,metaspace   ] GC(44) Metaspace: 437K(640K)->437K(640K) NonClass: 420K(512K)->420K(512K) Class: 17K(128K)->17K(128K)
[0.181s][info][gc             ] GC(44) Pause Full (G1 Compaction Pause) 255M->255M(256M) 2.062ms
[0.181s][info][gc,cpu         ] GC(44) User=0.00s Sys=0.00s Real=0.00s
[0.181s][info][gc,ergo        ] Attempting maximal full compaction clearing soft references
[0.181s][info][gc,start       ] GC(45) Pause Full (G1 Compaction Pause)
[0.181s][info][gc,task        ] GC(45) Using 6 workers of 13 for full compaction
[0.181s][info][gc,phases,start] GC(45) Phase 1: Mark live objects
[0.181s][info][gc,phases      ] GC(45) Phase 1: Mark live objects 0.533ms
[0.181s][info][gc,phases,start] GC(45) Phase 2: Prepare compaction
[0.182s][info][gc,phases      ] GC(45) Phase 2: Prepare compaction 0.316ms
[0.182s][info][gc,phases,start] GC(45) Phase 3: Adjust pointers
[0.182s][info][gc,phases      ] GC(45) Phase 3: Adjust pointers 0.510ms
[0.182s][info][gc,phases,start] GC(45) Phase 4: Compact heap
[0.182s][info][gc,phases      ] GC(45) Phase 4: Compact heap 0.234ms
[0.182s][info][gc,phases,start] GC(45) Phase 5: Reset Metadata
[0.183s][info][gc,phases      ] GC(45) Phase 5: Reset Metadata 0.054ms
[0.183s][info][gc,heap        ] GC(45) Eden regions: 0->0(1)
[0.183s][info][gc,heap        ] GC(45) Survivor regions: 0->0(0)
[0.183s][info][gc,heap        ] GC(45) Old regions: 2->2
[0.183s][info][gc,heap        ] GC(45) Humongous regions: 254->254
[0.183s][info][gc,metaspace   ] GC(45) Metaspace: 437K(640K)->437K(640K) NonClass: 420K(512K)->420K(512K) Class: 17K(128K)->17K(128K)
[0.183s][info][gc             ] GC(45) Pause Full (G1 Compaction Pause) 255M->255M(256M) 2.195ms
[0.183s][info][gc,cpu         ] GC(45) User=0.00s Sys=0.00s Real=0.00s
[0.183s][info][gc,start       ] GC(46) Pause Young (Concurrent Start) (G1 Humongous Allocation)
[0.183s][info][gc,task        ] GC(46) Using 6 workers of 13 for evacuation
[0.183s][info][gc,phases      ] GC(46)   Pre Evacuate Collection Set: 0.10ms
[0.183s][info][gc,phases      ] GC(46)   Merge Heap Roots: 0.02ms
[0.183s][info][gc,phases      ] GC(46)   Evacuate Collection Set: 0.07ms
[0.183s][info][gc,phases      ] GC(46)   Post Evacuate Collection Set: 0.09ms
[0.183s][info][gc,phases      ] GC(46)   Other: 0.04ms
[0.183s][info][gc,heap        ] GC(46) Eden regions: 0->0(1)
[0.183s][info][gc,heap        ] GC(46) Survivor regions: 0->0(0)
[0.183s][info][gc,heap        ] GC(46) Old regions: 2->2
[0.183s][info][gc,heap        ] GC(46) Humongous regions: 254->254
[0.183s][info][gc,metaspace   ] GC(46) Metaspace: 437K(640K)->437K(640K) NonClass: 420K(512K)->420K(512K) Class: 17K(128K)->17K(128K)
[0.183s][info][gc             ] GC(46) Pause Young (Concurrent Start) (G1 Humongous Allocation) 255M->255M(256M) 0.466ms
[0.183s][info][gc,cpu         ] GC(46) User=0.00s Sys=0.00s Real=0.00s
[0.183s][info][gc             ] GC(47) Concurrent Mark Cycle
[0.183s][info][gc,start       ] GC(48) Pause Young (Normal) (G1 Humongous Allocation)
[0.183s][info][gc,marking     ] GC(47) Concurrent Scan Root Regions
[0.184s][info][gc,task        ] GC(48) Using 6 workers of 13 for evacuation
[0.184s][info][gc,marking     ] GC(47) Concurrent Scan Root Regions 0.034ms
[0.184s][info][gc,marking     ] GC(47) Concurrent Mark
[0.184s][info][gc,marking     ] GC(47) Concurrent Mark From Roots
[0.184s][info][gc,task        ] GC(47) Using 3 workers of 3 for marking
[0.184s][info][gc,phases      ] GC(48)   Pre Evacuate Collection Set: 0.05ms
[0.184s][info][gc,phases      ] GC(48)   Merge Heap Roots: 0.02ms
[0.184s][info][gc,phases      ] GC(48)   Evacuate Collection Set: 0.03ms
[0.184s][info][gc,phases      ] GC(48)   Post Evacuate Collection Set: 0.08ms
[0.184s][info][gc,phases      ] GC(48)   Other: 0.04ms
[0.184s][info][gc,heap        ] GC(48) Eden regions: 0->0(1)
[0.184s][info][gc,heap        ] GC(48) Survivor regions: 0->0(0)
[0.184s][info][gc,heap        ] GC(48) Old regions: 2->2
[0.184s][info][gc,heap        ] GC(48) Humongous regions: 254->254
[0.184s][info][gc,metaspace   ] GC(48) Metaspace: 437K(640K)->437K(640K) NonClass: 420K(512K)->420K(512K) Class: 17K(128K)->17K(128K)
[0.184s][info][gc             ] GC(48) Pause Young (Normal) (G1 Humongous Allocation) 255M->255M(256M) 0.349ms
[0.184s][info][gc,cpu         ] GC(48) User=0.00s Sys=0.00s Real=0.00s
[0.184s][info][gc,ergo        ] Attempting full compaction
[0.184s][info][gc,start       ] GC(49) Pause Full (G1 Compaction Pause)
[0.184s][info][gc,task        ] GC(49) Using 6 workers of 13 for full compaction
[0.184s][info][gc,phases,start] GC(49) Phase 1: Mark live objects
[0.185s][info][gc,phases      ] GC(49) Phase 1: Mark live objects 0.503ms
[0.185s][info][gc,phases,start] GC(49) Phase 2: Prepare compaction
[0.185s][info][gc,phases      ] GC(49) Phase 2: Prepare compaction 0.109ms
[0.185s][info][gc,phases,start] GC(49) Phase 3: Adjust pointers
[0.185s][info][gc,phases      ] GC(49) Phase 3: Adjust pointers 0.670ms
[0.185s][info][gc,phases,start] GC(49) Phase 4: Compact heap
[0.185s][info][gc,phases      ] GC(49) Phase 4: Compact heap 0.082ms
[0.185s][info][gc,phases,start] GC(49) Phase 5: Reset Metadata
[0.186s][info][gc,phases      ] GC(49) Phase 5: Reset Metadata 0.161ms
[0.186s][info][gc,heap        ] GC(49) Eden regions: 0->0(1)
[0.186s][info][gc,heap        ] GC(49) Survivor regions: 0->0(0)
[0.186s][info][gc,heap        ] GC(49) Old regions: 2->2
[0.186s][info][gc,heap        ] GC(49) Humongous regions: 254->254
[0.186s][info][gc,metaspace   ] GC(49) Metaspace: 437K(640K)->437K(640K) NonClass: 420K(512K)->420K(512K) Class: 17K(128K)->17K(128K)
[0.186s][info][gc             ] GC(49) Pause Full (G1 Compaction Pause) 255M->255M(256M) 2.103ms
[0.186s][info][gc,cpu         ] GC(49) User=0.00s Sys=0.00s Real=0.00s
[0.186s][info][gc,ergo        ] Attempting maximal full compaction clearing soft references
[0.186s][info][gc,start       ] GC(50) Pause Full (G1 Compaction Pause)
[0.186s][info][gc,task        ] GC(50) Using 6 workers of 13 for full compaction
[0.186s][info][gc,phases,start] GC(50) Phase 1: Mark live objects
[0.187s][info][gc,phases      ] GC(50) Phase 1: Mark live objects 0.478ms
[0.187s][info][gc,phases,start] GC(50) Phase 2: Prepare compaction
[0.187s][info][gc,phases      ] GC(50) Phase 2: Prepare compaction 0.249ms
[0.187s][info][gc,phases,start] GC(50) Phase 3: Adjust pointers
[0.187s][info][gc,phases      ] GC(50) Phase 3: Adjust pointers 0.501ms
[0.187s][info][gc,phases,start] GC(50) Phase 4: Compact heap
[0.188s][info][gc,phases      ] GC(50) Phase 4: Compact heap 0.219ms
[0.188s][info][gc,phases,start] GC(50) Phase 5: Reset Metadata
[0.188s][info][gc,phases      ] GC(50) Phase 5: Reset Metadata 0.052ms
[0.188s][info][gc,heap        ] GC(50) Eden regions: 0->0(1)
[0.188s][info][gc,heap        ] GC(50) Survivor regions: 0->0(0)
[0.188s][info][gc,heap        ] GC(50) Old regions: 2->2
[0.188s][info][gc,heap        ] GC(50) Humongous regions: 254->254
[0.188s][info][gc,metaspace   ] GC(50) Metaspace: 437K(640K)->437K(640K) NonClass: 420K(512K)->420K(512K) Class: 17K(128K)->17K(128K)
[0.188s][info][gc             ] GC(50) Pause Full (G1 Compaction Pause) 255M->255M(256M) 2.021ms
[0.188s][info][gc,cpu         ] GC(50) User=0.00s Sys=0.02s Real=0.00s
[0.188s][info][gc,marking     ] GC(47) Concurrent Mark From Roots 4.525ms
[0.188s][info][gc,marking     ] GC(47) Concurrent Mark Abort
[0.188s][info][gc             ] GC(47) Concurrent Mark Cycle 4.675ms
[0.188s][info][gc,start       ] GC(51) Pause Young (Normal) (G1 Evacuation Pause)
[0.188s][info][gc,task        ] GC(51) Using 6 workers of 13 for evacuation
[0.188s][info][gc,phases      ] GC(51)   Pre Evacuate Collection Set: 0.05ms
[0.188s][info][gc,phases      ] GC(51)   Merge Heap Roots: 0.02ms
[0.188s][info][gc,phases      ] GC(51)   Evacuate Collection Set: 0.06ms
[0.188s][info][gc,phases      ] GC(51)   Post Evacuate Collection Set: 0.09ms
[0.188s][info][gc,phases      ] GC(51)   Other: 0.03ms
[0.188s][info][gc,heap        ] GC(51) Eden regions: 0->0(1)
[0.188s][info][gc,heap        ] GC(51) Survivor regions: 0->0(0)
[0.188s][info][gc,heap        ] GC(51) Old regions: 2->2
[0.189s][info][gc,heap        ] GC(51) Humongous regions: 254->254
[0.189s][info][gc,metaspace   ] GC(51) Metaspace: 437K(640K)->437K(640K) NonClass: 420K(512K)->420K(512K) Class: 17K(128K)->17K(128K)
[0.189s][info][gc             ] GC(51) Pause Young (Normal) (G1 Evacuation Pause) 255M->255M(256M) 0.403ms
[0.189s][info][gc,cpu         ] GC(51) User=0.00s Sys=0.00s Real=0.00s
[0.189s][info][gc,ergo        ] Attempting full compaction
[0.189s][info][gc,start       ] GC(52) Pause Full (G1 Compaction Pause)
[0.189s][info][gc,task        ] GC(52) Using 6 workers of 13 for full compaction
[0.189s][info][gc,phases,start] GC(52) Phase 1: Mark live objects
[0.189s][info][gc,phases      ] GC(52) Phase 1: Mark live objects 0.612ms
[0.189s][info][gc,phases,start] GC(52) Phase 2: Prepare compaction
[0.189s][info][gc,phases      ] GC(52) Phase 2: Prepare compaction 0.100ms
[0.189s][info][gc,phases,start] GC(52) Phase 3: Adjust pointers
[0.190s][info][gc,phases      ] GC(52) Phase 3: Adjust pointers 0.727ms
[0.190s][info][gc,phases,start] GC(52) Phase 4: Compact heap
[0.190s][info][gc,phases      ] GC(52) Phase 4: Compact heap 0.084ms
[0.190s][info][gc,phases,start] GC(52) Phase 5: Reset Metadata
[0.191s][info][gc,phases      ] GC(52) Phase 5: Reset Metadata 0.181ms
[0.191s][info][gc,heap        ] GC(52) Eden regions: 0->0(2)
[0.191s][info][gc,heap        ] GC(52) Survivor regions: 0->0(0)
[0.191s][info][gc,heap        ] GC(52) Old regions: 2->2
[0.191s][info][gc,heap        ] GC(52) Humongous regions: 254->252
[0.191s][info][gc,metaspace   ] GC(52) Metaspace: 437K(640K)->437K(640K) NonClass: 420K(512K)->420K(512K) Class: 17K(128K)->17K(128K)
[0.191s][info][gc             ] GC(52) Pause Full (G1 Compaction Pause) 255M->253M(256M) 2.249ms
[0.191s][info][gc,cpu         ] GC(52) User=0.00s Sys=0.00s Real=0.00s
[0.192s][info][gc,exit        ] Heap
[0.192s][info][gc,exit        ]  garbage-first heap   total reserved 262144K, committed 262144K, used 259575K [0x00000000f0000000, 0x0000000100000000)
[0.192s][info][gc,exit        ]   region size 1024K, 1 young (1024K), 0 survivors (0K)
[0.192s][info][gc,exit        ]  Metaspace       used 440K, committed 640K, reserved 1114112K
[0.192s][info][gc,exit        ]   class space    used 17K, committed 128K, reserved 1048576K
