[0.064s][info][gc,init] Initializing The Z Garbage Collector
[0.064s][info][gc,init] Version: 25.0.1+8-LTS-27 (release)
[0.065s][info][gc,init] NUMA Support: Disabled
[0.065s][info][gc,init] CPUs: 16 total, 16 available
[0.066s][info][gc,init] Memory: 15720M
[0.066s][info][gc,init] Large Page Support: Disabled
[0.067s][info][gc,init] Address Space Size: limited (137434245224K)
[0.067s][info][gc,init] Reserved Space Type: Contiguous/Unrestricted/Complete
[0.067s][info][gc,init] Reserved Space Size: 4G
[0.068s][info][gc,init] Min Capacity: 8M
[0.068s][info][gc,init] Initial Capacity: 246M
[0.068s][info][gc,init] Max Capacity: 256M
[0.068s][info][gc,init] Soft Max Capacity: 256M
[0.068s][info][gc,init] Page Size Medium: Range [2M, 8M]
[0.068s][info][gc,init] Pre-touch: Disabled
[0.068s][info][gc,init] Uncommit: Enabled
[0.068s][info][gc,init] Uncommit Delay: 300s
[0.069s][info][gc,init] GC Workers for Old Generation: 2 (dynamic)
[0.069s][info][gc,init] GC Workers for Young Generation: 2 (dynamic)
[0.072s][info][gc,init] GC Workers Max: 2 (dynamic)
[0.073s][info][gc,init] Runtime Workers: 2
[0.073s][info][gc     ] Using The Z Garbage Collector
[0.125s][info][gc,metaspace] CDS archive(s) mapped at: [0x0000000019000000-0x0000000019dd0000-0x0000000019dd0000), size 14483456, SharedBaseAddress: 0x0000000019000000, ArchiveRelocationMode: 1.
[0.125s][info][gc,metaspace] Compressed class space mapped at: 0x000000001a000000-0x000000005a000000, reserved size: 1073741824
[0.125s][info][gc,metaspace] UseCompressedClassPointers 1, UseCompactObjectHeaders 0
[0.125s][info][gc,metaspace] Narrow klass pointer bits 32, Max shift 3
[0.125s][info][gc,metaspace] Narrow klass base: 0x0000000019000000, Narrow klass shift: 0
[0.125s][info][gc,metaspace] Encoding Range: [0x0000000019000000 - 0x0000000119000000), (4294967296 bytes)
[0.125s][info][gc,metaspace] Klass Range:    [0x0000000019010000 - 0x000000005a000000), (1090453504 bytes)
[0.125s][info][gc,metaspace] Klass ID Range:  [65536 - 1090519033) (1090453497)
[0.125s][info][gc,metaspace] Protection zone: [0x0000000019000000 - 0x0000000019010000), (65536 bytes)
[0.178s][info][gc          ] GC(0) Major Collection (Warmup)
[0.178s][info][gc,task     ] GC(0) Using 2 Workers for Young Generation
[0.178s][info][gc,task     ] GC(0) Using 1 Workers for Old Generation
[0.178s][info][gc,phases   ] GC(0) Y: Young Generation
[0.178s][info][gc,phases   ] GC(0) Y: Pause Mark Start (Major) 0.012ms
[0.230s][info][gc,phases   ] GC(0) Y: Concurrent Mark 52.031ms
[0.230s][info][gc,phases   ] GC(0) Y: Pause Mark End 0.016ms
[0.230s][info][gc,phases   ] GC(0) Y: Concurrent Mark Free 0.002ms
[0.230s][info][gc,phases   ] GC(0) Y: Concurrent Reset Relocation Set 0.000ms
[0.230s][info][gc,reloc    ] GC(0) Y: Using tenuring threshold: 1 (Computed)
[0.230s][info][gc,phases   ] GC(0) Y: Concurrent Select Relocation Set 0.224ms
[0.230s][info][gc,phases   ] GC(0) Y: Pause Relocate Start 0.005ms
[0.232s][info][gc,phases   ] GC(0) Y: Concurrent Relocate 1.040ms
[0.232s][info][gc,alloc    ] GC(0) Y:                         Mark Start        Mark End      Relocate Start    Relocate End   
[0.232s][info][gc,alloc    ] GC(0) Y: Allocation Stalls:          0                0                0                0         
[0.232s][info][gc,load     ] GC(0) Y: Load: 0.00 (0%) / 0.00 (0%) / 0.00 (0%)
[0.232s][info][gc,mmu      ] GC(0) Y: MMU: 2ms/98.9%, 5ms/99.6%, 10ms/99.8%, 20ms/99.9%, 50ms/100.0%, 100ms/100.0%
[0.232s][info][gc,marking  ] GC(0) Y: Mark: 2 stripe(s), 2 proactive flush(es), 1 terminate flush(es), 0 completion(s), 0 continuation(s) 
[0.232s][info][gc,nmethod  ] GC(0) Y: NMethods: 184 registered, 0 unregistered
[0.232s][info][gc,metaspace] GC(0) Y: Metaspace: 0M used, 0M committed, 1088M reserved
[0.232s][info][gc,reloc    ] GC(0) Y:                        Candidates     Selected     In-Place         Size        Empty    Relocated 
[0.232s][info][gc,reloc    ] GC(0) Y: Small Pages:                    2            1            0           4M           0M           0M 
[0.232s][info][gc,reloc    ] GC(0) Y: Medium Pages:                   0            0            0           0M           0M           0M 
[0.232s][info][gc,reloc    ] GC(0) Y: Large Pages:                   11            0            0          22M           0M           0M 
[0.232s][info][gc,reloc    ] GC(0) Y: Forwarding Usage: 0M
[0.232s][info][gc,reloc    ] GC(0) Y: Age Table:
[0.232s][info][gc,reloc    ] GC(0) Y:                    Live             Garbage             Small              Medium             Large        
[0.232s][info][gc,reloc    ] GC(0) Y: Eden              23M (9%)            2M (1%)           2 / 1              0 / 0             11 / 0        
[0.232s][info][gc,heap     ] GC(0) Y: Min Capacity: 8M(3%)
[0.232s][info][gc,heap     ] GC(0) Y: Max Capacity: 256M(100%)
[0.232s][info][gc,heap     ] GC(0) Y: Soft Max Capacity: 256M(100%)
[0.232s][info][gc,heap     ] GC(0) Y: Heap Statistics:
[0.232s][info][gc,heap     ] GC(0) Y:                Mark Start          Mark End        Relocate Start      Relocate End           High               Low         
[0.232s][info][gc,heap     ] GC(0) Y:  Capacity:      246M (96%)         246M (96%)         246M (96%)         246M (96%)         246M (96%)         246M (96%)    
[0.232s][info][gc,heap     ] GC(0) Y:      Free:      230M (90%)         226M (88%)         226M (88%)         222M (87%)         230M (90%)         218M (85%)    
[0.232s][info][gc,heap     ] GC(0) Y:      Used:       26M (10%)          30M (12%)          30M (12%)          34M (13%)          38M (15%)          26M (10%)    
[0.232s][info][gc,heap     ] GC(0) Y: Young Generation Statistics:
[0.232s][info][gc,heap     ] GC(0) Y:                Mark Start          Mark End        Relocate Start      Relocate End    
[0.232s][info][gc,heap     ] GC(0) Y:      Used:       26M (10%)          30M (12%)          30M (12%)          34M (13%)    
[0.232s][info][gc,heap     ] GC(0) Y:      Live:         -                23M (9%)           23M (9%)           23M (9%)     
[0.232s][info][gc,heap     ] GC(0) Y:   Garbage:         -                 2M (1%)            2M (1%)            0M (0%)     
[0.232s][info][gc,heap     ] GC(0) Y: Allocated:         -                 4M (2%)            4M (2%)           10M (4%)     
[0.232s][info][gc,heap     ] GC(0) Y: Reclaimed:         -                  -                 0M (0%)            2M (1%)     
[0.232s][info][gc,heap     ] GC(0) Y:  Promoted:         -                  -                 0M (0%)            0M (0%)     
[0.232s][info][gc,heap     ] GC(0) Y: Compacted:         -                  -                  -                 1M (1%)     
[0.233s][info][gc,phases   ] GC(0) Y: Young Generation 26M(10%)->34M(13%) 0.054s
[0.233s][info][gc,phases   ] GC(0) O: Old Generation
[0.233s][info][gc,phases   ] GC(0) O: Concurrent Mark 0.200ms
[0.233s][info][gc,phases   ] GC(0) O: Pause Mark End 0.007ms
[0.233s][info][gc,phases   ] GC(0) O: Concurrent Mark Free 0.001ms
[0.233s][info][gc,phases   ] GC(0) O: Concurrent Process Non-Strong 0.436ms
[0.233s][info][gc,phases   ] GC(0) O: Concurrent Reset Relocation Set 0.000ms
[0.233s][info][gc,phases   ] GC(0) O: Concurrent Select Relocation Set 0.027ms
[0.233s][info][gc,task     ] GC(0) O: Using 2 Workers for Old Generation
[0.233s][info][gc,task     ] GC(0) O: Using 1 Workers for Old Generation
[0.233s][info][gc,phases   ] GC(0) O: Concurrent Remap Roots 0.160ms
[0.234s][info][gc,phases   ] GC(0) O: Pause Relocate Start 0.005ms
[0.234s][info][gc,phases   ] GC(0) O: Concurrent Relocate 0.027ms
[0.234s][info][gc,alloc    ] GC(0) O:                         Mark Start        Mark End      Relocate Start    Relocate End   
[0.234s][info][gc,alloc    ] GC(0) O: Allocation Stalls:          0                0                0                0         
[0.234s][info][gc,load     ] GC(0) O: Load: 0.00 (0%) / 0.00 (0%) / 0.00 (0%)
[0.234s][info][gc,mmu      ] GC(0) O: MMU: 2ms/98.9%, 5ms/99.3%, 10ms/99.7%, 20ms/99.8%, 50ms/99.9%, 100ms/100.0%
[0.234s][info][gc,marking  ] GC(0) O: Mark: 1 stripe(s), 1 proactive flush(es), 1 terminate flush(es), 0 completion(s), 0 continuation(s) 
[0.234s][info][gc,nmethod  ] GC(0) O: NMethods: 182 registered, 5 unregistered
[0.234s][info][gc,metaspace] GC(0) O: Metaspace: 0M used, 0M committed, 1088M reserved
[0.234s][info][gc,ref      ] GC(0) O:                       Encountered   Discovered     Enqueued 
[0.234s][info][gc,ref      ] GC(0) O: Soft References:               54            0            0 
[0.234s][info][gc,ref      ] GC(0) O: Weak References:               85            0            0 
[0.234s][info][gc,ref      ] GC(0) O: Final References:               0            0            0 
[0.234s][info][gc,ref      ] GC(0) O: Phantom References:             1            0            0 
[0.234s][info][gc,heap     ] GC(0) O: Min Capacity: 8M(3%)
[0.234s][info][gc,heap     ] GC(0) O: Max Capacity: 256M(100%)
[0.234s][info][gc,heap     ] GC(0) O: Soft Max Capacity: 256M(100%)
[0.234s][info][gc,heap     ] GC(0) O: Heap Statistics:
[0.234s][info][gc,heap     ] GC(0) O:                Mark Start          Mark End        Relocate Start      Relocate End           High               Low         
[0.234s][info][gc,heap     ] GC(0) O:  Capacity:      246M (96%)         246M (96%)         246M (96%)         246M (96%)         246M (96%)         246M (96%)    
[0.234s][info][gc,heap     ] GC(0) O:      Free:      230M (90%)         218M (85%)         216M (84%)         216M (84%)         230M (90%)         216M (84%)    
[0.234s][info][gc,heap     ] GC(0) O:      Used:       26M (10%)          38M (15%)          40M (16%)          40M (16%)          40M (16%)          26M (10%)    
[0.234s][info][gc,heap     ] GC(0) O: Old Generation Statistics:
[0.234s][info][gc,heap     ] GC(0) O:                Mark Start          Mark End        Relocate Start      Relocate End    
[0.234s][info][gc,heap     ] GC(0) O:      Used:        0M (0%)            0M (0%)            0M (0%)            0M (0%)     
[0.234s][info][gc,heap     ] GC(0) O:      Live:         -                 0M (0%)            0M (0%)            0M (0%)     
[0.234s][info][gc,heap     ] GC(0) O:   Garbage:         -                 0M (0%)            0M (0%)            0M (0%)     
[0.234s][info][gc,heap     ] GC(0) O: Allocated:         -                 0M (0%)            0M (0%)            0M (0%)     
[0.234s][info][gc,heap     ] GC(0) O: Reclaimed:         -                  -                 0M (0%)            0M (0%)     
[0.234s][info][gc,heap     ] GC(0) O: Compacted:         -                  -                  -                 0M (0%)     
[0.234s][info][gc,phases   ] GC(0) O: Old Generation 38M(15%)->40M(16%) 0.001s
[0.234s][info][gc          ] GC(0) Major Collection (Warmup) 26M(10%)->40M(16%) 0.056s
[0.239s][info][gc          ] GC(1) Major Collection (Warmup)
[0.239s][info][gc,task     ] GC(1) Using 2 Workers for Young Generation
[0.239s][info][gc,task     ] GC(1) Using 1 Workers for Old Generation
[0.239s][info][gc,phases   ] GC(1) Y: Young Generation
[0.239s][info][gc,phases   ] GC(1) Y: Pause Mark Start (Major) 0.010ms
[0.242s][info][gc,phases   ] GC(1) Y: Concurrent Mark 2.626ms
[0.242s][info][gc,phases   ] GC(1) Y: Pause Mark End 0.011ms
[0.242s][info][gc,phases   ] GC(1) Y: Concurrent Mark Free 0.002ms
[0.242s][info][gc,phases   ] GC(1) Y: Concurrent Reset Relocation Set 0.001ms
[0.242s][info][gc,reloc    ] GC(1) Y: Using tenuring threshold: 1 (Computed)
[0.243s][info][gc,phases   ] GC(1) Y: Concurrent Select Relocation Set 0.745ms
[0.243s][info][gc,phases   ] GC(1) Y: Pause Relocate Start 0.006ms
[0.245s][info][gc,phases   ] GC(1) Y: Concurrent Relocate 1.928ms
[0.245s][info][gc,alloc    ] GC(1) Y:                         Mark Start        Mark End      Relocate Start    Relocate End   
[0.245s][info][gc,alloc    ] GC(1) Y: Allocation Stalls:          0                0                0                0         
[0.245s][info][gc,load     ] GC(1) Y: Load: 0.00 (0%) / 0.00 (0%) / 0.00 (0%)
[0.245s][info][gc,mmu      ] GC(1) Y: MMU: 2ms/98.9%, 5ms/99.3%, 10ms/99.6%, 20ms/99.7%, 50ms/99.9%, 100ms/99.9%
[0.245s][info][gc,marking  ] GC(1) Y: Mark: 2 stripe(s), 2 proactive flush(es), 1 terminate flush(es), 0 completion(s), 0 continuation(s) 
[0.245s][info][gc,nmethod  ] GC(1) Y: NMethods: 248 registered, 5 unregistered
[0.245s][info][gc,metaspace] GC(1) Y: Metaspace: 0M used, 0M committed, 1088M reserved
[0.245s][info][gc,reloc    ] GC(1) Y:                        Candidates     Selected     In-Place         Size        Empty    Relocated 
[0.245s][info][gc,reloc    ] GC(1) Y: Small Pages:                    4            3            0           8M           0M           1M 
[0.245s][info][gc,reloc    ] GC(1) Y: Medium Pages:                   0            0            0           0M           0M           0M 
[0.245s][info][gc,reloc    ] GC(1) Y: Large Pages:                   22            0            0          44M           0M           0M 
[0.245s][info][gc,reloc    ] GC(1) Y: Forwarding Usage: 0M
[0.245s][info][gc,reloc    ] GC(1) Y: Age Table:
[0.245s][info][gc,reloc    ] GC(1) Y:                    Live             Garbage             Small              Medium             Large        
[0.245s][info][gc,reloc    ] GC(1) Y: Eden              22M (9%)            1M (1%)           1 / 0              0 / 0             11 / 0        
[0.245s][info][gc,reloc    ] GC(1) Y: Survivor 1        23M (9%)            4M (2%)           3 / 3              0 / 0             11 / 0        
[0.245s][info][gc,heap     ] GC(1) Y: Min Capacity: 8M(3%)
[0.245s][info][gc,heap     ] GC(1) Y: Max Capacity: 256M(100%)
[0.245s][info][gc,heap     ] GC(1) Y: Soft Max Capacity: 256M(100%)
[0.245s][info][gc,heap     ] GC(1) Y: Heap Statistics:
[0.245s][info][gc,heap     ] GC(1) Y:                Mark Start          Mark End        Relocate Start      Relocate End           High               Low         
[0.245s][info][gc,heap     ] GC(1) Y:  Capacity:      246M (96%)         246M (96%)         246M (96%)         246M (96%)         246M (96%)         246M (96%)    
[0.245s][info][gc,heap     ] GC(1) Y:      Free:      204M (80%)         200M (78%)         196M (77%)         192M (75%)         204M (80%)         190M (74%)    
[0.245s][info][gc,heap     ] GC(1) Y:      Used:       52M (20%)          56M (22%)          60M (23%)          64M (25%)          66M (26%)          52M (20%)    
[0.245s][info][gc,heap     ] GC(1) Y: Young Generation Statistics:
[0.245s][info][gc,heap     ] GC(1) Y:                Mark Start          Mark End        Relocate Start      Relocate End    
[0.245s][info][gc,heap     ] GC(1) Y:      Used:       52M (20%)          56M (22%)          38M (15%)          36M (14%)    
[0.245s][info][gc,heap     ] GC(1) Y:      Live:         -                45M (18%)          23M (9%)           22M (9%)     
[0.245s][info][gc,heap     ] GC(1) Y:   Garbage:         -                 6M (3%)            6M (3%)            0M (0%)     
[0.245s][info][gc,heap     ] GC(1) Y: Allocated:         -                 4M (2%)            8M (3%)           13M (5%)     
[0.245s][info][gc,heap     ] GC(1) Y: Reclaimed:         -                  -                 0M (0%)            6M (3%)     
[0.245s][info][gc,heap     ] GC(1) Y:  Promoted:         -                  -                22M (9%)           23M (9%)     
[0.245s][info][gc,heap     ] GC(1) Y: Compacted:         -                  -                  -                 0M (0%)     
[0.246s][info][gc,phases   ] GC(1) Y: Young Generation 52M(20%)->64M(25%) 0.006s
[0.246s][info][gc,phases   ] GC(1) O: Old Generation
[0.246s][info][gc,phases   ] GC(1) O: Concurrent Mark 0.151ms
[0.246s][info][gc,phases   ] GC(1) O: Pause Mark End 0.009ms
[0.246s][info][gc,phases   ] GC(1) O: Concurrent Mark Free 0.001ms
[0.246s][info][gc,phases   ] GC(1) O: Concurrent Process Non-Strong 0.487ms
[0.246s][info][gc,phases   ] GC(1) O: Concurrent Reset Relocation Set 0.000ms
[0.246s][info][gc,phases   ] GC(1) O: Concurrent Select Relocation Set 0.024ms
[0.246s][info][gc,task     ] GC(1) O: Using 2 Workers for Old Generation
[0.247s][info][gc,task     ] GC(1) O: Using 1 Workers for Old Generation
[0.247s][info][gc,phases   ] GC(1) O: Concurrent Remap Roots 0.589ms
[0.247s][info][gc,phases   ] GC(1) O: Pause Relocate Start 0.008ms
[0.247s][info][gc,phases   ] GC(1) O: Concurrent Relocate 0.031ms
[0.247s][info][gc,alloc    ] GC(1) O:                         Mark Start        Mark End      Relocate Start    Relocate End   
[0.247s][info][gc,alloc    ] GC(1) O: Allocation Stalls:          0                0                0                0         
[0.247s][info][gc,load     ] GC(1) O: Load: 0.00 (0%) / 0.00 (0%) / 0.00 (0%)
[0.247s][info][gc,mmu      ] GC(1) O: MMU: 2ms/98.9%, 5ms/99.3%, 10ms/99.6%, 20ms/99.6%, 50ms/99.8%, 100ms/99.9%
[0.247s][info][gc,marking  ] GC(1) O: Mark: 1 stripe(s), 1 proactive flush(es), 1 terminate flush(es), 0 completion(s), 0 continuation(s) 
[0.247s][info][gc,nmethod  ] GC(1) O: NMethods: 245 registered, 8 unregistered
[0.247s][info][gc,metaspace] GC(1) O: Metaspace: 0M used, 0M committed, 1088M reserved
[0.247s][info][gc,ref      ] GC(1) O:                       Encountered   Discovered     Enqueued 
[0.247s][info][gc,ref      ] GC(1) O: Soft References:               54            0            0 
[0.247s][info][gc,ref      ] GC(1) O: Weak References:               85            0            0 
[0.247s][info][gc,ref      ] GC(1) O: Final References:               0            0            0 
[0.247s][info][gc,ref      ] GC(1) O: Phantom References:             1            0            0 
[0.247s][info][gc,heap     ] GC(1) O: Min Capacity: 8M(3%)
[0.247s][info][gc,heap     ] GC(1) O: Max Capacity: 256M(100%)
[0.247s][info][gc,heap     ] GC(1) O: Soft Max Capacity: 256M(100%)
[0.247s][info][gc,heap     ] GC(1) O: Heap Statistics:
[0.247s][info][gc,heap     ] GC(1) O:                Mark Start          Mark End        Relocate Start      Relocate End           High               Low         
[0.247s][info][gc,heap     ] GC(1) O:  Capacity:      246M (96%)         246M (96%)         246M (96%)         246M (96%)         246M (96%)         246M (96%)    
[0.247s][info][gc,heap     ] GC(1) O:      Free:      204M (80%)         190M (74%)         186M (73%)         186M (73%)         204M (80%)         186M (73%)    
[0.247s][info][gc,heap     ] GC(1) O:      Used:       52M (20%)          66M (26%)          70M (27%)          70M (27%)          70M (27%)          52M (20%)    
[0.247s][info][gc,heap     ] GC(1) O: Old Generation Statistics:
[0.247s][info][gc,heap     ] GC(1) O:                Mark Start          Mark End        Relocate Start      Relocate End    
[0.247s][info][gc,heap     ] GC(1) O:      Used:        0M (0%)           28M (11%)          28M (11%)          28M (11%)    
[0.247s][info][gc,heap     ] GC(1) O:      Live:         -                 0M (0%)            0M (0%)            0M (0%)     
[0.247s][info][gc,heap     ] GC(1) O:   Garbage:         -                 0M (0%)            0M (0%)            0M (0%)     
[0.247s][info][gc,heap     ] GC(1) O: Allocated:         -                28M (11%)          28M (11%)          28M (11%)    
[0.247s][info][gc,heap     ] GC(1) O: Reclaimed:         -                  -                 0M (0%)            0M (0%)     
[0.247s][info][gc,heap     ] GC(1) O: Compacted:         -                  -                  -                 0M (0%)     
[0.247s][info][gc,phases   ] GC(1) O: Old Generation 66M(26%)->70M(27%) 0.002s
[0.247s][info][gc          ] GC(1) Major Collection (Warmup) 52M(20%)->70M(27%) 0.008s
[0.249s][info][gc          ] GC(2) Minor Collection (Allocation Rate)
[0.249s][info][gc,task     ] GC(2) Using 2 Workers for Young Generation
[0.249s][info][gc,phases   ] GC(2) y: Young Generation
[0.249s][info][gc,phases   ] GC(2) y: Pause Mark Start 0.008ms
[0.249s][info][gc,phases   ] GC(2) y: Concurrent Mark 0.568ms
[0.249s][info][gc,phases   ] GC(2) y: Pause Mark End 0.006ms
[0.249s][info][gc,phases   ] GC(2) y: Concurrent Mark Free 0.001ms
[0.249s][info][gc,phases   ] GC(2) y: Concurrent Reset Relocation Set 0.003ms
[0.250s][info][gc,reloc    ] GC(2) y: Using tenuring threshold: 1 (Computed)
[0.250s][info][gc,phases   ] GC(2) y: Concurrent Select Relocation Set 0.228ms
[0.250s][info][gc,phases   ] GC(2) y: Pause Relocate Start 0.004ms
[0.250s][info][gc,phases   ] GC(2) y: Concurrent Relocate 0.090ms
[0.250s][info][gc,alloc    ] GC(2) y:                         Mark Start        Mark End      Relocate Start    Relocate End   
[0.250s][info][gc,alloc    ] GC(2) y: Allocation Stalls:          0                0                0                0         
[0.250s][info][gc,load     ] GC(2) y: Load: 0.00 (0%) / 0.00 (0%) / 0.00 (0%)
[0.250s][info][gc,mmu      ] GC(2) y: MMU: 2ms/98.9%, 5ms/99.3%, 10ms/99.4%, 20ms/99.5%, 50ms/99.8%, 100ms/99.9%
[0.250s][info][gc,marking  ] GC(2) y: Mark: 2 stripe(s), 2 proactive flush(es), 1 terminate flush(es), 0 completion(s), 0 continuation(s) 
[0.250s][info][gc,nmethod  ] GC(2) y: NMethods: 251 registered, 8 unregistered
[0.250s][info][gc,metaspace] GC(2) y: Metaspace: 0M used, 0M committed, 1088M reserved
[0.250s][info][gc,reloc    ] GC(2) y:                        Candidates     Selected     In-Place         Size        Empty    Relocated 
[0.250s][info][gc,reloc    ] GC(2) y: Small Pages:                    2            1            0           4M           0M           0M 
[0.250s][info][gc,reloc    ] GC(2) y: Medium Pages:                   0            0            0           0M           0M           0M 
[0.250s][info][gc,reloc    ] GC(2) y: Large Pages:                   21            0            0          42M           0M           0M 
[0.250s][info][gc,reloc    ] GC(2) y: Forwarding Usage: 0M
[0.250s][info][gc,reloc    ] GC(2) y: Age Table:
[0.250s][info][gc,reloc    ] GC(2) y:                    Live             Garbage             Small              Medium             Large        
[0.250s][info][gc,reloc    ] GC(2) y: Eden              20M (8%)            1M (1%)           1 / 0              0 / 0             10 / 0        
[0.250s][info][gc,reloc    ] GC(2) y: Survivor 1        22M (9%)            1M (1%)           1 / 1              0 / 0             11 / 0        
[0.250s][info][gc,heap     ] GC(2) y: Min Capacity: 8M(3%)
[0.250s][info][gc,heap     ] GC(2) y: Max Capacity: 256M(100%)
[0.250s][info][gc,heap     ] GC(2) y: Soft Max Capacity: 256M(100%)
[0.250s][info][gc,heap     ] GC(2) y: Heap Statistics:
[0.250s][info][gc,heap     ] GC(2) y:                Mark Start          Mark End        Relocate Start      Relocate End           High               Low         
[0.250s][info][gc,heap     ] GC(2) y:  Capacity:      246M (96%)         246M (96%)         246M (96%)         246M (96%)         246M (96%)         246M (96%)    
[0.250s][info][gc,heap     ] GC(2) y:      Free:      182M (71%)         180M (70%)         178M (70%)         178M (70%)         182M (71%)         174M (68%)    
[0.250s][info][gc,heap     ] GC(2) y:      Used:       74M (29%)          76M (30%)          78M (30%)          78M (30%)          82M (32%)          74M (29%)    
[0.250s][info][gc,heap     ] GC(2) y: Young Generation Statistics:
[0.250s][info][gc,heap     ] GC(2) y:                Mark Start          Mark End        Relocate Start      Relocate End    
[0.250s][info][gc,heap     ] GC(2) y:      Used:       46M (18%)          48M (19%)          28M (11%)          26M (10%)    
[0.250s][info][gc,heap     ] GC(2) y:      Live:         -                42M (16%)          20M (8%)           20M (8%)     
[0.250s][info][gc,heap     ] GC(2) y:   Garbage:         -                 3M (2%)            3M (2%)            0M (0%)     
[0.250s][info][gc,heap     ] GC(2) y: Allocated:         -                 2M (1%)            4M (2%)            5M (2%)     
[0.250s][info][gc,heap     ] GC(2) y: Reclaimed:         -                  -                 0M (0%)            3M (2%)     
[0.250s][info][gc,heap     ] GC(2) y:  Promoted:         -                  -                22M (9%)           22M (9%)     
[0.250s][info][gc,heap     ] GC(2) y: Compacted:         -                  -                  -                 0M (0%)     
[0.250s][info][gc,phases   ] GC(2) y: Young Generation 74M(29%)->78M(30%) 0.001s
[0.250s][info][gc          ] GC(2) Minor Collection (Allocation Rate) 74M(29%)->78M(30%) 0.002s
[0.250s][info][gc          ] GC(3) Major Collection (Warmup)
[0.250s][info][gc,task     ] GC(3) Using 2 Workers for Young Generation
[0.250s][info][gc,task     ] GC(3) Using 1 Workers for Old Generation
[0.250s][info][gc,phases   ] GC(3) Y: Young Generation
[0.250s][info][gc,phases   ] GC(3) Y: Pause Mark Start (Major) 0.007ms
[0.251s][info][gc,phases   ] GC(3) Y: Concurrent Mark 0.347ms
[0.251s][info][gc,phases   ] GC(3) Y: Pause Mark End 0.005ms
[0.251s][info][gc,phases   ] GC(3) Y: Concurrent Mark Free 0.001ms
[0.251s][info][gc,phases   ] GC(3) Y: Concurrent Reset Relocation Set 0.002ms
[0.251s][info][gc,reloc    ] GC(3) Y: Using tenuring threshold: 1 (Computed)
[0.251s][info][gc,phases   ] GC(3) Y: Concurrent Select Relocation Set 0.324ms
[0.251s][info][gc,phases   ] GC(3) Y: Pause Relocate Start 0.004ms
[0.251s][info][gc,phases   ] GC(3) Y: Concurrent Relocate 0.078ms
[0.251s][info][gc,alloc    ] GC(3) Y:                         Mark Start        Mark End      Relocate Start    Relocate End   
[0.251s][info][gc,alloc    ] GC(3) Y: Allocation Stalls:          0                0                0                0         
[0.251s][info][gc,load     ] GC(3) Y: Load: 0.00 (0%) / 0.00 (0%) / 0.00 (0%)
[0.251s][info][gc,mmu      ] GC(3) Y: MMU: 2ms/98.7%, 5ms/99.2%, 10ms/99.3%, 20ms/99.5%, 50ms/99.8%, 100ms/99.9%
[0.251s][info][gc,marking  ] GC(3) Y: Mark: 2 stripe(s), 2 proactive flush(es), 1 terminate flush(es), 0 completion(s), 0 continuation(s) 
[0.251s][info][gc,nmethod  ] GC(3) Y: NMethods: 251 registered, 8 unregistered
[0.251s][info][gc,metaspace] GC(3) Y: Metaspace: 0M used, 0M committed, 1088M reserved
[0.251s][info][gc,reloc    ] GC(3) Y:                        Candidates     Selected     In-Place         Size        Empty    Relocated 
[0.251s][info][gc,reloc    ] GC(3) Y: Small Pages:                    2            1            0           4M           0M           0M 
[0.251s][info][gc,reloc    ] GC(3) Y: Medium Pages:                   0            0            0           0M           0M           0M 
[0.251s][info][gc,reloc    ] GC(3) Y: Large Pages:                   11            0            0          22M           0M           0M 
[0.252s][info][gc,reloc    ] GC(3) Y: Forwarding Usage: 0M
[0.252s][info][gc,reloc    ] GC(3) Y: Age Table:
[0.252s][info][gc,reloc    ] GC(3) Y:                    Live             Garbage             Small              Medium             Large        
[0.252s][info][gc,reloc    ] GC(3) Y: Eden               2M (1%)            1M (1%)           1 / 0              0 / 0              1 / 0        
[0.252s][info][gc,reloc    ] GC(3) Y: Survivor 1        20M (8%)            1M (1%)           1 / 1              0 / 0             10 / 0        
[0.252s][info][gc,heap     ] GC(3) Y: Min Capacity: 8M(3%)
[0.252s][info][gc,heap     ] GC(3) Y: Max Capacity: 256M(100%)
[0.252s][info][gc,heap     ] GC(3) Y: Soft Max Capacity: 256M(100%)
[0.252s][info][gc,heap     ] GC(3) Y: Heap Statistics:
[0.252s][info][gc,heap     ] GC(3) Y:                Mark Start          Mark End        Relocate Start      Relocate End           High               Low         
[0.252s][info][gc,heap     ] GC(3) Y:  Capacity:      246M (96%)         246M (96%)         246M (96%)         246M (96%)         246M (96%)         246M (96%)    
[0.252s][info][gc,heap     ] GC(3) Y:      Free:      178M (70%)         176M (69%)         174M (68%)         174M (68%)         178M (70%)         170M (66%)    
[0.252s][info][gc,heap     ] GC(3) Y:      Used:       78M (30%)          80M (31%)          82M (32%)          82M (32%)          86M (34%)          78M (30%)    
[0.252s][info][gc,heap     ] GC(3) Y: Young Generation Statistics:
[0.252s][info][gc,heap     ] GC(3) Y:                Mark Start          Mark End        Relocate Start      Relocate End    
[0.252s][info][gc,heap     ] GC(3) Y:      Used:       26M (10%)          28M (11%)          10M (4%)            8M (3%)     
[0.252s][info][gc,heap     ] GC(3) Y:      Live:         -                22M (9%)            2M (1%)            2M (1%)     
[0.252s][info][gc,heap     ] GC(3) Y:   Garbage:         -                 3M (2%)            3M (2%)            0M (0%)     
[0.252s][info][gc,heap     ] GC(3) Y: Allocated:         -                 2M (1%)            4M (2%)            5M (2%)     
[0.252s][info][gc,heap     ] GC(3) Y: Reclaimed:         -                  -                 0M (0%)            3M (2%)     
[0.252s][info][gc,heap     ] GC(3) Y:  Promoted:         -                  -                20M (8%)           20M (8%)     
[0.252s][info][gc,heap     ] GC(3) Y: Compacted:         -                  -                  -                 0M (0%)     
[0.252s][info][gc,phases   ] GC(3) Y: Young Generation 78M(30%)->82M(32%) 0.001s
[0.252s][info][gc,phases   ] GC(3) O: Old Generation
[0.254s][info][gc,phases   ] GC(3) O: Concurrent Mark 2.226ms
[0.254s][info][gc,phases   ] GC(3) O: Pause Mark End 0.007ms
[0.254s][info][gc,phases   ] GC(3) O: Concurrent Mark Free 0.001ms
[0.254s][info][gc,phases   ] GC(3) O: Concurrent Process Non-Strong 0.385ms
[0.254s][info][gc,phases   ] GC(3) O: Concurrent Reset Relocation Set 0.000ms
[0.255s][info][gc,phases   ] GC(3) O: Concurrent Select Relocation Set 0.157ms
[0.255s][info][gc,task     ] GC(3) O: Using 2 Workers for Old Generation
[0.255s][info][gc,task     ] GC(3) O: Using 1 Workers for Old Generation
[0.255s][info][gc,phases   ] GC(3) O: Concurrent Remap Roots 0.242ms
[0.255s][info][gc,phases   ] GC(3) O: Pause Relocate Start 0.005ms
[0.257s][info][gc,phases   ] GC(3) O: Concurrent Relocate 1.905ms
[0.257s][info][gc,alloc    ] GC(3) O:                         Mark Start        Mark End      Relocate Start    Relocate End   
[0.257s][info][gc,alloc    ] GC(3) O: Allocation Stalls:          0                0                0                0         
[0.257s][info][gc,load     ] GC(3) O: Load: 0.00 (0%) / 0.00 (0%) / 0.00 (0%)
[0.257s][info][gc,mmu      ] GC(3) O: MMU: 2ms/98.7%, 5ms/99.2%, 10ms/99.3%, 20ms/99.5%, 50ms/99.8%, 100ms/99.9%
[0.257s][info][gc,marking  ] GC(3) O: Mark: 1 stripe(s), 2 proactive flush(es), 1 terminate flush(es), 0 completion(s), 0 continuation(s) 
[0.257s][info][gc,nmethod  ] GC(3) O: NMethods: 256 registered, 8 unregistered
[0.257s][info][gc,metaspace] GC(3) O: Metaspace: 0M used, 0M committed, 1088M reserved
[0.257s][info][gc,ref      ] GC(3) O:                       Encountered   Discovered     Enqueued 
[0.257s][info][gc,ref      ] GC(3) O: Soft References:               54            0            0 
[0.257s][info][gc,ref      ] GC(3) O: Weak References:               85           56            9 
[0.257s][info][gc,ref      ] GC(3) O: Final References:               0            0            0 
[0.257s][info][gc,ref      ] GC(3) O: Phantom References:             1            1            0 
[0.257s][info][gc,reloc    ] GC(3) O:                        Candidates     Selected     In-Place         Size        Empty    Relocated 
[0.257s][info][gc,reloc    ] GC(3) O: Small Pages:                    4            3            0           8M           0M           1M 
[0.257s][info][gc,reloc    ] GC(3) O: Medium Pages:                   0            0            0           0M           0M           0M 
[0.257s][info][gc,reloc    ] GC(3) O: Large Pages:                   22            0            0          44M           0M           0M 
[0.257s][info][gc,reloc    ] GC(3) O: Forwarding Usage: 0M
[0.257s][info][gc,heap     ] GC(3) O: Min Capacity: 8M(3%)
[0.257s][info][gc,heap     ] GC(3) O: Max Capacity: 256M(100%)
[0.257s][info][gc,heap     ] GC(3) O: Soft Max Capacity: 256M(100%)
[0.257s][info][gc,heap     ] GC(3) O: Heap Statistics:
[0.257s][info][gc,heap     ] GC(3) O:                Mark Start          Mark End        Relocate Start      Relocate End           High               Low         
[0.257s][info][gc,heap     ] GC(3) O:  Capacity:      246M (96%)         246M (96%)         246M (96%)         246M (96%)         246M (96%)         246M (96%)    
[0.257s][info][gc,heap     ] GC(3) O:      Free:      178M (70%)         168M (66%)         166M (65%)         166M (65%)         178M (70%)         162M (63%)    
[0.257s][info][gc,heap     ] GC(3) O:      Used:       78M (30%)          88M (34%)          90M (35%)          90M (35%)          94M (37%)          78M (30%)    
[0.257s][info][gc,heap     ] GC(3) O: Old Generation Statistics:
[0.257s][info][gc,heap     ] GC(3) O:                Mark Start          Mark End        Relocate Start      Relocate End    
[0.257s][info][gc,heap     ] GC(3) O:      Used:       52M (20%)          74M (29%)          74M (29%)          70M (27%)    
[0.257s][info][gc,heap     ] GC(3) O:      Live:         -                45M (18%)          45M (18%)          45M (18%)    
[0.257s][info][gc,heap     ] GC(3) O:   Garbage:         -                 6M (3%)            6M (3%)            0M (0%)     
[0.257s][info][gc,heap     ] GC(3) O: Allocated:         -                22M (9%)           22M (9%)           24M (10%)    
[0.257s][info][gc,heap     ] GC(3) O: Reclaimed:         -                  -                 0M (0%)            6M (3%)     
[0.257s][info][gc,heap     ] GC(3) O: Compacted:         -                  -                  -                 1M (1%)     
[0.257s][info][gc,phases   ] GC(3) O: Old Generation 82M(32%)->90M(35%) 0.005s
[0.257s][info][gc          ] GC(3) Major Collection (Warmup) 78M(30%)->94M(37%) 0.007s
[0.279s][info][gc          ] GC(4) Major Collection (Allocation Rate)
[0.279s][info][gc,task     ] GC(4) Using 2 Workers for Young Generation
[0.279s][info][gc,task     ] GC(4) Using 1 Workers for Old Generation
[0.279s][info][gc,phases   ] GC(4) Y: Young Generation
[0.279s][info][gc,phases   ] GC(4) Y: Pause Mark Start (Major) 0.011ms
[0.280s][info][gc,phases   ] GC(4) Y: Concurrent Mark 0.722ms
[0.280s][info][gc,phases   ] GC(4) Y: Pause Mark End 0.007ms
[0.280s][info][gc,phases   ] GC(4) Y: Concurrent Mark Free 0.001ms
[0.280s][info][gc,phases   ] GC(4) Y: Concurrent Reset Relocation Set 0.003ms
[0.280s][info][gc,reloc    ] GC(4) Y: Using tenuring threshold: 2 (Computed)
[0.280s][info][gc,phases   ] GC(4) Y: Concurrent Select Relocation Set 0.088ms
[0.280s][info][gc,phases   ] GC(4) Y: Pause Relocate Start 0.005ms
[0.280s][info][gc,phases   ] GC(4) Y: Concurrent Relocate 0.044ms
[0.280s][info][gc,alloc    ] GC(4) Y:                         Mark Start        Mark End      Relocate Start    Relocate End   
[0.280s][info][gc,alloc    ] GC(4) Y: Allocation Stalls:          0                0                0                0         
[0.280s][info][gc,load     ] GC(4) Y: Load: 0.00 (0%) / 0.00 (0%) / 0.00 (0%)
[0.280s][info][gc,mmu      ] GC(4) Y: MMU: 2ms/98.7%, 5ms/99.2%, 10ms/99.3%, 20ms/99.5%, 50ms/99.7%, 100ms/99.9%
[0.280s][info][gc,marking  ] GC(4) Y: Mark: 2 stripe(s), 2 proactive flush(es), 1 terminate flush(es), 0 completion(s), 0 continuation(s) 
[0.280s][info][gc,nmethod  ] GC(4) Y: NMethods: 283 registered, 8 unregistered
[0.280s][info][gc,metaspace] GC(4) Y: Metaspace: 0M used, 0M committed, 1088M reserved
[0.280s][info][gc,reloc    ] GC(4) Y:                        Candidates     Selected     In-Place         Size        Empty    Relocated 
[0.280s][info][gc,reloc    ] GC(4) Y: Small Pages:                    2            0            0           4M           2M           0M 
[0.280s][info][gc,reloc    ] GC(4) Y: Medium Pages:                   0            0            0           0M           0M           0M 
[0.280s][info][gc,reloc    ] GC(4) Y: Large Pages:                   34            0            0          68M           0M           0M 
[0.280s][info][gc,reloc    ] GC(4) Y: Forwarding Usage: 0M
[0.280s][info][gc,reloc    ] GC(4) Y: Age Table:
[0.280s][info][gc,reloc    ] GC(4) Y:                    Live             Garbage             Small              Medium             Large        
[0.280s][info][gc,reloc    ] GC(4) Y: Eden              66M (26%)           1M (1%)           1 / 0              0 / 0             33 / 0        
[0.280s][info][gc,reloc    ] GC(4) Y: Survivor 1         2M (1%)            2M (1%)           1 / 0              0 / 0              1 / 0        
[0.280s][info][gc,heap     ] GC(4) Y: Min Capacity: 8M(3%)
[0.280s][info][gc,heap     ] GC(4) Y: Max Capacity: 256M(100%)
[0.280s][info][gc,heap     ] GC(4) Y: Soft Max Capacity: 256M(100%)
[0.280s][info][gc,heap     ] GC(4) Y: Heap Statistics:
[0.280s][info][gc,heap     ] GC(4) Y:                Mark Start          Mark End        Relocate Start      Relocate End           High               Low         
[0.280s][info][gc,heap     ] GC(4) Y:  Capacity:      246M (96%)         246M (96%)         246M (96%)         246M (96%)         246M (96%)         246M (96%)    
[0.280s][info][gc,heap     ] GC(4) Y:      Free:      114M (45%)         110M (43%)         112M (44%)         112M (44%)         114M (45%)         110M (43%)    
[0.280s][info][gc,heap     ] GC(4) Y:      Used:      142M (55%)         146M (57%)         144M (56%)         144M (56%)         146M (57%)         142M (55%)    
[0.280s][info][gc,heap     ] GC(4) Y: Young Generation Statistics:
[0.280s][info][gc,heap     ] GC(4) Y:                Mark Start          Mark End        Relocate Start      Relocate End    
[0.280s][info][gc,heap     ] GC(4) Y:      Used:       72M (28%)          76M (30%)          74M (29%)          74M (29%)    
[0.280s][info][gc,heap     ] GC(4) Y:      Live:         -                68M (27%)          68M (27%)          68M (27%)    
[0.280s][info][gc,heap     ] GC(4) Y:   Garbage:         -                 3M (2%)            1M (1%)            1M (1%)     
[0.280s][info][gc,heap     ] GC(4) Y: Allocated:         -                 4M (2%)            4M (2%)            4M (2%)     
[0.280s][info][gc,heap     ] GC(4) Y: Reclaimed:         -                  -                 2M (1%)            2M (1%)     
[0.280s][info][gc,heap     ] GC(4) Y:  Promoted:         -                  -                 0M (0%)            0M (0%)     
[0.280s][info][gc,heap     ] GC(4) Y: Compacted:         -                  -                  -                 0M (0%)     
[0.280s][info][gc,phases   ] GC(4) Y: Young Generation 142M(55%)->144M(56%) 0.001s
[0.280s][info][gc,phases   ] GC(4) O: Old Generation
[0.284s][info][gc,phases   ] GC(4) O: Concurrent Mark 3.233ms
[0.284s][info][gc,phases   ] GC(4) O: Pause Mark End 0.009ms
[0.284s][info][gc,phases   ] GC(4) O: Concurrent Mark Free 0.001ms
[0.284s][info][gc,phases   ] GC(4) O: Concurrent Process Non-Strong 0.415ms
[0.284s][info][gc,phases   ] GC(4) O: Concurrent Reset Relocation Set 0.001ms
[0.284s][info][gc,phases   ] GC(4) O: Concurrent Select Relocation Set 0.178ms
[0.284s][info][gc,task     ] GC(4) O: Using 2 Workers for Old Generation
[0.285s][info][gc,task     ] GC(4) O: Using 1 Workers for Old Generation
[0.285s][info][gc,phases   ] GC(4) O: Concurrent Remap Roots 0.270ms
[0.285s][info][gc,phases   ] GC(4) O: Pause Relocate Start 0.006ms
[0.286s][info][gc,phases   ] GC(4) O: Concurrent Relocate 1.675ms
[0.286s][info][gc,alloc    ] GC(4) O:                         Mark Start        Mark End      Relocate Start    Relocate End   
[0.286s][info][gc,alloc    ] GC(4) O: Allocation Stalls:          0                0                0                0         
[0.286s][info][gc,load     ] GC(4) O: Load: 0.00 (0%) / 0.00 (0%) / 0.00 (0%)
[0.286s][info][gc,mmu      ] GC(4) O: MMU: 2ms/98.7%, 5ms/99.2%, 10ms/99.3%, 20ms/99.5%, 50ms/99.7%, 100ms/99.8%
[0.286s][info][gc,marking  ] GC(4) O: Mark: 1 stripe(s), 2 proactive flush(es), 1 terminate flush(es), 0 completion(s), 0 continuation(s) 
[0.286s][info][gc,nmethod  ] GC(4) O: NMethods: 284 registered, 8 unregistered
[0.286s][info][gc,metaspace] GC(4) O: Metaspace: 0M used, 0M committed, 1088M reserved
[0.286s][info][gc,ref      ] GC(4) O:                       Encountered   Discovered     Enqueued 
[0.286s][info][gc,ref      ] GC(4) O: Soft References:               54            0            0 
[0.286s][info][gc,ref      ] GC(4) O: Weak References:               76           47            0 
[0.286s][info][gc,ref      ] GC(4) O: Final References:               0            0            0 
[0.286s][info][gc,ref      ] GC(4) O: Phantom References:             1            1            0 
[0.286s][info][gc,reloc    ] GC(4) O:                        Candidates     Selected     In-Place         Size        Empty    Relocated 
[0.286s][info][gc,reloc    ] GC(4) O: Small Pages:                    3            1            0           6M           2M           1M 
[0.287s][info][gc,reloc    ] GC(4) O: Medium Pages:                   0            0            0           0M           0M           0M 
[0.287s][info][gc,reloc    ] GC(4) O: Large Pages:                   32            0            0          64M           0M           0M 
[0.287s][info][gc,reloc    ] GC(4) O: Forwarding Usage: 0M
[0.287s][info][gc,heap     ] GC(4) O: Min Capacity: 8M(3%)
[0.287s][info][gc,heap     ] GC(4) O: Max Capacity: 256M(100%)
[0.287s][info][gc,heap     ] GC(4) O: Soft Max Capacity: 256M(100%)
[0.287s][info][gc,heap     ] GC(4) O: Heap Statistics:
[0.287s][info][gc,heap     ] GC(4) O:                Mark Start          Mark End        Relocate Start      Relocate End           High               Low         
[0.287s][info][gc,heap     ] GC(4) O:  Capacity:      246M (96%)         246M (96%)         246M (96%)         246M (96%)         246M (96%)         246M (96%)    
[0.287s][info][gc,heap     ] GC(4) O:      Free:      114M (45%)         102M (40%)         102M (40%)          98M (38%)         114M (45%)          96M (38%)    
[0.287s][info][gc,heap     ] GC(4) O:      Used:      142M (55%)         154M (60%)         154M (60%)         158M (62%)         160M (62%)         142M (55%)    
[0.287s][info][gc,heap     ] GC(4) O: Old Generation Statistics:
[0.287s][info][gc,heap     ] GC(4) O:                Mark Start          Mark End        Relocate Start      Relocate End    
[0.287s][info][gc,heap     ] GC(4) O:      Used:       70M (27%)          70M (27%)          68M (27%)          68M (27%)    
[0.287s][info][gc,heap     ] GC(4) O:      Live:         -                65M (26%)          65M (26%)          65M (26%)    
[0.287s][info][gc,heap     ] GC(4) O:   Garbage:         -                 4M (2%)            2M (1%)            0M (0%)     
[0.287s][info][gc,heap     ] GC(4) O: Allocated:         -                 0M (0%)            0M (0%)            2M (1%)     
[0.287s][info][gc,heap     ] GC(4) O: Reclaimed:         -                  -                 2M (1%)            4M (2%)     
[0.287s][info][gc,heap     ] GC(4) O: Compacted:         -                  -                  -                 1M (1%)     
[0.287s][info][gc,phases   ] GC(4) O: Old Generation 144M(56%)->158M(62%) 0.006s
[0.287s][info][gc          ] GC(4) Major Collection (Allocation Rate) 142M(55%)->158M(62%) 0.008s
[0.293s][info][gc          ] GC(5) Major Collection (Allocation Rate)
[0.293s][info][gc,task     ] GC(5) Using 2 Workers for Young Generation
[0.293s][info][gc,task     ] GC(5) Using 1 Workers for Old Generation
[0.293s][info][gc,phases   ] GC(5) Y: Young Generation
[0.293s][info][gc,phases   ] GC(5) Y: Pause Mark Start (Major) 0.010ms
[0.293s][info][gc,phases   ] GC(5) Y: Concurrent Mark 0.656ms
[0.293s][info][gc,phases   ] GC(5) Y: Pause Mark End 0.005ms
[0.293s][info][gc,phases   ] GC(5) Y: Concurrent Mark Free 0.001ms
[0.293s][info][gc,phases   ] GC(5) Y: Concurrent Reset Relocation Set 0.000ms
[0.293s][info][gc,reloc    ] GC(5) Y: Using tenuring threshold: 1 (Computed)
[0.294s][info][gc,phases   ] GC(5) Y: Concurrent Select Relocation Set 0.601ms
[0.294s][info][gc,phases   ] GC(5) Y: Pause Relocate Start 0.006ms
[0.294s][info][gc,phases   ] GC(5) Y: Concurrent Relocate 0.113ms
[0.294s][info][gc,alloc    ] GC(5) Y:                         Mark Start        Mark End      Relocate Start    Relocate End   
[0.294s][info][gc,alloc    ] GC(5) Y: Allocation Stalls:          0                0                0                0         
[0.294s][info][gc,load     ] GC(5) Y: Load: 0.00 (0%) / 0.00 (0%) / 0.00 (0%)
[0.294s][info][gc,mmu      ] GC(5) Y: MMU: 2ms/98.7%, 5ms/99.2%, 10ms/99.3%, 20ms/99.5%, 50ms/99.7%, 100ms/99.8%
[0.294s][info][gc,marking  ] GC(5) Y: Mark: 2 stripe(s), 2 proactive flush(es), 1 terminate flush(es), 0 completion(s), 0 continuation(s) 
[0.294s][info][gc,nmethod  ] GC(5) Y: NMethods: 285 registered, 8 unregistered
[0.294s][info][gc,metaspace] GC(5) Y: Metaspace: 0M used, 0M committed, 1088M reserved
[0.294s][info][gc,reloc    ] GC(5) Y:                        Candidates     Selected     In-Place         Size        Empty    Relocated 
[0.294s][info][gc,reloc    ] GC(5) Y: Small Pages:                    2            1            0           4M           0M           0M 
[0.294s][info][gc,reloc    ] GC(5) Y: Medium Pages:                   0            0            0           0M           0M           0M 
[0.294s][info][gc,reloc    ] GC(5) Y: Large Pages:                   52            0            0         104M           0M           0M 
[0.294s][info][gc,reloc    ] GC(5) Y: Forwarding Usage: 0M
[0.294s][info][gc,reloc    ] GC(5) Y: Age Table:
[0.294s][info][gc,reloc    ] GC(5) Y:                    Live             Garbage             Small              Medium             Large        
[0.294s][info][gc,reloc    ] GC(5) Y: Eden              36M (14%)           1M (1%)           1 / 1              0 / 0             18 / 0        
[0.294s][info][gc,reloc    ] GC(5) Y: Survivor 1        66M (26%)           1M (1%)           1 / 0              0 / 0             33 / 0        
[0.294s][info][gc,reloc    ] GC(5) Y: Survivor 2         2M (1%)            0M (0%)           0 / 0              0 / 0              1 / 0        
[0.294s][info][gc,heap     ] GC(5) Y: Min Capacity: 8M(3%)
[0.294s][info][gc,heap     ] GC(5) Y: Max Capacity: 256M(100%)
[0.294s][info][gc,heap     ] GC(5) Y: Soft Max Capacity: 256M(100%)
[0.294s][info][gc,heap     ] GC(5) Y: Heap Statistics:
[0.295s][info][gc,heap     ] GC(5) Y:                Mark Start          Mark End        Relocate Start      Relocate End           High               Low         
[0.295s][info][gc,heap     ] GC(5) Y:  Capacity:      246M (96%)         246M (96%)         246M (96%)         246M (96%)         246M (96%)         246M (96%)    
[0.295s][info][gc,heap     ] GC(5) Y:      Free:       80M (31%)          78M (30%)          76M (30%)          74M (29%)          80M (31%)          72M (28%)    
[0.295s][info][gc,heap     ] GC(5) Y:      Used:      176M (69%)         178M (70%)         180M (70%)         182M (71%)         184M (72%)         176M (69%)    
[0.295s][info][gc,heap     ] GC(5) Y: Young Generation Statistics:
[0.295s][info][gc,heap     ] GC(5) Y:                Mark Start          Mark End        Relocate Start      Relocate End    
[0.295s][info][gc,heap     ] GC(5) Y:      Used:      108M (42%)         110M (43%)          44M (17%)          42M (16%)    
[0.295s][info][gc,heap     ] GC(5) Y:      Live:         -               104M (41%)          36M (14%)          36M (14%)    
[0.295s][info][gc,heap     ] GC(5) Y:   Garbage:         -                 3M (2%)            3M (2%)            0M (0%)     
[0.295s][info][gc,heap     ] GC(5) Y: Allocated:         -                 2M (1%)            4M (2%)            5M (2%)     
[0.295s][info][gc,heap     ] GC(5) Y: Reclaimed:         -                  -                 0M (0%)            3M (2%)     
[0.295s][info][gc,heap     ] GC(5) Y:  Promoted:         -                  -                68M (27%)          68M (27%)    
[0.295s][info][gc,heap     ] GC(5) Y: Compacted:         -                  -                  -                 0M (0%)     
[0.295s][info][gc,phases   ] GC(5) Y: Young Generation 176M(69%)->182M(71%) 0.002s
[0.295s][info][gc,phases   ] GC(5) O: Old Generation
[0.299s][info][gc,phases   ] GC(5) O: Concurrent Mark 4.008ms
[0.299s][info][gc,phases   ] GC(5) O: Pause Mark End 0.008ms
[0.299s][info][gc,phases   ] GC(5) O: Concurrent Mark Free 0.001ms
[0.299s][info][gc          ] GC(6) Minor Collection (Allocation Rate)
[0.299s][info][gc,task     ] GC(6) Using 1 Workers for Young Generation
[0.299s][info][gc,phases   ] GC(6) y: Young Generation
[0.299s][info][gc,phases   ] GC(6) y: Pause Mark Start 0.008ms
[0.300s][info][gc,phases   ] GC(5) O: Concurrent Process Non-Strong 0.735ms
[0.300s][info][gc,phases   ] GC(5) O: Concurrent Reset Relocation Set 0.001ms
[0.300s][info][gc,phases   ] GC(5) O: Concurrent Select Relocation Set 0.083ms
[0.300s][info][gc,phases   ] GC(6) y: Concurrent Mark 0.777ms
[0.300s][info][gc,phases   ] GC(6) y: Pause Mark End 0.005ms
[0.300s][info][gc,phases   ] GC(6) y: Concurrent Mark Free 0.001ms
[0.300s][info][gc,phases   ] GC(6) y: Concurrent Reset Relocation Set 0.008ms
[0.300s][info][gc,reloc    ] GC(6) y: Using tenuring threshold: 1 (Computed)
[0.301s][info][gc,phases   ] GC(6) y: Concurrent Select Relocation Set 0.740ms
[0.301s][info][gc,phases   ] GC(6) y: Pause Relocate Start 0.004ms
[0.301s][info][gc,phases   ] GC(6) y: Concurrent Relocate 0.047ms
[0.301s][info][gc,alloc    ] GC(6) y:                         Mark Start        Mark End      Relocate Start    Relocate End   
[0.301s][info][gc,alloc    ] GC(6) y: Allocation Stalls:          0                0                0                0         
[0.301s][info][gc,load     ] GC(6) y: Load: 0.00 (0%) / 0.00 (0%) / 0.00 (0%)
[0.301s][info][gc,mmu      ] GC(6) y: MMU: 2ms/98.7%, 5ms/99.2%, 10ms/99.3%, 20ms/99.5%, 50ms/99.7%, 100ms/99.8%
[0.301s][info][gc,marking  ] GC(6) y: Mark: 1 stripe(s), 2 proactive flush(es), 1 terminate flush(es), 0 completion(s), 0 continuation(s) 
[0.301s][info][gc,nmethod  ] GC(6) y: NMethods: 286 registered, 8 unregistered
[0.301s][info][gc,metaspace] GC(6) y: Metaspace: 0M used, 0M committed, 1088M reserved
[0.301s][info][gc,reloc    ] GC(6) y:                        Candidates     Selected     In-Place         Size        Empty    Relocated 
[0.301s][info][gc,reloc    ] GC(6) y: Small Pages:                    2            0            0           4M           2M           0M 
[0.301s][info][gc,reloc    ] GC(6) y: Medium Pages:                   0            0            0           0M           0M           0M 
[0.301s][info][gc,reloc    ] GC(6) y: Large Pages:                   26            0            0          52M           0M           0M 
[0.301s][info][gc,reloc    ] GC(6) y: Forwarding Usage: 0M
[0.301s][info][gc,reloc    ] GC(6) y: Age Table:
[0.301s][info][gc,reloc    ] GC(6) y:                    Live             Garbage             Small              Medium             Large        
[0.301s][info][gc,reloc    ] GC(6) y: Eden              16M (6%)            2M (1%)           1 / 0              0 / 0              8 / 0        
[0.301s][info][gc,reloc    ] GC(6) y: Survivor 1        36M (14%)           1M (1%)           1 / 0              0 / 0             18 / 0        
[0.301s][info][gc,heap     ] GC(6) y: Min Capacity: 8M(3%)
[0.301s][info][gc,heap     ] GC(6) y: Max Capacity: 256M(100%)
[0.301s][info][gc,heap     ] GC(6) y: Soft Max Capacity: 256M(100%)
[0.301s][info][gc,heap     ] GC(6) y: Heap Statistics:
[0.301s][info][gc,heap     ] GC(6) y:                Mark Start          Mark End        Relocate Start      Relocate End           High               Low         
[0.301s][info][gc,heap     ] GC(6) y:  Capacity:      246M (96%)         246M (96%)         246M (96%)         246M (96%)         246M (96%)         246M (96%)    
[0.301s][info][gc,heap     ] GC(6) y:      Free:       60M (23%)          56M (22%)          56M (22%)          56M (22%)          60M (23%)          56M (22%)    
[0.301s][info][gc,heap     ] GC(6) y:      Used:      196M (77%)         200M (78%)         200M (78%)         200M (78%)         200M (78%)         196M (77%)    
[0.301s][info][gc,heap     ] GC(6) y: Young Generation Statistics:
[0.301s][info][gc,heap     ] GC(6) y:                Mark Start          Mark End        Relocate Start      Relocate End    
[0.301s][info][gc,heap     ] GC(6) y:      Used:       56M (22%)          60M (23%)          22M (9%)           22M (9%)     
[0.301s][info][gc,heap     ] GC(6) y:      Live:         -                52M (20%)          16M (6%)           16M (6%)     
[0.301s][info][gc,heap     ] GC(6) y:   Garbage:         -                 3M (2%)            0M (0%)            0M (0%)     
[0.301s][info][gc,heap     ] GC(6) y: Allocated:         -                 4M (2%)            6M (2%)            6M (2%)     
[0.301s][info][gc,heap     ] GC(6) y: Reclaimed:         -                  -                 3M (2%)            3M (2%)     
[0.301s][info][gc,heap     ] GC(6) y:  Promoted:         -                  -                36M (14%)          36M (14%)    
[0.301s][info][gc,heap     ] GC(6) y: Compacted:         -                  -                  -                 0M (0%)     
[0.301s][info][gc,phases   ] GC(6) y: Young Generation 196M(77%)->200M(78%) 0.002s
[0.301s][info][gc          ] GC(6) Minor Collection (Allocation Rate) 196M(77%)->200M(78%) 0.002s
[0.301s][info][gc,task     ] GC(5) O: Using 2 Workers for Old Generation
[0.302s][info][gc,task     ] GC(5) O: Using 1 Workers for Old Generation
[0.302s][info][gc,phases   ] GC(5) O: Concurrent Remap Roots 0.379ms
[0.302s][info][gc,phases   ] GC(5) O: Pause Relocate Start 0.006ms
[0.304s][info][gc,phases   ] GC(5) O: Concurrent Relocate 1.852ms
[0.304s][info][gc,alloc    ] GC(5) O:                         Mark Start        Mark End      Relocate Start    Relocate End   
[0.304s][info][gc,alloc    ] GC(5) O: Allocation Stalls:          0                0                0                0         
[0.304s][info][gc,load     ] GC(5) O: Load: 0.00 (0%) / 0.00 (0%) / 0.00 (0%)
[0.304s][info][gc,mmu      ] GC(5) O: MMU: 2ms/98.7%, 5ms/99.2%, 10ms/99.3%, 20ms/99.5%, 50ms/99.7%, 100ms/99.8%
[0.304s][info][gc,marking  ] GC(5) O: Mark: 1 stripe(s), 2 proactive flush(es), 1 terminate flush(es), 0 completion(s), 0 continuation(s) 
[0.304s][info][gc,nmethod  ] GC(5) O: NMethods: 286 registered, 8 unregistered
[0.304s][info][gc,metaspace] GC(5) O: Metaspace: 0M used, 0M committed, 1088M reserved
[0.304s][info][gc,ref      ] GC(5) O:                       Encountered   Discovered     Enqueued 
[0.304s][info][gc,ref      ] GC(5) O: Soft References:               54            0            0 
[0.304s][info][gc,ref      ] GC(5) O: Weak References:               76           47            0 
[0.304s][info][gc,ref      ] GC(5) O: Final References:               0            0            0 
[0.304s][info][gc,ref      ] GC(5) O: Phantom References:             1            1            0 
[0.304s][info][gc,reloc    ] GC(5) O:                        Candidates     Selected     In-Place         Size        Empty    Relocated 
[0.304s][info][gc,reloc    ] GC(5) O: Small Pages:                    2            1            0           4M           0M           1M 
[0.304s][info][gc,reloc    ] GC(5) O: Medium Pages:                   0            0            0           0M           0M           0M 
[0.304s][info][gc,reloc    ] GC(5) O: Large Pages:                   32            0            0          64M           0M           0M 
[0.304s][info][gc,reloc    ] GC(5) O: Forwarding Usage: 0M
[0.304s][info][gc,heap     ] GC(5) O: Min Capacity: 8M(3%)
[0.304s][info][gc,heap     ] GC(5) O: Max Capacity: 256M(100%)
[0.304s][info][gc,heap     ] GC(5) O: Soft Max Capacity: 256M(100%)
[0.304s][info][gc,heap     ] GC(5) O: Heap Statistics:
[0.304s][info][gc,heap     ] GC(5) O:                Mark Start          Mark End        Relocate Start      Relocate End           High               Low         
[0.304s][info][gc,heap     ] GC(5) O:  Capacity:      246M (96%)         246M (96%)         246M (96%)         246M (96%)         246M (96%)         246M (96%)    
[0.304s][info][gc,heap     ] GC(5) O:      Free:       80M (31%)          62M (24%)          54M (21%)          52M (20%)          80M (31%)          50M (20%)    
[0.304s][info][gc,heap     ] GC(5) O:      Used:      176M (69%)         194M (76%)         202M (79%)         204M (80%)         206M (80%)         176M (69%)    
[0.304s][info][gc,heap     ] GC(5) O: Old Generation Statistics:
[0.304s][info][gc,heap     ] GC(5) O:                Mark Start          Mark End        Relocate Start      Relocate End    
[0.304s][info][gc,heap     ] GC(5) O:      Used:       68M (27%)         140M (55%)         178M (70%)         176M (69%)    
[0.304s][info][gc,heap     ] GC(5) O:      Live:         -                65M (26%)          65M (26%)          65M (26%)    
[0.304s][info][gc,heap     ] GC(5) O:   Garbage:         -                 2M (1%)            2M (1%)            0M (0%)     
[0.304s][info][gc,heap     ] GC(5) O: Allocated:         -                72M (28%)         110M (43%)         110M (43%)    
[0.304s][info][gc,heap     ] GC(5) O: Reclaimed:         -                  -                 0M (0%)            2M (1%)     
[0.304s][info][gc,heap     ] GC(5) O: Compacted:         -                  -                  -                 1M (1%)     
[0.304s][info][gc,phases   ] GC(5) O: Old Generation 184M(72%)->204M(80%) 0.009s
[0.304s][info][gc          ] GC(5) Major Collection (Allocation Rate) 176M(69%)->204M(80%) 0.012s
[0.305s][info][gc          ] GC(7) Major Collection (Allocation Rate)
[0.305s][info][gc,task     ] GC(7) Using 2 Workers for Young Generation
[0.305s][info][gc,task     ] GC(7) Using 1 Workers for Old Generation
[0.305s][info][gc,phases   ] GC(7) Y: Young Generation
[0.305s][info][gc,phases   ] GC(7) Y: Pause Mark Start (Major) 0.007ms
[0.305s][info][gc,phases   ] GC(7) Y: Concurrent Mark 0.583ms
[0.305s][info][gc,phases   ] GC(7) Y: Pause Mark End 0.005ms
[0.305s][info][gc,phases   ] GC(7) Y: Concurrent Mark Free 0.001ms
[0.305s][info][gc,phases   ] GC(7) Y: Concurrent Reset Relocation Set 0.004ms
[0.305s][info][gc,reloc    ] GC(7) Y: Using tenuring threshold: 1 (Computed)
[0.306s][info][gc,phases   ] GC(7) Y: Concurrent Select Relocation Set 0.201ms
[0.306s][info][gc,phases   ] GC(7) Y: Pause Relocate Start 0.003ms
[0.306s][info][gc,phases   ] GC(7) Y: Concurrent Relocate 0.045ms
[0.306s][info][gc,alloc    ] GC(7) Y:                         Mark Start        Mark End      Relocate Start    Relocate End   
[0.306s][info][gc,alloc    ] GC(7) Y: Allocation Stalls:          0                0                0                0         
[0.306s][info][gc,load     ] GC(7) Y: Load: 0.00 (0%) / 0.00 (0%) / 0.00 (0%)
[0.306s][info][gc,mmu      ] GC(7) Y: MMU: 2ms/98.7%, 5ms/99.2%, 10ms/99.3%, 20ms/99.5%, 50ms/99.7%, 100ms/99.8%
[0.306s][info][gc,marking  ] GC(7) Y: Mark: 2 stripe(s), 2 proactive flush(es), 1 terminate flush(es), 0 completion(s), 0 continuation(s) 
[0.306s][info][gc,nmethod  ] GC(7) Y: NMethods: 287 registered, 8 unregistered
[0.306s][info][gc,metaspace] GC(7) Y: Metaspace: 0M used, 0M committed, 1088M reserved
[0.306s][info][gc,reloc    ] GC(7) Y:                        Candidates     Selected     In-Place         Size        Empty    Relocated 
[0.306s][info][gc,reloc    ] GC(7) Y: Small Pages:                    1            0            0           2M           2M           0M 
[0.306s][info][gc,reloc    ] GC(7) Y: Medium Pages:                   0            0            0           0M           0M           0M 
[0.306s][info][gc,reloc    ] GC(7) Y: Large Pages:                   15            0            0          30M           0M           0M 
[0.306s][info][gc,reloc    ] GC(7) Y: Forwarding Usage: 0M
[0.306s][info][gc,reloc    ] GC(7) Y: Age Table:
[0.306s][info][gc,reloc    ] GC(7) Y:                    Live             Garbage             Small              Medium             Large        
[0.306s][info][gc,reloc    ] GC(7) Y: Eden              14M (5%)            2M (1%)           1 / 0              0 / 0              7 / 0        
[0.306s][info][gc,reloc    ] GC(7) Y: Survivor 1        16M (6%)            0M (0%)           0 / 0              0 / 0              8 / 0        
[0.306s][info][gc,heap     ] GC(7) Y: Min Capacity: 8M(3%)
[0.306s][info][gc,heap     ] GC(7) Y: Max Capacity: 256M(100%)
[0.306s][info][gc,heap     ] GC(7) Y: Soft Max Capacity: 256M(100%)
[0.306s][info][gc,heap     ] GC(7) Y: Heap Statistics:
[0.306s][info][gc,heap     ] GC(7) Y:                Mark Start          Mark End        Relocate Start      Relocate End           High               Low         
[0.306s][info][gc,heap     ] GC(7) Y:  Capacity:      246M (96%)         246M (96%)         246M (96%)         246M (96%)         246M (96%)         246M (96%)    
[0.306s][info][gc,heap     ] GC(7) Y:      Free:       48M (19%)          46M (18%)          46M (18%)          46M (18%)          48M (19%)          46M (18%)    
[0.306s][info][gc,heap     ] GC(7) Y:      Used:      208M (81%)         210M (82%)         210M (82%)         210M (82%)         210M (82%)         208M (81%)    
[0.306s][info][gc,heap     ] GC(7) Y: Young Generation Statistics:
[0.306s][info][gc,heap     ] GC(7) Y:                Mark Start          Mark End        Relocate Start      Relocate End    
[0.306s][info][gc,heap     ] GC(7) Y:      Used:       32M (12%)          34M (13%)          18M (7%)           18M (7%)     
[0.306s][info][gc,heap     ] GC(7) Y:      Live:         -                30M (12%)          14M (5%)           14M (5%)     
[0.306s][info][gc,heap     ] GC(7) Y:   Garbage:         -                 2M (1%)            0M (0%)            0M (0%)     
[0.306s][info][gc,heap     ] GC(7) Y: Allocated:         -                 2M (1%)            4M (2%)            4M (2%)     
[0.306s][info][gc,heap     ] GC(7) Y: Reclaimed:         -                  -                 2M (1%)            2M (1%)     
[0.306s][info][gc,heap     ] GC(7) Y:  Promoted:         -                  -                16M (6%)           16M (6%)     
[0.306s][info][gc,heap     ] GC(7) Y: Compacted:         -                  -                  -                 0M (0%)     
[0.306s][info][gc,phases   ] GC(7) Y: Young Generation 208M(81%)->210M(82%) 0.001s
[0.306s][info][gc,phases   ] GC(7) O: Old Generation
[0.307s][info][gc          ] GC(8) Minor Collection (Allocation Rate)
[0.307s][info][gc,task     ] GC(8) Using 1 Workers for Young Generation
[0.307s][info][gc,phases   ] GC(8) y: Young Generation
[0.307s][info][gc,phases   ] GC(8) y: Pause Mark Start 0.006ms
[0.308s][info][gc,phases   ] GC(8) y: Concurrent Mark 0.762ms
[0.308s][info][gc,phases   ] GC(8) y: Pause Mark End 0.004ms
[0.308s][info][gc,phases   ] GC(8) y: Concurrent Mark Free 0.001ms
[0.308s][info][gc,phases   ] GC(8) y: Concurrent Reset Relocation Set 0.001ms
[0.308s][info][gc,reloc    ] GC(8) y: Using tenuring threshold: 1 (Computed)
[0.308s][info][gc,phases   ] GC(8) y: Concurrent Select Relocation Set 0.282ms
[0.308s][info][gc,phases   ] GC(8) y: Pause Relocate Start 0.004ms
[0.309s][info][gc,phases   ] GC(8) y: Concurrent Relocate 0.040ms
[0.309s][info][gc,alloc    ] GC(8) y:                         Mark Start        Mark End      Relocate Start    Relocate End   
[0.309s][info][gc,alloc    ] GC(8) y: Allocation Stalls:          0                0                0                0         
[0.309s][info][gc,load     ] GC(8) y: Load: 0.00 (0%) / 0.00 (0%) / 0.00 (0%)
[0.309s][info][gc,mmu      ] GC(8) y: MMU: 2ms/98.7%, 5ms/99.2%, 10ms/99.3%, 20ms/99.5%, 50ms/99.7%, 100ms/99.8%
[0.309s][info][gc,marking  ] GC(8) y: Mark: 1 stripe(s), 2 proactive flush(es), 1 terminate flush(es), 0 completion(s), 0 continuation(s) 
[0.309s][info][gc,nmethod  ] GC(8) y: NMethods: 287 registered, 8 unregistered
[0.309s][info][gc,metaspace] GC(8) y: Metaspace: 0M used, 0M committed, 1088M reserved
[0.309s][info][gc,reloc    ] GC(8) y:                        Candidates     Selected     In-Place         Size        Empty    Relocated 
[0.309s][info][gc,reloc    ] GC(8) y: Small Pages:                    1            0            0           2M           2M           0M 
[0.309s][info][gc,reloc    ] GC(8) y: Medium Pages:                   0            0            0           0M           0M           0M 
[0.309s][info][gc,reloc    ] GC(8) y: Large Pages:                   10            0            0          20M           0M           0M 
[0.309s][info][gc,reloc    ] GC(8) y: Forwarding Usage: 0M
[0.309s][info][gc,reloc    ] GC(8) y: Age Table:
[0.309s][info][gc,reloc    ] GC(8) y:                    Live             Garbage             Small              Medium             Large        
[0.309s][info][gc,reloc    ] GC(8) y: Eden               6M (2%)            2M (1%)           1 / 0              0 / 0              3 / 0        
[0.309s][info][gc,reloc    ] GC(8) y: Survivor 1        14M (5%)            0M (0%)           0 / 0              0 / 0              7 / 0        
[0.309s][info][gc,heap     ] GC(8) y: Min Capacity: 8M(3%)
[0.309s][info][gc,heap     ] GC(8) y: Max Capacity: 256M(100%)
[0.309s][info][gc,heap     ] GC(8) y: Soft Max Capacity: 256M(100%)
[0.309s][info][gc,heap     ] GC(8) y: Heap Statistics:
[0.309s][info][gc,heap     ] GC(8) y:                Mark Start          Mark End        Relocate Start      Relocate End           High               Low         
[0.309s][info][gc,heap     ] GC(8) y:  Capacity:      246M (96%)         246M (96%)         246M (96%)         246M (96%)         246M (96%)         246M (96%)    
[0.309s][info][gc,heap     ] GC(8) y:      Free:       42M (16%)          38M (15%)          40M (16%)          40M (16%)          42M (16%)          38M (15%)    
[0.309s][info][gc,heap     ] GC(8) y:      Used:      214M (84%)         218M (85%)         216M (84%)         216M (84%)         218M (85%)         214M (84%)    
[0.309s][info][gc,heap     ] GC(8) y: Young Generation Statistics:
[0.309s][info][gc,heap     ] GC(8) y:                Mark Start          Mark End        Relocate Start      Relocate End    
[0.309s][info][gc,heap     ] GC(8) y:      Used:       22M (9%)           26M (10%)          10M (4%)           10M (4%)     
[0.309s][info][gc,heap     ] GC(8) y:      Live:         -                20M (8%)            6M (2%)            6M (2%)     
[0.309s][info][gc,heap     ] GC(8) y:   Garbage:         -                 2M (1%)            0M (0%)            0M (0%)     
[0.309s][info][gc,heap     ] GC(8) y: Allocated:         -                 4M (2%)            4M (2%)            4M (2%)     
[0.309s][info][gc,heap     ] GC(8) y: Reclaimed:         -                  -                 2M (1%)            2M (1%)     
[0.309s][info][gc,heap     ] GC(8) y:  Promoted:         -                  -                14M (5%)           14M (5%)     
[0.309s][info][gc,heap     ] GC(8) y: Compacted:         -                  -                  -                 0M (0%)     
[0.309s][info][gc,phases   ] GC(8) y: Young Generation 214M(84%)->216M(84%) 0.001s
[0.309s][info][gc          ] GC(8) Minor Collection (Allocation Rate) 214M(84%)->218M(85%) 0.002s
[0.310s][info][gc          ] GC(9) Minor Collection (Allocation Rate)
[0.310s][info][gc,task     ] GC(9) Using 1 Workers for Young Generation
[0.310s][info][gc,phases   ] GC(9) y: Young Generation
[0.310s][info][gc,phases   ] GC(9) y: Pause Mark Start 0.006ms
[0.310s][info][gc,phases   ] GC(7) O: Concurrent Mark 3.884ms
[0.310s][info][gc,phases   ] GC(7) O: Pause Mark End 0.007ms
[0.310s][info][gc,phases   ] GC(7) O: Concurrent Mark Free 0.001ms
[0.311s][info][gc,phases   ] GC(7) O: Concurrent Process Non-Strong 0.495ms
[0.311s][info][gc,phases   ] GC(7) O: Concurrent Reset Relocation Set 0.000ms
[0.311s][info][gc,phases   ] GC(7) O: Concurrent Select Relocation Set 0.062ms
[0.311s][info][gc,phases   ] GC(9) y: Concurrent Mark 0.899ms
[0.311s][info][gc,phases   ] GC(9) y: Pause Mark End 0.006ms
[0.311s][info][gc,phases   ] GC(9) y: Concurrent Mark Free 0.001ms
[0.311s][info][gc,phases   ] GC(9) y: Concurrent Reset Relocation Set 0.002ms
[0.311s][info][gc,reloc    ] GC(9) y: Using tenuring threshold: 1 (Computed)
[0.311s][info][gc,phases   ] GC(9) y: Concurrent Select Relocation Set 0.175ms
[0.311s][info][gc,phases   ] GC(9) y: Pause Relocate Start 0.006ms
[0.311s][info][gc,phases   ] GC(9) y: Concurrent Relocate 0.051ms
[0.311s][info][gc,alloc    ] GC(9) y:                         Mark Start        Mark End      Relocate Start    Relocate End   
[0.311s][info][gc,alloc    ] GC(9) y: Allocation Stalls:          0                0                0                0         
[0.311s][info][gc,load     ] GC(9) y: Load: 0.00 (0%) / 0.00 (0%) / 0.00 (0%)
[0.311s][info][gc,mmu      ] GC(9) y: MMU: 2ms/98.7%, 5ms/99.2%, 10ms/99.3%, 20ms/99.5%, 50ms/99.7%, 100ms/99.7%
[0.311s][info][gc,marking  ] GC(9) y: Mark: 1 stripe(s), 2 proactive flush(es), 1 terminate flush(es), 0 completion(s), 0 continuation(s) 
[0.311s][info][gc,nmethod  ] GC(9) y: NMethods: 286 registered, 10 unregistered
[0.311s][info][gc,metaspace] GC(9) y: Metaspace: 0M used, 0M committed, 1088M reserved
[0.311s][info][gc,reloc    ] GC(9) y:                        Candidates     Selected     In-Place         Size        Empty    Relocated 
[0.311s][info][gc,reloc    ] GC(9) y: Small Pages:                    1            0            0           2M           2M           0M 
[0.311s][info][gc,reloc    ] GC(9) y: Medium Pages:                   0            0            0           0M           0M           0M 
[0.311s][info][gc,reloc    ] GC(9) y: Large Pages:                    6            0            0          12M           0M           0M 
[0.311s][info][gc,reloc    ] GC(9) y: Forwarding Usage: 0M
[0.311s][info][gc,reloc    ] GC(9) y: Age Table:
[0.311s][info][gc,reloc    ] GC(9) y:                    Live             Garbage             Small              Medium             Large        
[0.311s][info][gc,reloc    ] GC(9) y: Eden               6M (2%)            2M (1%)           1 / 0              0 / 0              3 / 0        
[0.311s][info][gc,reloc    ] GC(9) y: Survivor 1         6M (2%)            0M (0%)           0 / 0              0 / 0              3 / 0        
[0.311s][info][gc,heap     ] GC(9) y: Min Capacity: 8M(3%)
[0.311s][info][gc,heap     ] GC(9) y: Max Capacity: 256M(100%)
[0.311s][info][gc,heap     ] GC(9) y: Soft Max Capacity: 256M(100%)
[0.311s][info][gc,heap     ] GC(9) y: Heap Statistics:
[0.311s][info][gc,heap     ] GC(9) y:                Mark Start          Mark End        Relocate Start      Relocate End           High               Low         
[0.311s][info][gc,heap     ] GC(9) y:  Capacity:      246M (96%)         246M (96%)         246M (96%)         246M (96%)         246M (96%)         246M (96%)    
[0.311s][info][gc,heap     ] GC(9) y:      Free:       36M (14%)          32M (12%)          34M (13%)          34M (13%)          36M (14%)          32M (12%)    
[0.311s][info][gc,heap     ] GC(9) y:      Used:      220M (86%)         224M (88%)         222M (87%)         222M (87%)         224M (88%)         220M (86%)    
[0.311s][info][gc,heap     ] GC(9) y: Young Generation Statistics:
[0.311s][info][gc,heap     ] GC(9) y:                Mark Start          Mark End        Relocate Start      Relocate End    
[0.312s][info][gc,heap     ] GC(9) y:      Used:       14M (5%)           18M (7%)           10M (4%)           10M (4%)     
[0.312s][info][gc,heap     ] GC(9) y:      Live:         -                12M (5%)            6M (2%)            6M (2%)     
[0.312s][info][gc,heap     ] GC(9) y:   Garbage:         -                 2M (1%)            0M (0%)            0M (0%)     
[0.312s][info][gc,heap     ] GC(9) y: Allocated:         -                 4M (2%)            4M (2%)            4M (2%)     
[0.312s][info][gc,heap     ] GC(9) y: Reclaimed:         -                  -                 2M (1%)            2M (1%)     
[0.312s][info][gc,heap     ] GC(9) y:  Promoted:         -                  -                 6M (2%)            6M (2%)     
[0.312s][info][gc,heap     ] GC(9) y: Compacted:         -                  -                  -                 0M (0%)     
[0.312s][info][gc,phases   ] GC(9) y: Young Generation 220M(86%)->222M(87%) 0.001s
[0.312s][info][gc          ] GC(9) Minor Collection (Allocation Rate) 220M(86%)->222M(87%) 0.002s
[0.312s][info][gc,task     ] GC(7) O: Using 2 Workers for Old Generation
[0.312s][info][gc,task     ] GC(7) O: Using 1 Workers for Old Generation
[0.312s][info][gc,phases   ] GC(7) O: Concurrent Remap Roots 0.468ms
[0.312s][info][gc,phases   ] GC(7) O: Pause Relocate Start 0.005ms
[0.313s][info][gc          ] GC(10) Minor Collection (Allocation Rate)
[0.313s][info][gc,task     ] GC(10) Using 1 Workers for Young Generation
[0.313s][info][gc,phases   ] GC(10) y: Young Generation
[0.314s][info][gc,phases   ] GC(10) y: Pause Mark Start 0.006ms
[0.314s][info][gc,phases   ] GC(7) O: Concurrent Relocate 1.749ms
[0.315s][info][gc,phases   ] GC(10) y: Concurrent Mark 0.706ms
[0.315s][info][gc,phases   ] GC(10) y: Pause Mark End 0.006ms
[0.315s][info][gc,phases   ] GC(10) y: Concurrent Mark Free 0.001ms
[0.315s][info][gc,phases   ] GC(10) y: Concurrent Reset Relocation Set 0.001ms
[0.315s][info][gc,reloc    ] GC(10) y: Using tenuring threshold: 1 (Computed)
[0.315s][info][gc,phases   ] GC(10) y: Concurrent Select Relocation Set 0.103ms
[0.315s][info][gc,phases   ] GC(10) y: Pause Relocate Start 0.004ms
[0.315s][info][gc,phases   ] GC(10) y: Concurrent Relocate 0.041ms
[0.315s][info][gc,alloc    ] GC(10) y:                         Mark Start        Mark End      Relocate Start    Relocate End   
[0.315s][info][gc,alloc    ] GC(10) y: Allocation Stalls:          0                0                0                0         
[0.315s][info][gc,load     ] GC(10) y: Load: 0.00 (0%) / 0.00 (0%) / 0.00 (0%)
[0.315s][info][gc,mmu      ] GC(10) y: MMU: 2ms/98.7%, 5ms/99.1%, 10ms/99.3%, 20ms/99.4%, 50ms/99.7%, 100ms/99.7%
[0.315s][info][gc,marking  ] GC(10) y: Mark: 1 stripe(s), 2 proactive flush(es), 1 terminate flush(es), 0 completion(s), 0 continuation(s) 
[0.315s][info][gc,nmethod  ] GC(10) y: NMethods: 286 registered, 10 unregistered
[0.315s][info][gc,metaspace] GC(10) y: Metaspace: 0M used, 0M committed, 1088M reserved
[0.315s][info][gc,reloc    ] GC(10) y:                        Candidates     Selected     In-Place         Size        Empty    Relocated 
[0.315s][info][gc,reloc    ] GC(10) y: Small Pages:                    1            0            0           2M           2M           0M 
[0.315s][info][gc,reloc    ] GC(10) y: Medium Pages:                   0            0            0           0M           0M           0M 
[0.315s][info][gc,reloc    ] GC(10) y: Large Pages:                    7            0            0          14M           0M           0M 
[0.315s][info][gc,reloc    ] GC(10) y: Forwarding Usage: 0M
[0.315s][info][gc,reloc    ] GC(10) y: Age Table:
[0.315s][info][gc,reloc    ] GC(10) y:                    Live             Garbage             Small              Medium             Large        
[0.315s][info][gc,reloc    ] GC(10) y: Eden               8M (3%)            2M (1%)           1 / 0              0 / 0              4 / 0        
[0.315s][info][gc,reloc    ] GC(10) y: Survivor 1         6M (2%)            0M (0%)           0 / 0              0 / 0              3 / 0        
[0.315s][info][gc,heap     ] GC(10) y: Min Capacity: 8M(3%)
[0.315s][info][gc,heap     ] GC(10) y: Max Capacity: 256M(100%)
[0.315s][info][gc,heap     ] GC(10) y: Soft Max Capacity: 256M(100%)
[0.315s][info][gc,heap     ] GC(10) y: Heap Statistics:
[0.315s][info][gc,heap     ] GC(10) y:                Mark Start          Mark End        Relocate Start      Relocate End           High               Low         
[0.315s][info][gc,heap     ] GC(10) y:  Capacity:      246M (96%)         246M (96%)         246M (96%)         246M (96%)         246M (96%)         246M (96%)    
[0.315s][info][gc,heap     ] GC(10) y:      Free:       32M (12%)          28M (11%)          28M (11%)          28M (11%)          32M (12%)          28M (11%)    
[0.315s][info][gc,heap     ] GC(10) y:      Used:      224M (88%)         228M (89%)         228M (89%)         228M (89%)         228M (89%)         224M (88%)    
[0.315s][info][gc,heap     ] GC(10) y: Young Generation Statistics:
[0.315s][info][gc,heap     ] GC(10) y:                Mark Start          Mark End        Relocate Start      Relocate End    
[0.315s][info][gc,heap     ] GC(10) y:      Used:       16M (6%)           20M (8%)           14M (5%)           14M (5%)     
[0.315s][info][gc,heap     ] GC(10) y:      Live:         -                14M (5%)            8M (3%)            8M (3%)     
[0.315s][info][gc,heap     ] GC(10) y:   Garbage:         -                 2M (1%)            0M (0%)            0M (0%)     
[0.315s][info][gc,heap     ] GC(10) y: Allocated:         -                 4M (2%)            6M (2%)            6M (2%)     
[0.315s][info][gc,heap     ] GC(10) y: Reclaimed:         -                  -                 2M (1%)            2M (1%)     
[0.315s][info][gc,heap     ] GC(10) y:  Promoted:         -                  -                 6M (2%)            6M (2%)     
[0.315s][info][gc,heap     ] GC(10) y: Compacted:         -                  -                  -                 0M (0%)     
[0.315s][info][gc,phases   ] GC(10) y: Young Generation 224M(88%)->228M(89%) 0.002s
[0.315s][info][gc          ] GC(10) Minor Collection (Allocation Rate) 224M(88%)->228M(89%) 0.002s
[0.315s][info][gc,alloc    ] GC(7) O:                         Mark Start        Mark End      Relocate Start    Relocate End   
[0.315s][info][gc,alloc    ] GC(7) O: Allocation Stalls:          0                0                0                0         
[0.315s][info][gc,load     ] GC(7) O: Load: 0.00 (0%) / 0.00 (0%) / 0.00 (0%)
[0.315s][info][gc,mmu      ] GC(7) O: MMU: 2ms/98.7%, 5ms/99.1%, 10ms/99.3%, 20ms/99.4%, 50ms/99.7%, 100ms/99.7%
[0.315s][info][gc,marking  ] GC(7) O: Mark: 1 stripe(s), 2 proactive flush(es), 1 terminate flush(es), 0 completion(s), 0 continuation(s) 
[0.315s][info][gc,nmethod  ] GC(7) O: NMethods: 286 registered, 10 unregistered
[0.315s][info][gc,metaspace] GC(7) O: Metaspace: 0M used, 0M committed, 1088M reserved
[0.315s][info][gc,ref      ] GC(7) O:                       Encountered   Discovered     Enqueued 
[0.315s][info][gc,ref      ] GC(7) O: Soft References:               54            0            0 
[0.315s][info][gc,ref      ] GC(7) O: Weak References:               76           47            0 
[0.315s][info][gc,ref      ] GC(7) O: Final References:               0            0            0 
[0.315s][info][gc,ref      ] GC(7) O: Phantom References:             1            1            0 
[0.315s][info][gc,reloc    ] GC(7) O:                        Candidates     Selected     In-Place         Size        Empty    Relocated 
[0.315s][info][gc,reloc    ] GC(7) O: Small Pages:                    4            3            0           8M           0M           1M 
[0.315s][info][gc,reloc    ] GC(7) O: Medium Pages:                   0            0            0           0M           0M           0M 
[0.315s][info][gc,reloc    ] GC(7) O: Large Pages:                   84            0            0         168M           0M           0M 
[0.316s][info][gc,reloc    ] GC(7) O: Forwarding Usage: 0M
[0.316s][info][gc,heap     ] GC(7) O: Min Capacity: 8M(3%)
[0.316s][info][gc,heap     ] GC(7) O: Max Capacity: 256M(100%)
[0.316s][info][gc,heap     ] GC(7) O: Soft Max Capacity: 256M(100%)
[0.316s][info][gc,heap     ] GC(7) O: Heap Statistics:
[0.316s][info][gc,heap     ] GC(7) O:                Mark Start          Mark End        Relocate Start      Relocate End           High               Low         
[0.316s][info][gc,heap     ] GC(7) O:  Capacity:      246M (96%)         246M (96%)         246M (96%)         246M (96%)         246M (96%)         246M (96%)    
[0.316s][info][gc,heap     ] GC(7) O:      Free:       48M (19%)          36M (14%)          32M (12%)          32M (12%)          48M (19%)          28M (11%)    
[0.316s][info][gc,heap     ] GC(7) O:      Used:      208M (81%)         220M (86%)         224M (88%)         224M (88%)         228M (89%)         208M (81%)    
[0.316s][info][gc,heap     ] GC(7) O: Old Generation Statistics:
[0.316s][info][gc,heap     ] GC(7) O:                Mark Start          Mark End        Relocate Start      Relocate End    
[0.316s][info][gc,heap     ] GC(7) O:      Used:      176M (69%)         206M (80%)         212M (83%)         208M (81%)    
[0.316s][info][gc,heap     ] GC(7) O:      Live:         -               169M (66%)         169M (66%)         169M (66%)    
[0.316s][info][gc,heap     ] GC(7) O:   Garbage:         -                 6M (3%)            6M (3%)            0M (0%)     
[0.316s][info][gc,heap     ] GC(7) O: Allocated:         -                30M (12%)          36M (14%)          38M (15%)    
[0.316s][info][gc,heap     ] GC(7) O: Reclaimed:         -                  -                 0M (0%)            6M (3%)     
[0.316s][info][gc,heap     ] GC(7) O: Compacted:         -                  -                  -                 1M (1%)     
[0.316s][info][gc,phases   ] GC(7) O: Old Generation 210M(82%)->224M(88%) 0.009s
[0.316s][info][gc          ] GC(7) Major Collection (Allocation Rate) 208M(81%)->230M(90%) 0.011s
[0.316s][info][gc          ] GC(11) Major Collection (Allocation Rate)
[0.316s][info][gc,task     ] GC(11) Using 2 Workers for Young Generation
[0.316s][info][gc,task     ] GC(11) Using 1 Workers for Old Generation
[0.316s][info][gc,phases   ] GC(11) Y: Young Generation
[0.316s][info][gc,phases   ] GC(11) Y: Pause Mark Start (Major) 0.007ms
[0.317s][info][gc,phases   ] GC(11) Y: Concurrent Mark 0.643ms
[0.317s][info][gc,phases   ] GC(11) Y: Pause Mark End 0.005ms
[0.317s][info][gc,phases   ] GC(11) Y: Concurrent Mark Free 0.001ms
[0.317s][info][gc,phases   ] GC(11) Y: Concurrent Reset Relocation Set 0.001ms
[0.317s][info][gc,reloc    ] GC(11) Y: Using tenuring threshold: 1 (Computed)
[0.317s][info][gc,phases   ] GC(11) Y: Concurrent Select Relocation Set 0.124ms
[0.317s][info][gc,phases   ] GC(11) Y: Pause Relocate Start 0.004ms
[0.317s][info][gc,phases   ] GC(11) Y: Concurrent Relocate 0.065ms
[0.318s][info][gc,alloc    ] GC(11) Y:                         Mark Start        Mark End      Relocate Start    Relocate End   
[0.318s][info][gc,alloc    ] GC(11) Y: Allocation Stalls:          0                0                0                0         
[0.318s][info][gc,load     ] GC(11) Y: Load: 0.00 (0%) / 0.00 (0%) / 0.00 (0%)
[0.318s][info][gc,mmu      ] GC(11) Y: MMU: 2ms/98.7%, 5ms/99.1%, 10ms/99.3%, 20ms/99.4%, 50ms/99.6%, 100ms/99.7%
[0.318s][info][gc,marking  ] GC(11) Y: Mark: 2 stripe(s), 2 proactive flush(es), 1 terminate flush(es), 0 completion(s), 0 continuation(s) 
[0.318s][info][gc,nmethod  ] GC(11) Y: NMethods: 286 registered, 10 unregistered
[0.318s][info][gc,metaspace] GC(11) Y: Metaspace: 0M used, 0M committed, 1088M reserved
[0.318s][info][gc,reloc    ] GC(11) Y:                        Candidates     Selected     In-Place         Size        Empty    Relocated 
[0.318s][info][gc,reloc    ] GC(11) Y: Small Pages:                    1            0            0           2M           0M           0M 
[0.318s][info][gc,reloc    ] GC(11) Y: Medium Pages:                   0            0            0           0M           0M           0M 
[0.318s][info][gc,reloc    ] GC(11) Y: Large Pages:                    8            0            0          16M           0M           0M 
[0.318s][info][gc,reloc    ] GC(11) Y: Forwarding Usage: 0M
[0.318s][info][gc,reloc    ] GC(11) Y: Age Table:
[0.318s][info][gc,reloc    ] GC(11) Y:                    Live             Garbage             Small              Medium             Large        
[0.318s][info][gc,reloc    ] GC(11) Y: Eden               8M (3%)            1M (1%)           1 / 0              0 / 0              4 / 0        
[0.318s][info][gc,reloc    ] GC(11) Y: Survivor 1         8M (3%)            0M (0%)           0 / 0              0 / 0              4 / 0        
[0.318s][info][gc,heap     ] GC(11) Y: Min Capacity: 8M(3%)
[0.318s][info][gc,heap     ] GC(11) Y: Max Capacity: 256M(100%)
[0.318s][info][gc,heap     ] GC(11) Y: Soft Max Capacity: 256M(100%)
[0.318s][info][gc,heap     ] GC(11) Y: Heap Statistics:
[0.318s][info][gc,heap     ] GC(11) Y:                Mark Start          Mark End        Relocate Start      Relocate End           High               Low         
[0.318s][info][gc,heap     ] GC(11) Y:  Capacity:      246M (96%)         246M (96%)         246M (96%)         246M (96%)         246M (96%)         246M (96%)    
[0.318s][info][gc,heap     ] GC(11) Y:      Free:       24M (9%)           22M (9%)           22M (9%)           20M (8%)           24M (9%)           20M (8%)     
[0.318s][info][gc,heap     ] GC(11) Y:      Used:      232M (91%)         234M (91%)         234M (91%)         236M (92%)         236M (92%)         232M (91%)    
[0.318s][info][gc,heap     ] GC(11) Y: Young Generation Statistics:
[0.318s][info][gc,heap     ] GC(11) Y:                Mark Start          Mark End        Relocate Start      Relocate End    
[0.318s][info][gc,heap     ] GC(11) Y:      Used:       18M (7%)           20M (8%)           12M (5%)           14M (5%)     
[0.318s][info][gc,heap     ] GC(11) Y:      Live:         -                16M (6%)            8M (3%)            8M (3%)     
[0.318s][info][gc,heap     ] GC(11) Y:   Garbage:         -                 1M (1%)            1M (1%)            1M (1%)     
[0.318s][info][gc,heap     ] GC(11) Y: Allocated:         -                 2M (1%)            2M (1%)            4M (2%)     
[0.318s][info][gc,heap     ] GC(11) Y: Reclaimed:         -                  -                 0M (0%)            0M (0%)     
[0.318s][info][gc,heap     ] GC(11) Y:  Promoted:         -                  -                 8M (3%)            8M (3%)     
[0.318s][info][gc,heap     ] GC(11) Y: Compacted:         -                  -                  -                 0M (0%)     
[0.318s][info][gc,phases   ] GC(11) Y: Young Generation 232M(91%)->236M(92%) 0.001s
[0.318s][info][gc,phases   ] GC(11) O: Old Generation
[0.318s][info][gc          ] GC(12) Minor Collection (Allocation Rate)
[0.318s][info][gc,task     ] GC(12) Using 1 Workers for Young Generation
[0.318s][info][gc,phases   ] GC(12) y: Young Generation
[0.318s][info][gc,phases   ] GC(12) y: Pause Mark Start 0.005ms
[0.319s][info][gc,phases   ] GC(12) y: Concurrent Mark 0.769ms
[0.319s][info][gc,phases   ] GC(12) y: Pause Mark End 0.005ms
[0.319s][info][gc,phases   ] GC(12) y: Concurrent Mark Free 0.001ms
[0.319s][info][gc,phases   ] GC(12) y: Concurrent Reset Relocation Set 0.001ms
[0.319s][info][gc,reloc    ] GC(12) y: Using tenuring threshold: 1 (Computed)
[0.320s][info][gc,phases   ] GC(12) y: Concurrent Select Relocation Set 0.246ms
[0.320s][info][gc,phases   ] GC(12) y: Pause Relocate Start 0.004ms
[0.320s][info][gc,phases   ] GC(12) y: Concurrent Relocate 0.042ms
[0.320s][info][gc,alloc    ] GC(12) y:                         Mark Start        Mark End      Relocate Start    Relocate End   
[0.320s][info][gc,alloc    ] GC(12) y: Allocation Stalls:          0                0                0                0         
[0.320s][info][gc,load     ] GC(12) y: Load: 0.00 (0%) / 0.00 (0%) / 0.00 (0%)
[0.320s][info][gc,mmu      ] GC(12) y: MMU: 2ms/98.7%, 5ms/99.1%, 10ms/99.2%, 20ms/99.4%, 50ms/99.6%, 100ms/99.7%
[0.320s][info][gc,marking  ] GC(12) y: Mark: 1 stripe(s), 2 proactive flush(es), 1 terminate flush(es), 0 completion(s), 0 continuation(s) 
[0.320s][info][gc,nmethod  ] GC(12) y: NMethods: 286 registered, 10 unregistered
[0.320s][info][gc,metaspace] GC(12) y: Metaspace: 0M used, 0M committed, 1088M reserved
[0.320s][info][gc,reloc    ] GC(12) y:                        Candidates     Selected     In-Place         Size        Empty    Relocated 
[0.320s][info][gc,reloc    ] GC(12) y: Small Pages:                    2            0            0           4M           2M           0M 
[0.320s][info][gc,reloc    ] GC(12) y: Medium Pages:                   0            0            0           0M           0M           0M 
[0.320s][info][gc,reloc    ] GC(12) y: Large Pages:                    6            0            0          12M           0M           0M 
[0.320s][info][gc,reloc    ] GC(12) y: Forwarding Usage: 0M
[0.320s][info][gc,reloc    ] GC(12) y: Age Table:
[0.320s][info][gc,reloc    ] GC(12) y:                    Live             Garbage             Small              Medium             Large        
[0.320s][info][gc,reloc    ] GC(12) y: Eden               4M (2%)            2M (1%)           1 / 0              0 / 0              2 / 0        
[0.320s][info][gc,reloc    ] GC(12) y: Survivor 1         8M (3%)            1M (1%)           1 / 0              0 / 0              4 / 0        
[0.320s][info][gc,heap     ] GC(12) y: Min Capacity: 8M(3%)
[0.320s][info][gc,heap     ] GC(12) y: Max Capacity: 256M(100%)
[0.320s][info][gc,heap     ] GC(12) y: Soft Max Capacity: 256M(100%)
[0.320s][info][gc,heap     ] GC(12) y: Heap Statistics:
[0.320s][info][gc,heap     ] GC(12) y:                Mark Start          Mark End        Relocate Start      Relocate End           High               Low         
[0.320s][info][gc,heap     ] GC(12) y:  Capacity:      246M (96%)         246M (96%)         246M (96%)         246M (96%)         246M (96%)         246M (96%)    
[0.320s][info][gc,heap     ] GC(12) y:      Free:       18M (7%)           14M (5%)           16M (6%)           16M (6%)           18M (7%)           14M (5%)     
[0.320s][info][gc,heap     ] GC(12) y:      Used:      238M (93%)         242M (95%)         240M (94%)         240M (94%)         242M (95%)         238M (93%)    
[0.320s][info][gc,heap     ] GC(12) y: Young Generation Statistics:
[0.320s][info][gc,heap     ] GC(12) y:                Mark Start          Mark End        Relocate Start      Relocate End    
[0.320s][info][gc,heap     ] GC(12) y:      Used:       16M (6%)           20M (8%)            8M (3%)            8M (3%)     
[0.320s][info][gc,heap     ] GC(12) y:      Live:         -                12M (5%)            4M (2%)            4M (2%)     
[0.320s][info][gc,heap     ] GC(12) y:   Garbage:         -                 3M (2%)            0M (0%)            0M (0%)     
[0.320s][info][gc,heap     ] GC(12) y: Allocated:         -                 4M (2%)            4M (2%)            4M (2%)     
[0.320s][info][gc,heap     ] GC(12) y: Reclaimed:         -                  -                 3M (2%)            3M (2%)     
[0.320s][info][gc,heap     ] GC(12) y:  Promoted:         -                  -                 8M (3%)            8M (3%)     
[0.320s][info][gc,heap     ] GC(12) y: Compacted:         -                  -                  -                 0M (0%)     
[0.320s][info][gc,phases   ] GC(12) y: Young Generation 238M(93%)->240M(94%) 0.001s
[0.320s][info][gc          ] GC(12) Minor Collection (Allocation Rate) 238M(93%)->242M(95%) 0.002s
[0.322s][info][gc,phases   ] GC(11) O: Concurrent Mark 3.669ms
[0.322s][info][gc,phases   ] GC(11) O: Pause Mark End 0.007ms
[0.322s][info][gc,phases   ] GC(11) O: Concurrent Mark Free 0.002ms
[0.322s][info][gc          ] GC(13) Minor Collection (Allocation Rate)
[0.322s][info][gc,task     ] GC(13) Using 1 Workers for Young Generation
[0.322s][info][gc,phases   ] GC(13) y: Young Generation
[0.322s][info][gc,phases   ] GC(13) y: Pause Mark Start 0.006ms
[0.322s][info][gc,phases   ] GC(11) O: Concurrent Process Non-Strong 0.588ms
[0.322s][info][gc,phases   ] GC(11) O: Concurrent Reset Relocation Set 0.000ms
[0.322s][info][gc,phases   ] GC(11) O: Concurrent Select Relocation Set 0.055ms
[0.323s][info][gc,phases   ] GC(13) y: Concurrent Mark 0.862ms
[0.323s][info][gc,phases   ] GC(13) y: Pause Mark End 0.005ms
[0.323s][info][gc,phases   ] GC(13) y: Concurrent Mark Free 0.001ms
[0.323s][info][gc,phases   ] GC(13) y: Concurrent Reset Relocation Set 0.003ms
[0.323s][info][gc,reloc    ] GC(13) y: Using tenuring threshold: 2 (Computed)
[0.323s][info][gc,phases   ] GC(13) y: Concurrent Select Relocation Set 0.078ms
[0.323s][info][gc,phases   ] GC(13) y: Pause Relocate Start 0.003ms
[0.323s][info][gc,phases   ] GC(13) y: Concurrent Relocate 0.042ms
[0.323s][info][gc,alloc    ] GC(13) y:                         Mark Start        Mark End      Relocate Start    Relocate End   
[0.323s][info][gc,alloc    ] GC(13) y: Allocation Stalls:          0                0                0                0         
[0.323s][info][gc,load     ] GC(13) y: Load: 0.00 (0%) / 0.00 (0%) / 0.00 (0%)
[0.323s][info][gc,mmu      ] GC(13) y: MMU: 2ms/98.7%, 5ms/99.1%, 10ms/99.2%, 20ms/99.4%, 50ms/99.6%, 100ms/99.7%
[0.323s][info][gc,marking  ] GC(13) y: Mark: 1 stripe(s), 2 proactive flush(es), 1 terminate flush(es), 0 completion(s), 0 continuation(s) 
[0.323s][info][gc,nmethod  ] GC(13) y: NMethods: 285 registered, 11 unregistered
[0.323s][info][gc,metaspace] GC(13) y: Metaspace: 0M used, 0M committed, 1088M reserved
[0.323s][info][gc,reloc    ] GC(13) y:                        Candidates     Selected     In-Place         Size        Empty    Relocated 
[0.323s][info][gc,reloc    ] GC(13) y: Small Pages:                    1            0            0           2M           2M           0M 
[0.323s][info][gc,reloc    ] GC(13) y: Medium Pages:                   0            0            0           0M           0M           0M 
[0.323s][info][gc,reloc    ] GC(13) y: Large Pages:                    6            0            0          12M           0M           0M 
[0.323s][info][gc,reloc    ] GC(13) y: Forwarding Usage: 0M
[0.323s][info][gc,reloc    ] GC(13) y: Age Table:
[0.323s][info][gc,reloc    ] GC(13) y:                    Live             Garbage             Small              Medium             Large        
[0.323s][info][gc,reloc    ] GC(13) y: Eden               8M (3%)            2M (1%)           1 / 0              0 / 0              4 / 0        
[0.323s][info][gc,reloc    ] GC(13) y: Survivor 1         4M (2%)            0M (0%)           0 / 0              0 / 0              2 / 0        
[0.323s][info][gc,heap     ] GC(13) y: Min Capacity: 8M(3%)
[0.323s][info][gc,heap     ] GC(13) y: Max Capacity: 256M(100%)
[0.323s][info][gc,heap     ] GC(13) y: Soft Max Capacity: 256M(100%)
[0.323s][info][gc,heap     ] GC(13) y: Heap Statistics:
[0.323s][info][gc,heap     ] GC(13) y:                Mark Start          Mark End        Relocate Start      Relocate End           High               Low         
[0.323s][info][gc,heap     ] GC(13) y:  Capacity:      246M (96%)         250M (98%)         250M (98%)         250M (98%)         250M (98%)         246M (96%)    
[0.323s][info][gc,heap     ] GC(13) y:      Free:       10M (4%)            6M (2%)            8M (3%)            8M (3%)           10M (4%)            6M (2%)     
[0.323s][info][gc,heap     ] GC(13) y:      Used:      246M (96%)         250M (98%)         248M (97%)         248M (97%)         250M (98%)         246M (96%)    
[0.323s][info][gc,heap     ] GC(13) y: Young Generation Statistics:
[0.323s][info][gc,heap     ] GC(13) y:                Mark Start          Mark End        Relocate Start      Relocate End    
[0.323s][info][gc,heap     ] GC(13) y:      Used:       14M (5%)           18M (7%)           16M (6%)           16M (6%)     
[0.323s][info][gc,heap     ] GC(13) y:      Live:         -                12M (5%)           12M (5%)           12M (5%)     
[0.323s][info][gc,heap     ] GC(13) y:   Garbage:         -                 2M (1%)            0M (0%)            0M (0%)     
[0.324s][info][gc,heap     ] GC(13) y: Allocated:         -                 4M (2%)            4M (2%)            4M (2%)     
[0.324s][info][gc,heap     ] GC(13) y: Reclaimed:         -                  -                 2M (1%)            2M (1%)     
[0.324s][info][gc,heap     ] GC(13) y:  Promoted:         -                  -                 0M (0%)            0M (0%)     
[0.324s][info][gc,heap     ] GC(13) y: Compacted:         -                  -                  -                 0M (0%)     
[0.324s][info][gc,phases   ] GC(13) y: Young Generation 246M(96%)->248M(97%) 0.001s
[0.324s][info][gc          ] GC(13) Minor Collection (Allocation Rate) 246M(96%)->248M(97%) 0.002s
[0.324s][info][gc          ] GC(14) Minor Collection (Allocation Rate)
[0.324s][info][gc,task     ] GC(14) Using 1 Workers for Young Generation
[0.324s][info][gc,phases   ] GC(14) y: Young Generation
[0.324s][info][gc,phases   ] GC(14) y: Pause Mark Start 0.006ms
[0.324s][info][gc,phases   ] GC(14) y: Concurrent Mark 0.774ms
[0.324s][info][gc,phases   ] GC(14) y: Pause Mark End 0.005ms
[0.325s][info][gc,phases   ] GC(14) y: Concurrent Mark Free 0.001ms
[0.325s][info][gc,phases   ] GC(14) y: Concurrent Reset Relocation Set 0.000ms
[0.325s][info][gc,reloc    ] GC(14) y: Using tenuring threshold: 1 (Computed)
[0.325s][info][gc,phases   ] GC(14) y: Concurrent Select Relocation Set 0.302ms
[0.325s][info][gc,phases   ] GC(14) y: Pause Relocate Start 0.005ms
[0.325s][info][gc,phases   ] GC(14) y: Concurrent Relocate 0.038ms
[0.325s][info][gc,alloc    ] GC(14) y:                         Mark Start        Mark End      Relocate Start    Relocate End   
[0.325s][info][gc,alloc    ] GC(14) y: Allocation Stalls:          0                0                0                0         
[0.325s][info][gc,load     ] GC(14) y: Load: 0.00 (0%) / 0.00 (0%) / 0.00 (0%)
[0.325s][info][gc,mmu      ] GC(14) y: MMU: 2ms/98.7%, 5ms/99.1%, 10ms/99.2%, 20ms/99.3%, 50ms/99.5%, 100ms/99.6%
[0.325s][info][gc,marking  ] GC(14) y: Mark: 1 stripe(s), 2 proactive flush(es), 1 terminate flush(es), 0 completion(s), 0 continuation(s) 
[0.325s][info][gc,nmethod  ] GC(14) y: NMethods: 285 registered, 11 unregistered
[0.325s][info][gc,metaspace] GC(14) y: Metaspace: 0M used, 0M committed, 1088M reserved
[0.325s][info][gc,reloc    ] GC(14) y:                        Candidates     Selected     In-Place         Size        Empty    Relocated 
[0.325s][info][gc,reloc    ] GC(14) y: Small Pages:                    1            0            0           2M           0M           0M 
[0.325s][info][gc,reloc    ] GC(14) y: Medium Pages:                   0            0            0           0M           0M           0M 
[0.325s][info][gc,reloc    ] GC(14) y: Large Pages:                    7            0            0          14M           0M           0M 
[0.325s][info][gc,reloc    ] GC(14) y: Forwarding Usage: 0M
[0.325s][info][gc,reloc    ] GC(14) y: Age Table:
[0.325s][info][gc,reloc    ] GC(14) y:                    Live             Garbage             Small              Medium             Large        
[0.325s][info][gc,reloc    ] GC(14) y: Eden               2M (1%)            1M (1%)           1 / 0              0 / 0              1 / 0        
[0.325s][info][gc,reloc    ] GC(14) y: Survivor 1         8M (3%)            0M (0%)           0 / 0              0 / 0              4 / 0        
[0.325s][info][gc,reloc    ] GC(14) y: Survivor 2         4M (2%)            0M (0%)           0 / 0              0 / 0              2 / 0        
[0.325s][info][gc,heap     ] GC(14) y: Min Capacity: 8M(3%)
[0.325s][info][gc,heap     ] GC(14) y: Max Capacity: 256M(100%)
[0.325s][info][gc,heap     ] GC(14) y: Soft Max Capacity: 256M(100%)
[0.325s][info][gc,heap     ] GC(14) y: Heap Statistics:
[0.325s][info][gc,heap     ] GC(14) y:                Mark Start          Mark End        Relocate Start      Relocate End           High               Low         
[0.325s][info][gc,heap     ] GC(14) y:  Capacity:      250M (98%)         252M (98%)         254M (99%)         254M (99%)         254M (99%)         250M (98%)    
[0.325s][info][gc,heap     ] GC(14) y:      Free:        8M (3%)            4M (2%)            2M (1%)            2M (1%)            8M (3%)            2M (1%)     
[0.325s][info][gc,heap     ] GC(14) y:      Used:      248M (97%)         252M (98%)         254M (99%)         254M (99%)         254M (99%)         248M (97%)    
[0.325s][info][gc,heap     ] GC(14) y: Young Generation Statistics:
[0.325s][info][gc,heap     ] GC(14) y:                Mark Start          Mark End        Relocate Start      Relocate End    
[0.325s][info][gc,heap     ] GC(14) y:      Used:       16M (6%)           20M (8%)           10M (4%)           10M (4%)     
[0.325s][info][gc,heap     ] GC(14) y:      Live:         -                14M (5%)            2M (1%)            2M (1%)     
[0.325s][info][gc,heap     ] GC(14) y:   Garbage:         -                 1M (1%)            1M (1%)            1M (1%)     
[0.325s][info][gc,heap     ] GC(14) y: Allocated:         -                 4M (2%)            6M (2%)            6M (2%)     
[0.325s][info][gc,heap     ] GC(14) y: Reclaimed:         -                  -                 0M (0%)            0M (0%)     
[0.325s][info][gc,heap     ] GC(14) y:  Promoted:         -                  -                12M (5%)           12M (5%)     
[0.325s][info][gc,heap     ] GC(14) y: Compacted:         -                  -                  -                 0M (0%)     
[0.325s][info][gc,phases   ] GC(14) y: Young Generation 248M(97%)->254M(99%) 0.001s
[0.325s][info][gc          ] GC(14) Minor Collection (Allocation Rate) 248M(97%)->254M(99%) 0.002s
[0.325s][info][gc,task     ] GC(11) O: Using 2 Workers for Old Generation
[0.326s][info][gc,task     ] GC(11) O: Using 1 Workers for Old Generation
[0.326s][info][gc,phases   ] GC(11) O: Concurrent Remap Roots 0.450ms
[0.326s][info][gc,phases   ] GC(11) O: Pause Relocate Start 0.005ms
[0.328s][info][gc          ] Relocation Stall (main) 1.809ms
[0.328s][info][gc,phases   ] GC(11) O: Concurrent Relocate 1.862ms
[0.328s][info][gc          ] Relocation Stall (main) 0.041ms
[0.328s][info][gc,alloc    ] GC(11) O:                         Mark Start        Mark End      Relocate Start    Relocate End   
[0.328s][info][gc,alloc    ] GC(11) O: Allocation Stalls:          0                0                0                0         
[0.328s][info][gc,load     ] GC(11) O: Load: 0.00 (0%) / 0.00 (0%) / 0.00 (0%)
[0.328s][info][gc,mmu      ] GC(11) O: MMU: 2ms/98.7%, 5ms/99.1%, 10ms/99.2%, 20ms/99.3%, 50ms/99.5%, 100ms/99.6%
[0.328s][info][gc,marking  ] GC(11) O: Mark: 1 stripe(s), 2 proactive flush(es), 1 terminate flush(es), 0 completion(s), 0 continuation(s) 
[0.328s][info][gc,nmethod  ] GC(11) O: NMethods: 285 registered, 11 unregistered
[0.328s][info][gc,metaspace] GC(11) O: Metaspace: 0M used, 0M committed, 1088M reserved
[0.328s][info][gc,ref      ] GC(11) O:                       Encountered   Discovered     Enqueued 
[0.328s][info][gc,ref      ] GC(11) O: Soft References:               54            0            0 
[0.328s][info][gc,ref      ] GC(11) O: Weak References:               76           47            0 
[0.328s][info][gc,ref      ] GC(11) O: Final References:               0            0            0 
[0.328s][info][gc,ref      ] GC(11) O: Phantom References:             1            1            0 
[0.328s][info][gc,reloc    ] GC(11) O:                        Candidates     Selected     In-Place         Size        Empty    Relocated 
[0.328s][info][gc,reloc    ] GC(11) O: Small Pages:                    2            1            1           4M           0M           1M 
[0.328s][info][gc,reloc    ] GC(11) O: Medium Pages:                   0            0            0           0M           0M           0M 
[0.328s][info][gc,reloc    ] GC(11) O: Large Pages:                  105            0            0         210M           0M           0M 
[0.328s][info][gc,reloc    ] GC(11) O: Forwarding Usage: 0M
[0.328s][info][gc,heap     ] GC(11) O: Min Capacity: 8M(3%)
[0.328s][info][gc,heap     ] GC(11) O: Max Capacity: 256M(100%)
[0.328s][info][gc,heap     ] GC(11) O: Soft Max Capacity: 256M(100%)
[0.328s][info][gc,heap     ] GC(11) O: Heap Statistics:
[0.328s][info][gc,heap     ] GC(11) O:                Mark Start          Mark End        Relocate Start      Relocate End           High               Low         
[0.328s][info][gc,heap     ] GC(11) O:  Capacity:      246M (96%)         246M (96%)         256M (100%)        256M (100%)        256M (100%)        246M (96%)    
[0.328s][info][gc,heap     ] GC(11) O:      Free:       24M (9%)           12M (5%)            0M (0%)            2M (1%)           24M (9%)            0M (0%)     
[0.328s][info][gc,heap     ] GC(11) O:      Used:      232M (91%)         244M (95%)         256M (100%)        254M (99%)         256M (100%)        232M (91%)    
[0.328s][info][gc,heap     ] GC(11) O: Old Generation Statistics:
[0.328s][info][gc,heap     ] GC(11) O:                Mark Start          Mark End        Relocate Start      Relocate End    
[0.328s][info][gc,heap     ] GC(11) O:      Used:      214M (84%)         232M (91%)         244M (95%)         242M (95%)    
[0.328s][info][gc,heap     ] GC(11) O:      Live:         -               211M (83%)         211M (83%)         211M (83%)    
[0.328s][info][gc,heap     ] GC(11) O:   Garbage:         -                 2M (1%)            2M (1%)            0M (0%)     
[0.328s][info][gc,heap     ] GC(11) O: Allocated:         -                18M (7%)           30M (12%)          30M (12%)    
[0.328s][info][gc,heap     ] GC(11) O: Reclaimed:         -                  -                 0M (0%)            2M (1%)     
[0.328s][info][gc,heap     ] GC(11) O: Compacted:         -                  -                  -                 1M (1%)     
[0.328s][info][gc,phases   ] GC(11) O: Old Generation 236M(92%)->254M(99%) 0.010s
[0.328s][info][gc          ] GC(11) Major Collection (Allocation Rate) 232M(91%)->254M(99%) 0.012s
[0.329s][info][gc          ] GC(15) Major Collection (Allocation Rate)
[0.329s][info][gc,task     ] GC(15) Using 2 Workers for Young Generation
[0.329s][info][gc,task     ] GC(15) Using 1 Workers for Old Generation
[0.329s][info][gc,phases   ] GC(15) Y: Young Generation
[0.329s][info][gc,phases   ] GC(15) Y: Pause Mark Start (Major) 0.009ms
[0.330s][info][gc,phases   ] GC(15) Y: Concurrent Mark 0.754ms
[0.330s][info][gc,phases   ] GC(15) Y: Pause Mark End 0.006ms
[0.330s][info][gc,phases   ] GC(15) Y: Concurrent Mark Free 0.001ms
[0.330s][info][gc,phases   ] GC(15) Y: Concurrent Reset Relocation Set 0.002ms
[0.330s][info][gc,reloc    ] GC(15) Y: Using tenuring threshold: 2 (Computed)
[0.330s][info][gc          ] Allocation Stall (main) 0.820ms
[0.330s][info][gc,phases   ] GC(15) Y: Concurrent Select Relocation Set 0.109ms
[0.330s][info][gc,phases   ] GC(15) Y: Pause Relocate Start 0.004ms
[0.330s][info][gc,phases   ] GC(15) Y: Concurrent Relocate 0.045ms
[0.330s][info][gc,alloc    ] GC(15) Y:                         Mark Start        Mark End      Relocate Start    Relocate End   
[0.330s][info][gc,alloc    ] GC(15) Y: Allocation Stalls:          0                1                0                0         
[0.330s][info][gc,load     ] GC(15) Y: Load: 0.00 (0%) / 0.00 (0%) / 0.00 (0%)
[0.330s][info][gc,mmu      ] GC(15) Y: MMU: 2ms/98.7%, 5ms/99.1%, 10ms/99.2%, 20ms/99.3%, 50ms/99.5%, 100ms/99.6%
[0.330s][info][gc,marking  ] GC(15) Y: Mark: 2 stripe(s), 2 proactive flush(es), 1 terminate flush(es), 0 completion(s), 0 continuation(s) 
[0.330s][info][gc,nmethod  ] GC(15) Y: NMethods: 286 registered, 11 unregistered
[0.330s][info][gc,metaspace] GC(15) Y: Metaspace: 0M used, 0M committed, 1088M reserved
[0.330s][info][gc,reloc    ] GC(15) Y:                        Candidates     Selected     In-Place         Size        Empty    Relocated 
[0.330s][info][gc,reloc    ] GC(15) Y: Small Pages:                    2            0            0           4M           2M           0M 
[0.330s][info][gc,reloc    ] GC(15) Y: Medium Pages:                   0            0            0           0M           0M           0M 
[0.330s][info][gc,reloc    ] GC(15) Y: Large Pages:                    5            0            0          10M           0M           0M 
[0.330s][info][gc,reloc    ] GC(15) Y: Forwarding Usage: 0M
[0.330s][info][gc,reloc    ] GC(15) Y: Age Table:
[0.330s][info][gc,reloc    ] GC(15) Y:                    Live             Garbage             Small              Medium             Large        
[0.330s][info][gc,reloc    ] GC(15) Y: Eden               8M (3%)            1M (1%)           1 / 0              0 / 0              4 / 0        
[0.330s][info][gc,reloc    ] GC(15) Y: Survivor 1         2M (1%)            2M (1%)           1 / 0              0 / 0              1 / 0        
[0.330s][info][gc,heap     ] GC(15) Y: Min Capacity: 8M(3%)
[0.330s][info][gc,heap     ] GC(15) Y: Max Capacity: 256M(100%)
[0.330s][info][gc,heap     ] GC(15) Y: Soft Max Capacity: 256M(100%)
[0.330s][info][gc,heap     ] GC(15) Y: Heap Statistics:
[0.330s][info][gc,heap     ] GC(15) Y:                Mark Start          Mark End        Relocate Start      Relocate End           High               Low         
[0.330s][info][gc,heap     ] GC(15) Y:  Capacity:      256M (100%)        256M (100%)        256M (100%)        256M (100%)        256M (100%)        256M (100%)   
[0.330s][info][gc,heap     ] GC(15) Y:      Free:        0M (0%)            0M (0%)            0M (0%)            0M (0%)            2M (1%)            0M (0%)     
[0.330s][info][gc,heap     ] GC(15) Y:      Used:      256M (100%)        256M (100%)        256M (100%)        256M (100%)        256M (100%)        254M (99%)    
[0.330s][info][gc,heap     ] GC(15) Y: Young Generation Statistics:
[0.330s][info][gc,heap     ] GC(15) Y:                Mark Start          Mark End        Relocate Start      Relocate End    
[0.330s][info][gc,heap     ] GC(15) Y:      Used:       14M (5%)           14M (5%)           14M (5%)           14M (5%)     
[0.330s][info][gc,heap     ] GC(15) Y:      Live:         -                10M (4%)           10M (4%)           10M (4%)     
[0.330s][info][gc,heap     ] GC(15) Y:   Garbage:         -                 3M (2%)            1M (1%)            1M (1%)     
[0.330s][info][gc,heap     ] GC(15) Y: Allocated:         -                 0M (0%)            2M (1%)            2M (1%)     
[0.330s][info][gc,heap     ] GC(15) Y: Reclaimed:         -                  -                 2M (1%)            2M (1%)     
[0.330s][info][gc,heap     ] GC(15) Y:  Promoted:         -                  -                 0M (0%)            0M (0%)     
[0.330s][info][gc,heap     ] GC(15) Y: Compacted:         -                  -                  -                 0M (0%)     
[0.330s][info][gc,phases   ] GC(15) Y: Young Generation 256M(100%)->256M(100%) 0.001s
[0.330s][info][gc,phases   ] GC(15) O: Old Generation
[0.330s][info][gc          ] GC(16) Minor Collection (Allocation Stall)
[0.331s][info][gc,task     ] GC(16) Using 2 Workers for Young Generation
[0.331s][info][gc,phases   ] GC(16) y: Young Generation
[0.331s][info][gc,phases   ] GC(16) y: Pause Mark Start 0.005ms
[0.331s][info][gc,phases   ] GC(16) y: Concurrent Mark 0.651ms
[0.331s][info][gc,phases   ] GC(16) y: Pause Mark End 0.005ms
[0.331s][info][gc,phases   ] GC(16) y: Concurrent Mark Free 0.001ms
[0.331s][info][gc,phases   ] GC(16) y: Concurrent Reset Relocation Set 0.000ms
[0.331s][info][gc,reloc    ] GC(16) y: Using tenuring threshold: 3 (Computed)
[0.331s][info][gc          ] Allocation Stall (main) 0.960ms
[0.332s][info][gc,phases   ] GC(16) y: Concurrent Select Relocation Set 0.152ms
[0.332s][info][gc,phases   ] GC(16) y: Pause Relocate Start 0.005ms
[0.332s][info][gc,phases   ] GC(16) y: Concurrent Relocate 0.055ms
[0.332s][info][gc,alloc    ] GC(16) y:                         Mark Start        Mark End      Relocate Start    Relocate End   
[0.332s][info][gc,alloc    ] GC(16) y: Allocation Stalls:          1                1                0                0         
[0.332s][info][gc,load     ] GC(16) y: Load: 0.00 (0%) / 0.00 (0%) / 0.00 (0%)
[0.332s][info][gc,mmu      ] GC(16) y: MMU: 2ms/98.7%, 5ms/99.1%, 10ms/99.2%, 20ms/99.3%, 50ms/99.5%, 100ms/99.6%
[0.332s][info][gc,marking  ] GC(16) y: Mark: 2 stripe(s), 1 proactive flush(es), 1 terminate flush(es), 0 completion(s), 0 continuation(s) 
[0.332s][info][gc,nmethod  ] GC(16) y: NMethods: 286 registered, 11 unregistered
[0.332s][info][gc,metaspace] GC(16) y: Metaspace: 0M used, 0M committed, 1088M reserved
[0.332s][info][gc,reloc    ] GC(16) y:                        Candidates     Selected     In-Place         Size        Empty    Relocated 
[0.332s][info][gc,reloc    ] GC(16) y: Small Pages:                    2            0            0           4M           4M           0M 
[0.332s][info][gc,reloc    ] GC(16) y: Medium Pages:                   0            0            0           0M           0M           0M 
[0.332s][info][gc,reloc    ] GC(16) y: Large Pages:                    5            0            0          10M           0M           0M 
[0.332s][info][gc,reloc    ] GC(16) y: Forwarding Usage: 0M
[0.332s][info][gc,reloc    ] GC(16) y: Age Table:
[0.332s][info][gc,reloc    ] GC(16) y:                    Live             Garbage             Small              Medium             Large        
[0.332s][info][gc,reloc    ] GC(16) y: Eden                -                 2M (1%)           1 / 0              0 / 0              0 / 0        
[0.332s][info][gc,reloc    ] GC(16) y: Survivor 1         8M (3%)            2M (1%)           1 / 0              0 / 0              4 / 0        
[0.332s][info][gc,reloc    ] GC(16) y: Survivor 2         2M (1%)            0M (0%)           0 / 0              0 / 0              1 / 0        
[0.332s][info][gc,heap     ] GC(16) y: Min Capacity: 8M(3%)
[0.332s][info][gc,heap     ] GC(16) y: Max Capacity: 256M(100%)
[0.332s][info][gc,heap     ] GC(16) y: Soft Max Capacity: 256M(100%)
[0.332s][info][gc,heap     ] GC(16) y: Heap Statistics:
[0.332s][info][gc,heap     ] GC(16) y:                Mark Start          Mark End        Relocate Start      Relocate End           High               Low         
[0.332s][info][gc,heap     ] GC(16) y:  Capacity:      256M (100%)        256M (100%)        256M (100%)        256M (100%)        256M (100%)        256M (100%)   
[0.332s][info][gc,heap     ] GC(16) y:      Free:        0M (0%)            0M (0%)            2M (1%)            2M (1%)            4M (2%)            0M (0%)     
[0.332s][info][gc,heap     ] GC(16) y:      Used:      256M (100%)        256M (100%)        254M (99%)         254M (99%)         256M (100%)        252M (98%)    
[0.332s][info][gc,heap     ] GC(16) y: Young Generation Statistics:
[0.332s][info][gc,heap     ] GC(16) y:                Mark Start          Mark End        Relocate Start      Relocate End    
[0.332s][info][gc,heap     ] GC(16) y:      Used:       14M (5%)           14M (5%)           12M (5%)           12M (5%)     
[0.332s][info][gc,heap     ] GC(16) y:      Live:         -                10M (4%)           10M (4%)           10M (4%)     
[0.332s][info][gc,heap     ] GC(16) y:   Garbage:         -                 4M (2%)            0M (0%)            0M (0%)     
[0.332s][info][gc,heap     ] GC(16) y: Allocated:         -                 0M (0%)            2M (1%)            2M (1%)     
[0.332s][info][gc,heap     ] GC(16) y: Reclaimed:         -                  -                 4M (2%)            4M (2%)     
[0.332s][info][gc,heap     ] GC(16) y:  Promoted:         -                  -                 0M (0%)            0M (0%)     
[0.332s][info][gc,heap     ] GC(16) y: Compacted:         -                  -                  -                 0M (0%)     
[0.332s][info][gc,phases   ] GC(16) y: Young Generation 256M(100%)->254M(99%) 0.001s
[0.332s][info][gc          ] GC(16) Minor Collection (Allocation Stall) 256M(100%)->256M(100%) 0.002s
[0.332s][info][gc          ] GC(17) Minor Collection (Allocation Rate)
[0.332s][info][gc,task     ] GC(17) Using 1 Workers for Young Generation
[0.332s][info][gc,phases   ] GC(17) y: Young Generation
[0.332s][info][gc,phases   ] GC(17) y: Pause Mark Start 0.005ms
[0.333s][info][gc,phases   ] GC(17) y: Concurrent Mark 0.849ms
[0.333s][info][gc,phases   ] GC(17) y: Pause Mark End 0.005ms
[0.333s][info][gc,phases   ] GC(17) y: Concurrent Mark Free 0.001ms
[0.333s][info][gc,phases   ] GC(17) y: Concurrent Reset Relocation Set 0.000ms
[0.333s][info][gc,reloc    ] GC(17) y: Using tenuring threshold: 4 (Computed)
[0.333s][info][gc,phases   ] GC(17) y: Concurrent Select Relocation Set 0.070ms
[0.333s][info][gc,phases   ] GC(17) y: Pause Relocate Start 0.003ms
[0.333s][info][gc,phases   ] GC(17) y: Concurrent Relocate 0.043ms
[0.334s][info][gc,alloc    ] GC(17) y:                         Mark Start        Mark End      Relocate Start    Relocate End   
[0.334s][info][gc,alloc    ] GC(17) y: Allocation Stalls:          0                1                1                1         
[0.334s][info][gc,load     ] GC(17) y: Load: 0.00 (0%) / 0.00 (0%) / 0.00 (0%)
[0.334s][info][gc,mmu      ] GC(17) y: MMU: 2ms/98.7%, 5ms/99.0%, 10ms/99.2%, 20ms/99.3%, 50ms/99.5%, 100ms/99.6%
[0.334s][info][gc,marking  ] GC(17) y: Mark: 1 stripe(s), 2 proactive flush(es), 1 terminate flush(es), 0 completion(s), 0 continuation(s) 
[0.334s][info][gc,nmethod  ] GC(17) y: NMethods: 286 registered, 11 unregistered
[0.334s][info][gc,metaspace] GC(17) y: Metaspace: 0M used, 0M committed, 1088M reserved
[0.334s][info][gc,reloc    ] GC(17) y:                        Candidates     Selected     In-Place         Size        Empty    Relocated 
[0.334s][info][gc,reloc    ] GC(17) y: Small Pages:                    1            0            0           2M           0M           0M 
[0.334s][info][gc,reloc    ] GC(17) y: Medium Pages:                   0            0            0           0M           0M           0M 
[0.334s][info][gc,reloc    ] GC(17) y: Large Pages:                    6            0            0          12M           0M           0M 
[0.334s][info][gc,reloc    ] GC(17) y: Forwarding Usage: 0M
[0.334s][info][gc,reloc    ] GC(17) y: Age Table:
[0.334s][info][gc,reloc    ] GC(17) y:                    Live             Garbage             Small              Medium             Large        
[0.334s][info][gc,reloc    ] GC(17) y: Eden               2M (1%)            1M (1%)           1 / 0              0 / 0              1 / 0        
[0.334s][info][gc,reloc    ] GC(17) y: Survivor 1          -                 0M (0%)           0 / 0              0 / 0              0 / 0        
[0.334s][info][gc,reloc    ] GC(17) y: Survivor 2         8M (3%)            0M (0%)           0 / 0              0 / 0              4 / 0        
[0.334s][info][gc,reloc    ] GC(17) y: Survivor 3         2M (1%)            0M (0%)           0 / 0              0 / 0              1 / 0        
[0.334s][info][gc,heap     ] GC(17) y: Min Capacity: 8M(3%)
[0.334s][info][gc,heap     ] GC(17) y: Max Capacity: 256M(100%)
[0.334s][info][gc,heap     ] GC(17) y: Soft Max Capacity: 256M(100%)
[0.334s][info][gc,heap     ] GC(17) y: Heap Statistics:
[0.334s][info][gc,heap     ] GC(17) y:                Mark Start          Mark End        Relocate Start      Relocate End           High               Low         
[0.334s][info][gc,heap     ] GC(17) y:  Capacity:      256M (100%)        256M (100%)        256M (100%)        256M (100%)        256M (100%)        256M (100%)   
[0.334s][info][gc,heap     ] GC(17) y:      Free:        0M (0%)            0M (0%)            0M (0%)            0M (0%)            0M (0%)            0M (0%)     
[0.334s][info][gc,heap     ] GC(17) y:      Used:      256M (100%)        256M (100%)        256M (100%)        256M (100%)        256M (100%)        256M (100%)   
[0.334s][info][gc,heap     ] GC(17) y: Young Generation Statistics:
[0.334s][info][gc,heap     ] GC(17) y:                Mark Start          Mark End        Relocate Start      Relocate End    
[0.334s][info][gc,heap     ] GC(17) y:      Used:       14M (5%)           14M (5%)           14M (5%)           14M (5%)     
[0.334s][info][gc,heap     ] GC(17) y:      Live:         -                12M (5%)           12M (5%)           12M (5%)     
[0.334s][info][gc,heap     ] GC(17) y:   Garbage:         -                 1M (1%)            1M (1%)            1M (1%)     
[0.334s][info][gc,heap     ] GC(17) y: Allocated:         -                 0M (0%)            0M (0%)            0M (0%)     
[0.334s][info][gc,heap     ] GC(17) y: Reclaimed:         -                  -                 0M (0%)            0M (0%)     
[0.334s][info][gc,heap     ] GC(17) y:  Promoted:         -                  -                 0M (0%)            0M (0%)     
[0.334s][info][gc,heap     ] GC(17) y: Compacted:         -                  -                  -                 0M (0%)     
[0.334s][info][gc,phases   ] GC(17) y: Young Generation 256M(100%)->256M(100%) 0.001s
[0.334s][info][gc          ] GC(17) Minor Collection (Allocation Rate) 256M(100%)->256M(100%) 0.002s
[0.334s][info][gc          ] GC(18) Minor Collection (Allocation Stall)
[0.334s][info][gc,task     ] GC(18) Using 2 Workers for Young Generation
[0.334s][info][gc,phases   ] GC(18) y: Young Generation
[0.334s][info][gc,phases   ] GC(18) y: Pause Mark Start 0.006ms
[0.334s][info][gc,phases   ] GC(15) O: Concurrent Mark 3.931ms
[0.334s][info][gc,phases   ] GC(15) O: Pause Mark End 0.009ms
[0.335s][info][gc,phases   ] GC(15) O: Concurrent Mark Free 0.001ms
[0.335s][info][gc,phases   ] GC(18) y: Concurrent Mark 0.628ms
[0.335s][info][gc,phases   ] GC(18) y: Pause Mark End 0.005ms
[0.335s][info][gc,phases   ] GC(18) y: Concurrent Mark Free 0.001ms
[0.335s][info][gc,phases   ] GC(18) y: Concurrent Reset Relocation Set 0.000ms
[0.335s][info][gc,phases   ] GC(15) O: Concurrent Process Non-Strong 0.411ms
[0.335s][info][gc,reloc    ] GC(18) y: Using tenuring threshold: 5 (Computed)
[0.335s][info][gc,phases   ] GC(15) O: Concurrent Reset Relocation Set 0.001ms
[0.335s][info][gc,phases   ] GC(18) y: Concurrent Select Relocation Set 0.093ms
[0.335s][info][gc,phases   ] GC(15) O: Concurrent Select Relocation Set 0.048ms
[0.335s][info][gc,phases   ] GC(18) y: Pause Relocate Start 0.004ms
[0.335s][info][gc,phases   ] GC(18) y: Concurrent Relocate 0.043ms
[0.335s][info][gc,alloc    ] GC(18) y:                         Mark Start        Mark End      Relocate Start    Relocate End   
[0.335s][info][gc,alloc    ] GC(18) y: Allocation Stalls:          1                1                1                1         
[0.335s][info][gc,load     ] GC(18) y: Load: 0.00 (0%) / 0.00 (0%) / 0.00 (0%)
[0.335s][info][gc,mmu      ] GC(18) y: MMU: 2ms/98.4%, 5ms/98.9%, 10ms/99.2%, 20ms/99.3%, 50ms/99.5%, 100ms/99.6%
[0.335s][info][gc,marking  ] GC(18) y: Mark: 2 stripe(s), 1 proactive flush(es), 1 terminate flush(es), 0 completion(s), 0 continuation(s) 
[0.335s][info][gc,nmethod  ] GC(18) y: NMethods: 286 registered, 11 unregistered
[0.335s][info][gc,metaspace] GC(18) y: Metaspace: 0M used, 0M committed, 1088M reserved
[0.335s][info][gc,reloc    ] GC(18) y:                        Candidates     Selected     In-Place         Size        Empty    Relocated 
[0.335s][info][gc,reloc    ] GC(18) y: Small Pages:                    1            0            0           2M           0M           0M 
[0.335s][info][gc,reloc    ] GC(18) y: Medium Pages:                   0            0            0           0M           0M           0M 
[0.335s][info][gc,reloc    ] GC(18) y: Large Pages:                    6            0            0          12M           0M           0M 
[0.335s][info][gc,reloc    ] GC(18) y: Forwarding Usage: 0M
[0.335s][info][gc,reloc    ] GC(18) y: Age Table:
[0.335s][info][gc,reloc    ] GC(18) y:                    Live             Garbage             Small              Medium             Large        
[0.335s][info][gc,reloc    ] GC(18) y: Eden                -                 0M (0%)           0 / 0              0 / 0              0 / 0        
[0.335s][info][gc,reloc    ] GC(18) y: Survivor 1         2M (1%)            1M (1%)           1 / 0              0 / 0              1 / 0        
[0.335s][info][gc,reloc    ] GC(18) y: Survivor 2          -                 0M (0%)           0 / 0              0 / 0              0 / 0        
[0.335s][info][gc,reloc    ] GC(18) y: Survivor 3         8M (3%)            0M (0%)           0 / 0              0 / 0              4 / 0        
[0.335s][info][gc,reloc    ] GC(18) y: Survivor 4         2M (1%)            0M (0%)           0 / 0              0 / 0              1 / 0        
[0.335s][info][gc,heap     ] GC(18) y: Min Capacity: 8M(3%)
[0.335s][info][gc,heap     ] GC(18) y: Max Capacity: 256M(100%)
[0.335s][info][gc,heap     ] GC(18) y: Soft Max Capacity: 256M(100%)
[0.335s][info][gc,heap     ] GC(18) y: Heap Statistics:
[0.335s][info][gc,heap     ] GC(18) y:                Mark Start          Mark End        Relocate Start      Relocate End           High               Low         
[0.335s][info][gc,heap     ] GC(18) y:  Capacity:      256M (100%)        256M (100%)        256M (100%)        256M (100%)        256M (100%)        256M (100%)   
[0.335s][info][gc,heap     ] GC(18) y:      Free:        0M (0%)            0M (0%)            0M (0%)            0M (0%)            0M (0%)            0M (0%)     
[0.335s][info][gc,heap     ] GC(18) y:      Used:      256M (100%)        256M (100%)        256M (100%)        256M (100%)        256M (100%)        256M (100%)   
[0.335s][info][gc,heap     ] GC(18) y: Young Generation Statistics:
[0.335s][info][gc,heap     ] GC(18) y:                Mark Start          Mark End        Relocate Start      Relocate End    
[0.335s][info][gc,heap     ] GC(18) y:      Used:       14M (5%)           14M (5%)           14M (5%)           14M (5%)     
[0.335s][info][gc,heap     ] GC(18) y:      Live:         -                12M (5%)           12M (5%)           12M (5%)     
[0.335s][info][gc,heap     ] GC(18) y:   Garbage:         -                 1M (1%)            1M (1%)            1M (1%)     
[0.335s][info][gc,heap     ] GC(18) y: Allocated:         -                 0M (0%)            0M (0%)            0M (0%)     
[0.335s][info][gc,heap     ] GC(18) y: Reclaimed:         -                  -                 0M (0%)            0M (0%)     
[0.335s][info][gc,heap     ] GC(18) y:  Promoted:         -                  -                 0M (0%)            0M (0%)     
[0.335s][info][gc,heap     ] GC(18) y: Compacted:         -                  -                  -                 0M (0%)     
[0.335s][info][gc,phases   ] GC(18) y: Young Generation 256M(100%)->256M(100%) 0.001s
[0.336s][info][gc          ] GC(18) Minor Collection (Allocation Stall) 256M(100%)->256M(100%) 0.002s
[0.336s][info][gc,task     ] GC(15) O: Using 2 Workers for Old Generation
[0.336s][info][gc,task     ] Adjusting Workers for Old Generation: 1 -> 2
[0.336s][info][gc,task     ] GC(15) O: Using 1 Workers for Old Generation
[0.336s][info][gc,phases   ] GC(15) O: Concurrent Remap Roots 0.446ms
[0.336s][info][gc,phases   ] GC(15) O: Pause Relocate Start 0.004ms
[0.336s][info][gc          ] GC(19) Minor Collection (High Usage)
[0.336s][info][gc,task     ] GC(19) Using 2 Workers for Young Generation
[0.336s][info][gc,phases   ] GC(19) y: Young Generation
[0.337s][info][gc,phases   ] GC(19) y: Pause Mark Start 0.006ms
[0.337s][info][gc,phases   ] GC(15) O: Concurrent Relocate 1.371ms
[0.338s][info][gc,phases   ] GC(19) y: Concurrent Mark 0.591ms
[0.338s][info][gc,phases   ] GC(19) y: Pause Mark End 0.004ms
[0.338s][info][gc,phases   ] GC(19) y: Concurrent Mark Free 0.001ms
[0.338s][info][gc,phases   ] GC(19) y: Concurrent Reset Relocation Set 0.000ms
[0.338s][info][gc,reloc    ] GC(19) y: Using tenuring threshold: 6 (Computed)
[0.338s][info][gc,phases   ] GC(19) y: Concurrent Select Relocation Set 0.083ms
[0.338s][info][gc,phases   ] GC(19) y: Pause Relocate Start 0.003ms
[0.338s][info][gc,phases   ] GC(19) y: Concurrent Relocate 0.044ms
[0.338s][info][gc,alloc    ] GC(19) y:                         Mark Start        Mark End      Relocate Start    Relocate End   
[0.338s][info][gc,alloc    ] GC(19) y: Allocation Stalls:          1                1                1                1         
[0.338s][info][gc,load     ] GC(19) y: Load: 0.00 (0%) / 0.00 (0%) / 0.00 (0%)
[0.338s][info][gc,mmu      ] GC(19) y: MMU: 2ms/98.4%, 5ms/98.9%, 10ms/99.1%, 20ms/99.3%, 50ms/99.4%, 100ms/99.6%
[0.338s][info][gc,marking  ] GC(19) y: Mark: 2 stripe(s), 1 proactive flush(es), 1 terminate flush(es), 0 completion(s), 0 continuation(s) 
[0.338s][info][gc,nmethod  ] GC(19) y: NMethods: 286 registered, 11 unregistered
[0.338s][info][gc,metaspace] GC(19) y: Metaspace: 0M used, 0M committed, 1088M reserved
[0.338s][info][gc,reloc    ] GC(19) y:                        Candidates     Selected     In-Place         Size        Empty    Relocated 
[0.338s][info][gc,reloc    ] GC(19) y: Small Pages:                    1            0            0           2M           0M           0M 
[0.338s][info][gc,reloc    ] GC(19) y: Medium Pages:                   0            0            0           0M           0M           0M 
[0.338s][info][gc,reloc    ] GC(19) y: Large Pages:                    6            0            0          12M           0M           0M 
[0.338s][info][gc,reloc    ] GC(19) y: Forwarding Usage: 0M
[0.338s][info][gc,reloc    ] GC(19) y: Age Table:
[0.338s][info][gc,reloc    ] GC(19) y:                    Live             Garbage             Small              Medium             Large        
[0.338s][info][gc,reloc    ] GC(19) y: Eden                -                 0M (0%)           0 / 0              0 / 0              0 / 0        
[0.338s][info][gc,reloc    ] GC(19) y: Survivor 1          -                 0M (0%)           0 / 0              0 / 0              0 / 0        
[0.338s][info][gc,reloc    ] GC(19) y: Survivor 2         2M (1%)            1M (1%)           1 / 0              0 / 0              1 / 0        
[0.339s][info][gc,reloc    ] GC(19) y: Survivor 3          -                 0M (0%)           0 / 0              0 / 0              0 / 0        
[0.339s][info][gc,reloc    ] GC(19) y: Survivor 4         8M (3%)            0M (0%)           0 / 0              0 / 0              4 / 0        
[0.339s][info][gc,reloc    ] GC(19) y: Survivor 5         2M (1%)            0M (0%)           0 / 0              0 / 0              1 / 0        
[0.339s][info][gc,heap     ] GC(19) y: Min Capacity: 8M(3%)
[0.339s][info][gc,heap     ] GC(19) y: Max Capacity: 256M(100%)
[0.339s][info][gc,heap     ] GC(19) y: Soft Max Capacity: 256M(100%)
[0.339s][info][gc,heap     ] GC(19) y: Heap Statistics:
[0.339s][info][gc,heap     ] GC(19) y:                Mark Start          Mark End        Relocate Start      Relocate End           High               Low         
[0.339s][info][gc,heap     ] GC(19) y:  Capacity:      256M (100%)        256M (100%)        256M (100%)        256M (100%)        256M (100%)        256M (100%)   
[0.339s][info][gc,heap     ] GC(19) y:      Free:        0M (0%)            0M (0%)            0M (0%)            0M (0%)            0M (0%)            0M (0%)     
[0.339s][info][gc,heap     ] GC(19) y:      Used:      256M (100%)        256M (100%)        256M (100%)        256M (100%)        256M (100%)        256M (100%)   
[0.339s][info][gc,heap     ] GC(19) y: Young Generation Statistics:
[0.339s][info][gc,heap     ] GC(19) y:                Mark Start          Mark End        Relocate Start      Relocate End    
[0.339s][info][gc,heap     ] GC(19) y:      Used:       14M (5%)           14M (5%)           14M (5%)           14M (5%)     
[0.339s][info][gc,heap     ] GC(19) y:      Live:         -                12M (5%)           12M (5%)           12M (5%)     
[0.339s][info][gc,heap     ] GC(19) y:   Garbage:         -                 1M (1%)            1M (1%)            1M (1%)     
[0.339s][info][gc,heap     ] GC(19) y: Allocated:         -                 0M (0%)            0M (0%)            0M (0%)     
[0.339s][info][gc,heap     ] GC(19) y: Reclaimed:         -                  -                 0M (0%)            0M (0%)     
[0.339s][info][gc,heap     ] GC(19) y:  Promoted:         -                  -                 0M (0%)            0M (0%)     
[0.339s][info][gc,heap     ] GC(19) y: Compacted:         -                  -                  -                 0M (0%)     
[0.339s][info][gc,phases   ] GC(19) y: Young Generation 256M(100%)->256M(100%) 0.002s
[0.339s][info][gc          ] GC(19) Minor Collection (High Usage) 256M(100%)->256M(100%) 0.003s
[0.339s][info][gc,alloc    ] GC(15) O:                         Mark Start        Mark End      Relocate Start    Relocate End   
[0.339s][info][gc,alloc    ] GC(15) O: Allocation Stalls:          0                1                1                1         
[0.339s][info][gc,load     ] GC(15) O: Load: 0.00 (0%) / 0.00 (0%) / 0.00 (0%)
[0.339s][info][gc,mmu      ] GC(15) O: MMU: 2ms/98.4%, 5ms/98.9%, 10ms/99.1%, 20ms/99.3%, 50ms/99.4%, 100ms/99.6%
[0.339s][info][gc,marking  ] GC(15) O: Mark: 1 stripe(s), 2 proactive flush(es), 1 terminate flush(es), 0 completion(s), 0 continuation(s) 
[0.339s][info][gc,nmethod  ] GC(15) O: NMethods: 286 registered, 11 unregistered
[0.339s][info][gc,metaspace] GC(15) O: Metaspace: 0M used, 0M committed, 1088M reserved
[0.339s][info][gc,ref      ] GC(15) O:                       Encountered   Discovered     Enqueued 
[0.339s][info][gc,ref      ] GC(15) O: Soft References:               54            0            0 
[0.339s][info][gc,ref      ] GC(15) O: Weak References:               76           47            0 
[0.339s][info][gc,ref      ] GC(15) O: Final References:               0            0            0 
[0.339s][info][gc,ref      ] GC(15) O: Phantom References:             1            1            0 
[0.339s][info][gc,reloc    ] GC(15) O:                        Candidates     Selected     In-Place         Size        Empty    Relocated 
[0.339s][info][gc,reloc    ] GC(15) O: Small Pages:                    2            1            2           4M           0M           1M 
[0.339s][info][gc,reloc    ] GC(15) O: Medium Pages:                   0            0            0           0M           0M           0M 
[0.339s][info][gc,reloc    ] GC(15) O: Large Pages:                  119            0            0         238M           0M           0M 
[0.339s][info][gc,reloc    ] GC(15) O: Forwarding Usage: 0M
[0.339s][info][gc,heap     ] GC(15) O: Min Capacity: 8M(3%)
[0.339s][info][gc,heap     ] GC(15) O: Max Capacity: 256M(100%)
[0.339s][info][gc,heap     ] GC(15) O: Soft Max Capacity: 256M(100%)
[0.339s][info][gc,heap     ] GC(15) O: Heap Statistics:
[0.339s][info][gc,heap     ] GC(15) O:                Mark Start          Mark End        Relocate Start      Relocate End           High               Low         
[0.339s][info][gc,heap     ] GC(15) O:  Capacity:      256M (100%)        256M (100%)        256M (100%)        256M (100%)        256M (100%)        256M (100%)   
[0.339s][info][gc,heap     ] GC(15) O:      Free:        0M (0%)            0M (0%)            0M (0%)            0M (0%)            4M (2%)            0M (0%)     
[0.339s][info][gc,heap     ] GC(15) O:      Used:      256M (100%)        256M (100%)        256M (100%)        256M (100%)        256M (100%)        252M (98%)    
[0.339s][info][gc,heap     ] GC(15) O: Old Generation Statistics:
[0.339s][info][gc,heap     ] GC(15) O:                Mark Start          Mark End        Relocate Start      Relocate End    
[0.339s][info][gc,heap     ] GC(15) O:      Used:      242M (95%)         242M (95%)         242M (95%)         242M (95%)    
[0.339s][info][gc,heap     ] GC(15) O:      Live:         -               239M (93%)         239M (93%)         239M (93%)    
[0.339s][info][gc,heap     ] GC(15) O:   Garbage:         -                 2M (1%)            2M (1%)            0M (0%)     
[0.339s][info][gc,heap     ] GC(15) O: Allocated:         -                 0M (0%)            0M (0%)            2M (1%)     
[0.339s][info][gc,heap     ] GC(15) O: Reclaimed:         -                  -                 0M (0%)            2M (1%)     
[0.339s][info][gc,heap     ] GC(15) O: Compacted:         -                  -                  -                 1M (1%)     
[0.339s][info][gc,phases   ] GC(15) O: Old Generation 256M(100%)->256M(100%) 0.008s
[0.339s][info][gc          ] GC(15) Major Collection (Allocation Rate) 256M(100%)->256M(100%) 0.010s
[0.339s][info][gc          ] GC(20) Major Collection (Allocation Stall)
[0.339s][info][gc,task     ] GC(20) Using 2 Workers for Young Generation
[0.339s][info][gc,task     ] GC(20) Using 2 Workers for Old Generation
[0.339s][info][gc,phases   ] GC(20) Y: Young Generation (Promote All)
[0.339s][info][gc,phases   ] GC(20) Y: Pause Mark Start 0.004ms
[0.340s][info][gc,phases   ] GC(20) Y: Concurrent Mark 0.524ms
[0.340s][info][gc,phases   ] GC(20) Y: Pause Mark End 0.004ms
[0.340s][info][gc,phases   ] GC(20) Y: Concurrent Mark Free 0.001ms
[0.340s][info][gc,phases   ] GC(20) Y: Concurrent Reset Relocation Set 0.000ms
[0.340s][info][gc,reloc    ] GC(20) Y: Using tenuring threshold: 0 (Promote All)
[0.340s][info][gc,phases   ] GC(20) Y: Concurrent Select Relocation Set 0.233ms
[0.340s][info][gc,phases   ] GC(20) Y: Pause Relocate Start 0.004ms
[0.340s][info][gc,phases   ] GC(20) Y: Concurrent Relocate 0.055ms
[0.340s][info][gc,alloc    ] GC(20) Y:                         Mark Start        Mark End      Relocate Start    Relocate End   
[0.340s][info][gc,alloc    ] GC(20) Y: Allocation Stalls:          1                1                1                1         
[0.340s][info][gc,load     ] GC(20) Y: Load: 0.00 (0%) / 0.00 (0%) / 0.00 (0%)
[0.340s][info][gc,mmu      ] GC(20) Y: MMU: 2ms/98.4%, 5ms/98.9%, 10ms/99.1%, 20ms/99.3%, 50ms/99.4%, 100ms/99.6%
[0.340s][info][gc,marking  ] GC(20) Y: Mark: 2 stripe(s), 1 proactive flush(es), 1 terminate flush(es), 0 completion(s), 0 continuation(s) 
[0.340s][info][gc,nmethod  ] GC(20) Y: NMethods: 286 registered, 11 unregistered
[0.340s][info][gc,metaspace] GC(20) Y: Metaspace: 0M used, 0M committed, 1088M reserved
[0.340s][info][gc,reloc    ] GC(20) Y:                        Candidates     Selected     In-Place         Size        Empty    Relocated 
[0.340s][info][gc,reloc    ] GC(20) Y: Small Pages:                    1            0            0           2M           0M           0M 
[0.340s][info][gc,reloc    ] GC(20) Y: Medium Pages:                   0            0            0           0M           0M           0M 
[0.340s][info][gc,reloc    ] GC(20) Y: Large Pages:                    6            0            0          12M           0M           0M 
[0.340s][info][gc,reloc    ] GC(20) Y: Forwarding Usage: 0M
[0.340s][info][gc,reloc    ] GC(20) Y: Age Table:
[0.340s][info][gc,reloc    ] GC(20) Y:                    Live             Garbage             Small              Medium             Large        
[0.340s][info][gc,reloc    ] GC(20) Y: Eden                -                 0M (0%)           0 / 0              0 / 0              0 / 0        
[0.340s][info][gc,reloc    ] GC(20) Y: Survivor 1          -                 0M (0%)           0 / 0              0 / 0              0 / 0        
[0.340s][info][gc,reloc    ] GC(20) Y: Survivor 2          -                 0M (0%)           0 / 0              0 / 0              0 / 0        
[0.340s][info][gc,reloc    ] GC(20) Y: Survivor 3         2M (1%)            1M (1%)           1 / 0              0 / 0              1 / 0        
[0.340s][info][gc,reloc    ] GC(20) Y: Survivor 4          -                 0M (0%)           0 / 0              0 / 0              0 / 0        
[0.340s][info][gc,reloc    ] GC(20) Y: Survivor 5         8M (3%)            0M (0%)           0 / 0              0 / 0              4 / 0        
[0.340s][info][gc,reloc    ] GC(20) Y: Survivor 6         2M (1%)            0M (0%)           0 / 0              0 / 0              1 / 0        
[0.340s][info][gc,heap     ] GC(20) Y: Min Capacity: 8M(3%)
[0.340s][info][gc,heap     ] GC(20) Y: Max Capacity: 256M(100%)
[0.340s][info][gc,heap     ] GC(20) Y: Soft Max Capacity: 256M(100%)
[0.340s][info][gc,heap     ] GC(20) Y: Heap Statistics:
[0.340s][info][gc,heap     ] GC(20) Y:                Mark Start          Mark End        Relocate Start      Relocate End           High               Low         
[0.340s][info][gc,heap     ] GC(20) Y:  Capacity:      256M (100%)        256M (100%)        256M (100%)        256M (100%)        256M (100%)        256M (100%)   
[0.340s][info][gc,heap     ] GC(20) Y:      Free:        0M (0%)            0M (0%)            0M (0%)            0M (0%)            0M (0%)            0M (0%)     
[0.340s][info][gc,heap     ] GC(20) Y:      Used:      256M (100%)        256M (100%)        256M (100%)        256M (100%)        256M (100%)        256M (100%)   
[0.341s][info][gc,heap     ] GC(20) Y: Young Generation Statistics:
[0.341s][info][gc,heap     ] GC(20) Y:                Mark Start          Mark End        Relocate Start      Relocate End    
[0.341s][info][gc,heap     ] GC(20) Y:      Used:       14M (5%)           14M (5%)            0M (0%)            0M (0%)     
[0.341s][info][gc,heap     ] GC(20) Y:      Live:         -                12M (5%)            0M (0%)            0M (0%)     
[0.341s][info][gc,heap     ] GC(20) Y:   Garbage:         -                 1M (1%)            0M (0%)            0M (0%)     
[0.341s][info][gc,heap     ] GC(20) Y: Allocated:         -                 0M (0%)            0M (0%)            0M (0%)     
[0.341s][info][gc,heap     ] GC(20) Y: Reclaimed:         -                  -                 1M (1%)            1M (1%)     
[0.341s][info][gc,heap     ] GC(20) Y:  Promoted:         -                  -                12M (5%)           12M (5%)     
[0.341s][info][gc,heap     ] GC(20) Y: Compacted:         -                  -                  -                 0M (0%)     
[0.341s][info][gc,phases   ] GC(20) Y: Young Generation (Promote All) 256M(100%)->256M(100%) 0.001s
[0.341s][info][gc,phases   ] GC(20) Y: Young Generation (Collect Roots)
[0.341s][info][gc,phases   ] GC(20) Y: Pause Mark Start (Major) 0.006ms
[0.341s][info][gc,phases   ] GC(20) Y: Concurrent Mark 0.475ms
[0.341s][info][gc,phases   ] GC(20) Y: Pause Mark End 0.004ms
[0.341s][info][gc,phases   ] GC(20) Y: Concurrent Mark Free 0.001ms
[0.341s][info][gc,phases   ] GC(20) Y: Concurrent Reset Relocation Set 0.003ms
[0.341s][info][gc,reloc    ] GC(20) Y: Using tenuring threshold: 0 (Computed)
[0.341s][info][gc,phases   ] GC(20) Y: Concurrent Select Relocation Set 0.074ms
[0.341s][info][gc,phases   ] GC(20) Y: Pause Relocate Start 0.003ms
[0.341s][info][gc,phases   ] GC(20) Y: Concurrent Relocate 0.041ms
[0.341s][info][gc,alloc    ] GC(20) Y:                         Mark Start        Mark End      Relocate Start    Relocate End   
[0.341s][info][gc,alloc    ] GC(20) Y: Allocation Stalls:          1                1                1                1         
[0.341s][info][gc,load     ] GC(20) Y: Load: 0.00 (0%) / 0.00 (0%) / 0.00 (0%)
[0.341s][info][gc,mmu      ] GC(20) Y: MMU: 2ms/98.4%, 5ms/98.9%, 10ms/99.1%, 20ms/99.2%, 50ms/99.4%, 100ms/99.6%
[0.341s][info][gc,marking  ] GC(20) Y: Mark: 2 stripe(s), 1 proactive flush(es), 1 terminate flush(es), 0 completion(s), 0 continuation(s) 
[0.341s][info][gc,nmethod  ] GC(20) Y: NMethods: 286 registered, 11 unregistered
[0.341s][info][gc,metaspace] GC(20) Y: Metaspace: 0M used, 0M committed, 1088M reserved
[0.341s][info][gc,heap     ] GC(20) Y: Min Capacity: 8M(3%)
[0.341s][info][gc,heap     ] GC(20) Y: Max Capacity: 256M(100%)
[0.341s][info][gc,heap     ] GC(20) Y: Soft Max Capacity: 256M(100%)
[0.342s][info][gc,heap     ] GC(20) Y: Heap Statistics:
[0.342s][info][gc,heap     ] GC(20) Y:                Mark Start          Mark End        Relocate Start      Relocate End           High               Low         
[0.342s][info][gc,heap     ] GC(20) Y:  Capacity:      256M (100%)        256M (100%)        256M (100%)        256M (100%)        256M (100%)        256M (100%)   
[0.342s][info][gc,heap     ] GC(20) Y:      Free:        0M (0%)            0M (0%)            0M (0%)            0M (0%)            0M (0%)            0M (0%)     
[0.342s][info][gc,heap     ] GC(20) Y:      Used:      256M (100%)        256M (100%)        256M (100%)        256M (100%)        256M (100%)        256M (100%)   
[0.342s][info][gc,heap     ] GC(20) Y: Young Generation Statistics:
[0.342s][info][gc,heap     ] GC(20) Y:                Mark Start          Mark End        Relocate Start      Relocate End    
[0.342s][info][gc,heap     ] GC(20) Y:      Used:        0M (0%)            0M (0%)            0M (0%)            0M (0%)     
[0.342s][info][gc,heap     ] GC(20) Y:      Live:         -                 0M (0%)            0M (0%)            0M (0%)     
[0.342s][info][gc,heap     ] GC(20) Y:   Garbage:         -                 0M (0%)            0M (0%)            0M (0%)     
[0.342s][info][gc,heap     ] GC(20) Y: Allocated:         -                 0M (0%)            0M (0%)            0M (0%)     
[0.342s][info][gc,heap     ] GC(20) Y: Reclaimed:         -                  -                 0M (0%)            0M (0%)     
[0.342s][info][gc,heap     ] GC(20) Y:  Promoted:         -                  -                 0M (0%)            0M (0%)     
[0.342s][info][gc,heap     ] GC(20) Y: Compacted:         -                  -                  -                 0M (0%)     
[0.342s][info][gc,phases   ] GC(20) Y: Young Generation (Collect Roots) 256M(100%)->256M(100%) 0.001s
[0.342s][info][gc,phases   ] GC(20) O: Old Generation
[0.343s][info][gc,phases   ] GC(20) O: Concurrent Mark 1.628ms
[0.343s][info][gc,phases   ] GC(20) O: Pause Mark End 0.006ms
[0.343s][info][gc,phases   ] GC(20) O: Concurrent Mark Free 0.001ms
[0.343s][info][gc,ref      ] GC(20) O: Clearing All SoftReferences
[0.344s][info][gc,phases   ] GC(20) O: Concurrent Process Non-Strong 0.800ms
[0.344s][info][gc,phases   ] GC(20) O: Concurrent Reset Relocation Set 0.000ms
[0.344s][info][gc,phases   ] GC(20) O: Concurrent Select Relocation Set 0.196ms
[0.344s][info][gc,task     ] GC(20) O: Using 2 Workers for Old Generation
[0.345s][info][gc,task     ] GC(20) O: Using 2 Workers for Old Generation
[0.345s][info][gc,phases   ] GC(20) O: Concurrent Remap Roots 0.444ms
[0.345s][info][gc,phases   ] GC(20) O: Pause Relocate Start 0.005ms
[0.347s][info][gc,phases   ] GC(20) O: Concurrent Relocate 1.771ms
[0.347s][info][gc          ] Allocation Stall (main) 14.355ms
[0.347s][info][gc,alloc    ] GC(20) O:                         Mark Start        Mark End      Relocate Start    Relocate End   
[0.347s][info][gc,alloc    ] GC(20) O: Allocation Stalls:          1                1                1                0         
[0.347s][info][gc,load     ] GC(20) O: Load: 0.00 (0%) / 0.00 (0%) / 0.00 (0%)
[0.347s][info][gc,mmu      ] GC(20) O: MMU: 2ms/98.4%, 5ms/98.9%, 10ms/99.1%, 20ms/99.2%, 50ms/99.4%, 100ms/99.6%
[0.347s][info][gc,marking  ] GC(20) O: Mark: 2 stripe(s), 3 proactive flush(es), 1 terminate flush(es), 0 completion(s), 0 continuation(s) 
[0.347s][info][gc,nmethod  ] GC(20) O: NMethods: 286 registered, 11 unregistered
[0.347s][info][gc,metaspace] GC(20) O: Metaspace: 0M used, 0M committed, 1088M reserved
[0.347s][info][gc,ref      ] GC(20) O:                       Encountered   Discovered     Enqueued 
[0.347s][info][gc,ref      ] GC(20) O: Soft References:               53           37           18 
[0.347s][info][gc,ref      ] GC(20) O: Weak References:               76           40            3 
[0.347s][info][gc,ref      ] GC(20) O: Final References:               0            0            0 
[0.347s][info][gc,ref      ] GC(20) O: Phantom References:             1            1            0 
[0.347s][info][gc,reloc    ] GC(20) O:                        Candidates     Selected     In-Place         Size        Empty    Relocated 
[0.347s][info][gc,reloc    ] GC(20) O: Small Pages:                    3            2            2           6M           0M           1M 
[0.347s][info][gc,reloc    ] GC(20) O: Medium Pages:                   0            0            0           0M           0M           0M 
[0.347s][info][gc,reloc    ] GC(20) O: Large Pages:                  125            0            0         250M           0M           0M 
[0.347s][info][gc,reloc    ] GC(20) O: Forwarding Usage: 0M
[0.347s][info][gc,heap     ] GC(20) O: Min Capacity: 8M(3%)
[0.347s][info][gc,heap     ] GC(20) O: Max Capacity: 256M(100%)
[0.347s][info][gc,heap     ] GC(20) O: Soft Max Capacity: 256M(100%)
[0.347s][info][gc,heap     ] GC(20) O: Heap Statistics:
[0.347s][info][gc,heap     ] GC(20) O:                Mark Start          Mark End        Relocate Start      Relocate End           High               Low         
[0.347s][info][gc,heap     ] GC(20) O:  Capacity:      256M (100%)        256M (100%)        256M (100%)        256M (100%)        256M (100%)        256M (100%)   
[0.347s][info][gc,heap     ] GC(20) O:      Free:        0M (0%)            0M (0%)            0M (0%)            0M (0%)            2M (1%)            0M (0%)     
[0.347s][info][gc,heap     ] GC(20) O:      Used:      256M (100%)        256M (100%)        256M (100%)        256M (100%)        256M (100%)        254M (99%)    
[0.347s][info][gc,heap     ] GC(20) O: Old Generation Statistics:
[0.347s][info][gc,heap     ] GC(20) O:                Mark Start          Mark End        Relocate Start      Relocate End    
[0.347s][info][gc,heap     ] GC(20) O:      Used:      256M (100%)        256M (100%)        256M (100%)        254M (99%)    
[0.347s][info][gc,heap     ] GC(20) O:      Live:         -               251M (98%)         251M (98%)         251M (98%)    
[0.347s][info][gc,heap     ] GC(20) O:   Garbage:         -                 4M (2%)            4M (2%)            0M (0%)     
[0.347s][info][gc,heap     ] GC(20) O: Allocated:         -                 0M (0%)            0M (0%)            2M (1%)     
[0.347s][info][gc,heap     ] GC(20) O: Reclaimed:         -                  -                 0M (0%)            4M (2%)     
[0.347s][info][gc,heap     ] GC(20) O: Compacted:         -                  -                  -                 1M (0%)     
[0.347s][info][gc,phases   ] GC(20) O: Old Generation 256M(100%)->256M(100%) 0.005s
[0.347s][info][gc          ] GC(20) Major Collection (Allocation Stall) 256M(100%)->256M(100%) 0.008s
[0.347s][info][gc          ] GC(21) Minor Collection (Allocation Stall)
[0.347s][info][gc,task     ] GC(21) Using 2 Workers for Young Generation
[0.347s][info][gc,phases   ] GC(21) y: Young Generation
[0.347s][info][gc,phases   ] GC(21) y: Pause Mark Start 0.006ms
[0.348s][info][gc,phases   ] GC(21) y: Concurrent Mark 0.592ms
[0.348s][info][gc,phases   ] GC(21) y: Pause Mark End 0.005ms
[0.348s][info][gc,phases   ] GC(21) y: Concurrent Mark Free 0.000ms
[0.348s][info][gc,phases   ] GC(21) y: Concurrent Reset Relocation Set 0.000ms
[0.348s][info][gc,reloc    ] GC(21) y: Using tenuring threshold: 0 (Computed)
[0.348s][info][gc          ] Allocation Stall (main) 0.851ms
[0.348s][info][gc,phases   ] GC(21) y: Concurrent Select Relocation Set 0.116ms
[0.348s][info][gc,phases   ] GC(21) y: Pause Relocate Start 0.003ms
[0.348s][info][gc,phases   ] GC(21) y: Concurrent Relocate 0.064ms
[0.348s][info][gc,alloc    ] GC(21) y:                         Mark Start        Mark End      Relocate Start    Relocate End   
[0.348s][info][gc,alloc    ] GC(21) y: Allocation Stalls:          1                1                1                1         
[0.348s][info][gc,load     ] GC(21) y: Load: 0.00 (0%) / 0.00 (0%) / 0.00 (0%)
[0.348s][info][gc,mmu      ] GC(21) y: MMU: 2ms/98.4%, 5ms/98.9%, 10ms/99.1%, 20ms/99.2%, 50ms/99.4%, 100ms/99.6%
[0.348s][info][gc,marking  ] GC(21) y: Mark: 2 stripe(s), 1 proactive flush(es), 1 terminate flush(es), 0 completion(s), 0 continuation(s) 
[0.348s][info][gc,nmethod  ] GC(21) y: NMethods: 286 registered, 11 unregistered
[0.348s][info][gc,metaspace] GC(21) y: Metaspace: 0M used, 0M committed, 1088M reserved
[0.348s][info][gc,reloc    ] GC(21) y:                        Candidates     Selected     In-Place         Size        Empty    Relocated 
[0.348s][info][gc,reloc    ] GC(21) y: Small Pages:                    1            0            0           2M           2M           0M 
[0.348s][info][gc,reloc    ] GC(21) y: Medium Pages:                   0            0            0           0M           0M           0M 
[0.348s][info][gc,reloc    ] GC(21) y: Large Pages:                    0            0            0           0M           0M           0M 
[0.348s][info][gc,reloc    ] GC(21) y: Forwarding Usage: 0M
[0.348s][info][gc,reloc    ] GC(21) y: Age Table:
[0.348s][info][gc,reloc    ] GC(21) y:                    Live             Garbage             Small              Medium             Large        
[0.348s][info][gc,reloc    ] GC(21) y: Eden                -                 2M (1%)           1 / 0              0 / 0              0 / 0        
[0.348s][info][gc,heap     ] GC(21) y: Min Capacity: 8M(3%)
[0.348s][info][gc,heap     ] GC(21) y: Max Capacity: 256M(100%)
[0.348s][info][gc,heap     ] GC(21) y: Soft Max Capacity: 256M(100%)
[0.348s][info][gc,heap     ] GC(21) y: Heap Statistics:
[0.348s][info][gc,heap     ] GC(21) y:                Mark Start          Mark End        Relocate Start      Relocate End           High               Low         
[0.348s][info][gc,heap     ] GC(21) y:  Capacity:      256M (100%)        256M (100%)        256M (100%)        256M (100%)        256M (100%)        256M (100%)   
[0.348s][info][gc,heap     ] GC(21) y:      Free:        0M (0%)            0M (0%)            0M (0%)            0M (0%)            2M (1%)            0M (0%)     
[0.348s][info][gc,heap     ] GC(21) y:      Used:      256M (100%)        256M (100%)        256M (100%)        256M (100%)        256M (100%)        254M (99%)    
[0.348s][info][gc,heap     ] GC(21) y: Young Generation Statistics:
[0.349s][info][gc,heap     ] GC(21) y:                Mark Start          Mark End        Relocate Start      Relocate End    
[0.349s][info][gc,heap     ] GC(21) y:      Used:        2M (1%)            2M (1%)            2M (1%)            2M (1%)     
[0.349s][info][gc,heap     ] GC(21) y:      Live:         -                 0M (0%)            0M (0%)            0M (0%)     
[0.349s][info][gc,heap     ] GC(21) y:   Garbage:         -                 2M (1%)            0M (0%)            0M (0%)     
[0.349s][info][gc,heap     ] GC(21) y: Allocated:         -                 0M (0%)            2M (1%)            2M (1%)     
[0.349s][info][gc,heap     ] GC(21) y: Reclaimed:         -                  -                 2M (1%)            2M (1%)     
[0.349s][info][gc,heap     ] GC(21) y:  Promoted:         -                  -                 0M (0%)            0M (0%)     
[0.349s][info][gc,heap     ] GC(21) y: Compacted:         -                  -                  -                 0M (0%)     
[0.349s][info][gc,phases   ] GC(21) y: Young Generation 256M(100%)->256M(100%) 0.001s
[0.349s][info][gc          ] GC(21) Minor Collection (Allocation Stall) 256M(100%)->256M(100%) 0.001s
[0.349s][info][gc          ] GC(22) Minor Collection (Allocation Stall)
[0.349s][info][gc,task     ] GC(22) Using 2 Workers for Young Generation
[0.349s][info][gc,phases   ] GC(22) y: Young Generation
[0.349s][info][gc,phases   ] GC(22) y: Pause Mark Start 0.004ms
[0.349s][info][gc,phases   ] GC(22) y: Concurrent Mark 0.613ms
[0.349s][info][gc,phases   ] GC(22) y: Pause Mark End 0.004ms
[0.349s][info][gc,phases   ] GC(22) y: Concurrent Mark Free 0.001ms
[0.349s][info][gc,phases   ] GC(22) y: Concurrent Reset Relocation Set 0.000ms
[0.349s][info][gc,reloc    ] GC(22) y: Using tenuring threshold: 1 (Computed)
[0.349s][info][gc,phases   ] GC(22) y: Concurrent Select Relocation Set 0.068ms
[0.349s][info][gc,phases   ] GC(22) y: Pause Relocate Start 0.003ms
[0.350s][info][gc,phases   ] GC(22) y: Concurrent Relocate 0.042ms
[0.350s][info][gc,alloc    ] GC(22) y:                         Mark Start        Mark End      Relocate Start    Relocate End   
[0.350s][info][gc,alloc    ] GC(22) y: Allocation Stalls:          1                1                1                1         
[0.350s][info][gc,load     ] GC(22) y: Load: 0.00 (0%) / 0.00 (0%) / 0.00 (0%)
[0.350s][info][gc,mmu      ] GC(22) y: MMU: 2ms/98.4%, 5ms/98.9%, 10ms/99.1%, 20ms/99.2%, 50ms/99.4%, 100ms/99.6%
[0.350s][info][gc,marking  ] GC(22) y: Mark: 2 stripe(s), 1 proactive flush(es), 1 terminate flush(es), 0 completion(s), 0 continuation(s) 
[0.350s][info][gc,nmethod  ] GC(22) y: NMethods: 286 registered, 11 unregistered
[0.350s][info][gc,metaspace] GC(22) y: Metaspace: 0M used, 0M committed, 1088M reserved
[0.350s][info][gc,reloc    ] GC(22) y:                        Candidates     Selected     In-Place         Size        Empty    Relocated 
[0.350s][info][gc,reloc    ] GC(22) y: Small Pages:                    0            0            0           0M           0M           0M 
[0.350s][info][gc,reloc    ] GC(22) y: Medium Pages:                   0            0            0           0M           0M           0M 
[0.350s][info][gc,reloc    ] GC(22) y: Large Pages:                    1            0            0           2M           0M           0M 
[0.350s][info][gc,reloc    ] GC(22) y: Forwarding Usage: 0M
[0.350s][info][gc,reloc    ] GC(22) y: Age Table:
[0.350s][info][gc,reloc    ] GC(22) y:                    Live             Garbage             Small              Medium             Large        
[0.350s][info][gc,reloc    ] GC(22) y: Eden               2M (1%)            0M (0%)           0 / 0              0 / 0              1 / 0        
[0.350s][info][gc,heap     ] GC(22) y: Min Capacity: 8M(3%)
[0.350s][info][gc,heap     ] GC(22) y: Max Capacity: 256M(100%)
[0.350s][info][gc,heap     ] GC(22) y: Soft Max Capacity: 256M(100%)
[0.350s][info][gc,heap     ] GC(22) y: Heap Statistics:
[0.350s][info][gc,heap     ] GC(22) y:                Mark Start          Mark End        Relocate Start      Relocate End           High               Low         
[0.350s][info][gc,heap     ] GC(22) y:  Capacity:      256M (100%)        256M (100%)        256M (100%)        256M (100%)        256M (100%)        256M (100%)   
[0.350s][info][gc,heap     ] GC(22) y:      Free:        0M (0%)            0M (0%)            0M (0%)            0M (0%)            0M (0%)            0M (0%)     
[0.350s][info][gc,heap     ] GC(22) y:      Used:      256M (100%)        256M (100%)        256M (100%)        256M (100%)        256M (100%)        256M (100%)   
[0.350s][info][gc,heap     ] GC(22) y: Young Generation Statistics:
[0.350s][info][gc,heap     ] GC(22) y:                Mark Start          Mark End        Relocate Start      Relocate End    
[0.350s][info][gc,heap     ] GC(22) y:      Used:        2M (1%)            2M (1%)            2M (1%)            2M (1%)     
[0.350s][info][gc,heap     ] GC(22) y:      Live:         -                 2M (1%)            2M (1%)            2M (1%)     
[0.350s][info][gc,heap     ] GC(22) y:   Garbage:         -                 0M (0%)            0M (0%)            0M (0%)     
[0.350s][info][gc,heap     ] GC(22) y: Allocated:         -                 0M (0%)            0M (0%)            0M (0%)     
[0.350s][info][gc,heap     ] GC(22) y: Reclaimed:         -                  -                 0M (0%)            0M (0%)     
[0.350s][info][gc,heap     ] GC(22) y:  Promoted:         -                  -                 0M (0%)            0M (0%)     
[0.350s][info][gc,heap     ] GC(22) y: Compacted:         -                  -                  -                 0M (0%)     
[0.350s][info][gc,phases   ] GC(22) y: Young Generation 256M(100%)->256M(100%) 0.001s
[0.350s][info][gc          ] GC(22) Minor Collection (Allocation Stall) 256M(100%)->256M(100%) 0.001s
[0.350s][info][gc          ] GC(23) Major Collection (Allocation Stall)
[0.350s][info][gc,task     ] GC(23) Using 2 Workers for Young Generation
[0.350s][info][gc,task     ] GC(23) Using 2 Workers for Old Generation
[0.350s][info][gc,phases   ] GC(23) Y: Young Generation (Promote All)
[0.350s][info][gc,phases   ] GC(23) Y: Pause Mark Start 0.005ms
[0.351s][info][gc,phases   ] GC(23) Y: Concurrent Mark 0.546ms
[0.351s][info][gc,phases   ] GC(23) Y: Pause Mark End 0.004ms
[0.351s][info][gc,phases   ] GC(23) Y: Concurrent Mark Free 0.001ms
[0.351s][info][gc,phases   ] GC(23) Y: Concurrent Reset Relocation Set 0.000ms
[0.351s][info][gc,reloc    ] GC(23) Y: Using tenuring threshold: 0 (Promote All)
[0.351s][info][gc,phases   ] GC(23) Y: Concurrent Select Relocation Set 0.077ms
[0.351s][info][gc,phases   ] GC(23) Y: Pause Relocate Start 0.003ms
[0.351s][info][gc,phases   ] GC(23) Y: Concurrent Relocate 0.040ms
[0.351s][info][gc,alloc    ] GC(23) Y:                         Mark Start        Mark End      Relocate Start    Relocate End   
[0.351s][info][gc,alloc    ] GC(23) Y: Allocation Stalls:          1                1                1                1         
[0.351s][info][gc,load     ] GC(23) Y: Load: 0.00 (0%) / 0.00 (0%) / 0.00 (0%)
[0.351s][info][gc,mmu      ] GC(23) Y: MMU: 2ms/98.4%, 5ms/98.9%, 10ms/99.1%, 20ms/99.2%, 50ms/99.4%, 100ms/99.6%
[0.351s][info][gc,marking  ] GC(23) Y: Mark: 2 stripe(s), 1 proactive flush(es), 1 terminate flush(es), 0 completion(s), 0 continuation(s) 
[0.351s][info][gc,nmethod  ] GC(23) Y: NMethods: 286 registered, 11 unregistered
[0.351s][info][gc,metaspace] GC(23) Y: Metaspace: 0M used, 0M committed, 1088M reserved
[0.351s][info][gc,reloc    ] GC(23) Y:                        Candidates     Selected     In-Place         Size        Empty    Relocated 
[0.351s][info][gc,reloc    ] GC(23) Y: Small Pages:                    0            0            0           0M           0M           0M 
[0.351s][info][gc,reloc    ] GC(23) Y: Medium Pages:                   0            0            0           0M           0M           0M 
[0.351s][info][gc,reloc    ] GC(23) Y: Large Pages:                    1            0            0           2M           0M           0M 
[0.351s][info][gc,reloc    ] GC(23) Y: Forwarding Usage: 0M
[0.351s][info][gc,reloc    ] GC(23) Y: Age Table:
[0.351s][info][gc,reloc    ] GC(23) Y:                    Live             Garbage             Small              Medium             Large        
[0.351s][info][gc,reloc    ] GC(23) Y: Eden                -                 0M (0%)           0 / 0              0 / 0              0 / 0        
[0.351s][info][gc,reloc    ] GC(23) Y: Survivor 1         2M (1%)            0M (0%)           0 / 0              0 / 0              1 / 0        
[0.351s][info][gc,heap     ] GC(23) Y: Min Capacity: 8M(3%)
[0.351s][info][gc,heap     ] GC(23) Y: Max Capacity: 256M(100%)
[0.351s][info][gc,heap     ] GC(23) Y: Soft Max Capacity: 256M(100%)
[0.351s][info][gc,heap     ] GC(23) Y: Heap Statistics:
[0.351s][info][gc,heap     ] GC(23) Y:                Mark Start          Mark End        Relocate Start      Relocate End           High               Low         
[0.351s][info][gc,heap     ] GC(23) Y:  Capacity:      256M (100%)        256M (100%)        256M (100%)        256M (100%)        256M (100%)        256M (100%)   
[0.351s][info][gc,heap     ] GC(23) Y:      Free:        0M (0%)            0M (0%)            0M (0%)            0M (0%)            0M (0%)            0M (0%)     
[0.351s][info][gc,heap     ] GC(23) Y:      Used:      256M (100%)        256M (100%)        256M (100%)        256M (100%)        256M (100%)        256M (100%)   
[0.351s][info][gc,heap     ] GC(23) Y: Young Generation Statistics:
[0.351s][info][gc,heap     ] GC(23) Y:                Mark Start          Mark End        Relocate Start      Relocate End    
[0.351s][info][gc,heap     ] GC(23) Y:      Used:        2M (1%)            2M (1%)            0M (0%)            0M (0%)     
[0.351s][info][gc,heap     ] GC(23) Y:      Live:         -                 2M (1%)            0M (0%)            0M (0%)     
[0.351s][info][gc,heap     ] GC(23) Y:   Garbage:         -                 0M (0%)            0M (0%)            0M (0%)     
[0.351s][info][gc,heap     ] GC(23) Y: Allocated:         -                 0M (0%)            0M (0%)            0M (0%)     
[0.351s][info][gc,heap     ] GC(23) Y: Reclaimed:         -                  -                 0M (0%)            0M (0%)     
[0.351s][info][gc,heap     ] GC(23) Y:  Promoted:         -                  -                 2M (1%)            2M (1%)     
[0.351s][info][gc,heap     ] GC(23) Y: Compacted:         -                  -                  -                 0M (0%)     
[0.351s][info][gc,phases   ] GC(23) Y: Young Generation (Promote All) 256M(100%)->256M(100%) 0.001s
[0.351s][info][gc,phases   ] GC(23) Y: Young Generation (Collect Roots)
[0.351s][info][gc,phases   ] GC(23) Y: Pause Mark Start (Major) 0.005ms
[0.352s][info][gc,phases   ] GC(23) Y: Concurrent Mark 0.547ms
[0.352s][info][gc,phases   ] GC(23) Y: Pause Mark End 0.004ms
[0.352s][info][gc,phases   ] GC(23) Y: Concurrent Mark Free 0.000ms
[0.352s][info][gc,phases   ] GC(23) Y: Concurrent Reset Relocation Set 0.001ms
[0.352s][info][gc,reloc    ] GC(23) Y: Using tenuring threshold: 0 (Computed)
[0.352s][info][gc,phases   ] GC(23) Y: Concurrent Select Relocation Set 0.070ms
[0.352s][info][gc,phases   ] GC(23) Y: Pause Relocate Start 0.003ms
[0.352s][info][gc,phases   ] GC(23) Y: Concurrent Relocate 0.040ms
[0.352s][info][gc,alloc    ] GC(23) Y:                         Mark Start        Mark End      Relocate Start    Relocate End   
[0.352s][info][gc,alloc    ] GC(23) Y: Allocation Stalls:          1                1                1                1         
[0.352s][info][gc,load     ] GC(23) Y: Load: 0.00 (0%) / 0.00 (0%) / 0.00 (0%)
[0.352s][info][gc,mmu      ] GC(23) Y: MMU: 2ms/98.4%, 5ms/98.9%, 10ms/99.1%, 20ms/99.2%, 50ms/99.4%, 100ms/99.6%
[0.352s][info][gc,marking  ] GC(23) Y: Mark: 2 stripe(s), 1 proactive flush(es), 1 terminate flush(es), 0 completion(s), 0 continuation(s) 
[0.352s][info][gc,nmethod  ] GC(23) Y: NMethods: 286 registered, 11 unregistered
[0.352s][info][gc,metaspace] GC(23) Y: Metaspace: 0M used, 0M committed, 1088M reserved
[0.352s][info][gc,heap     ] GC(23) Y: Min Capacity: 8M(3%)
[0.352s][info][gc,heap     ] GC(23) Y: Max Capacity: 256M(100%)
[0.352s][info][gc,heap     ] GC(23) Y: Soft Max Capacity: 256M(100%)
[0.352s][info][gc,heap     ] GC(23) Y: Heap Statistics:
[0.352s][info][gc,heap     ] GC(23) Y:                Mark Start          Mark End        Relocate Start      Relocate End           High               Low         
[0.352s][info][gc,heap     ] GC(23) Y:  Capacity:      256M (100%)        256M (100%)        256M (100%)        256M (100%)        256M (100%)        256M (100%)   
[0.352s][info][gc,heap     ] GC(23) Y:      Free:        0M (0%)            0M (0%)            0M (0%)            0M (0%)            0M (0%)            0M (0%)     
[0.352s][info][gc,heap     ] GC(23) Y:      Used:      256M (100%)        256M (100%)        256M (100%)        256M (100%)        256M (100%)        256M (100%)   
[0.352s][info][gc,heap     ] GC(23) Y: Young Generation Statistics:
[0.352s][info][gc,heap     ] GC(23) Y:                Mark Start          Mark End        Relocate Start      Relocate End    
[0.352s][info][gc,heap     ] GC(23) Y:      Used:        0M (0%)            0M (0%)            0M (0%)            0M (0%)     
[0.352s][info][gc,heap     ] GC(23) Y:      Live:         -                 0M (0%)            0M (0%)            0M (0%)     
[0.352s][info][gc,heap     ] GC(23) Y:   Garbage:         -                 0M (0%)            0M (0%)            0M (0%)     
[0.352s][info][gc,heap     ] GC(23) Y: Allocated:         -                 0M (0%)            0M (0%)            0M (0%)     
[0.352s][info][gc,heap     ] GC(23) Y: Reclaimed:         -                  -                 0M (0%)            0M (0%)     
[0.352s][info][gc,heap     ] GC(23) Y:  Promoted:         -                  -                 0M (0%)            0M (0%)     
[0.352s][info][gc,heap     ] GC(23) Y: Compacted:         -                  -                  -                 0M (0%)     
[0.352s][info][gc,phases   ] GC(23) Y: Young Generation (Collect Roots) 256M(100%)->256M(100%) 0.001s
[0.352s][info][gc,phases   ] GC(23) O: Old Generation
[0.354s][info][gc,phases   ] GC(23) O: Concurrent Mark 1.633ms
[0.354s][info][gc,phases   ] GC(23) O: Pause Mark End 0.006ms
[0.354s][info][gc,phases   ] GC(23) O: Concurrent Mark Free 0.001ms
[0.354s][info][gc,ref      ] GC(23) O: Clearing All SoftReferences
[0.354s][info][gc,phases   ] GC(23) O: Concurrent Process Non-Strong 0.307ms
[0.354s][info][gc,phases   ] GC(23) O: Concurrent Reset Relocation Set 0.001ms
[0.354s][info][gc          ] Allocation Stall (main) 6.149ms
[0.354s][info][gc,phases   ] GC(23) O: Concurrent Select Relocation Set 0.035ms
[0.354s][info][gc,task     ] GC(23) O: Using 2 Workers for Old Generation
[0.355s][info][gc,task     ] GC(23) O: Using 2 Workers for Old Generation
[0.355s][info][gc,phases   ] GC(23) O: Concurrent Remap Roots 0.395ms
[0.355s][info][gc,phases   ] GC(23) O: Pause Relocate Start 0.006ms
[0.355s][info][gc          ] GC(24) Minor Collection (Allocation Stall)
[0.355s][info][gc,task     ] GC(24) Using 2 Workers for Young Generation
[0.355s][info][gc,phases   ] GC(24) y: Young Generation
[0.355s][info][gc,phases   ] GC(23) O: Concurrent Relocate 0.071ms
[0.355s][info][gc,phases   ] GC(24) y: Pause Mark Start 0.004ms
[0.355s][info][gc,phases   ] GC(24) y: Concurrent Mark 0.484ms
[0.355s][info][gc,phases   ] GC(24) y: Pause Mark End 0.004ms
[0.355s][info][gc,phases   ] GC(24) y: Concurrent Mark Free 0.001ms
[0.355s][info][gc,phases   ] GC(24) y: Concurrent Reset Relocation Set 0.000ms
[0.355s][info][gc,reloc    ] GC(24) y: Using tenuring threshold: 0 (Computed)
[0.355s][info][gc          ] Allocation Stall (main) 0.782ms
[0.356s][info][gc,phases   ] GC(24) y: Concurrent Select Relocation Set 0.107ms
[0.356s][info][gc,phases   ] GC(24) y: Pause Relocate Start 0.005ms
[0.356s][info][gc,phases   ] GC(24) y: Concurrent Relocate 0.046ms
[0.356s][info][gc,alloc    ] GC(24) y:                         Mark Start        Mark End      Relocate Start    Relocate End   
[0.356s][info][gc,alloc    ] GC(24) y: Allocation Stalls:          1                1                0                0         
[0.356s][info][gc,load     ] GC(24) y: Load: 0.00 (0%) / 0.00 (0%) / 0.00 (0%)
[0.356s][info][gc,mmu      ] GC(24) y: MMU: 2ms/98.4%, 5ms/98.9%, 10ms/99.1%, 20ms/99.2%, 50ms/99.3%, 100ms/99.6%
[0.356s][info][gc,marking  ] GC(24) y: Mark: 2 stripe(s), 1 proactive flush(es), 1 terminate flush(es), 0 completion(s), 0 continuation(s) 
[0.356s][info][gc,nmethod  ] GC(24) y: NMethods: 287 registered, 11 unregistered
[0.356s][info][gc,metaspace] GC(24) y: Metaspace: 0M used, 0M committed, 1088M reserved
[0.356s][info][gc,reloc    ] GC(24) y:                        Candidates     Selected     In-Place         Size        Empty    Relocated 
[0.356s][info][gc,reloc    ] GC(24) y: Small Pages:                    1            0            0           2M           2M           0M 
[0.356s][info][gc,reloc    ] GC(24) y: Medium Pages:                   0            0            0           0M           0M           0M 
[0.356s][info][gc,reloc    ] GC(24) y: Large Pages:                    0            0            0           0M           0M           0M 
[0.356s][info][gc,reloc    ] GC(24) y: Forwarding Usage: 0M
[0.356s][info][gc,reloc    ] GC(24) y: Age Table:
[0.356s][info][gc,reloc    ] GC(24) y:                    Live             Garbage             Small              Medium             Large        
[0.356s][info][gc,reloc    ] GC(24) y: Eden                -                 2M (1%)           1 / 0              0 / 0              0 / 0        
[0.356s][info][gc,heap     ] GC(24) y: Min Capacity: 8M(3%)
[0.356s][info][gc,heap     ] GC(24) y: Max Capacity: 256M(100%)
[0.356s][info][gc,heap     ] GC(24) y: Soft Max Capacity: 256M(100%)
[0.356s][info][gc,heap     ] GC(24) y: Heap Statistics:
[0.356s][info][gc,heap     ] GC(24) y:                Mark Start          Mark End        Relocate Start      Relocate End           High               Low         
[0.356s][info][gc,heap     ] GC(24) y:  Capacity:      256M (100%)        256M (100%)        256M (100%)        256M (100%)        256M (100%)        256M (100%)   
[0.356s][info][gc,heap     ] GC(24) y:      Free:        0M (0%)            0M (0%)            0M (0%)            0M (0%)            2M (1%)            0M (0%)     
[0.356s][info][gc,heap     ] GC(24) y:      Used:      256M (100%)        256M (100%)        256M (100%)        256M (100%)        256M (100%)        254M (99%)    
[0.356s][info][gc,heap     ] GC(24) y: Young Generation Statistics:
[0.356s][info][gc,heap     ] GC(24) y:                Mark Start          Mark End        Relocate Start      Relocate End    
[0.356s][info][gc,heap     ] GC(24) y:      Used:        2M (1%)            2M (1%)            2M (1%)            2M (1%)     
[0.356s][info][gc,heap     ] GC(24) y:      Live:         -                 0M (0%)            0M (0%)            0M (0%)     
[0.356s][info][gc,heap     ] GC(24) y:   Garbage:         -                 2M (1%)            0M (0%)            0M (0%)     
[0.356s][info][gc,heap     ] GC(24) y: Allocated:         -                 0M (0%)            2M (1%)            2M (1%)     
[0.356s][info][gc,heap     ] GC(24) y: Reclaimed:         -                  -                 2M (1%)            2M (1%)     
[0.356s][info][gc,heap     ] GC(24) y:  Promoted:         -                  -                 0M (0%)            0M (0%)     
[0.356s][info][gc,heap     ] GC(24) y: Compacted:         -                  -                  -                 0M (0%)     
[0.356s][info][gc,phases   ] GC(24) y: Young Generation 256M(100%)->256M(100%) 0.001s
[0.356s][info][gc          ] GC(24) Minor Collection (Allocation Stall) 256M(100%)->256M(100%) 0.001s
[0.356s][info][gc          ] GC(25) Minor Collection (Allocation Stall)
[0.356s][info][gc,task     ] GC(25) Using 2 Workers for Young Generation
[0.356s][info][gc,phases   ] GC(25) y: Young Generation
[0.356s][info][gc,phases   ] GC(25) y: Pause Mark Start 0.005ms
[0.357s][info][gc,phases   ] GC(25) y: Concurrent Mark 0.535ms
[0.357s][info][gc,phases   ] GC(25) y: Pause Mark End 0.005ms
[0.357s][info][gc,phases   ] GC(25) y: Concurrent Mark Free 0.001ms
[0.357s][info][gc,phases   ] GC(25) y: Concurrent Reset Relocation Set 0.000ms
[0.357s][info][gc,reloc    ] GC(25) y: Using tenuring threshold: 1 (Computed)
[0.357s][info][gc,phases   ] GC(25) y: Concurrent Select Relocation Set 0.068ms
[0.357s][info][gc,phases   ] GC(25) y: Pause Relocate Start 0.003ms
[0.357s][info][gc,phases   ] GC(25) y: Concurrent Relocate 0.040ms
[0.357s][info][gc,alloc    ] GC(25) y:                         Mark Start        Mark End      Relocate Start    Relocate End   
[0.357s][info][gc,alloc    ] GC(25) y: Allocation Stalls:          1                1                1                1         
[0.357s][info][gc,load     ] GC(25) y: Load: 0.00 (0%) / 0.00 (0%) / 0.00 (0%)
[0.357s][info][gc,mmu      ] GC(25) y: MMU: 2ms/98.4%, 5ms/98.9%, 10ms/99.1%, 20ms/99.2%, 50ms/99.3%, 100ms/99.6%
[0.357s][info][gc,marking  ] GC(25) y: Mark: 2 stripe(s), 1 proactive flush(es), 1 terminate flush(es), 0 completion(s), 0 continuation(s) 
[0.357s][info][gc,nmethod  ] GC(25) y: NMethods: 287 registered, 11 unregistered
[0.357s][info][gc,metaspace] GC(25) y: Metaspace: 0M used, 0M committed, 1088M reserved
[0.357s][info][gc,reloc    ] GC(25) y:                        Candidates     Selected     In-Place         Size        Empty    Relocated 
[0.357s][info][gc,reloc    ] GC(25) y: Small Pages:                    0            0            0           0M           0M           0M 
[0.357s][info][gc,reloc    ] GC(25) y: Medium Pages:                   0            0            0           0M           0M           0M 
[0.357s][info][gc,reloc    ] GC(25) y: Large Pages:                    1            0            0           2M           0M           0M 
[0.357s][info][gc,reloc    ] GC(25) y: Forwarding Usage: 0M
[0.357s][info][gc,reloc    ] GC(25) y: Age Table:
[0.357s][info][gc,reloc    ] GC(25) y:                    Live             Garbage             Small              Medium             Large        
[0.357s][info][gc,reloc    ] GC(25) y: Eden               2M (1%)            0M (0%)           0 / 0              0 / 0              1 / 0        
[0.357s][info][gc,heap     ] GC(25) y: Min Capacity: 8M(3%)
[0.357s][info][gc,heap     ] GC(25) y: Max Capacity: 256M(100%)
[0.357s][info][gc,heap     ] GC(25) y: Soft Max Capacity: 256M(100%)
[0.357s][info][gc,heap     ] GC(25) y: Heap Statistics:
[0.357s][info][gc,heap     ] GC(25) y:                Mark Start          Mark End        Relocate Start      Relocate End           High               Low         
[0.357s][info][gc,heap     ] GC(25) y:  Capacity:      256M (100%)        256M (100%)        256M (100%)        256M (100%)        256M (100%)        256M (100%)   
[0.357s][info][gc,heap     ] GC(25) y:      Free:        0M (0%)            0M (0%)            0M (0%)            0M (0%)            0M (0%)            0M (0%)     
[0.357s][info][gc,heap     ] GC(25) y:      Used:      256M (100%)        256M (100%)        256M (100%)        256M (100%)        256M (100%)        256M (100%)   
[0.357s][info][gc,heap     ] GC(25) y: Young Generation Statistics:
[0.357s][info][gc,heap     ] GC(25) y:                Mark Start          Mark End        Relocate Start      Relocate End    
[0.357s][info][gc,heap     ] GC(25) y:      Used:        2M (1%)            2M (1%)            2M (1%)            2M (1%)     
[0.357s][info][gc,heap     ] GC(25) y:      Live:         -                 2M (1%)            2M (1%)            2M (1%)     
[0.357s][info][gc,heap     ] GC(25) y:   Garbage:         -                 0M (0%)            0M (0%)            0M (0%)     
[0.357s][info][gc,heap     ] GC(25) y: Allocated:         -                 0M (0%)            0M (0%)            0M (0%)     
[0.357s][info][gc,heap     ] GC(25) y: Reclaimed:         -                  -                 0M (0%)            0M (0%)     
[0.357s][info][gc,heap     ] GC(25) y:  Promoted:         -                  -                 0M (0%)            0M (0%)     
[0.357s][info][gc,heap     ] GC(25) y: Compacted:         -                  -                  -                 0M (0%)     
[0.357s][info][gc,phases   ] GC(25) y: Young Generation 256M(100%)->256M(100%) 0.001s
[0.357s][info][gc          ] GC(25) Minor Collection (Allocation Stall) 256M(100%)->256M(100%) 0.001s
[0.357s][info][gc,alloc    ] GC(23) O:                         Mark Start        Mark End      Relocate Start    Relocate End   
[0.357s][info][gc,alloc    ] GC(23) O: Allocation Stalls:          1                1                1                1         
[0.357s][info][gc,load     ] GC(23) O: Load: 0.00 (0%) / 0.00 (0%) / 0.00 (0%)
[0.357s][info][gc,mmu      ] GC(23) O: MMU: 2ms/98.4%, 5ms/98.9%, 10ms/99.1%, 20ms/99.2%, 50ms/99.3%, 100ms/99.6%
[0.357s][info][gc,marking  ] GC(23) O: Mark: 2 stripe(s), 1 proactive flush(es), 1 terminate flush(es), 0 completion(s), 0 continuation(s) 
[0.357s][info][gc,nmethod  ] GC(23) O: NMethods: 287 registered, 11 unregistered
[0.357s][info][gc,metaspace] GC(23) O: Metaspace: 0M used, 0M committed, 1088M reserved
[0.357s][info][gc,ref      ] GC(23) O:                       Encountered   Discovered     Enqueued 
[0.357s][info][gc,ref      ] GC(23) O: Soft References:               35           10            0 
[0.357s][info][gc,ref      ] GC(23) O: Weak References:               73           28            0 
[0.357s][info][gc,ref      ] GC(23) O: Final References:               0            0            0 
[0.357s][info][gc,ref      ] GC(23) O: Phantom References:             1            0            0 
[0.357s][info][gc,reloc    ] GC(23) O:                        Candidates     Selected     In-Place         Size        Empty    Relocated 
[0.357s][info][gc,reloc    ] GC(23) O: Small Pages:                    2            0            0           4M           2M           0M 
[0.357s][info][gc,reloc    ] GC(23) O: Medium Pages:                   0            0            0           0M           0M           0M 
[0.357s][info][gc,reloc    ] GC(23) O: Large Pages:                  126            0            0         252M           0M           0M 
[0.357s][info][gc,reloc    ] GC(23) O: Forwarding Usage: 0M
[0.357s][info][gc,heap     ] GC(23) O: Min Capacity: 8M(3%)
[0.357s][info][gc,heap     ] GC(23) O: Max Capacity: 256M(100%)
[0.357s][info][gc,heap     ] GC(23) O: Soft Max Capacity: 256M(100%)
[0.357s][info][gc,heap     ] GC(23) O: Heap Statistics:
[0.357s][info][gc,heap     ] GC(23) O:                Mark Start          Mark End        Relocate Start      Relocate End           High               Low         
[0.357s][info][gc,heap     ] GC(23) O:  Capacity:      256M (100%)        256M (100%)        256M (100%)        256M (100%)        256M (100%)        256M (100%)   
[0.358s][info][gc,heap     ] GC(23) O:      Free:        0M (0%)            0M (0%)            0M (0%)            0M (0%)            2M (1%)            0M (0%)     
[0.358s][info][gc,heap     ] GC(23) O:      Used:      256M (100%)        256M (100%)        256M (100%)        256M (100%)        256M (100%)        254M (99%)    
[0.358s][info][gc,heap     ] GC(23) O: Old Generation Statistics:
[0.358s][info][gc,heap     ] GC(23) O:                Mark Start          Mark End        Relocate Start      Relocate End    
[0.358s][info][gc,heap     ] GC(23) O:      Used:      256M (100%)        256M (100%)        254M (99%)         254M (99%)    
[0.358s][info][gc,heap     ] GC(23) O:      Live:         -               253M (99%)         253M (99%)         253M (99%)    
[0.358s][info][gc,heap     ] GC(23) O:   Garbage:         -                 2M (1%)            0M (0%)            0M (0%)     
[0.358s][info][gc,heap     ] GC(23) O: Allocated:         -                 0M (0%)            0M (0%)            0M (0%)     
[0.358s][info][gc,heap     ] GC(23) O: Reclaimed:         -                  -                 2M (1%)            2M (1%)     
[0.358s][info][gc,heap     ] GC(23) O: Compacted:         -                  -                  -                 0M (0%)     
[0.358s][info][gc,phases   ] GC(23) O: Old Generation 256M(100%)->256M(100%) 0.005s
[0.358s][info][gc          ] GC(23) Major Collection (Allocation Stall) 256M(100%)->256M(100%) 0.008s
[0.358s][info][gc          ] GC(26) Major Collection (Allocation Stall)
[0.358s][info][gc,task     ] GC(26) Using 2 Workers for Young Generation
[0.358s][info][gc,task     ] GC(26) Using 2 Workers for Old Generation
[0.358s][info][gc,phases   ] GC(26) Y: Young Generation (Promote All)
[0.358s][info][gc,phases   ] GC(26) Y: Pause Mark Start 0.004ms
[0.358s][info][gc,phases   ] GC(26) Y: Concurrent Mark 0.423ms
[0.358s][info][gc,phases   ] GC(26) Y: Pause Mark End 0.003ms
[0.358s][info][gc,phases   ] GC(26) Y: Concurrent Mark Free 0.000ms
[0.358s][info][gc,phases   ] GC(26) Y: Concurrent Reset Relocation Set 0.000ms
[0.358s][info][gc,reloc    ] GC(26) Y: Using tenuring threshold: 0 (Promote All)
[0.358s][info][gc,phases   ] GC(26) Y: Concurrent Select Relocation Set 0.092ms
[0.358s][info][gc,phases   ] GC(26) Y: Pause Relocate Start 0.003ms
[0.358s][info][gc,phases   ] GC(26) Y: Concurrent Relocate 0.043ms
[0.358s][info][gc,alloc    ] GC(26) Y:                         Mark Start        Mark End      Relocate Start    Relocate End   
[0.358s][info][gc,alloc    ] GC(26) Y: Allocation Stalls:          1                1                1                1         
[0.358s][info][gc,load     ] GC(26) Y: Load: 0.00 (0%) / 0.00 (0%) / 0.00 (0%)
[0.358s][info][gc,mmu      ] GC(26) Y: MMU: 2ms/98.4%, 5ms/98.9%, 10ms/99.1%, 20ms/99.2%, 50ms/99.3%, 100ms/99.5%
[0.358s][info][gc,marking  ] GC(26) Y: Mark: 2 stripe(s), 1 proactive flush(es), 1 terminate flush(es), 0 completion(s), 0 continuation(s) 
[0.358s][info][gc,nmethod  ] GC(26) Y: NMethods: 287 registered, 11 unregistered
[0.358s][info][gc,metaspace] GC(26) Y: Metaspace: 0M used, 0M committed, 1088M reserved
[0.358s][info][gc,reloc    ] GC(26) Y:                        Candidates     Selected     In-Place         Size        Empty    Relocated 
[0.359s][info][gc,reloc    ] GC(26) Y: Small Pages:                    0            0            0           0M           0M           0M 
[0.359s][info][gc,reloc    ] GC(26) Y: Medium Pages:                   0            0            0           0M           0M           0M 
[0.359s][info][gc,reloc    ] GC(26) Y: Large Pages:                    1            0            0           2M           0M           0M 
[0.359s][info][gc,reloc    ] GC(26) Y: Forwarding Usage: 0M
[0.359s][info][gc,reloc    ] GC(26) Y: Age Table:
[0.359s][info][gc,reloc    ] GC(26) Y:                    Live             Garbage             Small              Medium             Large        
[0.359s][info][gc,reloc    ] GC(26) Y: Eden                -                 0M (0%)           0 / 0              0 / 0              0 / 0        
[0.359s][info][gc,reloc    ] GC(26) Y: Survivor 1         2M (1%)            0M (0%)           0 / 0              0 / 0              1 / 0        
[0.359s][info][gc,heap     ] GC(26) Y: Min Capacity: 8M(3%)
[0.359s][info][gc,heap     ] GC(26) Y: Max Capacity: 256M(100%)
[0.359s][info][gc,heap     ] GC(26) Y: Soft Max Capacity: 256M(100%)
[0.359s][info][gc,heap     ] GC(26) Y: Heap Statistics:
[0.359s][info][gc,heap     ] GC(26) Y:                Mark Start          Mark End        Relocate Start      Relocate End           High               Low         
[0.359s][info][gc,heap     ] GC(26) Y:  Capacity:      256M (100%)        256M (100%)        256M (100%)        256M (100%)        256M (100%)        256M (100%)   
[0.359s][info][gc,heap     ] GC(26) Y:      Free:        0M (0%)            0M (0%)            0M (0%)            0M (0%)            0M (0%)            0M (0%)     
[0.359s][info][gc,heap     ] GC(26) Y:      Used:      256M (100%)        256M (100%)        256M (100%)        256M (100%)        256M (100%)        256M (100%)   
[0.359s][info][gc,heap     ] GC(26) Y: Young Generation Statistics:
[0.359s][info][gc,heap     ] GC(26) Y:                Mark Start          Mark End        Relocate Start      Relocate End    
[0.359s][info][gc,heap     ] GC(26) Y:      Used:        2M (1%)            2M (1%)            0M (0%)            0M (0%)     
[0.359s][info][gc,heap     ] GC(26) Y:      Live:         -                 2M (1%)            0M (0%)            0M (0%)     
[0.359s][info][gc,heap     ] GC(26) Y:   Garbage:         -                 0M (0%)            0M (0%)            0M (0%)     
[0.359s][info][gc,heap     ] GC(26) Y: Allocated:         -                 0M (0%)            0M (0%)            0M (0%)     
[0.359s][info][gc,heap     ] GC(26) Y: Reclaimed:         -                  -                 0M (0%)            0M (0%)     
[0.359s][info][gc,heap     ] GC(26) Y:  Promoted:         -                  -                 2M (1%)            2M (1%)     
[0.359s][info][gc,heap     ] GC(26) Y: Compacted:         -                  -                  -                 0M (0%)     
[0.359s][info][gc,phases   ] GC(26) Y: Young Generation (Promote All) 256M(100%)->256M(100%) 0.001s
[0.359s][info][gc,phases   ] GC(26) Y: Young Generation (Collect Roots)
[0.359s][info][gc,phases   ] GC(26) Y: Pause Mark Start (Major) 0.005ms
[0.359s][info][gc,phases   ] GC(26) Y: Concurrent Mark 0.504ms
[0.359s][info][gc,phases   ] GC(26) Y: Pause Mark End 0.004ms
[0.359s][info][gc,phases   ] GC(26) Y: Concurrent Mark Free 0.000ms
[0.359s][info][gc,phases   ] GC(26) Y: Concurrent Reset Relocation Set 0.001ms
[0.359s][info][gc,reloc    ] GC(26) Y: Using tenuring threshold: 0 (Computed)
[0.359s][info][gc,phases   ] GC(26) Y: Concurrent Select Relocation Set 0.068ms
[0.359s][info][gc,phases   ] GC(26) Y: Pause Relocate Start 0.003ms
[0.360s][info][gc,phases   ] GC(26) Y: Concurrent Relocate 0.038ms
[0.360s][info][gc,alloc    ] GC(26) Y:                         Mark Start        Mark End      Relocate Start    Relocate End   
[0.360s][info][gc,alloc    ] GC(26) Y: Allocation Stalls:          1                1                1                1         
[0.360s][info][gc,load     ] GC(26) Y: Load: 0.00 (0%) / 0.00 (0%) / 0.00 (0%)
[0.360s][info][gc,mmu      ] GC(26) Y: MMU: 2ms/98.4%, 5ms/98.9%, 10ms/99.1%, 20ms/99.2%, 50ms/99.3%, 100ms/99.5%
[0.360s][info][gc,marking  ] GC(26) Y: Mark: 2 stripe(s), 1 proactive flush(es), 1 terminate flush(es), 0 completion(s), 0 continuation(s) 
[0.360s][info][gc,nmethod  ] GC(26) Y: NMethods: 287 registered, 11 unregistered
[0.360s][info][gc,metaspace] GC(26) Y: Metaspace: 0M used, 0M committed, 1088M reserved
[0.360s][info][gc,heap     ] GC(26) Y: Min Capacity: 8M(3%)
[0.360s][info][gc,heap     ] GC(26) Y: Max Capacity: 256M(100%)
[0.360s][info][gc,heap     ] GC(26) Y: Soft Max Capacity: 256M(100%)
[0.360s][info][gc,heap     ] GC(26) Y: Heap Statistics:
[0.360s][info][gc,heap     ] GC(26) Y:                Mark Start          Mark End        Relocate Start      Relocate End           High               Low         
[0.360s][info][gc,heap     ] GC(26) Y:  Capacity:      256M (100%)        256M (100%)        256M (100%)        256M (100%)        256M (100%)        256M (100%)   
[0.360s][info][gc,heap     ] GC(26) Y:      Free:        0M (0%)            0M (0%)            0M (0%)            0M (0%)            0M (0%)            0M (0%)     
[0.360s][info][gc,heap     ] GC(26) Y:      Used:      256M (100%)        256M (100%)        256M (100%)        256M (100%)        256M (100%)        256M (100%)   
[0.360s][info][gc,heap     ] GC(26) Y: Young Generation Statistics:
[0.360s][info][gc,heap     ] GC(26) Y:                Mark Start          Mark End        Relocate Start      Relocate End    
[0.360s][info][gc,heap     ] GC(26) Y:      Used:        0M (0%)            0M (0%)            0M (0%)            0M (0%)     
[0.360s][info][gc,heap     ] GC(26) Y:      Live:         -                 0M (0%)            0M (0%)            0M (0%)     
[0.360s][info][gc,heap     ] GC(26) Y:   Garbage:         -                 0M (0%)            0M (0%)            0M (0%)     
[0.360s][info][gc,heap     ] GC(26) Y: Allocated:         -                 0M (0%)            0M (0%)            0M (0%)     
[0.360s][info][gc,heap     ] GC(26) Y: Reclaimed:         -                  -                 0M (0%)            0M (0%)     
[0.360s][info][gc,heap     ] GC(26) Y:  Promoted:         -                  -                 0M (0%)            0M (0%)     
[0.360s][info][gc,heap     ] GC(26) Y: Compacted:         -                  -                  -                 0M (0%)     
[0.360s][info][gc,phases   ] GC(26) Y: Young Generation (Collect Roots) 256M(100%)->256M(100%) 0.001s
[0.360s][info][gc,phases   ] GC(26) O: Old Generation
[0.361s][info][gc,phases   ] GC(26) O: Concurrent Mark 1.195ms
[0.361s][info][gc,phases   ] GC(26) O: Pause Mark End 0.006ms
[0.361s][info][gc,phases   ] GC(26) O: Concurrent Mark Free 0.001ms
[0.361s][info][gc,ref      ] GC(26) O: Clearing All SoftReferences
[0.361s][info][gc,phases   ] GC(26) O: Concurrent Process Non-Strong 0.258ms
[0.361s][info][gc,phases   ] GC(26) O: Concurrent Reset Relocation Set 0.000ms
[0.361s][info][gc,phases   ] GC(26) O: Concurrent Select Relocation Set 0.021ms
[0.361s][info][gc,task     ] GC(26) O: Using 2 Workers for Old Generation
[0.362s][info][gc,task     ] GC(26) O: Using 2 Workers for Old Generation
[0.362s][info][gc,phases   ] GC(26) O: Concurrent Remap Roots 0.322ms
[0.362s][info][gc,phases   ] GC(26) O: Pause Relocate Start 0.004ms
[0.362s][info][gc,phases   ] GC(26) O: Concurrent Relocate 0.043ms
[0.362s][info][gc,alloc    ] GC(26) O:                         Mark Start        Mark End      Relocate Start    Relocate End   
[0.362s][info][gc,alloc    ] GC(26) O: Allocation Stalls:          1                1                1                1         
[0.362s][info][gc,load     ] GC(26) O: Load: 0.00 (0%) / 0.00 (0%) / 0.00 (0%)
[0.362s][info][gc,mmu      ] GC(26) O: MMU: 2ms/98.4%, 5ms/98.9%, 10ms/99.1%, 20ms/99.2%, 50ms/99.3%, 100ms/99.5%
[0.362s][info][gc,marking  ] GC(26) O: Mark: 2 stripe(s), 1 proactive flush(es), 1 terminate flush(es), 0 completion(s), 0 continuation(s) 
[0.362s][info][gc,nmethod  ] GC(26) O: NMethods: 287 registered, 11 unregistered
[0.362s][info][gc,metaspace] GC(26) O: Metaspace: 0M used, 0M committed, 1088M reserved
[0.362s][info][gc,ref      ] GC(26) O:                       Encountered   Discovered     Enqueued 
[0.362s][info][gc,ref      ] GC(26) O: Soft References:               35           21            0 
[0.362s][info][gc,ref      ] GC(26) O: Weak References:               73           47            0 
[0.362s][info][gc,ref      ] GC(26) O: Final References:               0            0            0 
[0.362s][info][gc,ref      ] GC(26) O: Phantom References:             1            0            0 
[0.362s][info][gc,reloc    ] GC(26) O:                        Candidates     Selected     In-Place         Size        Empty    Relocated 
[0.362s][info][gc,reloc    ] GC(26) O: Small Pages:                    1            0            0           2M           0M           0M 
[0.362s][info][gc,reloc    ] GC(26) O: Medium Pages:                   0            0            0           0M           0M           0M 
[0.362s][info][gc,reloc    ] GC(26) O: Large Pages:                  127            0            0         254M           0M           0M 
[0.362s][info][gc,reloc    ] GC(26) O: Forwarding Usage: 0M
[0.362s][info][gc,heap     ] GC(26) O: Min Capacity: 8M(3%)
[0.362s][info][gc,heap     ] GC(26) O: Max Capacity: 256M(100%)
[0.362s][info][gc,heap     ] GC(26) O: Soft Max Capacity: 256M(100%)
[0.362s][info][gc,heap     ] GC(26) O: Heap Statistics:
[0.362s][info][gc,heap     ] GC(26) O:                Mark Start          Mark End        Relocate Start      Relocate End           High               Low         
[0.362s][info][gc,heap     ] GC(26) O:  Capacity:      256M (100%)        256M (100%)        256M (100%)        256M (100%)        256M (100%)        256M (100%)   
[0.362s][info][gc,heap     ] GC(26) O:      Free:        0M (0%)            0M (0%)            0M (0%)            0M (0%)            0M (0%)            0M (0%)     
[0.362s][info][gc,heap     ] GC(26) O:      Used:      256M (100%)        256M (100%)        256M (100%)        256M (100%)        256M (100%)        256M (100%)   
[0.362s][info][gc,heap     ] GC(26) O: Old Generation Statistics:
[0.362s][info][gc,heap     ] GC(26) O:                Mark Start          Mark End        Relocate Start      Relocate End    
[0.362s][info][gc,heap     ] GC(26) O:      Used:      256M (100%)        256M (100%)        256M (100%)        256M (100%)   
[0.362s][info][gc,heap     ] GC(26) O:      Live:         -               255M (100%)        255M (100%)        255M (100%)   
[0.362s][info][gc,heap     ] GC(26) O:   Garbage:         -                 0M (0%)            0M (0%)            0M (0%)     
[0.362s][info][gc,heap     ] GC(26) O: Allocated:         -                 0M (0%)            0M (0%)            0M (0%)     
[0.362s][info][gc,heap     ] GC(26) O: Reclaimed:         -                  -                 0M (0%)            0M (0%)     
[0.362s][info][gc,heap     ] GC(26) O: Compacted:         -                  -                  -                 0M (0%)     
[0.362s][info][gc,phases   ] GC(26) O: Old Generation 256M(100%)->256M(100%) 0.002s
[0.362s][info][gc          ] GC(26) Major Collection (Allocation Stall) 256M(100%)->256M(100%) 0.004s
[0.362s][info][gc          ] Allocation Stall (main) 6.085ms
[0.362s][info][gc          ] GC(27) Minor Collection (Allocation Stall)
[0.362s][info][gc,task     ] GC(27) Using 2 Workers for Young Generation
[0.362s][info][gc,phases   ] GC(27) y: Young Generation
[0.362s][info][gc,phases   ] GC(27) y: Pause Mark Start 0.005ms
[0.363s][info][gc,phases   ] GC(27) y: Concurrent Mark 0.488ms
[0.363s][info][gc,phases   ] GC(27) y: Pause Mark End 0.006ms
[0.363s][info][gc,phases   ] GC(27) y: Concurrent Mark Free 0.000ms
[0.363s][info][gc,phases   ] GC(27) y: Concurrent Reset Relocation Set 0.000ms
[0.363s][info][gc,reloc    ] GC(27) y: Using tenuring threshold: 0 (Computed)
[0.363s][info][gc,phases   ] GC(27) y: Concurrent Select Relocation Set 0.116ms
[0.363s][info][gc,phases   ] GC(27) y: Pause Relocate Start 0.004ms
[0.363s][info][gc,phases   ] GC(27) y: Concurrent Relocate 0.072ms
[0.363s][info][gc,alloc    ] GC(27) y:                         Mark Start        Mark End      Relocate Start    Relocate End   
[0.363s][info][gc,alloc    ] GC(27) y: Allocation Stalls:          1                1                1                1         
[0.363s][info][gc,load     ] GC(27) y: Load: 0.00 (0%) / 0.00 (0%) / 0.00 (0%)
[0.363s][info][gc,mmu      ] GC(27) y: MMU: 2ms/98.4%, 5ms/98.9%, 10ms/99.1%, 20ms/99.2%, 50ms/99.3%, 100ms/99.5%
[0.363s][info][gc,marking  ] GC(27) y: Mark: 2 stripe(s), 1 proactive flush(es), 1 terminate flush(es), 0 completion(s), 0 continuation(s) 
[0.363s][info][gc,nmethod  ] GC(27) y: NMethods: 287 registered, 11 unregistered
[0.363s][info][gc,metaspace] GC(27) y: Metaspace: 0M used, 0M committed, 1088M reserved
[0.363s][info][gc,heap     ] GC(27) y: Min Capacity: 8M(3%)
[0.363s][info][gc,heap     ] GC(27) y: Max Capacity: 256M(100%)
[0.363s][info][gc,heap     ] GC(27) y: Soft Max Capacity: 256M(100%)
[0.363s][info][gc,heap     ] GC(27) y: Heap Statistics:
[0.363s][info][gc,heap     ] GC(27) y:                Mark Start          Mark End        Relocate Start      Relocate End           High               Low         
[0.363s][info][gc,heap     ] GC(27) y:  Capacity:      256M (100%)        256M (100%)        256M (100%)        256M (100%)        256M (100%)        256M (100%)   
[0.363s][info][gc,heap     ] GC(27) y:      Free:        0M (0%)            0M (0%)            0M (0%)            0M (0%)            0M (0%)            0M (0%)     
[0.363s][info][gc,heap     ] GC(27) y:      Used:      256M (100%)        256M (100%)        256M (100%)        256M (100%)        256M (100%)        256M (100%)   
[0.363s][info][gc,heap     ] GC(27) y: Young Generation Statistics:
[0.363s][info][gc,heap     ] GC(27) y:                Mark Start          Mark End        Relocate Start      Relocate End    
[0.363s][info][gc,heap     ] GC(27) y:      Used:        0M (0%)            0M (0%)            0M (0%)            0M (0%)     
[0.363s][info][gc,heap     ] GC(27) y:      Live:         -                 0M (0%)            0M (0%)            0M (0%)     
[0.363s][info][gc,heap     ] GC(27) y:   Garbage:         -                 0M (0%)            0M (0%)            0M (0%)     
[0.363s][info][gc,heap     ] GC(27) y: Allocated:         -                 0M (0%)            0M (0%)            0M (0%)     
[0.363s][info][gc,heap     ] GC(27) y: Reclaimed:         -                  -                 0M (0%)            0M (0%)     
[0.363s][info][gc,heap     ] GC(27) y:  Promoted:         -                  -                 0M (0%)            0M (0%)     
[0.363s][info][gc,heap     ] GC(27) y: Compacted:         -                  -                  -                 0M (0%)     
[0.363s][info][gc,phases   ] GC(27) y: Young Generation 256M(100%)->256M(100%) 0.001s
[0.363s][info][gc          ] GC(27) Minor Collection (Allocation Stall) 256M(100%)->256M(100%) 0.001s
[0.363s][info][gc          ] GC(28) Major Collection (Allocation Stall)
[0.363s][info][gc,task     ] GC(28) Using 2 Workers for Young Generation
[0.363s][info][gc,task     ] GC(28) Using 2 Workers for Old Generation
[0.363s][info][gc,phases   ] GC(28) Y: Young Generation (Promote All)
[0.364s][info][gc,phases   ] GC(28) Y: Pause Mark Start 0.005ms
[0.364s][info][gc,phases   ] GC(28) Y: Concurrent Mark 0.575ms
[0.364s][info][gc,phases   ] GC(28) Y: Pause Mark End 0.013ms
[0.364s][info][gc,phases   ] GC(28) Y: Concurrent Mark Free 0.001ms
[0.364s][info][gc,phases   ] GC(28) Y: Concurrent Reset Relocation Set 0.000ms
[0.364s][info][gc,reloc    ] GC(28) Y: Using tenuring threshold: 0 (Promote All)
[0.364s][info][gc,phases   ] GC(28) Y: Concurrent Select Relocation Set 0.128ms
[0.364s][info][gc,phases   ] GC(28) Y: Pause Relocate Start 0.005ms
[0.365s][info][gc,phases   ] GC(28) Y: Concurrent Relocate 0.052ms
[0.365s][info][gc,alloc    ] GC(28) Y:                         Mark Start        Mark End      Relocate Start    Relocate End   
[0.365s][info][gc,alloc    ] GC(28) Y: Allocation Stalls:          1                1                1                1         
[0.365s][info][gc,load     ] GC(28) Y: Load: 0.00 (0%) / 0.00 (0%) / 0.00 (0%)
[0.365s][info][gc,mmu      ] GC(28) Y: MMU: 2ms/98.4%, 5ms/98.9%, 10ms/99.0%, 20ms/99.2%, 50ms/99.3%, 100ms/99.5%
[0.365s][info][gc,marking  ] GC(28) Y: Mark: 2 stripe(s), 1 proactive flush(es), 1 terminate flush(es), 0 completion(s), 0 continuation(s) 
[0.365s][info][gc,nmethod  ] GC(28) Y: NMethods: 287 registered, 11 unregistered
[0.365s][info][gc,metaspace] GC(28) Y: Metaspace: 0M used, 0M committed, 1088M reserved
[0.365s][info][gc,heap     ] GC(28) Y: Min Capacity: 8M(3%)
[0.365s][info][gc,heap     ] GC(28) Y: Max Capacity: 256M(100%)
[0.365s][info][gc,heap     ] GC(28) Y: Soft Max Capacity: 256M(100%)
[0.365s][info][gc,heap     ] GC(28) Y: Heap Statistics:
[0.365s][info][gc,heap     ] GC(28) Y:                Mark Start          Mark End        Relocate Start      Relocate End           High               Low         
[0.365s][info][gc,heap     ] GC(28) Y:  Capacity:      256M (100%)        256M (100%)        256M (100%)        256M (100%)        256M (100%)        256M (100%)   
[0.365s][info][gc,heap     ] GC(28) Y:      Free:        0M (0%)            0M (0%)            0M (0%)            0M (0%)            0M (0%)            0M (0%)     
[0.365s][info][gc,heap     ] GC(28) Y:      Used:      256M (100%)        256M (100%)        256M (100%)        256M (100%)        256M (100%)        256M (100%)   
[0.365s][info][gc,heap     ] GC(28) Y: Young Generation Statistics:
[0.365s][info][gc,heap     ] GC(28) Y:                Mark Start          Mark End        Relocate Start      Relocate End    
[0.365s][info][gc,heap     ] GC(28) Y:      Used:        0M (0%)            0M (0%)            0M (0%)            0M (0%)     
[0.365s][info][gc,heap     ] GC(28) Y:      Live:         -                 0M (0%)            0M (0%)            0M (0%)     
[0.365s][info][gc,heap     ] GC(28) Y:   Garbage:         -                 0M (0%)            0M (0%)            0M (0%)     
[0.365s][info][gc,heap     ] GC(28) Y: Allocated:         -                 0M (0%)            0M (0%)            0M (0%)     
[0.365s][info][gc,heap     ] GC(28) Y: Reclaimed:         -                  -                 0M (0%)            0M (0%)     
[0.365s][info][gc,heap     ] GC(28) Y:  Promoted:         -                  -                 0M (0%)            0M (0%)     
[0.365s][info][gc,heap     ] GC(28) Y: Compacted:         -                  -                  -                 0M (0%)     
[0.365s][info][gc,phases   ] GC(28) Y: Young Generation (Promote All) 256M(100%)->256M(100%) 0.001s
[0.365s][info][gc,phases   ] GC(28) Y: Young Generation (Collect Roots)
[0.365s][info][gc,phases   ] GC(28) Y: Pause Mark Start (Major) 0.006ms
[0.365s][info][gc,phases   ] GC(28) Y: Concurrent Mark 0.628ms
[0.365s][info][gc,phases   ] GC(28) Y: Pause Mark End 0.005ms
[0.366s][info][gc,phases   ] GC(28) Y: Concurrent Mark Free 0.000ms
[0.366s][info][gc,phases   ] GC(28) Y: Concurrent Reset Relocation Set 0.000ms
[0.366s][info][gc,reloc    ] GC(28) Y: Using tenuring threshold: 0 (Computed)
[0.366s][info][gc,phases   ] GC(28) Y: Concurrent Select Relocation Set 0.063ms
[0.366s][info][gc,phases   ] GC(28) Y: Pause Relocate Start 0.003ms
[0.366s][info][gc,phases   ] GC(28) Y: Concurrent Relocate 0.039ms
[0.366s][info][gc,alloc    ] GC(28) Y:                         Mark Start        Mark End      Relocate Start    Relocate End   
[0.366s][info][gc,alloc    ] GC(28) Y: Allocation Stalls:          1                1                1                1         
[0.366s][info][gc,load     ] GC(28) Y: Load: 0.00 (0%) / 0.00 (0%) / 0.00 (0%)
[0.366s][info][gc,mmu      ] GC(28) Y: MMU: 2ms/98.1%, 5ms/98.8%, 10ms/99.0%, 20ms/99.2%, 50ms/99.3%, 100ms/99.5%
[0.366s][info][gc,marking  ] GC(28) Y: Mark: 2 stripe(s), 1 proactive flush(es), 1 terminate flush(es), 0 completion(s), 0 continuation(s) 
[0.366s][info][gc,nmethod  ] GC(28) Y: NMethods: 287 registered, 11 unregistered
[0.366s][info][gc,metaspace] GC(28) Y: Metaspace: 0M used, 0M committed, 1088M reserved
[0.366s][info][gc,heap     ] GC(28) Y: Min Capacity: 8M(3%)
[0.366s][info][gc,heap     ] GC(28) Y: Max Capacity: 256M(100%)
[0.366s][info][gc,heap     ] GC(28) Y: Soft Max Capacity: 256M(100%)
[0.366s][info][gc,heap     ] GC(28) Y: Heap Statistics:
[0.366s][info][gc,heap     ] GC(28) Y:                Mark Start          Mark End        Relocate Start      Relocate End           High               Low         
[0.366s][info][gc,heap     ] GC(28) Y:  Capacity:      256M (100%)        256M (100%)        256M (100%)        256M (100%)        256M (100%)        256M (100%)   
[0.366s][info][gc,heap     ] GC(28) Y:      Free:        0M (0%)            0M (0%)            0M (0%)            0M (0%)            0M (0%)            0M (0%)     
[0.366s][info][gc,heap     ] GC(28) Y:      Used:      256M (100%)        256M (100%)        256M (100%)        256M (100%)        256M (100%)        256M (100%)   
[0.366s][info][gc,heap     ] GC(28) Y: Young Generation Statistics:
[0.366s][info][gc,heap     ] GC(28) Y:                Mark Start          Mark End        Relocate Start      Relocate End    
[0.366s][info][gc,heap     ] GC(28) Y:      Used:        0M (0%)            0M (0%)            0M (0%)            0M (0%)     
[0.366s][info][gc,heap     ] GC(28) Y:      Live:         -                 0M (0%)            0M (0%)            0M (0%)     
[0.366s][info][gc,heap     ] GC(28) Y:   Garbage:         -                 0M (0%)            0M (0%)            0M (0%)     
[0.366s][info][gc,heap     ] GC(28) Y: Allocated:         -                 0M (0%)            0M (0%)            0M (0%)     
[0.366s][info][gc,heap     ] GC(28) Y: Reclaimed:         -                  -                 0M (0%)            0M (0%)     
[0.366s][info][gc,heap     ] GC(28) Y:  Promoted:         -                  -                 0M (0%)            0M (0%)     
[0.366s][info][gc,heap     ] GC(28) Y: Compacted:         -                  -                  -                 0M (0%)     
[0.366s][info][gc,phases   ] GC(28) Y: Young Generation (Collect Roots) 256M(100%)->256M(100%) 0.001s
[0.366s][info][gc,phases   ] GC(28) O: Old Generation
[0.367s][info][gc,phases   ] GC(28) O: Concurrent Mark 1.197ms
[0.367s][info][gc,phases   ] GC(28) O: Pause Mark End 0.005ms
[0.367s][info][gc,phases   ] GC(28) O: Concurrent Mark Free 0.001ms
[0.367s][info][gc,ref      ] GC(28) O: Clearing All SoftReferences
[0.367s][info][gc,phases   ] GC(28) O: Concurrent Process Non-Strong 0.245ms
[0.367s][info][gc,phases   ] GC(28) O: Concurrent Reset Relocation Set 0.000ms
[0.368s][info][gc,phases   ] GC(28) O: Concurrent Select Relocation Set 0.021ms
[0.368s][info][gc,task     ] GC(28) O: Using 2 Workers for Old Generation
[0.368s][info][gc,task     ] GC(28) O: Using 2 Workers for Old Generation
[0.368s][info][gc,phases   ] GC(28) O: Concurrent Remap Roots 0.304ms
[0.368s][info][gc,phases   ] GC(28) O: Pause Relocate Start 0.004ms
[0.368s][info][gc,phases   ] GC(28) O: Concurrent Relocate 0.026ms
[0.368s][info][gc,alloc    ] GC(28) O:                         Mark Start        Mark End      Relocate Start    Relocate End   
[0.368s][info][gc,alloc    ] GC(28) O: Allocation Stalls:          1                1                1                1         
[0.368s][info][gc,load     ] GC(28) O: Load: 0.00 (0%) / 0.00 (0%) / 0.00 (0%)
[0.368s][info][gc,mmu      ] GC(28) O: MMU: 2ms/98.1%, 5ms/98.8%, 10ms/99.0%, 20ms/99.1%, 50ms/99.3%, 100ms/99.5%
[0.368s][info][gc,marking  ] GC(28) O: Mark: 2 stripe(s), 1 proactive flush(es), 1 terminate flush(es), 0 completion(s), 0 continuation(s) 
[0.368s][info][gc,nmethod  ] GC(28) O: NMethods: 287 registered, 11 unregistered
[0.368s][info][gc,metaspace] GC(28) O: Metaspace: 0M used, 0M committed, 1088M reserved
[0.368s][info][gc,ref      ] GC(28) O:                       Encountered   Discovered     Enqueued 
[0.368s][info][gc,ref      ] GC(28) O: Soft References:               35           11            0 
[0.368s][info][gc,ref      ] GC(28) O: Weak References:               73           54            0 
[0.368s][info][gc,ref      ] GC(28) O: Final References:               0            0            0 
[0.368s][info][gc,ref      ] GC(28) O: Phantom References:             1            0            0 
[0.368s][info][gc,reloc    ] GC(28) O:                        Candidates     Selected     In-Place         Size        Empty    Relocated 
[0.368s][info][gc,reloc    ] GC(28) O: Small Pages:                    1            0            0           2M           0M           0M 
[0.368s][info][gc,reloc    ] GC(28) O: Medium Pages:                   0            0            0           0M           0M           0M 
[0.368s][info][gc,reloc    ] GC(28) O: Large Pages:                  127            0            0         254M           0M           0M 
[0.368s][info][gc,reloc    ] GC(28) O: Forwarding Usage: 0M
[0.368s][info][gc,heap     ] GC(28) O: Min Capacity: 8M(3%)
[0.368s][info][gc,heap     ] GC(28) O: Max Capacity: 256M(100%)
[0.368s][info][gc,heap     ] GC(28) O: Soft Max Capacity: 256M(100%)
[0.368s][info][gc,heap     ] GC(28) O: Heap Statistics:
[0.368s][info][gc,heap     ] GC(28) O:                Mark Start          Mark End        Relocate Start      Relocate End           High               Low         
[0.368s][info][gc,heap     ] GC(28) O:  Capacity:      256M (100%)        256M (100%)        256M (100%)        256M (100%)        256M (100%)        256M (100%)   
[0.368s][info][gc,heap     ] GC(28) O:      Free:        0M (0%)            0M (0%)            0M (0%)            0M (0%)            0M (0%)            0M (0%)     
[0.368s][info][gc,heap     ] GC(28) O:      Used:      256M (100%)        256M (100%)        256M (100%)        256M (100%)        256M (100%)        256M (100%)   
[0.368s][info][gc,heap     ] GC(28) O: Old Generation Statistics:
[0.368s][info][gc,heap     ] GC(28) O:                Mark Start          Mark End        Relocate Start      Relocate End    
[0.368s][info][gc,heap     ] GC(28) O:      Used:      256M (100%)        256M (100%)        256M (100%)        256M (100%)   
[0.368s][info][gc,heap     ] GC(28) O:      Live:         -               255M (100%)        255M (100%)        255M (100%)   
[0.368s][info][gc,heap     ] GC(28) O:   Garbage:         -                 0M (0%)            0M (0%)            0M (0%)     
[0.368s][info][gc,heap     ] GC(28) O: Allocated:         -                 0M (0%)            0M (0%)            0M (0%)     
[0.368s][info][gc,heap     ] GC(28) O: Reclaimed:         -                  -                 0M (0%)            0M (0%)     
[0.368s][info][gc,heap     ] GC(28) O: Compacted:         -                  -                  -                 0M (0%)     
[0.368s][info][gc,phases   ] GC(28) O: Old Generation 256M(100%)->256M(100%) 0.002s
[0.368s][info][gc          ] GC(28) Major Collection (Allocation Stall) 256M(100%)->256M(100%) 0.005s
[0.368s][info][gc          ] Allocation Stall (main) 6.091ms
[0.368s][info][gc          ] Out Of Memory (main)
[0.368s][info][gc          ] GC(29) Minor Collection (Allocation Stall)
[0.368s][info][gc,task     ] GC(29) Using 2 Workers for Young Generation
[0.368s][info][gc,phases   ] GC(29) y: Young Generation
[0.368s][info][gc,phases   ] GC(29) y: Pause Mark Start 0.005ms
[0.369s][info][gc,phases   ] GC(29) y: Concurrent Mark 0.413ms
[0.369s][info][gc,phases   ] GC(29) y: Pause Mark End 0.004ms
[0.369s][info][gc,phases   ] GC(29) y: Concurrent Mark Free 0.000ms
[0.369s][info][gc,phases   ] GC(29) y: Concurrent Reset Relocation Set 0.000ms
[0.369s][info][gc,reloc    ] GC(29) y: Using tenuring threshold: 0 (Computed)
[0.369s][info][gc,phases   ] GC(29) y: Concurrent Select Relocation Set 0.071ms
[0.369s][info][gc,phases   ] GC(29) y: Pause Relocate Start 0.003ms
[0.369s][info][gc,phases   ] GC(29) y: Concurrent Relocate 0.043ms
[0.369s][info][gc,alloc    ] GC(29) y:                         Mark Start        Mark End      Relocate Start    Relocate End   
[0.369s][info][gc,alloc    ] GC(29) y: Allocation Stalls:          1                1                1                1         
[0.369s][info][gc,load     ] GC(29) y: Load: 0.00 (0%) / 0.00 (0%) / 0.00 (0%)
[0.369s][info][gc,mmu      ] GC(29) y: MMU: 2ms/98.1%, 5ms/98.8%, 10ms/99.0%, 20ms/99.1%, 50ms/99.3%, 100ms/99.5%
[0.369s][info][gc,marking  ] GC(29) y: Mark: 2 stripe(s), 1 proactive flush(es), 1 terminate flush(es), 0 completion(s), 0 continuation(s) 
[0.369s][info][gc,nmethod  ] GC(29) y: NMethods: 287 registered, 11 unregistered
[0.369s][info][gc,metaspace] GC(29) y: Metaspace: 0M used, 0M committed, 1088M reserved
[0.369s][info][gc,heap     ] GC(29) y: Min Capacity: 8M(3%)
[0.369s][info][gc,heap     ] GC(29) y: Max Capacity: 256M(100%)
[0.369s][info][gc,heap     ] GC(29) y: Soft Max Capacity: 256M(100%)
[0.369s][info][gc,heap     ] GC(29) y: Heap Statistics:
[0.369s][info][gc,heap     ] GC(29) y:                Mark Start          Mark End        Relocate Start      Relocate End           High               Low         
[0.369s][info][gc,heap     ] GC(29) y:  Capacity:      256M (100%)        256M (100%)        256M (100%)        256M (100%)        256M (100%)        256M (100%)   
[0.369s][info][gc,heap     ] GC(29) y:      Free:        0M (0%)            0M (0%)            0M (0%)            0M (0%)            0M (0%)            0M (0%)     
[0.369s][info][gc,heap     ] GC(29) y:      Used:      256M (100%)        256M (100%)        256M (100%)        256M (100%)        256M (100%)        256M (100%)   
[0.369s][info][gc,heap     ] GC(29) y: Young Generation Statistics:
[0.369s][info][gc,heap     ] GC(29) y:                Mark Start          Mark End        Relocate Start      Relocate End    
[0.369s][info][gc,heap     ] GC(29) y:      Used:        0M (0%)            0M (0%)            0M (0%)            0M (0%)     
[0.369s][info][gc,heap     ] GC(29) y:      Live:         -                 0M (0%)            0M (0%)            0M (0%)     
[0.369s][info][gc,heap     ] GC(29) y:   Garbage:         -                 0M (0%)            0M (0%)            0M (0%)     
[0.369s][info][gc,heap     ] GC(29) y: Allocated:         -                 0M (0%)            0M (0%)            0M (0%)     
[0.369s][info][gc,heap     ] GC(29) y: Reclaimed:         -                  -                 0M (0%)            0M (0%)     
[0.369s][info][gc,heap     ] GC(29) y:  Promoted:         -                  -                 0M (0%)            0M (0%)     
[0.369s][info][gc,heap     ] GC(29) y: Compacted:         -                  -                  -                 0M (0%)     
[0.369s][info][gc,phases   ] GC(29) y: Young Generation 256M(100%)->256M(100%) 0.001s
[0.369s][info][gc          ] GC(29) Minor Collection (Allocation Stall) 256M(100%)->256M(100%) 0.001s
[0.369s][info][gc          ] GC(30) Major Collection (Allocation Stall)
[0.369s][info][gc,task     ] GC(30) Using 2 Workers for Young Generation
[0.369s][info][gc,task     ] GC(30) Using 2 Workers for Old Generation
[0.369s][info][gc,phases   ] GC(30) Y: Young Generation (Promote All)
[0.369s][info][gc,phases   ] GC(30) Y: Pause Mark Start 0.004ms
[0.370s][info][gc,phases   ] GC(30) Y: Concurrent Mark 0.403ms
[0.370s][info][gc,phases   ] GC(30) Y: Pause Mark End 0.004ms
[0.370s][info][gc,phases   ] GC(30) Y: Concurrent Mark Free 0.000ms
[0.370s][info][gc,phases   ] GC(30) Y: Concurrent Reset Relocation Set 0.000ms
[0.370s][info][gc,reloc    ] GC(30) Y: Using tenuring threshold: 0 (Promote All)
[0.370s][info][gc,phases   ] GC(30) Y: Concurrent Select Relocation Set 0.074ms
[0.370s][info][gc,phases   ] GC(30) Y: Pause Relocate Start 0.003ms
[0.370s][info][gc,phases   ] GC(30) Y: Concurrent Relocate 0.039ms
[0.370s][info][gc,alloc    ] GC(30) Y:                         Mark Start        Mark End      Relocate Start    Relocate End   
[0.370s][info][gc,alloc    ] GC(30) Y: Allocation Stalls:          1                1                1                1         
[0.370s][info][gc,load     ] GC(30) Y: Load: 0.00 (0%) / 0.00 (0%) / 0.00 (0%)
[0.370s][info][gc,mmu      ] GC(30) Y: MMU: 2ms/98.1%, 5ms/98.8%, 10ms/99.0%, 20ms/99.1%, 50ms/99.3%, 100ms/99.4%
[0.370s][info][gc,marking  ] GC(30) Y: Mark: 2 stripe(s), 1 proactive flush(es), 1 terminate flush(es), 0 completion(s), 0 continuation(s) 
[0.370s][info][gc,nmethod  ] GC(30) Y: NMethods: 287 registered, 11 unregistered
[0.370s][info][gc,metaspace] GC(30) Y: Metaspace: 0M used, 0M committed, 1088M reserved
[0.370s][info][gc,heap     ] GC(30) Y: Min Capacity: 8M(3%)
[0.370s][info][gc,heap     ] GC(30) Y: Max Capacity: 256M(100%)
[0.370s][info][gc,heap     ] GC(30) Y: Soft Max Capacity: 256M(100%)
[0.370s][info][gc,heap     ] GC(30) Y: Heap Statistics:
[0.370s][info][gc,heap     ] GC(30) Y:                Mark Start          Mark End        Relocate Start      Relocate End           High               Low         
[0.370s][info][gc,heap     ] GC(30) Y:  Capacity:      256M (100%)        256M (100%)        256M (100%)        256M (100%)        256M (100%)        256M (100%)   
[0.370s][info][gc,heap     ] GC(30) Y:      Free:        0M (0%)            0M (0%)            0M (0%)            0M (0%)            0M (0%)            0M (0%)     
[0.370s][info][gc,heap     ] GC(30) Y:      Used:      256M (100%)        256M (100%)        256M (100%)        256M (100%)        256M (100%)        256M (100%)   
[0.370s][info][gc,heap     ] GC(30) Y: Young Generation Statistics:
[0.370s][info][gc,heap     ] GC(30) Y:                Mark Start          Mark End        Relocate Start      Relocate End    
[0.370s][info][gc,heap     ] GC(30) Y:      Used:        0M (0%)            0M (0%)            0M (0%)            0M (0%)     
[0.370s][info][gc,heap     ] GC(30) Y:      Live:         -                 0M (0%)            0M (0%)            0M (0%)     
[0.370s][info][gc,heap     ] GC(30) Y:   Garbage:         -                 0M (0%)            0M (0%)            0M (0%)     
[0.370s][info][gc,heap     ] GC(30) Y: Allocated:         -                 0M (0%)            0M (0%)            0M (0%)     
[0.370s][info][gc,heap     ] GC(30) Y: Reclaimed:         -                  -                 0M (0%)            0M (0%)     
[0.370s][info][gc,heap     ] GC(30) Y:  Promoted:         -                  -                 0M (0%)            0M (0%)     
[0.370s][info][gc,heap     ] GC(30) Y: Compacted:         -                  -                  -                 0M (0%)     
[0.370s][info][gc,phases   ] GC(30) Y: Young Generation (Promote All) 256M(100%)->256M(100%) 0.001s
[0.370s][info][gc,phases   ] GC(30) Y: Young Generation (Collect Roots)
[0.370s][info][gc,phases   ] GC(30) Y: Pause Mark Start (Major) 0.004ms
[0.371s][info][gc,phases   ] GC(30) Y: Concurrent Mark 0.453ms
[0.371s][info][gc,phases   ] GC(30) Y: Pause Mark End 0.003ms
[0.371s][info][gc,phases   ] GC(30) Y: Concurrent Mark Free 0.000ms
[0.371s][info][gc,phases   ] GC(30) Y: Concurrent Reset Relocation Set 0.000ms
[0.371s][info][gc,reloc    ] GC(30) Y: Using tenuring threshold: 0 (Computed)
[0.371s][info][gc,phases   ] GC(30) Y: Concurrent Select Relocation Set 0.062ms
[0.371s][info][gc,phases   ] GC(30) Y: Pause Relocate Start 0.003ms
[0.371s][info][gc,phases   ] GC(30) Y: Concurrent Relocate 0.037ms
[0.371s][info][gc,alloc    ] GC(30) Y:                         Mark Start        Mark End      Relocate Start    Relocate End   
[0.371s][info][gc,alloc    ] GC(30) Y: Allocation Stalls:          1                1                1                1         
[0.371s][info][gc,load     ] GC(30) Y: Load: 0.00 (0%) / 0.00 (0%) / 0.00 (0%)
[0.371s][info][gc,mmu      ] GC(30) Y: MMU: 2ms/98.1%, 5ms/98.8%, 10ms/99.0%, 20ms/99.1%, 50ms/99.3%, 100ms/99.4%
[0.371s][info][gc,marking  ] GC(30) Y: Mark: 2 stripe(s), 1 proactive flush(es), 1 terminate flush(es), 0 completion(s), 0 continuation(s) 
[0.371s][info][gc,nmethod  ] GC(30) Y: NMethods: 287 registered, 11 unregistered
[0.371s][info][gc,metaspace] GC(30) Y: Metaspace: 0M used, 0M committed, 1088M reserved
[0.371s][info][gc,heap     ] GC(30) Y: Min Capacity: 8M(3%)
[0.371s][info][gc,heap     ] GC(30) Y: Max Capacity: 256M(100%)
[0.371s][info][gc,heap     ] GC(30) Y: Soft Max Capacity: 256M(100%)
[0.371s][info][gc,heap     ] GC(30) Y: Heap Statistics:
[0.371s][info][gc,heap     ] GC(30) Y:                Mark Start          Mark End        Relocate Start      Relocate End           High               Low         
[0.371s][info][gc,heap     ] GC(30) Y:  Capacity:      256M (100%)        256M (100%)        256M (100%)        256M (100%)        256M (100%)        256M (100%)   
[0.371s][info][gc,heap     ] GC(30) Y:      Free:        0M (0%)            0M (0%)            0M (0%)            0M (0%)            0M (0%)            0M (0%)     
[0.371s][info][gc,heap     ] GC(30) Y:      Used:      256M (100%)        256M (100%)        256M (100%)        256M (100%)        256M (100%)        256M (100%)   
[0.371s][info][gc,heap     ] GC(30) Y: Young Generation Statistics:
[0.371s][info][gc,heap     ] GC(30) Y:                Mark Start          Mark End        Relocate Start      Relocate End    
[0.371s][info][gc,heap     ] GC(30) Y:      Used:        0M (0%)            0M (0%)            0M (0%)            0M (0%)     
[0.371s][info][gc,heap     ] GC(30) Y:      Live:         -                 0M (0%)            0M (0%)            0M (0%)     
[0.371s][info][gc,heap     ] GC(30) Y:   Garbage:         -                 0M (0%)            0M (0%)            0M (0%)     
[0.371s][info][gc,heap     ] GC(30) Y: Allocated:         -                 0M (0%)            0M (0%)            0M (0%)     
[0.371s][info][gc,heap     ] GC(30) Y: Reclaimed:         -                  -                 0M (0%)            0M (0%)     
[0.371s][info][gc,heap     ] GC(30) Y:  Promoted:         -                  -                 0M (0%)            0M (0%)     
[0.371s][info][gc,heap     ] GC(30) Y: Compacted:         -                  -                  -                 0M (0%)     
[0.371s][info][gc,phases   ] GC(30) Y: Young Generation (Collect Roots) 256M(100%)->256M(100%) 0.001s
[0.371s][info][gc,phases   ] GC(30) O: Old Generation
[0.372s][info][gc,phases   ] GC(30) O: Concurrent Mark 1.099ms
[0.372s][info][gc,phases   ] GC(30) O: Pause Mark End 0.005ms
[0.372s][info][gc,phases   ] GC(30) O: Concurrent Mark Free 0.002ms
[0.372s][info][gc,ref      ] GC(30) O: Clearing All SoftReferences
[0.373s][info][gc,phases   ] GC(30) O: Concurrent Process Non-Strong 0.242ms
[0.373s][info][gc,phases   ] GC(30) O: Concurrent Reset Relocation Set 0.000ms
[0.373s][info][gc,phases   ] GC(30) O: Concurrent Select Relocation Set 0.024ms
[0.373s][info][gc,task     ] GC(30) O: Using 2 Workers for Old Generation
[0.373s][info][gc,task     ] GC(30) O: Using 2 Workers for Old Generation
[0.373s][info][gc,phases   ] GC(30) O: Concurrent Remap Roots 0.248ms
[0.373s][info][gc,phases   ] GC(30) O: Pause Relocate Start 0.004ms
[0.373s][info][gc,phases   ] GC(30) O: Concurrent Relocate 0.031ms
[0.373s][info][gc,alloc    ] GC(30) O:                         Mark Start        Mark End      Relocate Start    Relocate End   
[0.373s][info][gc,alloc    ] GC(30) O: Allocation Stalls:          1                1                1                1         
[0.373s][info][gc,load     ] GC(30) O: Load: 0.00 (0%) / 0.00 (0%) / 0.00 (0%)
[0.373s][info][gc,mmu      ] GC(30) O: MMU: 2ms/98.1%, 5ms/98.8%, 10ms/99.0%, 20ms/99.1%, 50ms/99.3%, 100ms/99.4%
[0.373s][info][gc,marking  ] GC(30) O: Mark: 2 stripe(s), 1 proactive flush(es), 1 terminate flush(es), 0 completion(s), 0 continuation(s) 
[0.373s][info][gc,nmethod  ] GC(30) O: NMethods: 287 registered, 11 unregistered
[0.373s][info][gc,metaspace] GC(30) O: Metaspace: 0M used, 0M committed, 1088M reserved
[0.373s][info][gc,ref      ] GC(30) O:                       Encountered   Discovered     Enqueued 
[0.373s][info][gc,ref      ] GC(30) O: Soft References:               35           18            0 
[0.373s][info][gc,ref      ] GC(30) O: Weak References:               73           34            0 
[0.373s][info][gc,ref      ] GC(30) O: Final References:               0            0            0 
[0.373s][info][gc,ref      ] GC(30) O: Phantom References:             1            0            0 
[0.373s][info][gc,reloc    ] GC(30) O:                        Candidates     Selected     In-Place         Size        Empty    Relocated 
[0.373s][info][gc,reloc    ] GC(30) O: Small Pages:                    1            0            0           2M           0M           0M 
[0.373s][info][gc,reloc    ] GC(30) O: Medium Pages:                   0            0            0           0M           0M           0M 
[0.373s][info][gc,reloc    ] GC(30) O: Large Pages:                  127            0            0         254M           0M           0M 
[0.373s][info][gc,reloc    ] GC(30) O: Forwarding Usage: 0M
[0.373s][info][gc,heap     ] GC(30) O: Min Capacity: 8M(3%)
[0.373s][info][gc,heap     ] GC(30) O: Max Capacity: 256M(100%)
[0.373s][info][gc,heap     ] GC(30) O: Soft Max Capacity: 256M(100%)
[0.373s][info][gc,heap     ] GC(30) O: Heap Statistics:
[0.373s][info][gc,heap     ] GC(30) O:                Mark Start          Mark End        Relocate Start      Relocate End           High               Low         
[0.373s][info][gc,heap     ] GC(30) O:  Capacity:      256M (100%)        256M (100%)        256M (100%)        256M (100%)        256M (100%)        256M (100%)   
[0.373s][info][gc,heap     ] GC(30) O:      Free:        0M (0%)            0M (0%)            0M (0%)            0M (0%)            0M (0%)            0M (0%)     
[0.373s][info][gc,heap     ] GC(30) O:      Used:      256M (100%)        256M (100%)        256M (100%)        256M (100%)        256M (100%)        256M (100%)   
[0.373s][info][gc,heap     ] GC(30) O: Old Generation Statistics:
[0.373s][info][gc,heap     ] GC(30) O:                Mark Start          Mark End        Relocate Start      Relocate End    
[0.373s][info][gc,heap     ] GC(30) O:      Used:      256M (100%)        256M (100%)        256M (100%)        256M (100%)   
[0.373s][info][gc,heap     ] GC(30) O:      Live:         -               255M (100%)        255M (100%)        255M (100%)   
[0.373s][info][gc,heap     ] GC(30) O:   Garbage:         -                 0M (0%)            0M (0%)            0M (0%)     
[0.373s][info][gc,heap     ] GC(30) O: Allocated:         -                 0M (0%)            0M (0%)            0M (0%)     
[0.373s][info][gc,heap     ] GC(30) O: Reclaimed:         -                  -                 0M (0%)            0M (0%)     
[0.373s][info][gc,heap     ] GC(30) O: Compacted:         -                  -                  -                 0M (0%)     
[0.374s][info][gc,phases   ] GC(30) O: Old Generation 256M(100%)->256M(100%) 0.002s
[0.374s][info][gc          ] GC(30) Major Collection (Allocation Stall) 256M(100%)->256M(100%) 0.004s
[0.374s][info][gc          ] Allocation Stall (main) 5.252ms
[0.374s][info][gc          ] Out Of Memory (main)
[0.374s][info][gc          ] GC(31) Minor Collection (Allocation Stall)
[0.374s][info][gc,task     ] GC(31) Using 2 Workers for Young Generation
[0.374s][info][gc,phases   ] GC(31) y: Young Generation
[0.374s][info][gc,phases   ] GC(31) y: Pause Mark Start 0.005ms
[0.374s][info][gc,phases   ] GC(31) y: Concurrent Mark 0.353ms
[0.374s][info][gc,phases   ] GC(31) y: Pause Mark End 0.004ms
[0.374s][info][gc,phases   ] GC(31) y: Concurrent Mark Free 0.000ms
[0.374s][info][gc,phases   ] GC(31) y: Concurrent Reset Relocation Set 0.000ms
[0.374s][info][gc,reloc    ] GC(31) y: Using tenuring threshold: 0 (Computed)
[0.374s][info][gc,phases   ] GC(31) y: Concurrent Select Relocation Set 0.075ms
[0.374s][info][gc,phases   ] GC(31) y: Pause Relocate Start 0.004ms
[0.374s][info][gc,phases   ] GC(31) y: Concurrent Relocate 0.037ms
[0.374s][info][gc,alloc    ] GC(31) y:                         Mark Start        Mark End      Relocate Start    Relocate End   
[0.374s][info][gc,alloc    ] GC(31) y: Allocation Stalls:          1                1                1                1         
[0.374s][info][gc,load     ] GC(31) y: Load: 0.00 (0%) / 0.00 (0%) / 0.00 (0%)
[0.374s][info][gc,mmu      ] GC(31) y: MMU: 2ms/98.1%, 5ms/98.8%, 10ms/99.0%, 20ms/99.1%, 50ms/99.3%, 100ms/99.4%
[0.374s][info][gc,marking  ] GC(31) y: Mark: 2 stripe(s), 1 proactive flush(es), 1 terminate flush(es), 0 completion(s), 0 continuation(s) 
[0.374s][info][gc,nmethod  ] GC(31) y: NMethods: 287 registered, 11 unregistered
[0.374s][info][gc,metaspace] GC(31) y: Metaspace: 0M used, 0M committed, 1088M reserved
[0.374s][info][gc,heap     ] GC(31) y: Min Capacity: 8M(3%)
[0.374s][info][gc,heap     ] GC(31) y: Max Capacity: 256M(100%)
[0.374s][info][gc,heap     ] GC(31) y: Soft Max Capacity: 256M(100%)
[0.374s][info][gc,heap     ] GC(31) y: Heap Statistics:
[0.374s][info][gc,heap     ] GC(31) y:                Mark Start          Mark End        Relocate Start      Relocate End           High               Low         
[0.374s][info][gc,heap     ] GC(31) y:  Capacity:      256M (100%)        256M (100%)        256M (100%)        256M (100%)        256M (100%)        256M (100%)   
[0.374s][info][gc,heap     ] GC(31) y:      Free:        0M (0%)            0M (0%)            0M (0%)            0M (0%)            0M (0%)            0M (0%)     
[0.374s][info][gc,heap     ] GC(31) y:      Used:      256M (100%)        256M (100%)        256M (100%)        256M (100%)        256M (100%)        256M (100%)   
[0.374s][info][gc,heap     ] GC(31) y: Young Generation Statistics:
[0.374s][info][gc,heap     ] GC(31) y:                Mark Start          Mark End        Relocate Start      Relocate End    
[0.374s][info][gc,heap     ] GC(31) y:      Used:        0M (0%)            0M (0%)            0M (0%)            0M (0%)     
[0.374s][info][gc,heap     ] GC(31) y:      Live:         -                 0M (0%)            0M (0%)            0M (0%)     
[0.375s][info][gc,heap     ] GC(31) y:   Garbage:         -                 0M (0%)            0M (0%)            0M (0%)     
[0.375s][info][gc,heap     ] GC(31) y: Allocated:         -                 0M (0%)            0M (0%)            0M (0%)     
[0.375s][info][gc,heap     ] GC(31) y: Reclaimed:         -                  -                 0M (0%)            0M (0%)     
[0.375s][info][gc,heap     ] GC(31) y:  Promoted:         -                  -                 0M (0%)            0M (0%)     
[0.375s][info][gc,heap     ] GC(31) y: Compacted:         -                  -                  -                 0M (0%)     
[0.375s][info][gc,phases   ] GC(31) y: Young Generation 256M(100%)->256M(100%) 0.001s
[0.375s][info][gc          ] GC(31) Minor Collection (Allocation Stall) 256M(100%)->256M(100%) 0.001s
[0.375s][info][gc          ] GC(32) Major Collection (Allocation Stall)
[0.375s][info][gc,task     ] GC(32) Using 2 Workers for Young Generation
[0.375s][info][gc,task     ] GC(32) Using 2 Workers for Old Generation
[0.375s][info][gc,phases   ] GC(32) Y: Young Generation (Promote All)
[0.375s][info][gc,phases   ] GC(32) Y: Pause Mark Start 0.004ms
[0.375s][info][gc,phases   ] GC(32) Y: Concurrent Mark 0.456ms
[0.375s][info][gc,phases   ] GC(32) Y: Pause Mark End 0.004ms
[0.375s][info][gc,phases   ] GC(32) Y: Concurrent Mark Free 0.000ms
[0.375s][info][gc,phases   ] GC(32) Y: Concurrent Reset Relocation Set 0.000ms
[0.375s][info][gc,reloc    ] GC(32) Y: Using tenuring threshold: 0 (Promote All)
[0.375s][info][gc,phases   ] GC(32) Y: Concurrent Select Relocation Set 0.069ms
[0.375s][info][gc,phases   ] GC(32) Y: Pause Relocate Start 0.002ms
[0.375s][info][gc,phases   ] GC(32) Y: Concurrent Relocate 0.042ms
[0.375s][info][gc,alloc    ] GC(32) Y:                         Mark Start        Mark End      Relocate Start    Relocate End   
[0.375s][info][gc,alloc    ] GC(32) Y: Allocation Stalls:          1                1                1                1         
[0.375s][info][gc,load     ] GC(32) Y: Load: 0.00 (0%) / 0.00 (0%) / 0.00 (0%)
[0.375s][info][gc,mmu      ] GC(32) Y: MMU: 2ms/98.1%, 5ms/98.8%, 10ms/99.0%, 20ms/99.1%, 50ms/99.3%, 100ms/99.4%
[0.375s][info][gc,marking  ] GC(32) Y: Mark: 2 stripe(s), 1 proactive flush(es), 1 terminate flush(es), 0 completion(s), 0 continuation(s) 
[0.375s][info][gc,nmethod  ] GC(32) Y: NMethods: 287 registered, 11 unregistered
[0.375s][info][gc,metaspace] GC(32) Y: Metaspace: 0M used, 0M committed, 1088M reserved
[0.375s][info][gc,heap     ] GC(32) Y: Min Capacity: 8M(3%)
[0.375s][info][gc,heap     ] GC(32) Y: Max Capacity: 256M(100%)
[0.375s][info][gc,heap     ] GC(32) Y: Soft Max Capacity: 256M(100%)
[0.376s][info][gc,heap     ] GC(32) Y: Heap Statistics:
[0.376s][info][gc,heap     ] GC(32) Y:                Mark Start          Mark End        Relocate Start      Relocate End           High               Low         
[0.376s][info][gc,heap     ] GC(32) Y:  Capacity:      256M (100%)        256M (100%)        256M (100%)        256M (100%)        256M (100%)        256M (100%)   
[0.376s][info][gc,heap     ] GC(32) Y:      Free:        0M (0%)            0M (0%)            0M (0%)            0M (0%)            0M (0%)            0M (0%)     
[0.376s][info][gc,heap     ] GC(32) Y:      Used:      256M (100%)        256M (100%)        256M (100%)        256M (100%)        256M (100%)        256M (100%)   
[0.376s][info][gc,heap     ] GC(32) Y: Young Generation Statistics:
[0.376s][info][gc,heap     ] GC(32) Y:                Mark Start          Mark End        Relocate Start      Relocate End    
[0.376s][info][gc,heap     ] GC(32) Y:      Used:        0M (0%)            0M (0%)            0M (0%)            0M (0%)     
[0.376s][info][gc,heap     ] GC(32) Y:      Live:         -                 0M (0%)            0M (0%)            0M (0%)     
[0.376s][info][gc,heap     ] GC(32) Y:   Garbage:         -                 0M (0%)            0M (0%)            0M (0%)     
[0.376s][info][gc,heap     ] GC(32) Y: Allocated:         -                 0M (0%)            0M (0%)            0M (0%)     
[0.376s][info][gc,heap     ] GC(32) Y: Reclaimed:         -                  -                 0M (0%)            0M (0%)     
[0.376s][info][gc,heap     ] GC(32) Y:  Promoted:         -                  -                 0M (0%)            0M (0%)     
[0.376s][info][gc,heap     ] GC(32) Y: Compacted:         -                  -                  -                 0M (0%)     
[0.376s][info][gc,phases   ] GC(32) Y: Young Generation (Promote All) 256M(100%)->256M(100%) 0.001s
[0.376s][info][gc,phases   ] GC(32) Y: Young Generation (Collect Roots)
[0.376s][info][gc,phases   ] GC(32) Y: Pause Mark Start (Major) 0.004ms
[0.376s][info][gc,phases   ] GC(32) Y: Concurrent Mark 0.407ms
[0.376s][info][gc,phases   ] GC(32) Y: Pause Mark End 0.003ms
[0.376s][info][gc,phases   ] GC(32) Y: Concurrent Mark Free 0.000ms
[0.376s][info][gc,phases   ] GC(32) Y: Concurrent Reset Relocation Set 0.000ms
[0.376s][info][gc,reloc    ] GC(32) Y: Using tenuring threshold: 0 (Computed)
[0.376s][info][gc,phases   ] GC(32) Y: Concurrent Select Relocation Set 0.069ms
[0.376s][info][gc,phases   ] GC(32) Y: Pause Relocate Start 0.002ms
[0.376s][info][gc,phases   ] GC(32) Y: Concurrent Relocate 0.037ms
[0.376s][info][gc,alloc    ] GC(32) Y:                         Mark Start        Mark End      Relocate Start    Relocate End   
[0.376s][info][gc,alloc    ] GC(32) Y: Allocation Stalls:          1                1                1                1         
[0.376s][info][gc,load     ] GC(32) Y: Load: 0.00 (0%) / 0.00 (0%) / 0.00 (0%)
[0.376s][info][gc,mmu      ] GC(32) Y: MMU: 2ms/98.1%, 5ms/98.8%, 10ms/99.0%, 20ms/99.1%, 50ms/99.3%, 100ms/99.4%
[0.376s][info][gc,marking  ] GC(32) Y: Mark: 2 stripe(s), 1 proactive flush(es), 1 terminate flush(es), 0 completion(s), 0 continuation(s) 
[0.376s][info][gc,nmethod  ] GC(32) Y: NMethods: 287 registered, 11 unregistered
[0.376s][info][gc,metaspace] GC(32) Y: Metaspace: 0M used, 0M committed, 1088M reserved
[0.376s][info][gc,heap     ] GC(32) Y: Min Capacity: 8M(3%)
[0.376s][info][gc,heap     ] GC(32) Y: Max Capacity: 256M(100%)
[0.376s][info][gc,heap     ] GC(32) Y: Soft Max Capacity: 256M(100%)
[0.376s][info][gc,heap     ] GC(32) Y: Heap Statistics:
[0.376s][info][gc,heap     ] GC(32) Y:                Mark Start          Mark End        Relocate Start      Relocate End           High               Low         
[0.376s][info][gc,heap     ] GC(32) Y:  Capacity:      256M (100%)        256M (100%)        256M (100%)        256M (100%)        256M (100%)        256M (100%)   
[0.376s][info][gc,heap     ] GC(32) Y:      Free:        0M (0%)            0M (0%)            0M (0%)            0M (0%)            0M (0%)            0M (0%)     
[0.376s][info][gc,heap     ] GC(32) Y:      Used:      256M (100%)        256M (100%)        256M (100%)        256M (100%)        256M (100%)        256M (100%)   
[0.377s][info][gc,heap     ] GC(32) Y: Young Generation Statistics:
[0.377s][info][gc,heap     ] GC(32) Y:                Mark Start          Mark End        Relocate Start      Relocate End    
[0.377s][info][gc,heap     ] GC(32) Y:      Used:        0M (0%)            0M (0%)            0M (0%)            0M (0%)     
[0.377s][info][gc,heap     ] GC(32) Y:      Live:         -                 0M (0%)            0M (0%)            0M (0%)     
[0.377s][info][gc,heap     ] GC(32) Y:   Garbage:         -                 0M (0%)            0M (0%)            0M (0%)     
[0.377s][info][gc,heap     ] GC(32) Y: Allocated:         -                 0M (0%)            0M (0%)            0M (0%)     
[0.377s][info][gc,heap     ] GC(32) Y: Reclaimed:         -                  -                 0M (0%)            0M (0%)     
[0.377s][info][gc,heap     ] GC(32) Y:  Promoted:         -                  -                 0M (0%)            0M (0%)     
[0.377s][info][gc,heap     ] GC(32) Y: Compacted:         -                  -                  -                 0M (0%)     
[0.377s][info][gc,phases   ] GC(32) Y: Young Generation (Collect Roots) 256M(100%)->256M(100%) 0.001s
[0.377s][info][gc,phases   ] GC(32) O: Old Generation
[0.378s][info][gc,phases   ] GC(32) O: Concurrent Mark 1.139ms
[0.378s][info][gc,phases   ] GC(32) O: Pause Mark End 0.006ms
[0.378s][info][gc,phases   ] GC(32) O: Concurrent Mark Free 0.001ms
[0.378s][info][gc,ref      ] GC(32) O: Clearing All SoftReferences
[0.378s][info][gc,phases   ] GC(32) O: Concurrent Process Non-Strong 0.330ms
[0.378s][info][gc,phases   ] GC(32) O: Concurrent Reset Relocation Set 0.000ms
[0.378s][info][gc,phases   ] GC(32) O: Concurrent Select Relocation Set 0.025ms
[0.378s][info][gc,task     ] GC(32) O: Using 2 Workers for Old Generation
[0.379s][info][gc,task     ] GC(32) O: Using 2 Workers for Old Generation
[0.379s][info][gc,phases   ] GC(32) O: Concurrent Remap Roots 0.282ms
[0.379s][info][gc,phases   ] GC(32) O: Pause Relocate Start 0.004ms
[0.379s][info][gc,phases   ] GC(32) O: Concurrent Relocate 0.026ms
[0.379s][info][gc,alloc    ] GC(32) O:                         Mark Start        Mark End      Relocate Start    Relocate End   
[0.379s][info][gc,alloc    ] GC(32) O: Allocation Stalls:          1                1                1                1         
[0.379s][info][gc,load     ] GC(32) O: Load: 0.00 (0%) / 0.00 (0%) / 0.00 (0%)
[0.379s][info][gc,mmu      ] GC(32) O: MMU: 2ms/98.1%, 5ms/98.8%, 10ms/99.0%, 20ms/99.1%, 50ms/99.2%, 100ms/99.4%
[0.379s][info][gc,marking  ] GC(32) O: Mark: 2 stripe(s), 2 proactive flush(es), 1 terminate flush(es), 0 completion(s), 0 continuation(s) 
[0.379s][info][gc,nmethod  ] GC(32) O: NMethods: 287 registered, 11 unregistered
[0.379s][info][gc,metaspace] GC(32) O: Metaspace: 0M used, 0M committed, 1088M reserved
[0.379s][info][gc,ref      ] GC(32) O:                       Encountered   Discovered     Enqueued 
[0.379s][info][gc,ref      ] GC(32) O: Soft References:               35            9            0 
[0.379s][info][gc,ref      ] GC(32) O: Weak References:               73           47            0 
[0.379s][info][gc,ref      ] GC(32) O: Final References:               0            0            0 
[0.379s][info][gc,ref      ] GC(32) O: Phantom References:             1            0            0 
[0.379s][info][gc,reloc    ] GC(32) O:                        Candidates     Selected     In-Place         Size        Empty    Relocated 
[0.379s][info][gc,reloc    ] GC(32) O: Small Pages:                    1            0            0           2M           0M           0M 
[0.379s][info][gc,reloc    ] GC(32) O: Medium Pages:                   0            0            0           0M           0M           0M 
[0.379s][info][gc,reloc    ] GC(32) O: Large Pages:                  127            0            0         254M           0M           0M 
[0.379s][info][gc,reloc    ] GC(32) O: Forwarding Usage: 0M
[0.379s][info][gc,heap     ] GC(32) O: Min Capacity: 8M(3%)
[0.379s][info][gc,heap     ] GC(32) O: Max Capacity: 256M(100%)
[0.379s][info][gc,heap     ] GC(32) O: Soft Max Capacity: 256M(100%)
[0.379s][info][gc,heap     ] GC(32) O: Heap Statistics:
[0.379s][info][gc,heap     ] GC(32) O:                Mark Start          Mark End        Relocate Start      Relocate End           High               Low         
[0.379s][info][gc,heap     ] GC(32) O:  Capacity:      256M (100%)        256M (100%)        256M (100%)        256M (100%)        256M (100%)        256M (100%)   
[0.379s][info][gc,heap     ] GC(32) O:      Free:        0M (0%)            0M (0%)            0M (0%)            0M (0%)            0M (0%)            0M (0%)     
[0.379s][info][gc,heap     ] GC(32) O:      Used:      256M (100%)        256M (100%)        256M (100%)        256M (100%)        256M (100%)        256M (100%)   
[0.379s][info][gc,heap     ] GC(32) O: Old Generation Statistics:
[0.379s][info][gc,heap     ] GC(32) O:                Mark Start          Mark End        Relocate Start      Relocate End    
[0.379s][info][gc,heap     ] GC(32) O:      Used:      256M (100%)        256M (100%)        256M (100%)        256M (100%)   
[0.379s][info][gc,heap     ] GC(32) O:      Live:         -               255M (100%)        255M (100%)        255M (100%)   
[0.379s][info][gc,heap     ] GC(32) O:   Garbage:         -                 0M (0%)            0M (0%)            0M (0%)     
[0.379s][info][gc,heap     ] GC(32) O: Allocated:         -                 0M (0%)            0M (0%)            0M (0%)     
[0.379s][info][gc,heap     ] GC(32) O: Reclaimed:         -                  -                 0M (0%)            0M (0%)     
[0.379s][info][gc,heap     ] GC(32) O: Compacted:         -                  -                  -                 0M (0%)     
[0.379s][info][gc,phases   ] GC(32) O: Old Generation 256M(100%)->256M(100%) 0.002s
[0.379s][info][gc          ] GC(32) Major Collection (Allocation Stall) 256M(100%)->256M(100%) 0.004s
[0.379s][info][gc          ] Allocation Stall (main) 5.332ms
[0.379s][info][gc          ] Out Of Memory (main)
[0.379s][info][gc          ] GC(33) Minor Collection (Allocation Stall)
[0.379s][info][gc,task     ] GC(33) Using 2 Workers for Young Generation
[0.379s][info][gc,phases   ] GC(33) y: Young Generation
[0.379s][info][gc,phases   ] GC(33) y: Pause Mark Start 0.007ms
[0.380s][info][gc,phases   ] GC(33) y: Concurrent Mark 0.495ms
[0.380s][info][gc,phases   ] GC(33) y: Pause Mark End 0.005ms
[0.380s][info][gc,phases   ] GC(33) y: Concurrent Mark Free 0.000ms
[0.380s][info][gc,phases   ] GC(33) y: Concurrent Reset Relocation Set 0.000ms
[0.380s][info][gc,reloc    ] GC(33) y: Using tenuring threshold: 0 (Computed)
[0.380s][info][gc,phases   ] GC(33) y: Concurrent Select Relocation Set 0.064ms
[0.380s][info][gc,phases   ] GC(33) y: Pause Relocate Start 0.003ms
[0.380s][info][gc,phases   ] GC(33) y: Concurrent Relocate 0.061ms
[0.380s][info][gc,alloc    ] GC(33) y:                         Mark Start        Mark End      Relocate Start    Relocate End   
[0.380s][info][gc,alloc    ] GC(33) y: Allocation Stalls:          1                1                1                1         
[0.380s][info][gc,load     ] GC(33) y: Load: 0.00 (0%) / 0.00 (0%) / 0.00 (0%)
[0.380s][info][gc,mmu      ] GC(33) y: MMU: 2ms/98.1%, 5ms/98.8%, 10ms/99.0%, 20ms/99.1%, 50ms/99.2%, 100ms/99.4%
[0.380s][info][gc,marking  ] GC(33) y: Mark: 2 stripe(s), 1 proactive flush(es), 1 terminate flush(es), 0 completion(s), 0 continuation(s) 
[0.380s][info][gc,nmethod  ] GC(33) y: NMethods: 287 registered, 11 unregistered
[0.380s][info][gc,metaspace] GC(33) y: Metaspace: 0M used, 0M committed, 1088M reserved
[0.380s][info][gc,heap     ] GC(33) y: Min Capacity: 8M(3%)
[0.380s][info][gc,heap     ] GC(33) y: Max Capacity: 256M(100%)
[0.380s][info][gc,heap     ] GC(33) y: Soft Max Capacity: 256M(100%)
[0.380s][info][gc,heap     ] GC(33) y: Heap Statistics:
[0.380s][info][gc,heap     ] GC(33) y:                Mark Start          Mark End        Relocate Start      Relocate End           High               Low         
[0.380s][info][gc,heap     ] GC(33) y:  Capacity:      256M (100%)        256M (100%)        256M (100%)        256M (100%)        256M (100%)        256M (100%)   
[0.380s][info][gc,heap     ] GC(33) y:      Free:        0M (0%)            0M (0%)            0M (0%)            0M (0%)            0M (0%)            0M (0%)     
[0.380s][info][gc,heap     ] GC(33) y:      Used:      256M (100%)        256M (100%)        256M (100%)        256M (100%)        256M (100%)        256M (100%)   
[0.380s][info][gc,heap     ] GC(33) y: Young Generation Statistics:
[0.380s][info][gc,heap     ] GC(33) y:                Mark Start          Mark End        Relocate Start      Relocate End    
[0.380s][info][gc,heap     ] GC(33) y:      Used:        0M (0%)            0M (0%)            0M (0%)            0M (0%)     
[0.380s][info][gc,heap     ] GC(33) y:      Live:         -                 0M (0%)            0M (0%)            0M (0%)     
[0.380s][info][gc,heap     ] GC(33) y:   Garbage:         -                 0M (0%)            0M (0%)            0M (0%)     
[0.380s][info][gc,heap     ] GC(33) y: Allocated:         -                 0M (0%)            0M (0%)            0M (0%)     
[0.380s][info][gc,heap     ] GC(33) y: Reclaimed:         -                  -                 0M (0%)            0M (0%)     
[0.380s][info][gc,heap     ] GC(33) y:  Promoted:         -                  -                 0M (0%)            0M (0%)     
[0.380s][info][gc,heap     ] GC(33) y: Compacted:         -                  -                  -                 0M (0%)     
[0.380s][info][gc,phases   ] GC(33) y: Young Generation 256M(100%)->256M(100%) 0.001s
[0.380s][info][gc          ] GC(33) Minor Collection (Allocation Stall) 256M(100%)->256M(100%) 0.001s
[0.380s][info][gc          ] GC(34) Major Collection (Allocation Stall)
[0.380s][info][gc,task     ] GC(34) Using 2 Workers for Young Generation
[0.380s][info][gc,task     ] GC(34) Using 2 Workers for Old Generation
[0.380s][info][gc,phases   ] GC(34) Y: Young Generation (Promote All)
[0.380s][info][gc,phases   ] GC(34) Y: Pause Mark Start 0.005ms
[0.381s][info][gc,phases   ] GC(34) Y: Concurrent Mark 0.699ms
[0.381s][info][gc,phases   ] GC(34) Y: Pause Mark End 0.004ms
[0.381s][info][gc,phases   ] GC(34) Y: Concurrent Mark Free 0.001ms
[0.381s][info][gc,phases   ] GC(34) Y: Concurrent Reset Relocation Set 0.000ms
[0.381s][info][gc,reloc    ] GC(34) Y: Using tenuring threshold: 0 (Promote All)
[0.381s][info][gc,phases   ] GC(34) Y: Concurrent Select Relocation Set 0.070ms
[0.381s][info][gc,phases   ] GC(34) Y: Pause Relocate Start 0.003ms
[0.381s][info][gc,phases   ] GC(34) Y: Concurrent Relocate 0.043ms
[0.381s][info][gc,alloc    ] GC(34) Y:                         Mark Start        Mark End      Relocate Start    Relocate End   
[0.381s][info][gc,alloc    ] GC(34) Y: Allocation Stalls:          1                1                1                1         
[0.381s][info][gc,load     ] GC(34) Y: Load: 0.00 (0%) / 0.00 (0%) / 0.00 (0%)
[0.381s][info][gc,mmu      ] GC(34) Y: MMU: 2ms/98.1%, 5ms/98.8%, 10ms/99.0%, 20ms/99.1%, 50ms/99.2%, 100ms/99.4%
[0.381s][info][gc,marking  ] GC(34) Y: Mark: 2 stripe(s), 1 proactive flush(es), 1 terminate flush(es), 0 completion(s), 0 continuation(s) 
[0.381s][info][gc,nmethod  ] GC(34) Y: NMethods: 287 registered, 11 unregistered
[0.381s][info][gc,metaspace] GC(34) Y: Metaspace: 0M used, 0M committed, 1088M reserved
[0.381s][info][gc,heap     ] GC(34) Y: Min Capacity: 8M(3%)
[0.381s][info][gc,heap     ] GC(34) Y: Max Capacity: 256M(100%)
[0.381s][info][gc,heap     ] GC(34) Y: Soft Max Capacity: 256M(100%)
[0.381s][info][gc,heap     ] GC(34) Y: Heap Statistics:
[0.381s][info][gc,heap     ] GC(34) Y:                Mark Start          Mark End        Relocate Start      Relocate End           High               Low         
[0.381s][info][gc,heap     ] GC(34) Y:  Capacity:      256M (100%)        256M (100%)        256M (100%)        256M (100%)        256M (100%)        256M (100%)   
[0.381s][info][gc,heap     ] GC(34) Y:      Free:        0M (0%)            0M (0%)            0M (0%)            0M (0%)            0M (0%)            0M (0%)     
[0.381s][info][gc,heap     ] GC(34) Y:      Used:      256M (100%)        256M (100%)        256M (100%)        256M (100%)        256M (100%)        256M (100%)   
[0.381s][info][gc,heap     ] GC(34) Y: Young Generation Statistics:
[0.381s][info][gc,heap     ] GC(34) Y:                Mark Start          Mark End        Relocate Start      Relocate End    
[0.381s][info][gc,heap     ] GC(34) Y:      Used:        0M (0%)            0M (0%)            0M (0%)            0M (0%)     
[0.381s][info][gc,heap     ] GC(34) Y:      Live:         -                 0M (0%)            0M (0%)            0M (0%)     
[0.381s][info][gc,heap     ] GC(34) Y:   Garbage:         -                 0M (0%)            0M (0%)            0M (0%)     
[0.381s][info][gc,heap     ] GC(34) Y: Allocated:         -                 0M (0%)            0M (0%)            0M (0%)     
[0.381s][info][gc,heap     ] GC(34) Y: Reclaimed:         -                  -                 0M (0%)            0M (0%)     
[0.381s][info][gc,heap     ] GC(34) Y:  Promoted:         -                  -                 0M (0%)            0M (0%)     
[0.381s][info][gc,heap     ] GC(34) Y: Compacted:         -                  -                  -                 0M (0%)     
[0.381s][info][gc,phases   ] GC(34) Y: Young Generation (Promote All) 256M(100%)->256M(100%) 0.001s
[0.381s][info][gc,phases   ] GC(34) Y: Young Generation (Collect Roots)
[0.381s][info][gc,phases   ] GC(34) Y: Pause Mark Start (Major) 0.005ms
[0.382s][info][gc,phases   ] GC(34) Y: Concurrent Mark 0.488ms
[0.382s][info][gc,phases   ] GC(34) Y: Pause Mark End 0.004ms
[0.382s][info][gc,phases   ] GC(34) Y: Concurrent Mark Free 0.000ms
[0.382s][info][gc,phases   ] GC(34) Y: Concurrent Reset Relocation Set 0.000ms
[0.382s][info][gc,reloc    ] GC(34) Y: Using tenuring threshold: 0 (Computed)
[0.382s][info][gc,phases   ] GC(34) Y: Concurrent Select Relocation Set 0.071ms
[0.382s][info][gc,phases   ] GC(34) Y: Pause Relocate Start 0.003ms
[0.382s][info][gc,phases   ] GC(34) Y: Concurrent Relocate 0.040ms
[0.382s][info][gc,alloc    ] GC(34) Y:                         Mark Start        Mark End      Relocate Start    Relocate End   
[0.382s][info][gc,alloc    ] GC(34) Y: Allocation Stalls:          1                1                1                1         
[0.382s][info][gc,load     ] GC(34) Y: Load: 0.00 (0%) / 0.00 (0%) / 0.00 (0%)
[0.382s][info][gc,mmu      ] GC(34) Y: MMU: 2ms/98.1%, 5ms/98.8%, 10ms/99.0%, 20ms/99.1%, 50ms/99.2%, 100ms/99.4%
[0.382s][info][gc,marking  ] GC(34) Y: Mark: 2 stripe(s), 1 proactive flush(es), 1 terminate flush(es), 0 completion(s), 0 continuation(s) 
[0.382s][info][gc,nmethod  ] GC(34) Y: NMethods: 287 registered, 11 unregistered
[0.382s][info][gc,metaspace] GC(34) Y: Metaspace: 0M used, 0M committed, 1088M reserved
[0.382s][info][gc,heap     ] GC(34) Y: Min Capacity: 8M(3%)
[0.382s][info][gc,heap     ] GC(34) Y: Max Capacity: 256M(100%)
[0.382s][info][gc,heap     ] GC(34) Y: Soft Max Capacity: 256M(100%)
[0.382s][info][gc,heap     ] GC(34) Y: Heap Statistics:
[0.382s][info][gc,heap     ] GC(34) Y:                Mark Start          Mark End        Relocate Start      Relocate End           High               Low         
[0.382s][info][gc,heap     ] GC(34) Y:  Capacity:      256M (100%)        256M (100%)        256M (100%)        256M (100%)        256M (100%)        256M (100%)   
[0.382s][info][gc,heap     ] GC(34) Y:      Free:        0M (0%)            0M (0%)            0M (0%)            0M (0%)            0M (0%)            0M (0%)     
[0.382s][info][gc,heap     ] GC(34) Y:      Used:      256M (100%)        256M (100%)        256M (100%)        256M (100%)        256M (100%)        256M (100%)   
[0.382s][info][gc,heap     ] GC(34) Y: Young Generation Statistics:
[0.382s][info][gc,heap     ] GC(34) Y:                Mark Start          Mark End        Relocate Start      Relocate End    
[0.382s][info][gc,heap     ] GC(34) Y:      Used:        0M (0%)            0M (0%)            0M (0%)            0M (0%)     
[0.382s][info][gc,heap     ] GC(34) Y:      Live:         -                 0M (0%)            0M (0%)            0M (0%)     
[0.382s][info][gc,heap     ] GC(34) Y:   Garbage:         -                 0M (0%)            0M (0%)            0M (0%)     
[0.382s][info][gc,heap     ] GC(34) Y: Allocated:         -                 0M (0%)            0M (0%)            0M (0%)     
[0.382s][info][gc,heap     ] GC(34) Y: Reclaimed:         -                  -                 0M (0%)            0M (0%)     
[0.382s][info][gc,heap     ] GC(34) Y:  Promoted:         -                  -                 0M (0%)            0M (0%)     
[0.382s][info][gc,heap     ] GC(34) Y: Compacted:         -                  -                  -                 0M (0%)     
[0.383s][info][gc,phases   ] GC(34) Y: Young Generation (Collect Roots) 256M(100%)->256M(100%) 0.001s
[0.383s][info][gc,phases   ] GC(34) O: Old Generation
[0.384s][info][gc,phases   ] GC(34) O: Concurrent Mark 1.257ms
[0.384s][info][gc,phases   ] GC(34) O: Pause Mark End 0.006ms
[0.384s][info][gc,phases   ] GC(34) O: Concurrent Mark Free 0.002ms
[0.384s][info][gc,ref      ] GC(34) O: Clearing All SoftReferences
[0.384s][info][gc,phases   ] GC(34) O: Concurrent Process Non-Strong 0.272ms
[0.384s][info][gc,phases   ] GC(34) O: Concurrent Reset Relocation Set 0.000ms
[0.384s][info][gc,phases   ] GC(34) O: Concurrent Select Relocation Set 0.030ms
[0.384s][info][gc,task     ] GC(34) O: Using 2 Workers for Old Generation
[0.385s][info][gc,task     ] GC(34) O: Using 2 Workers for Old Generation
[0.385s][info][gc,phases   ] GC(34) O: Concurrent Remap Roots 0.359ms
[0.385s][info][gc,phases   ] GC(34) O: Pause Relocate Start 0.004ms
[0.385s][info][gc,phases   ] GC(34) O: Concurrent Relocate 0.031ms
[0.385s][info][gc,alloc    ] GC(34) O:                         Mark Start        Mark End      Relocate Start    Relocate End   
[0.385s][info][gc,alloc    ] GC(34) O: Allocation Stalls:          1                1                1                1         
[0.385s][info][gc,load     ] GC(34) O: Load: 0.00 (0%) / 0.00 (0%) / 0.00 (0%)
[0.385s][info][gc,mmu      ] GC(34) O: MMU: 2ms/98.1%, 5ms/98.8%, 10ms/99.0%, 20ms/99.1%, 50ms/99.2%, 100ms/99.4%
[0.385s][info][gc,marking  ] GC(34) O: Mark: 2 stripe(s), 1 proactive flush(es), 1 terminate flush(es), 0 completion(s), 0 continuation(s) 
[0.385s][info][gc,nmethod  ] GC(34) O: NMethods: 287 registered, 11 unregistered
[0.385s][info][gc,metaspace] GC(34) O: Metaspace: 0M used, 0M committed, 1088M reserved
[0.385s][info][gc,ref      ] GC(34) O:                       Encountered   Discovered     Enqueued 
[0.385s][info][gc,ref      ] GC(34) O: Soft References:               35           12            0 
[0.385s][info][gc,ref      ] GC(34) O: Weak References:               73           34            0 
[0.385s][info][gc,ref      ] GC(34) O: Final References:               0            0            0 
[0.385s][info][gc,ref      ] GC(34) O: Phantom References:             1            1            0 
[0.385s][info][gc,reloc    ] GC(34) O:                        Candidates     Selected     In-Place         Size        Empty    Relocated 
[0.385s][info][gc,reloc    ] GC(34) O: Small Pages:                    1            0            0           2M           0M           0M 
[0.385s][info][gc,reloc    ] GC(34) O: Medium Pages:                   0            0            0           0M           0M           0M 
[0.385s][info][gc,reloc    ] GC(34) O: Large Pages:                  127            0            0         254M           0M           0M 
[0.385s][info][gc,reloc    ] GC(34) O: Forwarding Usage: 0M
[0.385s][info][gc,heap     ] GC(34) O: Min Capacity: 8M(3%)
[0.385s][info][gc,heap     ] GC(34) O: Max Capacity: 256M(100%)
[0.385s][info][gc,heap     ] GC(34) O: Soft Max Capacity: 256M(100%)
[0.385s][info][gc,heap     ] GC(34) O: Heap Statistics:
[0.385s][info][gc,heap     ] GC(34) O:                Mark Start          Mark End        Relocate Start      Relocate End           High               Low         
[0.385s][info][gc,heap     ] GC(34) O:  Capacity:      256M (100%)        256M (100%)        256M (100%)        256M (100%)        256M (100%)        256M (100%)   
[0.385s][info][gc,heap     ] GC(34) O:      Free:        0M (0%)            0M (0%)            0M (0%)            0M (0%)            0M (0%)            0M (0%)     
[0.385s][info][gc,heap     ] GC(34) O:      Used:      256M (100%)        256M (100%)        256M (100%)        256M (100%)        256M (100%)        256M (100%)   
[0.385s][info][gc,heap     ] GC(34) O: Old Generation Statistics:
[0.385s][info][gc,heap     ] GC(34) O:                Mark Start          Mark End        Relocate Start      Relocate End    
[0.385s][info][gc,heap     ] GC(34) O:      Used:      256M (100%)        256M (100%)        256M (100%)        256M (100%)   
[0.385s][info][gc,heap     ] GC(34) O:      Live:         -               255M (100%)        255M (100%)        255M (100%)   
[0.385s][info][gc,heap     ] GC(34) O:   Garbage:         -                 0M (0%)            0M (0%)            0M (0%)     
[0.385s][info][gc,heap     ] GC(34) O: Allocated:         -                 0M (0%)            0M (0%)            0M (0%)     
[0.385s][info][gc,heap     ] GC(34) O: Reclaimed:         -                  -                 0M (0%)            0M (0%)     
[0.385s][info][gc,heap     ] GC(34) O: Compacted:         -                  -                  -                 0M (0%)     
[0.385s][info][gc,phases   ] GC(34) O: Old Generation 256M(100%)->256M(100%) 0.002s
[0.385s][info][gc          ] GC(34) Major Collection (Allocation Stall) 256M(100%)->256M(100%) 0.005s
[0.385s][info][gc          ] Allocation Stall (main) 6.110ms
[0.385s][info][gc          ] Out Of Memory (main)
[0.385s][info][gc          ] GC(35) Minor Collection (Allocation Stall)
[0.385s][info][gc,task     ] GC(35) Using 2 Workers for Young Generation
[0.385s][info][gc,phases   ] GC(35) y: Young Generation
[0.385s][info][gc,phases   ] GC(35) y: Pause Mark Start 0.005ms
[0.386s][info][gc,phases   ] GC(35) y: Concurrent Mark 0.459ms
[0.386s][info][gc,phases   ] GC(35) y: Pause Mark End 0.004ms
[0.386s][info][gc,phases   ] GC(35) y: Concurrent Mark Free 0.000ms
[0.386s][info][gc,phases   ] GC(35) y: Concurrent Reset Relocation Set 0.000ms
[0.386s][info][gc,reloc    ] GC(35) y: Using tenuring threshold: 0 (Computed)
[0.386s][info][gc,phases   ] GC(35) y: Concurrent Select Relocation Set 0.072ms
[0.386s][info][gc,phases   ] GC(35) y: Pause Relocate Start 0.003ms
[0.386s][info][gc,phases   ] GC(35) y: Concurrent Relocate 0.045ms
[0.386s][info][gc,alloc    ] GC(35) y:                         Mark Start        Mark End      Relocate Start    Relocate End   
[0.386s][info][gc,alloc    ] GC(35) y: Allocation Stalls:          1                1                1                1         
[0.386s][info][gc,load     ] GC(35) y: Load: 0.00 (0%) / 0.00 (0%) / 0.00 (0%)
[0.386s][info][gc,mmu      ] GC(35) y: MMU: 2ms/98.1%, 5ms/98.8%, 10ms/99.0%, 20ms/99.1%, 50ms/99.2%, 100ms/99.4%
[0.386s][info][gc,marking  ] GC(35) y: Mark: 2 stripe(s), 1 proactive flush(es), 1 terminate flush(es), 0 completion(s), 0 continuation(s) 
[0.386s][info][gc,nmethod  ] GC(35) y: NMethods: 287 registered, 11 unregistered
[0.386s][info][gc,metaspace] GC(35) y: Metaspace: 0M used, 0M committed, 1088M reserved
[0.386s][info][gc,heap     ] GC(35) y: Min Capacity: 8M(3%)
[0.386s][info][gc,heap     ] GC(35) y: Max Capacity: 256M(100%)
[0.386s][info][gc,heap     ] GC(35) y: Soft Max Capacity: 256M(100%)
[0.386s][info][gc,heap     ] GC(35) y: Heap Statistics:
[0.386s][info][gc,heap     ] GC(35) y:                Mark Start          Mark End        Relocate Start      Relocate End           High               Low         
[0.386s][info][gc,heap     ] GC(35) y:  Capacity:      256M (100%)        256M (100%)        256M (100%)        256M (100%)        256M (100%)        256M (100%)   
[0.386s][info][gc,heap     ] GC(35) y:      Free:        0M (0%)            0M (0%)            0M (0%)            0M (0%)            0M (0%)            0M (0%)     
[0.386s][info][gc,heap     ] GC(35) y:      Used:      256M (100%)        256M (100%)        256M (100%)        256M (100%)        256M (100%)        256M (100%)   
[0.386s][info][gc,heap     ] GC(35) y: Young Generation Statistics:
[0.386s][info][gc,heap     ] GC(35) y:                Mark Start          Mark End        Relocate Start      Relocate End    
[0.386s][info][gc,heap     ] GC(35) y:      Used:        0M (0%)            0M (0%)            0M (0%)            0M (0%)     
[0.386s][info][gc,heap     ] GC(35) y:      Live:         -                 0M (0%)            0M (0%)            0M (0%)     
[0.386s][info][gc,heap     ] GC(35) y:   Garbage:         -                 0M (0%)            0M (0%)            0M (0%)     
[0.386s][info][gc,heap     ] GC(35) y: Allocated:         -                 0M (0%)            0M (0%)            0M (0%)     
[0.386s][info][gc,heap     ] GC(35) y: Reclaimed:         -                  -                 0M (0%)            0M (0%)     
[0.386s][info][gc,heap     ] GC(35) y:  Promoted:         -                  -                 0M (0%)            0M (0%)     
[0.386s][info][gc,heap     ] GC(35) y: Compacted:         -                  -                  -                 0M (0%)     
[0.386s][info][gc,phases   ] GC(35) y: Young Generation 256M(100%)->256M(100%) 0.001s
[0.386s][info][gc          ] GC(35) Minor Collection (Allocation Stall) 256M(100%)->256M(100%) 0.001s
[0.386s][info][gc          ] GC(36) Major Collection (Allocation Stall)
[0.386s][info][gc,task     ] GC(36) Using 2 Workers for Young Generation
[0.386s][info][gc,task     ] GC(36) Using 2 Workers for Old Generation
[0.386s][info][gc,phases   ] GC(36) Y: Young Generation (Promote All)
[0.386s][info][gc,phases   ] GC(36) Y: Pause Mark Start 0.004ms
[0.387s][info][gc,phases   ] GC(36) Y: Concurrent Mark 0.445ms
[0.387s][info][gc,phases   ] GC(36) Y: Pause Mark End 0.003ms
[0.387s][info][gc,phases   ] GC(36) Y: Concurrent Mark Free 0.000ms
[0.387s][info][gc,phases   ] GC(36) Y: Concurrent Reset Relocation Set 0.000ms
[0.387s][info][gc,reloc    ] GC(36) Y: Using tenuring threshold: 0 (Promote All)
[0.387s][info][gc,phases   ] GC(36) Y: Concurrent Select Relocation Set 0.069ms
[0.387s][info][gc,phases   ] GC(36) Y: Pause Relocate Start 0.003ms
[0.387s][info][gc,phases   ] GC(36) Y: Concurrent Relocate 0.036ms
[0.387s][info][gc,alloc    ] GC(36) Y:                         Mark Start        Mark End      Relocate Start    Relocate End   
[0.387s][info][gc,alloc    ] GC(36) Y: Allocation Stalls:          1                1                1                1         
[0.387s][info][gc,load     ] GC(36) Y: Load: 0.00 (0%) / 0.00 (0%) / 0.00 (0%)
[0.387s][info][gc,mmu      ] GC(36) Y: MMU: 2ms/98.1%, 5ms/98.8%, 10ms/99.0%, 20ms/99.1%, 50ms/99.2%, 100ms/99.3%
[0.387s][info][gc,marking  ] GC(36) Y: Mark: 2 stripe(s), 1 proactive flush(es), 1 terminate flush(es), 0 completion(s), 0 continuation(s) 
[0.387s][info][gc,nmethod  ] GC(36) Y: NMethods: 287 registered, 11 unregistered
[0.387s][info][gc,metaspace] GC(36) Y: Metaspace: 0M used, 0M committed, 1088M reserved
[0.387s][info][gc,heap     ] GC(36) Y: Min Capacity: 8M(3%)
[0.387s][info][gc,heap     ] GC(36) Y: Max Capacity: 256M(100%)
[0.387s][info][gc,heap     ] GC(36) Y: Soft Max Capacity: 256M(100%)
[0.387s][info][gc,heap     ] GC(36) Y: Heap Statistics:
[0.387s][info][gc,heap     ] GC(36) Y:                Mark Start          Mark End        Relocate Start      Relocate End           High               Low         
[0.387s][info][gc,heap     ] GC(36) Y:  Capacity:      256M (100%)        256M (100%)        256M (100%)        256M (100%)        256M (100%)        256M (100%)   
[0.387s][info][gc,heap     ] GC(36) Y:      Free:        0M (0%)            0M (0%)            0M (0%)            0M (0%)            0M (0%)            0M (0%)     
[0.387s][info][gc,heap     ] GC(36) Y:      Used:      256M (100%)        256M (100%)        256M (100%)        256M (100%)        256M (100%)        256M (100%)   
[0.387s][info][gc,heap     ] GC(36) Y: Young Generation Statistics:
[0.387s][info][gc,heap     ] GC(36) Y:                Mark Start          Mark End        Relocate Start      Relocate End    
[0.387s][info][gc,heap     ] GC(36) Y:      Used:        0M (0%)            0M (0%)            0M (0%)            0M (0%)     
[0.387s][info][gc,heap     ] GC(36) Y:      Live:         -                 0M (0%)            0M (0%)            0M (0%)     
[0.387s][info][gc,heap     ] GC(36) Y:   Garbage:         -                 0M (0%)            0M (0%)            0M (0%)     
[0.387s][info][gc,heap     ] GC(36) Y: Allocated:         -                 0M (0%)            0M (0%)            0M (0%)     
[0.387s][info][gc,heap     ] GC(36) Y: Reclaimed:         -                  -                 0M (0%)            0M (0%)     
[0.387s][info][gc,heap     ] GC(36) Y:  Promoted:         -                  -                 0M (0%)            0M (0%)     
[0.387s][info][gc,heap     ] GC(36) Y: Compacted:         -                  -                  -                 0M (0%)     
[0.387s][info][gc,phases   ] GC(36) Y: Young Generation (Promote All) 256M(100%)->256M(100%) 0.001s
[0.387s][info][gc,phases   ] GC(36) Y: Young Generation (Collect Roots)
[0.387s][info][gc,phases   ] GC(36) Y: Pause Mark Start (Major) 0.004ms
[0.388s][info][gc,phases   ] GC(36) Y: Concurrent Mark 0.509ms
[0.388s][info][gc,phases   ] GC(36) Y: Pause Mark End 0.004ms
[0.388s][info][gc,phases   ] GC(36) Y: Concurrent Mark Free 0.000ms
[0.388s][info][gc,phases   ] GC(36) Y: Concurrent Reset Relocation Set 0.000ms
[0.388s][info][gc,reloc    ] GC(36) Y: Using tenuring threshold: 0 (Computed)
[0.388s][info][gc,phases   ] GC(36) Y: Concurrent Select Relocation Set 0.077ms
[0.388s][info][gc,phases   ] GC(36) Y: Pause Relocate Start 0.003ms
[0.388s][info][gc,phases   ] GC(36) Y: Concurrent Relocate 0.040ms
[0.388s][info][gc,alloc    ] GC(36) Y:                         Mark Start        Mark End      Relocate Start    Relocate End   
[0.388s][info][gc,alloc    ] GC(36) Y: Allocation Stalls:          1                1                1                1         
[0.388s][info][gc,load     ] GC(36) Y: Load: 0.00 (0%) / 0.00 (0%) / 0.00 (0%)
[0.388s][info][gc,mmu      ] GC(36) Y: MMU: 2ms/98.1%, 5ms/98.8%, 10ms/99.0%, 20ms/99.1%, 50ms/99.2%, 100ms/99.3%
[0.388s][info][gc,marking  ] GC(36) Y: Mark: 2 stripe(s), 1 proactive flush(es), 1 terminate flush(es), 0 completion(s), 0 continuation(s) 
[0.388s][info][gc,nmethod  ] GC(36) Y: NMethods: 287 registered, 11 unregistered
[0.388s][info][gc,metaspace] GC(36) Y: Metaspace: 0M used, 0M committed, 1088M reserved
[0.388s][info][gc,heap     ] GC(36) Y: Min Capacity: 8M(3%)
[0.388s][info][gc,heap     ] GC(36) Y: Max Capacity: 256M(100%)
[0.388s][info][gc,heap     ] GC(36) Y: Soft Max Capacity: 256M(100%)
[0.388s][info][gc,heap     ] GC(36) Y: Heap Statistics:
[0.388s][info][gc,heap     ] GC(36) Y:                Mark Start          Mark End        Relocate Start      Relocate End           High               Low         
[0.388s][info][gc,heap     ] GC(36) Y:  Capacity:      256M (100%)        256M (100%)        256M (100%)        256M (100%)        256M (100%)        256M (100%)   
[0.388s][info][gc,heap     ] GC(36) Y:      Free:        0M (0%)            0M (0%)            0M (0%)            0M (0%)            0M (0%)            0M (0%)     
[0.388s][info][gc,heap     ] GC(36) Y:      Used:      256M (100%)        256M (100%)        256M (100%)        256M (100%)        256M (100%)        256M (100%)   
[0.388s][info][gc,heap     ] GC(36) Y: Young Generation Statistics:
[0.388s][info][gc,heap     ] GC(36) Y:                Mark Start          Mark End        Relocate Start      Relocate End    
[0.388s][info][gc,heap     ] GC(36) Y:      Used:        0M (0%)            0M (0%)            0M (0%)            0M (0%)     
[0.388s][info][gc,heap     ] GC(36) Y:      Live:         -                 0M (0%)            0M (0%)            0M (0%)     
[0.388s][info][gc,heap     ] GC(36) Y:   Garbage:         -                 0M (0%)            0M (0%)            0M (0%)     
[0.388s][info][gc,heap     ] GC(36) Y: Allocated:         -                 0M (0%)            0M (0%)            0M (0%)     
[0.388s][info][gc,heap     ] GC(36) Y: Reclaimed:         -                  -                 0M (0%)            0M (0%)     
[0.388s][info][gc,heap     ] GC(36) Y:  Promoted:         -                  -                 0M (0%)            0M (0%)     
[0.388s][info][gc,heap     ] GC(36) Y: Compacted:         -                  -                  -                 0M (0%)     
[0.388s][info][gc,phases   ] GC(36) Y: Young Generation (Collect Roots) 256M(100%)->256M(100%) 0.001s
[0.388s][info][gc,phases   ] GC(36) O: Old Generation
[0.390s][info][gc,phases   ] GC(36) O: Concurrent Mark 1.190ms
[0.390s][info][gc,phases   ] GC(36) O: Pause Mark End 0.007ms
[0.390s][info][gc,phases   ] GC(36) O: Concurrent Mark Free 0.001ms
[0.390s][info][gc,ref      ] GC(36) O: Clearing All SoftReferences
[0.390s][info][gc,phases   ] GC(36) O: Concurrent Process Non-Strong 0.282ms
[0.390s][info][gc,phases   ] GC(36) O: Concurrent Reset Relocation Set 0.000ms
[0.390s][info][gc,phases   ] GC(36) O: Concurrent Select Relocation Set 0.026ms
[0.390s][info][gc,task     ] GC(36) O: Using 2 Workers for Old Generation
[0.390s][info][gc,task     ] GC(36) O: Using 2 Workers for Old Generation
[0.390s][info][gc,phases   ] GC(36) O: Concurrent Remap Roots 0.392ms
[0.390s][info][gc,phases   ] GC(36) O: Pause Relocate Start 0.006ms
[0.391s][info][gc,phases   ] GC(36) O: Concurrent Relocate 0.041ms
[0.391s][info][gc,alloc    ] GC(36) O:                         Mark Start        Mark End      Relocate Start    Relocate End   
[0.391s][info][gc,alloc    ] GC(36) O: Allocation Stalls:          1                1                1                1         
[0.391s][info][gc,load     ] GC(36) O: Load: 0.00 (0%) / 0.00 (0%) / 0.00 (0%)
[0.391s][info][gc,mmu      ] GC(36) O: MMU: 2ms/98.1%, 5ms/98.8%, 10ms/99.0%, 20ms/99.1%, 50ms/99.2%, 100ms/99.3%
[0.391s][info][gc,marking  ] GC(36) O: Mark: 2 stripe(s), 1 proactive flush(es), 1 terminate flush(es), 0 completion(s), 0 continuation(s) 
[0.391s][info][gc,nmethod  ] GC(36) O: NMethods: 287 registered, 11 unregistered
[0.391s][info][gc,metaspace] GC(36) O: Metaspace: 0M used, 0M committed, 1088M reserved
[0.391s][info][gc,ref      ] GC(36) O:                       Encountered   Discovered     Enqueued 
[0.391s][info][gc,ref      ] GC(36) O: Soft References:               35           17            0 
[0.391s][info][gc,ref      ] GC(36) O: Weak References:               73           54            0 
[0.391s][info][gc,ref      ] GC(36) O: Final References:               0            0            0 
[0.391s][info][gc,ref      ] GC(36) O: Phantom References:             1            0            0 
[0.391s][info][gc,reloc    ] GC(36) O:                        Candidates     Selected     In-Place         Size        Empty    Relocated 
[0.391s][info][gc,reloc    ] GC(36) O: Small Pages:                    1            0            0           2M           0M           0M 
[0.391s][info][gc,reloc    ] GC(36) O: Medium Pages:                   0            0            0           0M           0M           0M 
[0.391s][info][gc,reloc    ] GC(36) O: Large Pages:                  127            0            0         254M           0M           0M 
[0.391s][info][gc,reloc    ] GC(36) O: Forwarding Usage: 0M
[0.391s][info][gc,heap     ] GC(36) O: Min Capacity: 8M(3%)
[0.391s][info][gc,heap     ] GC(36) O: Max Capacity: 256M(100%)
[0.391s][info][gc,heap     ] GC(36) O: Soft Max Capacity: 256M(100%)
[0.391s][info][gc,heap     ] GC(36) O: Heap Statistics:
[0.391s][info][gc,heap     ] GC(36) O:                Mark Start          Mark End        Relocate Start      Relocate End           High               Low         
[0.391s][info][gc,heap     ] GC(36) O:  Capacity:      256M (100%)        256M (100%)        256M (100%)        256M (100%)        256M (100%)        256M (100%)   
[0.391s][info][gc,heap     ] GC(36) O:      Free:        0M (0%)            0M (0%)            0M (0%)            0M (0%)            0M (0%)            0M (0%)     
[0.391s][info][gc,heap     ] GC(36) O:      Used:      256M (100%)        256M (100%)        256M (100%)        256M (100%)        256M (100%)        256M (100%)   
[0.391s][info][gc,heap     ] GC(36) O: Old Generation Statistics:
[0.391s][info][gc,heap     ] GC(36) O:                Mark Start          Mark End        Relocate Start      Relocate End    
[0.391s][info][gc,heap     ] GC(36) O:      Used:      256M (100%)        256M (100%)        256M (100%)        256M (100%)   
[0.391s][info][gc,heap     ] GC(36) O:      Live:         -               255M (100%)        255M (100%)        255M (100%)   
[0.391s][info][gc,heap     ] GC(36) O:   Garbage:         -                 0M (0%)            0M (0%)            0M (0%)     
[0.391s][info][gc,heap     ] GC(36) O: Allocated:         -                 0M (0%)            0M (0%)            0M (0%)     
[0.391s][info][gc,heap     ] GC(36) O: Reclaimed:         -                  -                 0M (0%)            0M (0%)     
[0.391s][info][gc,heap     ] GC(36) O: Compacted:         -                  -                  -                 0M (0%)     
[0.391s][info][gc,phases   ] GC(36) O: Old Generation 256M(100%)->256M(100%) 0.002s
[0.391s][info][gc          ] GC(36) Major Collection (Allocation Stall) 256M(100%)->256M(100%) 0.005s
[0.391s][info][gc          ] Allocation Stall (main) 5.768ms
[0.391s][info][gc          ] Out Of Memory (main)
[0.391s][info][gc          ] GC(37) Minor Collection (Allocation Stall)
[0.391s][info][gc,task     ] GC(37) Using 2 Workers for Young Generation
[0.391s][info][gc,phases   ] GC(37) y: Young Generation
[0.391s][info][gc,phases   ] GC(37) y: Pause Mark Start 0.006ms
[0.392s][info][gc,phases   ] GC(37) y: Concurrent Mark 0.446ms
[0.392s][info][gc,phases   ] GC(37) y: Pause Mark End 0.005ms
[0.392s][info][gc,phases   ] GC(37) y: Concurrent Mark Free 0.000ms
[0.392s][info][gc,phases   ] GC(37) y: Concurrent Reset Relocation Set 0.000ms
[0.392s][info][gc,reloc    ] GC(37) y: Using tenuring threshold: 0 (Computed)
[0.392s][info][gc,phases   ] GC(37) y: Concurrent Select Relocation Set 0.066ms
[0.392s][info][gc,phases   ] GC(37) y: Pause Relocate Start 0.003ms
[0.392s][info][gc,phases   ] GC(37) y: Concurrent Relocate 0.047ms
[0.392s][info][gc,alloc    ] GC(37) y:                         Mark Start        Mark End      Relocate Start    Relocate End   
[0.392s][info][gc,alloc    ] GC(37) y: Allocation Stalls:          1                1                1                1         
[0.392s][info][gc,load     ] GC(37) y: Load: 0.00 (0%) / 0.00 (0%) / 0.00 (0%)
[0.392s][info][gc,mmu      ] GC(37) y: MMU: 2ms/98.1%, 5ms/98.8%, 10ms/99.0%, 20ms/99.1%, 50ms/99.2%, 100ms/99.3%
[0.392s][info][gc,marking  ] GC(37) y: Mark: 2 stripe(s), 1 proactive flush(es), 1 terminate flush(es), 0 completion(s), 0 continuation(s) 
[0.392s][info][gc,nmethod  ] GC(37) y: NMethods: 287 registered, 11 unregistered
[0.392s][info][gc,metaspace] GC(37) y: Metaspace: 0M used, 0M committed, 1088M reserved
[0.392s][info][gc,heap     ] GC(37) y: Min Capacity: 8M(3%)
[0.392s][info][gc,heap     ] GC(37) y: Max Capacity: 256M(100%)
[0.392s][info][gc,heap     ] GC(37) y: Soft Max Capacity: 256M(100%)
[0.392s][info][gc,heap     ] GC(37) y: Heap Statistics:
[0.392s][info][gc,heap     ] GC(37) y:                Mark Start          Mark End        Relocate Start      Relocate End           High               Low         
[0.392s][info][gc,heap     ] GC(37) y:  Capacity:      256M (100%)        256M (100%)        256M (100%)        256M (100%)        256M (100%)        256M (100%)   
[0.392s][info][gc,heap     ] GC(37) y:      Free:        0M (0%)            0M (0%)            0M (0%)            0M (0%)            0M (0%)            0M (0%)     
[0.392s][info][gc,heap     ] GC(37) y:      Used:      256M (100%)        256M (100%)        256M (100%)        256M (100%)        256M (100%)        256M (100%)   
[0.392s][info][gc,heap     ] GC(37) y: Young Generation Statistics:
[0.392s][info][gc,heap     ] GC(37) y:                Mark Start          Mark End        Relocate Start      Relocate End    
[0.392s][info][gc,heap     ] GC(37) y:      Used:        0M (0%)            0M (0%)            0M (0%)            0M (0%)     
[0.392s][info][gc,heap     ] GC(37) y:      Live:         -                 0M (0%)            0M (0%)            0M (0%)     
[0.392s][info][gc,heap     ] GC(37) y:   Garbage:         -                 0M (0%)            0M (0%)            0M (0%)     
[0.392s][info][gc,heap     ] GC(37) y: Allocated:         -                 0M (0%)            0M (0%)            0M (0%)     
[0.392s][info][gc,heap     ] GC(37) y: Reclaimed:         -                  -                 0M (0%)            0M (0%)     
[0.392s][info][gc,heap     ] GC(37) y:  Promoted:         -                  -                 0M (0%)            0M (0%)     
[0.392s][info][gc,heap     ] GC(37) y: Compacted:         -                  -                  -                 0M (0%)     
[0.392s][info][gc,phases   ] GC(37) y: Young Generation 256M(100%)->256M(100%) 0.001s
[0.392s][info][gc          ] GC(37) Minor Collection (Allocation Stall) 256M(100%)->256M(100%) 0.001s
[0.392s][info][gc          ] GC(38) Major Collection (Allocation Stall)
[0.392s][info][gc,task     ] GC(38) Using 2 Workers for Young Generation
[0.392s][info][gc,task     ] GC(38) Using 2 Workers for Old Generation
[0.392s][info][gc,phases   ] GC(38) Y: Young Generation (Promote All)
[0.392s][info][gc,phases   ] GC(38) Y: Pause Mark Start 0.004ms
[0.393s][info][gc,phases   ] GC(38) Y: Concurrent Mark 0.444ms
[0.393s][info][gc,phases   ] GC(38) Y: Pause Mark End 0.004ms
[0.393s][info][gc,phases   ] GC(38) Y: Concurrent Mark Free 0.000ms
[0.393s][info][gc,phases   ] GC(38) Y: Concurrent Reset Relocation Set 0.000ms
[0.393s][info][gc,reloc    ] GC(38) Y: Using tenuring threshold: 0 (Promote All)
[0.393s][info][gc,phases   ] GC(38) Y: Concurrent Select Relocation Set 0.072ms
[0.393s][info][gc,phases   ] GC(38) Y: Pause Relocate Start 0.002ms
[0.393s][info][gc,phases   ] GC(38) Y: Concurrent Relocate 0.038ms
[0.393s][info][gc,alloc    ] GC(38) Y:                         Mark Start        Mark End      Relocate Start    Relocate End   
[0.393s][info][gc,alloc    ] GC(38) Y: Allocation Stalls:          1                1                1                1         
[0.393s][info][gc,load     ] GC(38) Y: Load: 0.00 (0%) / 0.00 (0%) / 0.00 (0%)
[0.393s][info][gc,mmu      ] GC(38) Y: MMU: 2ms/98.1%, 5ms/98.8%, 10ms/99.0%, 20ms/99.1%, 50ms/99.2%, 100ms/99.3%
[0.393s][info][gc,marking  ] GC(38) Y: Mark: 2 stripe(s), 1 proactive flush(es), 1 terminate flush(es), 0 completion(s), 0 continuation(s) 
[0.393s][info][gc,nmethod  ] GC(38) Y: NMethods: 287 registered, 11 unregistered
[0.393s][info][gc,metaspace] GC(38) Y: Metaspace: 0M used, 0M committed, 1088M reserved
[0.393s][info][gc,heap     ] GC(38) Y: Min Capacity: 8M(3%)
[0.393s][info][gc,heap     ] GC(38) Y: Max Capacity: 256M(100%)
[0.393s][info][gc,heap     ] GC(38) Y: Soft Max Capacity: 256M(100%)
[0.393s][info][gc,heap     ] GC(38) Y: Heap Statistics:
[0.393s][info][gc,heap     ] GC(38) Y:                Mark Start          Mark End        Relocate Start      Relocate End           High               Low         
[0.393s][info][gc,heap     ] GC(38) Y:  Capacity:      256M (100%)        256M (100%)        256M (100%)        256M (100%)        256M (100%)        256M (100%)   
[0.393s][info][gc,heap     ] GC(38) Y:      Free:        0M (0%)            0M (0%)            0M (0%)            0M (0%)            0M (0%)            0M (0%)     
[0.393s][info][gc,heap     ] GC(38) Y:      Used:      256M (100%)        256M (100%)        256M (100%)        256M (100%)        256M (100%)        256M (100%)   
[0.393s][info][gc,heap     ] GC(38) Y: Young Generation Statistics:
[0.393s][info][gc,heap     ] GC(38) Y:                Mark Start          Mark End        Relocate Start      Relocate End    
[0.393s][info][gc,heap     ] GC(38) Y:      Used:        0M (0%)            0M (0%)            0M (0%)            0M (0%)     
[0.393s][info][gc,heap     ] GC(38) Y:      Live:         -                 0M (0%)            0M (0%)            0M (0%)     
[0.393s][info][gc,heap     ] GC(38) Y:   Garbage:         -                 0M (0%)            0M (0%)            0M (0%)     
[0.393s][info][gc,heap     ] GC(38) Y: Allocated:         -                 0M (0%)            0M (0%)            0M (0%)     
[0.393s][info][gc,heap     ] GC(38) Y: Reclaimed:         -                  -                 0M (0%)            0M (0%)     
[0.393s][info][gc,heap     ] GC(38) Y:  Promoted:         -                  -                 0M (0%)            0M (0%)     
[0.393s][info][gc,heap     ] GC(38) Y: Compacted:         -                  -                  -                 0M (0%)     
[0.393s][info][gc,phases   ] GC(38) Y: Young Generation (Promote All) 256M(100%)->256M(100%) 0.001s
[0.393s][info][gc,phases   ] GC(38) Y: Young Generation (Collect Roots)
[0.393s][info][gc,phases   ] GC(38) Y: Pause Mark Start (Major) 0.004ms
[0.394s][info][gc,phases   ] GC(38) Y: Concurrent Mark 0.398ms
[0.394s][info][gc,phases   ] GC(38) Y: Pause Mark End 0.003ms
[0.394s][info][gc,phases   ] GC(38) Y: Concurrent Mark Free 0.000ms
[0.394s][info][gc,phases   ] GC(38) Y: Concurrent Reset Relocation Set 0.000ms
[0.394s][info][gc,reloc    ] GC(38) Y: Using tenuring threshold: 0 (Computed)
[0.394s][info][gc,phases   ] GC(38) Y: Concurrent Select Relocation Set 0.065ms
[0.394s][info][gc,phases   ] GC(38) Y: Pause Relocate Start 0.002ms
[0.394s][info][gc,phases   ] GC(38) Y: Concurrent Relocate 0.036ms
[0.394s][info][gc,alloc    ] GC(38) Y:                         Mark Start        Mark End      Relocate Start    Relocate End   
[0.394s][info][gc,alloc    ] GC(38) Y: Allocation Stalls:          1                1                1                1         
[0.394s][info][gc,load     ] GC(38) Y: Load: 0.00 (0%) / 0.00 (0%) / 0.00 (0%)
[0.394s][info][gc,mmu      ] GC(38) Y: MMU: 2ms/98.1%, 5ms/98.8%, 10ms/99.0%, 20ms/99.1%, 50ms/99.2%, 100ms/99.3%
[0.394s][info][gc,marking  ] GC(38) Y: Mark: 2 stripe(s), 1 proactive flush(es), 1 terminate flush(es), 0 completion(s), 0 continuation(s) 
[0.394s][info][gc,nmethod  ] GC(38) Y: NMethods: 287 registered, 11 unregistered
[0.394s][info][gc,metaspace] GC(38) Y: Metaspace: 0M used, 0M committed, 1088M reserved
[0.394s][info][gc,heap     ] GC(38) Y: Min Capacity: 8M(3%)
[0.394s][info][gc,heap     ] GC(38) Y: Max Capacity: 256M(100%)
[0.394s][info][gc,heap     ] GC(38) Y: Soft Max Capacity: 256M(100%)
[0.394s][info][gc,heap     ] GC(38) Y: Heap Statistics:
[0.394s][info][gc,heap     ] GC(38) Y:                Mark Start          Mark End        Relocate Start      Relocate End           High               Low         
[0.394s][info][gc,heap     ] GC(38) Y:  Capacity:      256M (100%)        256M (100%)        256M (100%)        256M (100%)        256M (100%)        256M (100%)   
[0.394s][info][gc,heap     ] GC(38) Y:      Free:        0M (0%)            0M (0%)            0M (0%)            0M (0%)            0M (0%)            0M (0%)     
[0.394s][info][gc,heap     ] GC(38) Y:      Used:      256M (100%)        256M (100%)        256M (100%)        256M (100%)        256M (100%)        256M (100%)   
[0.394s][info][gc,heap     ] GC(38) Y: Young Generation Statistics:
[0.394s][info][gc,heap     ] GC(38) Y:                Mark Start          Mark End        Relocate Start      Relocate End    
[0.394s][info][gc,heap     ] GC(38) Y:      Used:        0M (0%)            0M (0%)            0M (0%)            0M (0%)     
[0.394s][info][gc,heap     ] GC(38) Y:      Live:         -                 0M (0%)            0M (0%)            0M (0%)     
[0.394s][info][gc,heap     ] GC(38) Y:   Garbage:         -                 0M (0%)            0M (0%)            0M (0%)     
[0.394s][info][gc,heap     ] GC(38) Y: Allocated:         -                 0M (0%)            0M (0%)            0M (0%)     
[0.394s][info][gc,heap     ] GC(38) Y: Reclaimed:         -                  -                 0M (0%)            0M (0%)     
[0.394s][info][gc,heap     ] GC(38) Y:  Promoted:         -                  -                 0M (0%)            0M (0%)     
[0.394s][info][gc,heap     ] GC(38) Y: Compacted:         -                  -                  -                 0M (0%)     
[0.394s][info][gc,phases   ] GC(38) Y: Young Generation (Collect Roots) 256M(100%)->256M(100%) 0.001s
[0.394s][info][gc,phases   ] GC(38) O: Old Generation
[0.395s][info][gc,phases   ] GC(38) O: Concurrent Mark 1.091ms
[0.395s][info][gc,phases   ] GC(38) O: Pause Mark End 0.006ms
[0.395s][info][gc,phases   ] GC(38) O: Concurrent Mark Free 0.002ms
[0.395s][info][gc,ref      ] GC(38) O: Clearing All SoftReferences
[0.395s][info][gc,phases   ] GC(38) O: Concurrent Process Non-Strong 0.263ms
[0.395s][info][gc,phases   ] GC(38) O: Concurrent Reset Relocation Set 0.000ms
[0.396s][info][gc,phases   ] GC(38) O: Concurrent Select Relocation Set 0.022ms
[0.396s][info][gc,task     ] GC(38) O: Using 2 Workers for Old Generation
[0.396s][info][gc,task     ] GC(38) O: Using 2 Workers for Old Generation
[0.396s][info][gc,phases   ] GC(38) O: Concurrent Remap Roots 0.409ms
[0.396s][info][gc,phases   ] GC(38) O: Pause Relocate Start 0.005ms
[0.396s][info][gc,phases   ] GC(38) O: Concurrent Relocate 0.034ms
[0.396s][info][gc,alloc    ] GC(38) O:                         Mark Start        Mark End      Relocate Start    Relocate End   
[0.396s][info][gc,alloc    ] GC(38) O: Allocation Stalls:          1                1                1                1         
[0.396s][info][gc,load     ] GC(38) O: Load: 0.00 (0%) / 0.00 (0%) / 0.00 (0%)
[0.396s][info][gc,mmu      ] GC(38) O: MMU: 2ms/98.1%, 5ms/98.8%, 10ms/99.0%, 20ms/99.1%, 50ms/99.2%, 100ms/99.3%
[0.396s][info][gc,marking  ] GC(38) O: Mark: 2 stripe(s), 2 proactive flush(es), 1 terminate flush(es), 0 completion(s), 0 continuation(s) 
[0.396s][info][gc,nmethod  ] GC(38) O: NMethods: 287 registered, 11 unregistered
[0.396s][info][gc,metaspace] GC(38) O: Metaspace: 0M used, 0M committed, 1088M reserved
[0.396s][info][gc,ref      ] GC(38) O:                       Encountered   Discovered     Enqueued 
[0.396s][info][gc,ref      ] GC(38) O: Soft References:               35           11            0 
[0.396s][info][gc,ref      ] GC(38) O: Weak References:               73           34            0 
[0.396s][info][gc,ref      ] GC(38) O: Final References:               0            0            0 
[0.396s][info][gc,ref      ] GC(38) O: Phantom References:             1            1            0 
[0.396s][info][gc,reloc    ] GC(38) O:                        Candidates     Selected     In-Place         Size        Empty    Relocated 
[0.396s][info][gc,reloc    ] GC(38) O: Small Pages:                    1            0            0           2M           0M           0M 
[0.396s][info][gc,reloc    ] GC(38) O: Medium Pages:                   0            0            0           0M           0M           0M 
[0.396s][info][gc,reloc    ] GC(38) O: Large Pages:                  127            0            0         254M           0M           0M 
[0.396s][info][gc,reloc    ] GC(38) O: Forwarding Usage: 0M
[0.396s][info][gc,heap     ] GC(38) O: Min Capacity: 8M(3%)
[0.396s][info][gc,heap     ] GC(38) O: Max Capacity: 256M(100%)
[0.396s][info][gc,heap     ] GC(38) O: Soft Max Capacity: 256M(100%)
[0.396s][info][gc,heap     ] GC(38) O: Heap Statistics:
[0.396s][info][gc,heap     ] GC(38) O:                Mark Start          Mark End        Relocate Start      Relocate End           High               Low         
[0.396s][info][gc,heap     ] GC(38) O:  Capacity:      256M (100%)        256M (100%)        256M (100%)        256M (100%)        256M (100%)        256M (100%)   
[0.396s][info][gc,heap     ] GC(38) O:      Free:        0M (0%)            0M (0%)            0M (0%)            0M (0%)            0M (0%)            0M (0%)     
[0.396s][info][gc,heap     ] GC(38) O:      Used:      256M (100%)        256M (100%)        256M (100%)        256M (100%)        256M (100%)        256M (100%)   
[0.396s][info][gc,heap     ] GC(38) O: Old Generation Statistics:
[0.396s][info][gc,heap     ] GC(38) O:                Mark Start          Mark End        Relocate Start      Relocate End    
[0.396s][info][gc,heap     ] GC(38) O:      Used:      256M (100%)        256M (100%)        256M (100%)        256M (100%)   
[0.396s][info][gc,heap     ] GC(38) O:      Live:         -               255M (100%)        255M (100%)        255M (100%)   
[0.396s][info][gc,heap     ] GC(38) O:   Garbage:         -                 0M (0%)            0M (0%)            0M (0%)     
[0.396s][info][gc,heap     ] GC(38) O: Allocated:         -                 0M (0%)            0M (0%)            0M (0%)     
[0.396s][info][gc,heap     ] GC(38) O: Reclaimed:         -                  -                 0M (0%)            0M (0%)     
[0.396s][info][gc,heap     ] GC(38) O: Compacted:         -                  -                  -                 0M (0%)     
[0.396s][info][gc,phases   ] GC(38) O: Old Generation 256M(100%)->256M(100%) 0.002s
[0.396s][info][gc          ] GC(38) Major Collection (Allocation Stall) 256M(100%)->256M(100%) 0.004s
[0.396s][info][gc          ] Allocation Stall (main) 5.403ms
[0.396s][info][gc          ] Out Of Memory (main)
[0.396s][info][gc          ] GC(39) Minor Collection (Allocation Stall)
[0.396s][info][gc,task     ] GC(39) Using 2 Workers for Young Generation
[0.396s][info][gc,phases   ] GC(39) y: Young Generation
[0.397s][info][gc,phases   ] GC(39) y: Pause Mark Start 0.006ms
[0.397s][info][gc,phases   ] GC(39) y: Concurrent Mark 0.544ms
[0.397s][info][gc,phases   ] GC(39) y: Pause Mark End 0.006ms
[0.397s][info][gc,phases   ] GC(39) y: Concurrent Mark Free 0.000ms
[0.397s][info][gc,phases   ] GC(39) y: Concurrent Reset Relocation Set 0.000ms
[0.397s][info][gc,reloc    ] GC(39) y: Using tenuring threshold: 0 (Computed)
[0.397s][info][gc,phases   ] GC(39) y: Concurrent Select Relocation Set 0.094ms
[0.397s][info][gc,phases   ] GC(39) y: Pause Relocate Start 0.004ms
[0.397s][info][gc,phases   ] GC(39) y: Concurrent Relocate 0.047ms
[0.397s][info][gc,alloc    ] GC(39) y:                         Mark Start        Mark End      Relocate Start    Relocate End   
[0.397s][info][gc,alloc    ] GC(39) y: Allocation Stalls:          1                1                1                1         
[0.397s][info][gc,load     ] GC(39) y: Load: 0.00 (0%) / 0.00 (0%) / 0.00 (0%)
[0.397s][info][gc,mmu      ] GC(39) y: MMU: 2ms/98.1%, 5ms/98.8%, 10ms/99.0%, 20ms/99.1%, 50ms/99.2%, 100ms/99.3%
[0.397s][info][gc,marking  ] GC(39) y: Mark: 2 stripe(s), 1 proactive flush(es), 1 terminate flush(es), 0 completion(s), 0 continuation(s) 
[0.397s][info][gc,nmethod  ] GC(39) y: NMethods: 287 registered, 11 unregistered
[0.397s][info][gc,metaspace] GC(39) y: Metaspace: 0M used, 0M committed, 1088M reserved
[0.397s][info][gc,heap     ] GC(39) y: Min Capacity: 8M(3%)
[0.397s][info][gc,heap     ] GC(39) y: Max Capacity: 256M(100%)
[0.398s][info][gc,heap     ] GC(39) y: Soft Max Capacity: 256M(100%)
[0.398s][info][gc,heap     ] GC(39) y: Heap Statistics:
[0.398s][info][gc,heap     ] GC(39) y:                Mark Start          Mark End        Relocate Start      Relocate End           High               Low         
[0.398s][info][gc,heap     ] GC(39) y:  Capacity:      256M (100%)        256M (100%)        256M (100%)        256M (100%)        256M (100%)        256M (100%)   
[0.398s][info][gc,heap     ] GC(39) y:      Free:        0M (0%)            0M (0%)            0M (0%)            0M (0%)            0M (0%)            0M (0%)     
[0.398s][info][gc,heap     ] GC(39) y:      Used:      256M (100%)        256M (100%)        256M (100%)        256M (100%)        256M (100%)        256M (100%)   
[0.398s][info][gc,heap     ] GC(39) y: Young Generation Statistics:
[0.398s][info][gc,heap     ] GC(39) y:                Mark Start          Mark End        Relocate Start      Relocate End    
[0.398s][info][gc,heap     ] GC(39) y:      Used:        0M (0%)            0M (0%)            0M (0%)            0M (0%)     
[0.398s][info][gc,heap     ] GC(39) y:      Live:         -                 0M (0%)            0M (0%)            0M (0%)     
[0.398s][info][gc,heap     ] GC(39) y:   Garbage:         -                 0M (0%)            0M (0%)            0M (0%)     
[0.398s][info][gc,heap     ] GC(39) y: Allocated:         -                 0M (0%)            0M (0%)            0M (0%)     
[0.398s][info][gc,heap     ] GC(39) y: Reclaimed:         -                  -                 0M (0%)            0M (0%)     
[0.398s][info][gc,heap     ] GC(39) y:  Promoted:         -                  -                 0M (0%)            0M (0%)     
[0.398s][info][gc,heap     ] GC(39) y: Compacted:         -                  -                  -                 0M (0%)     
[0.398s][info][gc,phases   ] GC(39) y: Young Generation 256M(100%)->256M(100%) 0.001s
[0.398s][info][gc          ] GC(39) Minor Collection (Allocation Stall) 256M(100%)->256M(100%) 0.001s
[0.398s][info][gc          ] GC(40) Major Collection (Allocation Stall)
[0.398s][info][gc,task     ] GC(40) Using 2 Workers for Young Generation
[0.398s][info][gc,task     ] GC(40) Using 2 Workers for Old Generation
[0.398s][info][gc,phases   ] GC(40) Y: Young Generation (Promote All)
[0.398s][info][gc,phases   ] GC(40) Y: Pause Mark Start 0.004ms
[0.398s][info][gc,phases   ] GC(40) Y: Concurrent Mark 0.478ms
[0.398s][info][gc,phases   ] GC(40) Y: Pause Mark End 0.003ms
[0.398s][info][gc,phases   ] GC(40) Y: Concurrent Mark Free 0.000ms
[0.398s][info][gc,phases   ] GC(40) Y: Concurrent Reset Relocation Set 0.000ms
[0.398s][info][gc,reloc    ] GC(40) Y: Using tenuring threshold: 0 (Promote All)
[0.398s][info][gc,phases   ] GC(40) Y: Concurrent Select Relocation Set 0.066ms
[0.398s][info][gc,phases   ] GC(40) Y: Pause Relocate Start 0.002ms
[0.398s][info][gc,phases   ] GC(40) Y: Concurrent Relocate 0.040ms
[0.398s][info][gc,alloc    ] GC(40) Y:                         Mark Start        Mark End      Relocate Start    Relocate End   
[0.398s][info][gc,alloc    ] GC(40) Y: Allocation Stalls:          1                1                1                1         
[0.398s][info][gc,load     ] GC(40) Y: Load: 0.00 (0%) / 0.00 (0%) / 0.00 (0%)
[0.399s][info][gc,mmu      ] GC(40) Y: MMU: 2ms/98.1%, 5ms/98.8%, 10ms/99.0%, 20ms/99.1%, 50ms/99.2%, 100ms/99.3%
[0.399s][info][gc,marking  ] GC(40) Y: Mark: 2 stripe(s), 1 proactive flush(es), 1 terminate flush(es), 0 completion(s), 0 continuation(s) 
[0.399s][info][gc,nmethod  ] GC(40) Y: NMethods: 287 registered, 11 unregistered
[0.399s][info][gc,metaspace] GC(40) Y: Metaspace: 0M used, 0M committed, 1088M reserved
[0.399s][info][gc,heap     ] GC(40) Y: Min Capacity: 8M(3%)
[0.399s][info][gc,heap     ] GC(40) Y: Max Capacity: 256M(100%)
[0.399s][info][gc,heap     ] GC(40) Y: Soft Max Capacity: 256M(100%)
[0.399s][info][gc,heap     ] GC(40) Y: Heap Statistics:
[0.399s][info][gc,heap     ] GC(40) Y:                Mark Start          Mark End        Relocate Start      Relocate End           High               Low         
[0.399s][info][gc,heap     ] GC(40) Y:  Capacity:      256M (100%)        256M (100%)        256M (100%)        256M (100%)        256M (100%)        256M (100%)   
[0.399s][info][gc,heap     ] GC(40) Y:      Free:        0M (0%)            0M (0%)            0M (0%)            0M (0%)            0M (0%)            0M (0%)     
[0.399s][info][gc,heap     ] GC(40) Y:      Used:      256M (100%)        256M (100%)        256M (100%)        256M (100%)        256M (100%)        256M (100%)   
[0.399s][info][gc,heap     ] GC(40) Y: Young Generation Statistics:
[0.399s][info][gc,heap     ] GC(40) Y:                Mark Start          Mark End        Relocate Start      Relocate End    
[0.399s][info][gc,heap     ] GC(40) Y:      Used:        0M (0%)            0M (0%)            0M (0%)            0M (0%)     
[0.399s][info][gc,heap     ] GC(40) Y:      Live:         -                 0M (0%)            0M (0%)            0M (0%)     
[0.399s][info][gc,heap     ] GC(40) Y:   Garbage:         -                 0M (0%)            0M (0%)            0M (0%)     
[0.399s][info][gc,heap     ] GC(40) Y: Allocated:         -                 0M (0%)            0M (0%)            0M (0%)     
[0.399s][info][gc,heap     ] GC(40) Y: Reclaimed:         -                  -                 0M (0%)            0M (0%)     
[0.399s][info][gc,heap     ] GC(40) Y:  Promoted:         -                  -                 0M (0%)            0M (0%)     
[0.399s][info][gc,heap     ] GC(40) Y: Compacted:         -                  -                  -                 0M (0%)     
[0.399s][info][gc,phases   ] GC(40) Y: Young Generation (Promote All) 256M(100%)->256M(100%) 0.001s
[0.399s][info][gc,phases   ] GC(40) Y: Young Generation (Collect Roots)
[0.399s][info][gc,phases   ] GC(40) Y: Pause Mark Start (Major) 0.005ms
[0.399s][info][gc,phases   ] GC(40) Y: Concurrent Mark 0.532ms
[0.399s][info][gc,phases   ] GC(40) Y: Pause Mark End 0.004ms
[0.399s][info][gc,phases   ] GC(40) Y: Concurrent Mark Free 0.000ms
[0.399s][info][gc,phases   ] GC(40) Y: Concurrent Reset Relocation Set 0.000ms
[0.399s][info][gc,reloc    ] GC(40) Y: Using tenuring threshold: 0 (Computed)
[0.399s][info][gc,phases   ] GC(40) Y: Concurrent Select Relocation Set 0.068ms
[0.399s][info][gc,phases   ] GC(40) Y: Pause Relocate Start 0.002ms
[0.400s][info][gc,phases   ] GC(40) Y: Concurrent Relocate 0.038ms
[0.400s][info][gc,alloc    ] GC(40) Y:                         Mark Start        Mark End      Relocate Start    Relocate End   
[0.400s][info][gc,alloc    ] GC(40) Y: Allocation Stalls:          1                1                1                1         
[0.400s][info][gc,load     ] GC(40) Y: Load: 0.00 (0%) / 0.00 (0%) / 0.00 (0%)
[0.400s][info][gc,mmu      ] GC(40) Y: MMU: 2ms/98.1%, 5ms/98.8%, 10ms/99.0%, 20ms/99.1%, 50ms/99.2%, 100ms/99.3%
[0.400s][info][gc,marking  ] GC(40) Y: Mark: 2 stripe(s), 1 proactive flush(es), 1 terminate flush(es), 0 completion(s), 0 continuation(s) 
[0.400s][info][gc,nmethod  ] GC(40) Y: NMethods: 287 registered, 11 unregistered
[0.400s][info][gc,metaspace] GC(40) Y: Metaspace: 0M used, 0M committed, 1088M reserved
[0.400s][info][gc,heap     ] GC(40) Y: Min Capacity: 8M(3%)
[0.400s][info][gc,heap     ] GC(40) Y: Max Capacity: 256M(100%)
[0.400s][info][gc,heap     ] GC(40) Y: Soft Max Capacity: 256M(100%)
[0.400s][info][gc,heap     ] GC(40) Y: Heap Statistics:
[0.400s][info][gc,heap     ] GC(40) Y:                Mark Start          Mark End        Relocate Start      Relocate End           High               Low         
[0.400s][info][gc,heap     ] GC(40) Y:  Capacity:      256M (100%)        256M (100%)        256M (100%)        256M (100%)        256M (100%)        256M (100%)   
[0.400s][info][gc,heap     ] GC(40) Y:      Free:        0M (0%)            0M (0%)            0M (0%)            0M (0%)            0M (0%)            0M (0%)     
[0.400s][info][gc,heap     ] GC(40) Y:      Used:      256M (100%)        256M (100%)        256M (100%)        256M (100%)        256M (100%)        256M (100%)   
[0.400s][info][gc,heap     ] GC(40) Y: Young Generation Statistics:
[0.400s][info][gc,heap     ] GC(40) Y:                Mark Start          Mark End        Relocate Start      Relocate End    
[0.400s][info][gc,heap     ] GC(40) Y:      Used:        0M (0%)            0M (0%)            0M (0%)            0M (0%)     
[0.400s][info][gc,heap     ] GC(40) Y:      Live:         -                 0M (0%)            0M (0%)            0M (0%)     
[0.400s][info][gc,heap     ] GC(40) Y:   Garbage:         -                 0M (0%)            0M (0%)            0M (0%)     
[0.400s][info][gc,heap     ] GC(40) Y: Allocated:         -                 0M (0%)            0M (0%)            0M (0%)     
[0.400s][info][gc,heap     ] GC(40) Y: Reclaimed:         -                  -                 0M (0%)            0M (0%)     
[0.400s][info][gc,heap     ] GC(40) Y:  Promoted:         -                  -                 0M (0%)            0M (0%)     
[0.400s][info][gc,heap     ] GC(40) Y: Compacted:         -                  -                  -                 0M (0%)     
[0.400s][info][gc,phases   ] GC(40) Y: Young Generation (Collect Roots) 256M(100%)->256M(100%) 0.001s
[0.400s][info][gc,phases   ] GC(40) O: Old Generation
[0.401s][info][gc,phases   ] GC(40) O: Concurrent Mark 1.216ms
[0.401s][info][gc,phases   ] GC(40) O: Pause Mark End 0.005ms
[0.401s][info][gc,phases   ] GC(40) O: Concurrent Mark Free 0.001ms
[0.401s][info][gc,ref      ] GC(40) O: Clearing All SoftReferences
[0.401s][info][gc,phases   ] GC(40) O: Concurrent Process Non-Strong 0.253ms
[0.401s][info][gc,phases   ] GC(40) O: Concurrent Reset Relocation Set 0.000ms
[0.401s][info][gc,phases   ] GC(40) O: Concurrent Select Relocation Set 0.024ms
[0.401s][info][gc,task     ] GC(40) O: Using 2 Workers for Old Generation
[0.402s][info][gc,task     ] GC(40) O: Using 2 Workers for Old Generation
[0.402s][info][gc,phases   ] GC(40) O: Concurrent Remap Roots 0.356ms
[0.402s][info][gc,phases   ] GC(40) O: Pause Relocate Start 0.004ms
[0.402s][info][gc,phases   ] GC(40) O: Concurrent Relocate 0.034ms
[0.402s][info][gc,alloc    ] GC(40) O:                         Mark Start        Mark End      Relocate Start    Relocate End   
[0.402s][info][gc,alloc    ] GC(40) O: Allocation Stalls:          1                1                1                1         
[0.402s][info][gc,load     ] GC(40) O: Load: 0.00 (0%) / 0.00 (0%) / 0.00 (0%)
[0.402s][info][gc,mmu      ] GC(40) O: MMU: 2ms/98.1%, 5ms/98.8%, 10ms/99.0%, 20ms/99.1%, 50ms/99.2%, 100ms/99.3%
[0.402s][info][gc,marking  ] GC(40) O: Mark: 2 stripe(s), 2 proactive flush(es), 1 terminate flush(es), 0 completion(s), 0 continuation(s) 
[0.402s][info][gc,nmethod  ] GC(40) O: NMethods: 287 registered, 11 unregistered
[0.402s][info][gc,metaspace] GC(40) O: Metaspace: 0M used, 0M committed, 1088M reserved
[0.402s][info][gc,ref      ] GC(40) O:                       Encountered   Discovered     Enqueued 
[0.402s][info][gc,ref      ] GC(40) O: Soft References:               35           18            0 
[0.402s][info][gc,ref      ] GC(40) O: Weak References:               73           38            0 
[0.402s][info][gc,ref      ] GC(40) O: Final References:               0            0            0 
[0.402s][info][gc,ref      ] GC(40) O: Phantom References:             1            0            0 
[0.402s][info][gc,reloc    ] GC(40) O:                        Candidates     Selected     In-Place         Size        Empty    Relocated 
[0.402s][info][gc,reloc    ] GC(40) O: Small Pages:                    1            0            0           2M           0M           0M 
[0.402s][info][gc,reloc    ] GC(40) O: Medium Pages:                   0            0            0           0M           0M           0M 
[0.402s][info][gc,reloc    ] GC(40) O: Large Pages:                  127            0            0         254M           0M           0M 
[0.402s][info][gc,reloc    ] GC(40) O: Forwarding Usage: 0M
[0.402s][info][gc,heap     ] GC(40) O: Min Capacity: 8M(3%)
[0.402s][info][gc,heap     ] GC(40) O: Max Capacity: 256M(100%)
[0.402s][info][gc,heap     ] GC(40) O: Soft Max Capacity: 256M(100%)
[0.402s][info][gc,heap     ] GC(40) O: Heap Statistics:
[0.402s][info][gc,heap     ] GC(40) O:                Mark Start          Mark End        Relocate Start      Relocate End           High               Low         
[0.402s][info][gc,heap     ] GC(40) O:  Capacity:      256M (100%)        256M (100%)        256M (100%)        256M (100%)        256M (100%)        256M (100%)   
[0.402s][info][gc,heap     ] GC(40) O:      Free:        0M (0%)            0M (0%)            0M (0%)            0M (0%)            0M (0%)            0M (0%)     
[0.402s][info][gc,heap     ] GC(40) O:      Used:      256M (100%)        256M (100%)        256M (100%)        256M (100%)        256M (100%)        256M (100%)   
[0.402s][info][gc,heap     ] GC(40) O: Old Generation Statistics:
[0.402s][info][gc,heap     ] GC(40) O:                Mark Start          Mark End        Relocate Start      Relocate End    
[0.402s][info][gc,heap     ] GC(40) O:      Used:      256M (100%)        256M (100%)        256M (100%)        256M (100%)   
[0.402s][info][gc,heap     ] GC(40) O:      Live:         -               255M (100%)        255M (100%)        255M (100%)   
[0.402s][info][gc,heap     ] GC(40) O:   Garbage:         -                 0M (0%)            0M (0%)            0M (0%)     
[0.402s][info][gc,heap     ] GC(40) O: Allocated:         -                 0M (0%)            0M (0%)            0M (0%)     
[0.402s][info][gc,heap     ] GC(40) O: Reclaimed:         -                  -                 0M (0%)            0M (0%)     
[0.402s][info][gc,heap     ] GC(40) O: Compacted:         -                  -                  -                 0M (0%)     
[0.402s][info][gc,phases   ] GC(40) O: Old Generation 256M(100%)->256M(100%) 0.002s
[0.402s][info][gc          ] GC(40) Major Collection (Allocation Stall) 256M(100%)->256M(100%) 0.004s
[0.402s][info][gc          ] Allocation Stall (main) 5.749ms
[0.402s][info][gc          ] Out Of Memory (main)
[0.402s][info][gc          ] GC(41) Minor Collection (Allocation Stall)
[0.402s][info][gc,task     ] GC(41) Using 2 Workers for Young Generation
[0.402s][info][gc,phases   ] GC(41) y: Young Generation
[0.402s][info][gc,phases   ] GC(41) y: Pause Mark Start 0.005ms
[0.403s][info][gc,phases   ] GC(41) y: Concurrent Mark 0.417ms
[0.403s][info][gc,phases   ] GC(41) y: Pause Mark End 0.004ms
[0.403s][info][gc,phases   ] GC(41) y: Concurrent Mark Free 0.000ms
[0.403s][info][gc,phases   ] GC(41) y: Concurrent Reset Relocation Set 0.000ms
[0.403s][info][gc,reloc    ] GC(41) y: Using tenuring threshold: 0 (Computed)
[0.403s][info][gc,phases   ] GC(41) y: Concurrent Select Relocation Set 0.077ms
[0.403s][info][gc,phases   ] GC(41) y: Pause Relocate Start 0.003ms
[0.403s][info][gc,phases   ] GC(41) y: Concurrent Relocate 0.047ms
[0.403s][info][gc,alloc    ] GC(41) y:                         Mark Start        Mark End      Relocate Start    Relocate End   
[0.403s][info][gc,alloc    ] GC(41) y: Allocation Stalls:          1                1                1                1         
[0.403s][info][gc,load     ] GC(41) y: Load: 0.00 (0%) / 0.00 (0%) / 0.00 (0%)
[0.403s][info][gc,mmu      ] GC(41) y: MMU: 2ms/98.1%, 5ms/98.8%, 10ms/99.0%, 20ms/99.1%, 50ms/99.2%, 100ms/99.3%
[0.403s][info][gc,marking  ] GC(41) y: Mark: 2 stripe(s), 1 proactive flush(es), 1 terminate flush(es), 0 completion(s), 0 continuation(s) 
[0.403s][info][gc,nmethod  ] GC(41) y: NMethods: 287 registered, 11 unregistered
[0.403s][info][gc,metaspace] GC(41) y: Metaspace: 0M used, 0M committed, 1088M reserved
[0.403s][info][gc,heap     ] GC(41) y: Min Capacity: 8M(3%)
[0.403s][info][gc,heap     ] GC(41) y: Max Capacity: 256M(100%)
[0.403s][info][gc,heap     ] GC(41) y: Soft Max Capacity: 256M(100%)
[0.403s][info][gc,heap     ] GC(41) y: Heap Statistics:
[0.403s][info][gc,heap     ] GC(41) y:                Mark Start          Mark End        Relocate Start      Relocate End           High               Low         
[0.403s][info][gc,heap     ] GC(41) y:  Capacity:      256M (100%)        256M (100%)        256M (100%)        256M (100%)        256M (100%)        256M (100%)   
[0.403s][info][gc,heap     ] GC(41) y:      Free:        0M (0%)            0M (0%)            0M (0%)            0M (0%)            0M (0%)            0M (0%)     
[0.403s][info][gc,heap     ] GC(41) y:      Used:      256M (100%)        256M (100%)        256M (100%)        256M (100%)        256M (100%)        256M (100%)   
[0.403s][info][gc,heap     ] GC(41) y: Young Generation Statistics:
[0.403s][info][gc,heap     ] GC(41) y:                Mark Start          Mark End        Relocate Start      Relocate End    
[0.403s][info][gc,heap     ] GC(41) y:      Used:        0M (0%)            0M (0%)            0M (0%)            0M (0%)     
[0.403s][info][gc,heap     ] GC(41) y:      Live:         -                 0M (0%)            0M (0%)            0M (0%)     
[0.403s][info][gc,heap     ] GC(41) y:   Garbage:         -                 0M (0%)            0M (0%)            0M (0%)     
[0.403s][info][gc,heap     ] GC(41) y: Allocated:         -                 0M (0%)            0M (0%)            0M (0%)     
[0.403s][info][gc,heap     ] GC(41) y: Reclaimed:         -                  -                 0M (0%)            0M (0%)     
[0.403s][info][gc,heap     ] GC(41) y:  Promoted:         -                  -                 0M (0%)            0M (0%)     
[0.403s][info][gc,heap     ] GC(41) y: Compacted:         -                  -                  -                 0M (0%)     
[0.403s][info][gc,phases   ] GC(41) y: Young Generation 256M(100%)->256M(100%) 0.001s
[0.403s][info][gc          ] GC(41) Minor Collection (Allocation Stall) 256M(100%)->256M(100%) 0.001s
[0.403s][info][gc          ] GC(42) Major Collection (Allocation Stall)
[0.403s][info][gc,task     ] GC(42) Using 2 Workers for Young Generation
[0.403s][info][gc,task     ] GC(42) Using 2 Workers for Old Generation
[0.403s][info][gc,phases   ] GC(42) Y: Young Generation (Promote All)
[0.403s][info][gc,phases   ] GC(42) Y: Pause Mark Start 0.005ms
[0.404s][info][gc,phases   ] GC(42) Y: Concurrent Mark 0.428ms
[0.404s][info][gc,phases   ] GC(42) Y: Pause Mark End 0.004ms
[0.404s][info][gc,phases   ] GC(42) Y: Concurrent Mark Free 0.000ms
[0.404s][info][gc,phases   ] GC(42) Y: Concurrent Reset Relocation Set 0.000ms
[0.404s][info][gc,reloc    ] GC(42) Y: Using tenuring threshold: 0 (Promote All)
[0.404s][info][gc,phases   ] GC(42) Y: Concurrent Select Relocation Set 0.066ms
[0.404s][info][gc,phases   ] GC(42) Y: Pause Relocate Start 0.004ms
[0.404s][info][gc,phases   ] GC(42) Y: Concurrent Relocate 0.042ms
[0.404s][info][gc,alloc    ] GC(42) Y:                         Mark Start        Mark End      Relocate Start    Relocate End   
[0.404s][info][gc,alloc    ] GC(42) Y: Allocation Stalls:          1                1                1                1         
[0.404s][info][gc,load     ] GC(42) Y: Load: 0.00 (0%) / 0.00 (0%) / 0.00 (0%)
[0.404s][info][gc,mmu      ] GC(42) Y: MMU: 2ms/98.1%, 5ms/98.8%, 10ms/99.0%, 20ms/99.1%, 50ms/99.2%, 100ms/99.3%
[0.404s][info][gc,marking  ] GC(42) Y: Mark: 2 stripe(s), 1 proactive flush(es), 1 terminate flush(es), 0 completion(s), 0 continuation(s) 
[0.404s][info][gc,nmethod  ] GC(42) Y: NMethods: 287 registered, 11 unregistered
[0.404s][info][gc,metaspace] GC(42) Y: Metaspace: 0M used, 0M committed, 1088M reserved
[0.404s][info][gc,heap     ] GC(42) Y: Min Capacity: 8M(3%)
[0.404s][info][gc,heap     ] GC(42) Y: Max Capacity: 256M(100%)
[0.404s][info][gc,heap     ] GC(42) Y: Soft Max Capacity: 256M(100%)
[0.404s][info][gc,heap     ] GC(42) Y: Heap Statistics:
[0.404s][info][gc,heap     ] GC(42) Y:                Mark Start          Mark End        Relocate Start      Relocate End           High               Low         
[0.404s][info][gc,heap     ] GC(42) Y:  Capacity:      256M (100%)        256M (100%)        256M (100%)        256M (100%)        256M (100%)        256M (100%)   
[0.404s][info][gc,heap     ] GC(42) Y:      Free:        0M (0%)            0M (0%)            0M (0%)            0M (0%)            0M (0%)            0M (0%)     
[0.404s][info][gc,heap     ] GC(42) Y:      Used:      256M (100%)        256M (100%)        256M (100%)        256M (100%)        256M (100%)        256M (100%)   
[0.404s][info][gc,heap     ] GC(42) Y: Young Generation Statistics:
[0.404s][info][gc,heap     ] GC(42) Y:                Mark Start          Mark End        Relocate Start      Relocate End    
[0.404s][info][gc,heap     ] GC(42) Y:      Used:        0M (0%)            0M (0%)            0M (0%)            0M (0%)     
[0.404s][info][gc,heap     ] GC(42) Y:      Live:         -                 0M (0%)            0M (0%)            0M (0%)     
[0.404s][info][gc,heap     ] GC(42) Y:   Garbage:         -                 0M (0%)            0M (0%)            0M (0%)     
[0.404s][info][gc,heap     ] GC(42) Y: Allocated:         -                 0M (0%)            0M (0%)            0M (0%)     
[0.404s][info][gc,heap     ] GC(42) Y: Reclaimed:         -                  -                 0M (0%)            0M (0%)     
[0.404s][info][gc,heap     ] GC(42) Y:  Promoted:         -                  -                 0M (0%)            0M (0%)     
[0.404s][info][gc,heap     ] GC(42) Y: Compacted:         -                  -                  -                 0M (0%)     
[0.404s][info][gc,phases   ] GC(42) Y: Young Generation (Promote All) 256M(100%)->256M(100%) 0.001s
[0.404s][info][gc,phases   ] GC(42) Y: Young Generation (Collect Roots)
[0.404s][info][gc,phases   ] GC(42) Y: Pause Mark Start (Major) 0.005ms
[0.405s][info][gc,phases   ] GC(42) Y: Concurrent Mark 0.486ms
[0.405s][info][gc,phases   ] GC(42) Y: Pause Mark End 0.003ms
[0.405s][info][gc,phases   ] GC(42) Y: Concurrent Mark Free 0.000ms
[0.405s][info][gc,phases   ] GC(42) Y: Concurrent Reset Relocation Set 0.000ms
[0.405s][info][gc,reloc    ] GC(42) Y: Using tenuring threshold: 0 (Computed)
[0.405s][info][gc,phases   ] GC(42) Y: Concurrent Select Relocation Set 0.064ms
[0.405s][info][gc,phases   ] GC(42) Y: Pause Relocate Start 0.002ms
[0.405s][info][gc,phases   ] GC(42) Y: Concurrent Relocate 0.038ms
[0.405s][info][gc,alloc    ] GC(42) Y:                         Mark Start        Mark End      Relocate Start    Relocate End   
[0.405s][info][gc,alloc    ] GC(42) Y: Allocation Stalls:          1                1                1                1         
[0.405s][info][gc,load     ] GC(42) Y: Load: 0.00 (0%) / 0.00 (0%) / 0.00 (0%)
[0.405s][info][gc,mmu      ] GC(42) Y: MMU: 2ms/98.1%, 5ms/98.8%, 10ms/99.0%, 20ms/99.1%, 50ms/99.2%, 100ms/99.3%
[0.405s][info][gc,marking  ] GC(42) Y: Mark: 2 stripe(s), 1 proactive flush(es), 1 terminate flush(es), 0 completion(s), 0 continuation(s) 
[0.405s][info][gc,nmethod  ] GC(42) Y: NMethods: 287 registered, 11 unregistered
[0.405s][info][gc,metaspace] GC(42) Y: Metaspace: 0M used, 0M committed, 1088M reserved
[0.405s][info][gc,heap     ] GC(42) Y: Min Capacity: 8M(3%)
[0.405s][info][gc,heap     ] GC(42) Y: Max Capacity: 256M(100%)
[0.405s][info][gc,heap     ] GC(42) Y: Soft Max Capacity: 256M(100%)
[0.405s][info][gc,heap     ] GC(42) Y: Heap Statistics:
[0.405s][info][gc,heap     ] GC(42) Y:                Mark Start          Mark End        Relocate Start      Relocate End           High               Low         
[0.405s][info][gc,heap     ] GC(42) Y:  Capacity:      256M (100%)        256M (100%)        256M (100%)        256M (100%)        256M (100%)        256M (100%)   
[0.405s][info][gc,heap     ] GC(42) Y:      Free:        0M (0%)            0M (0%)            0M (0%)            0M (0%)            0M (0%)            0M (0%)     
[0.405s][info][gc,heap     ] GC(42) Y:      Used:      256M (100%)        256M (100%)        256M (100%)        256M (100%)        256M (100%)        256M (100%)   
[0.405s][info][gc,heap     ] GC(42) Y: Young Generation Statistics:
[0.405s][info][gc,heap     ] GC(42) Y:                Mark Start          Mark End        Relocate Start      Relocate End    
[0.405s][info][gc,heap     ] GC(42) Y:      Used:        0M (0%)            0M (0%)            0M (0%)            0M (0%)     
[0.405s][info][gc,heap     ] GC(42) Y:      Live:         -                 0M (0%)            0M (0%)            0M (0%)     
[0.405s][info][gc,heap     ] GC(42) Y:   Garbage:         -                 0M (0%)            0M (0%)            0M (0%)     
[0.405s][info][gc,heap     ] GC(42) Y: Allocated:         -                 0M (0%)            0M (0%)            0M (0%)     
[0.405s][info][gc,heap     ] GC(42) Y: Reclaimed:         -                  -                 0M (0%)            0M (0%)     
[0.405s][info][gc,heap     ] GC(42) Y:  Promoted:         -                  -                 0M (0%)            0M (0%)     
[0.405s][info][gc,heap     ] GC(42) Y: Compacted:         -                  -                  -                 0M (0%)     
[0.405s][info][gc,phases   ] GC(42) Y: Young Generation (Collect Roots) 256M(100%)->256M(100%) 0.001s
[0.405s][info][gc,phases   ] GC(42) O: Old Generation
[0.407s][info][gc,phases   ] GC(42) O: Concurrent Mark 1.283ms
[0.407s][info][gc,phases   ] GC(42) O: Pause Mark End 0.006ms
[0.407s][info][gc,phases   ] GC(42) O: Concurrent Mark Free 0.001ms
[0.407s][info][gc,ref      ] GC(42) O: Clearing All SoftReferences
[0.407s][info][gc,phases   ] GC(42) O: Concurrent Process Non-Strong 0.243ms
[0.407s][info][gc,phases   ] GC(42) O: Concurrent Reset Relocation Set 0.000ms
[0.407s][info][gc,phases   ] GC(42) O: Concurrent Select Relocation Set 0.025ms
[0.407s][info][gc,task     ] GC(42) O: Using 2 Workers for Old Generation
[0.407s][info][gc,task     ] GC(42) O: Using 2 Workers for Old Generation
[0.407s][info][gc,phases   ] GC(42) O: Concurrent Remap Roots 0.296ms
[0.407s][info][gc,phases   ] GC(42) O: Pause Relocate Start 0.005ms
[0.407s][info][gc,phases   ] GC(42) O: Concurrent Relocate 0.047ms
[0.407s][info][gc,alloc    ] GC(42) O:                         Mark Start        Mark End      Relocate Start    Relocate End   
[0.407s][info][gc,alloc    ] GC(42) O: Allocation Stalls:          1                1                1                1         
[0.408s][info][gc,load     ] GC(42) O: Load: 0.00 (0%) / 0.00 (0%) / 0.00 (0%)
[0.408s][info][gc,mmu      ] GC(42) O: MMU: 2ms/98.1%, 5ms/98.8%, 10ms/99.0%, 20ms/99.1%, 50ms/99.2%, 100ms/99.3%
[0.408s][info][gc,marking  ] GC(42) O: Mark: 2 stripe(s), 4 proactive flush(es), 1 terminate flush(es), 0 completion(s), 0 continuation(s) 
[0.408s][info][gc,nmethod  ] GC(42) O: NMethods: 287 registered, 11 unregistered
[0.408s][info][gc,metaspace] GC(42) O: Metaspace: 0M used, 0M committed, 1088M reserved
[0.408s][info][gc,ref      ] GC(42) O:                       Encountered   Discovered     Enqueued 
[0.408s][info][gc,ref      ] GC(42) O: Soft References:               35            8            0 
[0.408s][info][gc,ref      ] GC(42) O: Weak References:               73           41            0 
[0.408s][info][gc,ref      ] GC(42) O: Final References:               0            0            0 
[0.408s][info][gc,ref      ] GC(42) O: Phantom References:             1            0            0 
[0.408s][info][gc,reloc    ] GC(42) O:                        Candidates     Selected     In-Place         Size        Empty    Relocated 
[0.408s][info][gc,reloc    ] GC(42) O: Small Pages:                    1            0            0           2M           0M           0M 
[0.408s][info][gc,reloc    ] GC(42) O: Medium Pages:                   0            0            0           0M           0M           0M 
[0.408s][info][gc,reloc    ] GC(42) O: Large Pages:                  127            0            0         254M           0M           0M 
[0.408s][info][gc,reloc    ] GC(42) O: Forwarding Usage: 0M
[0.408s][info][gc,heap     ] GC(42) O: Min Capacity: 8M(3%)
[0.408s][info][gc,heap     ] GC(42) O: Max Capacity: 256M(100%)
[0.408s][info][gc,heap     ] GC(42) O: Soft Max Capacity: 256M(100%)
[0.408s][info][gc,heap     ] GC(42) O: Heap Statistics:
[0.408s][info][gc,heap     ] GC(42) O:                Mark Start          Mark End        Relocate Start      Relocate End           High               Low         
[0.408s][info][gc,heap     ] GC(42) O:  Capacity:      256M (100%)        256M (100%)        256M (100%)        256M (100%)        256M (100%)        256M (100%)   
[0.408s][info][gc,heap     ] GC(42) O:      Free:        0M (0%)            0M (0%)            0M (0%)            0M (0%)            0M (0%)            0M (0%)     
[0.408s][info][gc,heap     ] GC(42) O:      Used:      256M (100%)        256M (100%)        256M (100%)        256M (100%)        256M (100%)        256M (100%)   
[0.408s][info][gc,heap     ] GC(42) O: Old Generation Statistics:
[0.408s][info][gc,heap     ] GC(42) O:                Mark Start          Mark End        Relocate Start      Relocate End    
[0.408s][info][gc,heap     ] GC(42) O:      Used:      256M (100%)        256M (100%)        256M (100%)        256M (100%)   
[0.408s][info][gc,heap     ] GC(42) O:      Live:         -               255M (100%)        255M (100%)        255M (100%)   
[0.408s][info][gc,heap     ] GC(42) O:   Garbage:         -                 0M (0%)            0M (0%)            0M (0%)     
[0.408s][info][gc,heap     ] GC(42) O: Allocated:         -                 0M (0%)            0M (0%)            0M (0%)     
[0.408s][info][gc,heap     ] GC(42) O: Reclaimed:         -                  -                 0M (0%)            0M (0%)     
[0.408s][info][gc,heap     ] GC(42) O: Compacted:         -                  -                  -                 0M (0%)     
[0.408s][info][gc,phases   ] GC(42) O: Old Generation 256M(100%)->256M(100%) 0.002s
[0.408s][info][gc          ] GC(42) Major Collection (Allocation Stall) 256M(100%)->256M(100%) 0.005s
[0.408s][info][gc          ] Allocation Stall (main) 5.650ms
[0.408s][info][gc          ] Out Of Memory (main)
[0.408s][info][gc          ] GC(43) Minor Collection (Allocation Stall)
[0.408s][info][gc,task     ] GC(43) Using 2 Workers for Young Generation
[0.408s][info][gc,phases   ] GC(43) y: Young Generation
[0.408s][info][gc,phases   ] GC(43) y: Pause Mark Start 0.006ms
[0.408s][info][gc,phases   ] GC(43) y: Concurrent Mark 0.368ms
[0.408s][info][gc,phases   ] GC(43) y: Pause Mark End 0.004ms
[0.408s][info][gc,phases   ] GC(43) y: Concurrent Mark Free 0.001ms
[0.408s][info][gc,phases   ] GC(43) y: Concurrent Reset Relocation Set 0.000ms
[0.408s][info][gc,reloc    ] GC(43) y: Using tenuring threshold: 0 (Computed)
[0.409s][info][gc,phases   ] GC(43) y: Concurrent Select Relocation Set 0.086ms
[0.409s][info][gc,phases   ] GC(43) y: Pause Relocate Start 0.003ms
[0.409s][info][gc,phases   ] GC(43) y: Concurrent Relocate 0.041ms
[0.409s][info][gc,alloc    ] GC(43) y:                         Mark Start        Mark End      Relocate Start    Relocate End   
[0.409s][info][gc,alloc    ] GC(43) y: Allocation Stalls:          1                1                1                1         
[0.409s][info][gc,load     ] GC(43) y: Load: 0.00 (0%) / 0.00 (0%) / 0.00 (0%)
[0.409s][info][gc,mmu      ] GC(43) y: MMU: 2ms/98.1%, 5ms/98.8%, 10ms/99.0%, 20ms/99.1%, 50ms/99.2%, 100ms/99.3%
[0.409s][info][gc,marking  ] GC(43) y: Mark: 2 stripe(s), 1 proactive flush(es), 1 terminate flush(es), 0 completion(s), 0 continuation(s) 
[0.409s][info][gc,nmethod  ] GC(43) y: NMethods: 287 registered, 11 unregistered
[0.409s][info][gc,metaspace] GC(43) y: Metaspace: 0M used, 0M committed, 1088M reserved
[0.409s][info][gc,heap     ] GC(43) y: Min Capacity: 8M(3%)
[0.409s][info][gc,heap     ] GC(43) y: Max Capacity: 256M(100%)
[0.409s][info][gc,heap     ] GC(43) y: Soft Max Capacity: 256M(100%)
[0.409s][info][gc,heap     ] GC(43) y: Heap Statistics:
[0.409s][info][gc,heap     ] GC(43) y:                Mark Start          Mark End        Relocate Start      Relocate End           High               Low         
[0.409s][info][gc,heap     ] GC(43) y:  Capacity:      256M (100%)        256M (100%)        256M (100%)        256M (100%)        256M (100%)        256M (100%)   
[0.409s][info][gc,heap     ] GC(43) y:      Free:        0M (0%)            0M (0%)            0M (0%)            0M (0%)            0M (0%)            0M (0%)     
[0.409s][info][gc,heap     ] GC(43) y:      Used:      256M (100%)        256M (100%)        256M (100%)        256M (100%)        256M (100%)        256M (100%)   
[0.409s][info][gc,heap     ] GC(43) y: Young Generation Statistics:
[0.409s][info][gc,heap     ] GC(43) y:                Mark Start          Mark End        Relocate Start      Relocate End    
[0.409s][info][gc,heap     ] GC(43) y:      Used:        0M (0%)            0M (0%)            0M (0%)            0M (0%)     
[0.409s][info][gc,heap     ] GC(43) y:      Live:         -                 0M (0%)            0M (0%)            0M (0%)     
[0.409s][info][gc,heap     ] GC(43) y:   Garbage:         -                 0M (0%)            0M (0%)            0M (0%)     
[0.409s][info][gc,heap     ] GC(43) y: Allocated:         -                 0M (0%)            0M (0%)            0M (0%)     
[0.409s][info][gc,heap     ] GC(43) y: Reclaimed:         -                  -                 0M (0%)            0M (0%)     
[0.409s][info][gc,heap     ] GC(43) y:  Promoted:         -                  -                 0M (0%)            0M (0%)     
[0.409s][info][gc,heap     ] GC(43) y: Compacted:         -                  -                  -                 0M (0%)     
[0.409s][info][gc,phases   ] GC(43) y: Young Generation 256M(100%)->256M(100%) 0.001s
[0.409s][info][gc          ] GC(43) Minor Collection (Allocation Stall) 256M(100%)->256M(100%) 0.001s
[0.409s][info][gc          ] GC(44) Major Collection (Allocation Stall)
[0.409s][info][gc,task     ] GC(44) Using 2 Workers for Young Generation
[0.409s][info][gc,task     ] GC(44) Using 2 Workers for Old Generation
[0.409s][info][gc,phases   ] GC(44) Y: Young Generation (Promote All)
[0.409s][info][gc,phases   ] GC(44) Y: Pause Mark Start 0.004ms
[0.410s][info][gc,phases   ] GC(44) Y: Concurrent Mark 0.454ms
[0.410s][info][gc,phases   ] GC(44) Y: Pause Mark End 0.004ms
[0.410s][info][gc,phases   ] GC(44) Y: Concurrent Mark Free 0.000ms
[0.410s][info][gc,phases   ] GC(44) Y: Concurrent Reset Relocation Set 0.000ms
[0.410s][info][gc,reloc    ] GC(44) Y: Using tenuring threshold: 0 (Promote All)
[0.410s][info][gc,phases   ] GC(44) Y: Concurrent Select Relocation Set 0.074ms
[0.410s][info][gc,phases   ] GC(44) Y: Pause Relocate Start 0.004ms
[0.410s][info][gc,phases   ] GC(44) Y: Concurrent Relocate 0.043ms
[0.410s][info][gc,alloc    ] GC(44) Y:                         Mark Start        Mark End      Relocate Start    Relocate End   
[0.410s][info][gc,alloc    ] GC(44) Y: Allocation Stalls:          1                1                1                1         
[0.410s][info][gc,load     ] GC(44) Y: Load: 0.00 (0%) / 0.00 (0%) / 0.00 (0%)
[0.410s][info][gc,mmu      ] GC(44) Y: MMU: 2ms/98.1%, 5ms/98.8%, 10ms/99.0%, 20ms/99.1%, 50ms/99.2%, 100ms/99.2%
[0.410s][info][gc,marking  ] GC(44) Y: Mark: 2 stripe(s), 1 proactive flush(es), 1 terminate flush(es), 0 completion(s), 0 continuation(s) 
[0.410s][info][gc,nmethod  ] GC(44) Y: NMethods: 287 registered, 11 unregistered
[0.410s][info][gc,metaspace] GC(44) Y: Metaspace: 0M used, 0M committed, 1088M reserved
[0.410s][info][gc,heap     ] GC(44) Y: Min Capacity: 8M(3%)
[0.410s][info][gc,heap     ] GC(44) Y: Max Capacity: 256M(100%)
[0.410s][info][gc,heap     ] GC(44) Y: Soft Max Capacity: 256M(100%)
[0.410s][info][gc,heap     ] GC(44) Y: Heap Statistics:
[0.410s][info][gc,heap     ] GC(44) Y:                Mark Start          Mark End        Relocate Start      Relocate End           High               Low         
[0.410s][info][gc,heap     ] GC(44) Y:  Capacity:      256M (100%)        256M (100%)        256M (100%)        256M (100%)        256M (100%)        256M (100%)   
[0.410s][info][gc,heap     ] GC(44) Y:      Free:        0M (0%)            0M (0%)            0M (0%)            0M (0%)            0M (0%)            0M (0%)     
[0.410s][info][gc,heap     ] GC(44) Y:      Used:      256M (100%)        256M (100%)        256M (100%)        256M (100%)        256M (100%)        256M (100%)   
[0.410s][info][gc,heap     ] GC(44) Y: Young Generation Statistics:
[0.410s][info][gc,heap     ] GC(44) Y:                Mark Start          Mark End        Relocate Start      Relocate End    
[0.410s][info][gc,heap     ] GC(44) Y:      Used:        0M (0%)            0M (0%)            0M (0%)            0M (0%)     
[0.410s][info][gc,heap     ] GC(44) Y:      Live:         -                 0M (0%)            0M (0%)            0M (0%)     
[0.410s][info][gc,heap     ] GC(44) Y:   Garbage:         -                 0M (0%)            0M (0%)            0M (0%)     
[0.410s][info][gc,heap     ] GC(44) Y: Allocated:         -                 0M (0%)            0M (0%)            0M (0%)     
[0.410s][info][gc,heap     ] GC(44) Y: Reclaimed:         -                  -                 0M (0%)            0M (0%)     
[0.410s][info][gc,heap     ] GC(44) Y:  Promoted:         -                  -                 0M (0%)            0M (0%)     
[0.410s][info][gc,heap     ] GC(44) Y: Compacted:         -                  -                  -                 0M (0%)     
[0.410s][info][gc,phases   ] GC(44) Y: Young Generation (Promote All) 256M(100%)->256M(100%) 0.001s
[0.410s][info][gc,phases   ] GC(44) Y: Young Generation (Collect Roots)
[0.410s][info][gc,phases   ] GC(44) Y: Pause Mark Start (Major) 0.006ms
[0.411s][info][gc,phases   ] GC(44) Y: Concurrent Mark 0.495ms
[0.411s][info][gc,phases   ] GC(44) Y: Pause Mark End 0.004ms
[0.411s][info][gc,phases   ] GC(44) Y: Concurrent Mark Free 0.001ms
[0.411s][info][gc,phases   ] GC(44) Y: Concurrent Reset Relocation Set 0.000ms
[0.411s][info][gc,reloc    ] GC(44) Y: Using tenuring threshold: 0 (Computed)
[0.411s][info][gc,phases   ] GC(44) Y: Concurrent Select Relocation Set 0.089ms
[0.411s][info][gc,phases   ] GC(44) Y: Pause Relocate Start 0.003ms
[0.411s][info][gc,phases   ] GC(44) Y: Concurrent Relocate 0.052ms
[0.411s][info][gc,alloc    ] GC(44) Y:                         Mark Start        Mark End      Relocate Start    Relocate End   
[0.411s][info][gc,alloc    ] GC(44) Y: Allocation Stalls:          1                1                1                1         
[0.411s][info][gc,load     ] GC(44) Y: Load: 0.00 (0%) / 0.00 (0%) / 0.00 (0%)
[0.411s][info][gc,mmu      ] GC(44) Y: MMU: 2ms/98.1%, 5ms/98.8%, 10ms/99.0%, 20ms/99.1%, 50ms/99.2%, 100ms/99.2%
[0.411s][info][gc,marking  ] GC(44) Y: Mark: 2 stripe(s), 1 proactive flush(es), 1 terminate flush(es), 0 completion(s), 0 continuation(s) 
[0.411s][info][gc,nmethod  ] GC(44) Y: NMethods: 287 registered, 11 unregistered
[0.411s][info][gc,metaspace] GC(44) Y: Metaspace: 0M used, 0M committed, 1088M reserved
[0.411s][info][gc,heap     ] GC(44) Y: Min Capacity: 8M(3%)
[0.411s][info][gc,heap     ] GC(44) Y: Max Capacity: 256M(100%)
[0.411s][info][gc,heap     ] GC(44) Y: Soft Max Capacity: 256M(100%)
[0.411s][info][gc,heap     ] GC(44) Y: Heap Statistics:
[0.411s][info][gc,heap     ] GC(44) Y:                Mark Start          Mark End        Relocate Start      Relocate End           High               Low         
[0.411s][info][gc,heap     ] GC(44) Y:  Capacity:      256M (100%)        256M (100%)        256M (100%)        256M (100%)        256M (100%)        256M (100%)   
[0.411s][info][gc,heap     ] GC(44) Y:      Free:        0M (0%)            0M (0%)            0M (0%)            0M (0%)            0M (0%)            0M (0%)     
[0.411s][info][gc,heap     ] GC(44) Y:      Used:      256M (100%)        256M (100%)        256M (100%)        256M (100%)        256M (100%)        256M (100%)   
[0.411s][info][gc,heap     ] GC(44) Y: Young Generation Statistics:
[0.411s][info][gc,heap     ] GC(44) Y:                Mark Start          Mark End        Relocate Start      Relocate End    
[0.411s][info][gc,heap     ] GC(44) Y:      Used:        0M (0%)            0M (0%)            0M (0%)            0M (0%)     
[0.411s][info][gc,heap     ] GC(44) Y:      Live:         -                 0M (0%)            0M (0%)            0M (0%)     
[0.411s][info][gc,heap     ] GC(44) Y:   Garbage:         -                 0M (0%)            0M (0%)            0M (0%)     
[0.411s][info][gc,heap     ] GC(44) Y: Allocated:         -                 0M (0%)            0M (0%)            0M (0%)     
[0.411s][info][gc,heap     ] GC(44) Y: Reclaimed:         -                  -                 0M (0%)            0M (0%)     
[0.411s][info][gc,heap     ] GC(44) Y:  Promoted:         -                  -                 0M (0%)            0M (0%)     
[0.411s][info][gc,heap     ] GC(44) Y: Compacted:         -                  -                  -                 0M (0%)     
[0.411s][info][gc,phases   ] GC(44) Y: Young Generation (Collect Roots) 256M(100%)->256M(100%) 0.001s
[0.411s][info][gc,phases   ] GC(44) O: Old Generation
[0.413s][info][gc,phases   ] GC(44) O: Concurrent Mark 1.569ms
[0.413s][info][gc,phases   ] GC(44) O: Pause Mark End 0.007ms
[0.413s][info][gc,phases   ] GC(44) O: Concurrent Mark Free 0.002ms
[0.413s][info][gc,ref      ] GC(44) O: Clearing All SoftReferences
[0.413s][info][gc,phases   ] GC(44) O: Concurrent Process Non-Strong 0.305ms
[0.413s][info][gc,phases   ] GC(44) O: Concurrent Reset Relocation Set 0.000ms
[0.413s][info][gc,phases   ] GC(44) O: Concurrent Select Relocation Set 0.043ms
[0.413s][info][gc,task     ] GC(44) O: Using 2 Workers for Old Generation
[0.414s][info][gc,task     ] GC(44) O: Using 2 Workers for Old Generation
[0.414s][info][gc,phases   ] GC(44) O: Concurrent Remap Roots 0.437ms
[0.414s][info][gc,phases   ] GC(44) O: Pause Relocate Start 0.005ms
[0.414s][info][gc,phases   ] GC(44) O: Concurrent Relocate 0.032ms
[0.414s][info][gc,alloc    ] GC(44) O:                         Mark Start        Mark End      Relocate Start    Relocate End   
[0.414s][info][gc,alloc    ] GC(44) O: Allocation Stalls:          1                1                1                1         
[0.414s][info][gc,load     ] GC(44) O: Load: 0.00 (0%) / 0.00 (0%) / 0.00 (0%)
[0.414s][info][gc,mmu      ] GC(44) O: MMU: 2ms/98.1%, 5ms/98.8%, 10ms/99.0%, 20ms/99.1%, 50ms/99.2%, 100ms/99.2%
[0.414s][info][gc,marking  ] GC(44) O: Mark: 2 stripe(s), 1 proactive flush(es), 1 terminate flush(es), 0 completion(s), 0 continuation(s) 
[0.414s][info][gc,nmethod  ] GC(44) O: NMethods: 287 registered, 11 unregistered
[0.414s][info][gc,metaspace] GC(44) O: Metaspace: 0M used, 0M committed, 1088M reserved
[0.414s][info][gc,ref      ] GC(44) O:                       Encountered   Discovered     Enqueued 
[0.414s][info][gc,ref      ] GC(44) O: Soft References:               35           11            0 
[0.414s][info][gc,ref      ] GC(44) O: Weak References:               73           47            0 
[0.414s][info][gc,ref      ] GC(44) O: Final References:               0            0            0 
[0.414s][info][gc,ref      ] GC(44) O: Phantom References:             1            0            0 
[0.414s][info][gc,reloc    ] GC(44) O:                        Candidates     Selected     In-Place         Size        Empty    Relocated 
[0.414s][info][gc,reloc    ] GC(44) O: Small Pages:                    1            0            0           2M           0M           0M 
[0.414s][info][gc,reloc    ] GC(44) O: Medium Pages:                   0            0            0           0M           0M           0M 
[0.414s][info][gc,reloc    ] GC(44) O: Large Pages:                  127            0            0         254M           0M           0M 
[0.414s][info][gc,reloc    ] GC(44) O: Forwarding Usage: 0M
[0.414s][info][gc,heap     ] GC(44) O: Min Capacity: 8M(3%)
[0.414s][info][gc,heap     ] GC(44) O: Max Capacity: 256M(100%)
[0.414s][info][gc,heap     ] GC(44) O: Soft Max Capacity: 256M(100%)
[0.414s][info][gc,heap     ] GC(44) O: Heap Statistics:
[0.414s][info][gc,heap     ] GC(44) O:                Mark Start          Mark End        Relocate Start      Relocate End           High               Low         
[0.414s][info][gc,heap     ] GC(44) O:  Capacity:      256M (100%)        256M (100%)        256M (100%)        256M (100%)        256M (100%)        256M (100%)   
[0.414s][info][gc,heap     ] GC(44) O:      Free:        0M (0%)            0M (0%)            0M (0%)            0M (0%)            0M (0%)            0M (0%)     
[0.414s][info][gc,heap     ] GC(44) O:      Used:      256M (100%)        256M (100%)        256M (100%)        256M (100%)        256M (100%)        256M (100%)   
[0.414s][info][gc,heap     ] GC(44) O: Old Generation Statistics:
[0.414s][info][gc,heap     ] GC(44) O:                Mark Start          Mark End        Relocate Start      Relocate End    
[0.414s][info][gc,heap     ] GC(44) O:      Used:      256M (100%)        256M (100%)        256M (100%)        256M (100%)   
[0.414s][info][gc,heap     ] GC(44) O:      Live:         -               255M (100%)        255M (100%)        255M (100%)   
[0.414s][info][gc,heap     ] GC(44) O:   Garbage:         -                 0M (0%)            0M (0%)            0M (0%)     
[0.414s][info][gc,heap     ] GC(44) O: Allocated:         -                 0M (0%)            0M (0%)            0M (0%)     
[0.414s][info][gc,heap     ] GC(44) O: Reclaimed:         -                  -                 0M (0%)            0M (0%)     
[0.414s][info][gc,heap     ] GC(44) O: Compacted:         -                  -                  -                 0M (0%)     
[0.414s][info][gc,phases   ] GC(44) O: Old Generation 256M(100%)->256M(100%) 0.003s
[0.414s][info][gc          ] GC(44) Major Collection (Allocation Stall) 256M(100%)->256M(100%) 0.005s
[0.414s][info][gc          ] Allocation Stall (main) 6.209ms
[0.414s][info][gc          ] Out Of Memory (main)
[0.414s][info][gc          ] GC(45) Minor Collection (Allocation Stall)
[0.414s][info][gc,task     ] GC(45) Using 2 Workers for Young Generation
[0.414s][info][gc,phases   ] GC(45) y: Young Generation
[0.414s][info][gc,phases   ] GC(45) y: Pause Mark Start 0.005ms
[0.415s][info][gc,phases   ] GC(45) y: Concurrent Mark 0.442ms
[0.415s][info][gc,phases   ] GC(45) y: Pause Mark End 0.004ms
[0.415s][info][gc,phases   ] GC(45) y: Concurrent Mark Free 0.000ms
[0.415s][info][gc,phases   ] GC(45) y: Concurrent Reset Relocation Set 0.000ms
[0.415s][info][gc,reloc    ] GC(45) y: Using tenuring threshold: 0 (Computed)
[0.415s][info][gc,phases   ] GC(45) y: Concurrent Select Relocation Set 0.079ms
[0.415s][info][gc,phases   ] GC(45) y: Pause Relocate Start 0.003ms
[0.415s][info][gc,phases   ] GC(45) y: Concurrent Relocate 0.044ms
[0.415s][info][gc,alloc    ] GC(45) y:                         Mark Start        Mark End      Relocate Start    Relocate End   
[0.415s][info][gc,alloc    ] GC(45) y: Allocation Stalls:          1                1                1                1         
[0.415s][info][gc,load     ] GC(45) y: Load: 0.00 (0%) / 0.00 (0%) / 0.00 (0%)
[0.415s][info][gc,mmu      ] GC(45) y: MMU: 2ms/98.1%, 5ms/98.8%, 10ms/99.0%, 20ms/99.1%, 50ms/99.2%, 100ms/99.2%
[0.415s][info][gc,marking  ] GC(45) y: Mark: 2 stripe(s), 1 proactive flush(es), 1 terminate flush(es), 0 completion(s), 0 continuation(s) 
[0.415s][info][gc,nmethod  ] GC(45) y: NMethods: 287 registered, 11 unregistered
[0.415s][info][gc,metaspace] GC(45) y: Metaspace: 0M used, 0M committed, 1088M reserved
[0.415s][info][gc,heap     ] GC(45) y: Min Capacity: 8M(3%)
[0.415s][info][gc,heap     ] GC(45) y: Max Capacity: 256M(100%)
[0.415s][info][gc,heap     ] GC(45) y: Soft Max Capacity: 256M(100%)
[0.415s][info][gc,heap     ] GC(45) y: Heap Statistics:
[0.415s][info][gc,heap     ] GC(45) y:                Mark Start          Mark End        Relocate Start      Relocate End           High               Low         
[0.415s][info][gc,heap     ] GC(45) y:  Capacity:      256M (100%)        256M (100%)        256M (100%)        256M (100%)        256M (100%)        256M (100%)   
[0.415s][info][gc,heap     ] GC(45) y:      Free:        0M (0%)            0M (0%)            0M (0%)            0M (0%)            0M (0%)            0M (0%)     
[0.415s][info][gc,heap     ] GC(45) y:      Used:      256M (100%)        256M (100%)        256M (100%)        256M (100%)        256M (100%)        256M (100%)   
[0.415s][info][gc,heap     ] GC(45) y: Young Generation Statistics:
[0.415s][info][gc,heap     ] GC(45) y:                Mark Start          Mark End        Relocate Start      Relocate End    
[0.415s][info][gc,heap     ] GC(45) y:      Used:        0M (0%)            0M (0%)            0M (0%)            0M (0%)     
[0.415s][info][gc,heap     ] GC(45) y:      Live:         -                 0M (0%)            0M (0%)            0M (0%)     
[0.415s][info][gc,heap     ] GC(45) y:   Garbage:         -                 0M (0%)            0M (0%)            0M (0%)     
[0.415s][info][gc,heap     ] GC(45) y: Allocated:         -                 0M (0%)            0M (0%)            0M (0%)     
[0.415s][info][gc,heap     ] GC(45) y: Reclaimed:         -                  -                 0M (0%)            0M (0%)     
[0.415s][info][gc,heap     ] GC(45) y:  Promoted:         -                  -                 0M (0%)            0M (0%)     
[0.415s][info][gc,heap     ] GC(45) y: Compacted:         -                  -                  -                 0M (0%)     
[0.415s][info][gc,phases   ] GC(45) y: Young Generation 256M(100%)->256M(100%) 0.001s
[0.415s][info][gc          ] GC(45) Minor Collection (Allocation Stall) 256M(100%)->256M(100%) 0.001s
[0.415s][info][gc          ] GC(46) Major Collection (Allocation Stall)
[0.415s][info][gc,task     ] GC(46) Using 2 Workers for Young Generation
[0.415s][info][gc,task     ] GC(46) Using 2 Workers for Old Generation
[0.415s][info][gc,phases   ] GC(46) Y: Young Generation (Promote All)
[0.415s][info][gc,phases   ] GC(46) Y: Pause Mark Start 0.005ms
[0.416s][info][gc,phases   ] GC(46) Y: Concurrent Mark 0.525ms
[0.416s][info][gc,phases   ] GC(46) Y: Pause Mark End 0.003ms
[0.416s][info][gc,phases   ] GC(46) Y: Concurrent Mark Free 0.000ms
[0.416s][info][gc,phases   ] GC(46) Y: Concurrent Reset Relocation Set 0.000ms
[0.416s][info][gc,reloc    ] GC(46) Y: Using tenuring threshold: 0 (Promote All)
[0.416s][info][gc,phases   ] GC(46) Y: Concurrent Select Relocation Set 0.064ms
[0.416s][info][gc,phases   ] GC(46) Y: Pause Relocate Start 0.003ms
[0.416s][info][gc,phases   ] GC(46) Y: Concurrent Relocate 0.039ms
[0.416s][info][gc,alloc    ] GC(46) Y:                         Mark Start        Mark End      Relocate Start    Relocate End   
[0.416s][info][gc,alloc    ] GC(46) Y: Allocation Stalls:          1                1                1                1         
[0.416s][info][gc,load     ] GC(46) Y: Load: 0.00 (0%) / 0.00 (0%) / 0.00 (0%)
[0.416s][info][gc,mmu      ] GC(46) Y: MMU: 2ms/98.1%, 5ms/98.8%, 10ms/99.0%, 20ms/99.1%, 50ms/99.2%, 100ms/99.2%
[0.416s][info][gc,marking  ] GC(46) Y: Mark: 2 stripe(s), 1 proactive flush(es), 1 terminate flush(es), 0 completion(s), 0 continuation(s) 
[0.416s][info][gc,nmethod  ] GC(46) Y: NMethods: 287 registered, 11 unregistered
[0.416s][info][gc,metaspace] GC(46) Y: Metaspace: 0M used, 0M committed, 1088M reserved
[0.416s][info][gc,heap     ] GC(46) Y: Min Capacity: 8M(3%)
[0.416s][info][gc,heap     ] GC(46) Y: Max Capacity: 256M(100%)
[0.416s][info][gc,heap     ] GC(46) Y: Soft Max Capacity: 256M(100%)
[0.416s][info][gc,heap     ] GC(46) Y: Heap Statistics:
[0.416s][info][gc,heap     ] GC(46) Y:                Mark Start          Mark End        Relocate Start      Relocate End           High               Low         
[0.416s][info][gc,heap     ] GC(46) Y:  Capacity:      256M (100%)        256M (100%)        256M (100%)        256M (100%)        256M (100%)        256M (100%)   
[0.416s][info][gc,heap     ] GC(46) Y:      Free:        0M (0%)            0M (0%)            0M (0%)            0M (0%)            0M (0%)            0M (0%)     
[0.416s][info][gc,heap     ] GC(46) Y:      Used:      256M (100%)        256M (100%)        256M (100%)        256M (100%)        256M (100%)        256M (100%)   
[0.416s][info][gc,heap     ] GC(46) Y: Young Generation Statistics:
[0.416s][info][gc,heap     ] GC(46) Y:                Mark Start          Mark End        Relocate Start      Relocate End    
[0.416s][info][gc,heap     ] GC(46) Y:      Used:        0M (0%)            0M (0%)            0M (0%)            0M (0%)     
[0.416s][info][gc,heap     ] GC(46) Y:      Live:         -                 0M (0%)            0M (0%)            0M (0%)     
[0.416s][info][gc,heap     ] GC(46) Y:   Garbage:         -                 0M (0%)            0M (0%)            0M (0%)     
[0.416s][info][gc,heap     ] GC(46) Y: Allocated:         -                 0M (0%)            0M (0%)            0M (0%)     
[0.416s][info][gc,heap     ] GC(46) Y: Reclaimed:         -                  -                 0M (0%)            0M (0%)     
[0.416s][info][gc,heap     ] GC(46) Y:  Promoted:         -                  -                 0M (0%)            0M (0%)     
[0.416s][info][gc,heap     ] GC(46) Y: Compacted:         -                  -                  -                 0M (0%)     
[0.416s][info][gc,phases   ] GC(46) Y: Young Generation (Promote All) 256M(100%)->256M(100%) 0.001s
[0.416s][info][gc,phases   ] GC(46) Y: Young Generation (Collect Roots)
[0.416s][info][gc,phases   ] GC(46) Y: Pause Mark Start (Major) 0.005ms
[0.417s][info][gc,phases   ] GC(46) Y: Concurrent Mark 0.471ms
[0.417s][info][gc,phases   ] GC(46) Y: Pause Mark End 0.005ms
[0.417s][info][gc,phases   ] GC(46) Y: Concurrent Mark Free 0.000ms
[0.417s][info][gc,phases   ] GC(46) Y: Concurrent Reset Relocation Set 0.000ms
[0.417s][info][gc,reloc    ] GC(46) Y: Using tenuring threshold: 0 (Computed)
[0.417s][info][gc,phases   ] GC(46) Y: Concurrent Select Relocation Set 0.075ms
[0.417s][info][gc,phases   ] GC(46) Y: Pause Relocate Start 0.003ms
[0.417s][info][gc,phases   ] GC(46) Y: Concurrent Relocate 0.041ms
[0.417s][info][gc,alloc    ] GC(46) Y:                         Mark Start        Mark End      Relocate Start    Relocate End   
[0.417s][info][gc,alloc    ] GC(46) Y: Allocation Stalls:          1                1                1                1         
[0.417s][info][gc,load     ] GC(46) Y: Load: 0.00 (0%) / 0.00 (0%) / 0.00 (0%)
[0.417s][info][gc,mmu      ] GC(46) Y: MMU: 2ms/98.1%, 5ms/98.8%, 10ms/99.0%, 20ms/99.1%, 50ms/99.2%, 100ms/99.2%
[0.417s][info][gc,marking  ] GC(46) Y: Mark: 2 stripe(s), 1 proactive flush(es), 1 terminate flush(es), 0 completion(s), 0 continuation(s) 
[0.417s][info][gc,nmethod  ] GC(46) Y: NMethods: 287 registered, 11 unregistered
[0.417s][info][gc,metaspace] GC(46) Y: Metaspace: 0M used, 0M committed, 1088M reserved
[0.417s][info][gc,heap     ] GC(46) Y: Min Capacity: 8M(3%)
[0.417s][info][gc,heap     ] GC(46) Y: Max Capacity: 256M(100%)
[0.417s][info][gc,heap     ] GC(46) Y: Soft Max Capacity: 256M(100%)
[0.417s][info][gc,heap     ] GC(46) Y: Heap Statistics:
[0.417s][info][gc,heap     ] GC(46) Y:                Mark Start          Mark End        Relocate Start      Relocate End           High               Low         
[0.417s][info][gc,heap     ] GC(46) Y:  Capacity:      256M (100%)        256M (100%)        256M (100%)        256M (100%)        256M (100%)        256M (100%)   
[0.417s][info][gc,heap     ] GC(46) Y:      Free:        0M (0%)            0M (0%)            0M (0%)            0M (0%)            0M (0%)            0M (0%)     
[0.417s][info][gc,heap     ] GC(46) Y:      Used:      256M (100%)        256M (100%)        256M (100%)        256M (100%)        256M (100%)        256M (100%)   
[0.417s][info][gc,heap     ] GC(46) Y: Young Generation Statistics:
[0.417s][info][gc,heap     ] GC(46) Y:                Mark Start          Mark End        Relocate Start      Relocate End    
[0.417s][info][gc,heap     ] GC(46) Y:      Used:        0M (0%)            0M (0%)            0M (0%)            0M (0%)     
[0.417s][info][gc,heap     ] GC(46) Y:      Live:         -                 0M (0%)            0M (0%)            0M (0%)     
[0.417s][info][gc,heap     ] GC(46) Y:   Garbage:         -                 0M (0%)            0M (0%)            0M (0%)     
[0.417s][info][gc,heap     ] GC(46) Y: Allocated:         -                 0M (0%)            0M (0%)            0M (0%)     
[0.417s][info][gc,heap     ] GC(46) Y: Reclaimed:         -                  -                 0M (0%)            0M (0%)     
[0.417s][info][gc,heap     ] GC(46) Y:  Promoted:         -                  -                 0M (0%)            0M (0%)     
[0.417s][info][gc,heap     ] GC(46) Y: Compacted:         -                  -                  -                 0M (0%)     
[0.417s][info][gc,phases   ] GC(46) Y: Young Generation (Collect Roots) 256M(100%)->256M(100%) 0.001s
[0.417s][info][gc,phases   ] GC(46) O: Old Generation
[0.419s][info][gc,phases   ] GC(46) O: Concurrent Mark 1.103ms
[0.419s][info][gc,phases   ] GC(46) O: Pause Mark End 0.005ms
[0.419s][info][gc,phases   ] GC(46) O: Concurrent Mark Free 0.001ms
[0.419s][info][gc,ref      ] GC(46) O: Clearing All SoftReferences
[0.419s][info][gc,phases   ] GC(46) O: Concurrent Process Non-Strong 0.247ms
[0.419s][info][gc,phases   ] GC(46) O: Concurrent Reset Relocation Set 0.000ms
[0.419s][info][gc,phases   ] GC(46) O: Concurrent Select Relocation Set 0.023ms
[0.419s][info][gc,task     ] GC(46) O: Using 2 Workers for Old Generation
[0.419s][info][gc,task     ] GC(46) O: Using 2 Workers for Old Generation
[0.419s][info][gc,phases   ] GC(46) O: Concurrent Remap Roots 0.293ms
[0.419s][info][gc,phases   ] GC(46) O: Pause Relocate Start 0.004ms
[0.419s][info][gc,phases   ] GC(46) O: Concurrent Relocate 0.026ms
[0.419s][info][gc,alloc    ] GC(46) O:                         Mark Start        Mark End      Relocate Start    Relocate End   
[0.419s][info][gc,alloc    ] GC(46) O: Allocation Stalls:          1                1                1                1         
[0.419s][info][gc,load     ] GC(46) O: Load: 0.00 (0%) / 0.00 (0%) / 0.00 (0%)
[0.419s][info][gc,mmu      ] GC(46) O: MMU: 2ms/98.1%, 5ms/98.8%, 10ms/99.0%, 20ms/99.1%, 50ms/99.2%, 100ms/99.2%
[0.419s][info][gc,marking  ] GC(46) O: Mark: 2 stripe(s), 1 proactive flush(es), 1 terminate flush(es), 0 completion(s), 0 continuation(s) 
[0.419s][info][gc,nmethod  ] GC(46) O: NMethods: 287 registered, 11 unregistered
[0.419s][info][gc,metaspace] GC(46) O: Metaspace: 0M used, 0M committed, 1088M reserved
[0.419s][info][gc,ref      ] GC(46) O:                       Encountered   Discovered     Enqueued 
[0.419s][info][gc,ref      ] GC(46) O: Soft References:               35           11            0 
[0.419s][info][gc,ref      ] GC(46) O: Weak References:               73           34            0 
[0.419s][info][gc,ref      ] GC(46) O: Final References:               0            0            0 
[0.419s][info][gc,ref      ] GC(46) O: Phantom References:             1            0            0 
[0.419s][info][gc,reloc    ] GC(46) O:                        Candidates     Selected     In-Place         Size        Empty    Relocated 
[0.419s][info][gc,reloc    ] GC(46) O: Small Pages:                    1            0            0           2M           0M           0M 
[0.419s][info][gc,reloc    ] GC(46) O: Medium Pages:                   0            0            0           0M           0M           0M 
[0.419s][info][gc,reloc    ] GC(46) O: Large Pages:                  127            0            0         254M           0M           0M 
[0.420s][info][gc,reloc    ] GC(46) O: Forwarding Usage: 0M
[0.420s][info][gc,heap     ] GC(46) O: Min Capacity: 8M(3%)
[0.420s][info][gc,heap     ] GC(46) O: Max Capacity: 256M(100%)
[0.420s][info][gc,heap     ] GC(46) O: Soft Max Capacity: 256M(100%)
[0.420s][info][gc,heap     ] GC(46) O: Heap Statistics:
[0.420s][info][gc,heap     ] GC(46) O:                Mark Start          Mark End        Relocate Start      Relocate End           High               Low         
[0.420s][info][gc,heap     ] GC(46) O:  Capacity:      256M (100%)        256M (100%)        256M (100%)        256M (100%)        256M (100%)        256M (100%)   
[0.420s][info][gc,heap     ] GC(46) O:      Free:        0M (0%)            0M (0%)            0M (0%)            0M (0%)            0M (0%)            0M (0%)     
[0.420s][info][gc,heap     ] GC(46) O:      Used:      256M (100%)        256M (100%)        256M (100%)        256M (100%)        256M (100%)        256M (100%)   
[0.420s][info][gc,heap     ] GC(46) O: Old Generation Statistics:
[0.420s][info][gc,heap     ] GC(46) O:                Mark Start          Mark End        Relocate Start      Relocate End    
[0.420s][info][gc,heap     ] GC(46) O:      Used:      256M (100%)        256M (100%)        256M (100%)        256M (100%)   
[0.420s][info][gc,heap     ] GC(46) O:      Live:         -               255M (100%)        255M (100%)        255M (100%)   
[0.420s][info][gc,heap     ] GC(46) O:   Garbage:         -                 0M (0%)            0M (0%)            0M (0%)     
[0.420s][info][gc,heap     ] GC(46) O: Allocated:         -                 0M (0%)            0M (0%)            0M (0%)     
[0.420s][info][gc,heap     ] GC(46) O: Reclaimed:         -                  -                 0M (0%)            0M (0%)     
[0.420s][info][gc,heap     ] GC(46) O: Compacted:         -                  -                  -                 0M (0%)     
[0.420s][info][gc,phases   ] GC(46) O: Old Generation 256M(100%)->256M(100%) 0.002s
[0.420s][info][gc          ] GC(46) Major Collection (Allocation Stall) 256M(100%)->256M(100%) 0.004s
[0.420s][info][gc          ] Allocation Stall (main) 5.493ms
[0.420s][info][gc          ] Out Of Memory (main)
[0.420s][info][gc          ] GC(47) Minor Collection (Allocation Stall)
[0.420s][info][gc,task     ] GC(47) Using 2 Workers for Young Generation
[0.420s][info][gc,phases   ] GC(47) y: Young Generation
[0.420s][info][gc,phases   ] GC(47) y: Pause Mark Start 0.005ms
[0.420s][info][gc,phases   ] GC(47) y: Concurrent Mark 0.369ms
[0.420s][info][gc,phases   ] GC(47) y: Pause Mark End 0.004ms
[0.420s][info][gc,phases   ] GC(47) y: Concurrent Mark Free 0.000ms
[0.420s][info][gc,phases   ] GC(47) y: Concurrent Reset Relocation Set 0.000ms
[0.420s][info][gc,reloc    ] GC(47) y: Using tenuring threshold: 0 (Computed)
[0.420s][info][gc,phases   ] GC(47) y: Concurrent Select Relocation Set 0.072ms
[0.420s][info][gc,phases   ] GC(47) y: Pause Relocate Start 0.002ms
[0.420s][info][gc,phases   ] GC(47) y: Concurrent Relocate 0.040ms
[0.420s][info][gc,alloc    ] GC(47) y:                         Mark Start        Mark End      Relocate Start    Relocate End   
[0.420s][info][gc,alloc    ] GC(47) y: Allocation Stalls:          1                1                1                1         
[0.420s][info][gc,load     ] GC(47) y: Load: 0.00 (0%) / 0.00 (0%) / 0.00 (0%)
[0.421s][info][gc,mmu      ] GC(47) y: MMU: 2ms/98.1%, 5ms/98.8%, 10ms/99.0%, 20ms/99.1%, 50ms/99.2%, 100ms/99.2%
[0.421s][info][gc,marking  ] GC(47) y: Mark: 2 stripe(s), 1 proactive flush(es), 1 terminate flush(es), 0 completion(s), 0 continuation(s) 
[0.421s][info][gc,nmethod  ] GC(47) y: NMethods: 287 registered, 11 unregistered
[0.421s][info][gc,metaspace] GC(47) y: Metaspace: 0M used, 0M committed, 1088M reserved
[0.421s][info][gc,heap     ] GC(47) y: Min Capacity: 8M(3%)
[0.421s][info][gc,heap     ] GC(47) y: Max Capacity: 256M(100%)
[0.421s][info][gc,heap     ] GC(47) y: Soft Max Capacity: 256M(100%)
[0.421s][info][gc,heap     ] GC(47) y: Heap Statistics:
[0.421s][info][gc,heap     ] GC(47) y:                Mark Start          Mark End        Relocate Start      Relocate End           High               Low         
[0.421s][info][gc,heap     ] GC(47) y:  Capacity:      256M (100%)        256M (100%)        256M (100%)        256M (100%)        256M (100%)        256M (100%)   
[0.421s][info][gc,heap     ] GC(47) y:      Free:        0M (0%)            0M (0%)            0M (0%)            0M (0%)            0M (0%)            0M (0%)     
[0.421s][info][gc,heap     ] GC(47) y:      Used:      256M (100%)        256M (100%)        256M (100%)        256M (100%)        256M (100%)        256M (100%)   
[0.421s][info][gc,heap     ] GC(47) y: Young Generation Statistics:
[0.421s][info][gc,heap     ] GC(47) y:                Mark Start          Mark End        Relocate Start      Relocate End    
[0.421s][info][gc,heap     ] GC(47) y:      Used:        0M (0%)            0M (0%)            0M (0%)            0M (0%)     
[0.421s][info][gc,heap     ] GC(47) y:      Live:         -                 0M (0%)            0M (0%)            0M (0%)     
[0.421s][info][gc,heap     ] GC(47) y:   Garbage:         -                 0M (0%)            0M (0%)            0M (0%)     
[0.421s][info][gc,heap     ] GC(47) y: Allocated:         -                 0M (0%)            0M (0%)            0M (0%)     
[0.421s][info][gc,heap     ] GC(47) y: Reclaimed:         -                  -                 0M (0%)            0M (0%)     
[0.421s][info][gc,heap     ] GC(47) y:  Promoted:         -                  -                 0M (0%)            0M (0%)     
[0.421s][info][gc,heap     ] GC(47) y: Compacted:         -                  -                  -                 0M (0%)     
[0.421s][info][gc,phases   ] GC(47) y: Young Generation 256M(100%)->256M(100%) 0.001s
[0.421s][info][gc          ] GC(47) Minor Collection (Allocation Stall) 256M(100%)->256M(100%) 0.001s
[0.421s][info][gc          ] GC(48) Major Collection (Allocation Stall)
[0.421s][info][gc,task     ] GC(48) Using 2 Workers for Young Generation
[0.421s][info][gc,task     ] GC(48) Using 2 Workers for Old Generation
[0.421s][info][gc,phases   ] GC(48) Y: Young Generation (Promote All)
[0.421s][info][gc,phases   ] GC(48) Y: Pause Mark Start 0.004ms
[0.421s][info][gc,phases   ] GC(48) Y: Concurrent Mark 0.408ms
[0.421s][info][gc,phases   ] GC(48) Y: Pause Mark End 0.004ms
[0.421s][info][gc,phases   ] GC(48) Y: Concurrent Mark Free 0.000ms
[0.421s][info][gc,phases   ] GC(48) Y: Concurrent Reset Relocation Set 0.000ms
[0.421s][info][gc,reloc    ] GC(48) Y: Using tenuring threshold: 0 (Promote All)
[0.421s][info][gc,phases   ] GC(48) Y: Concurrent Select Relocation Set 0.068ms
[0.421s][info][gc,phases   ] GC(48) Y: Pause Relocate Start 0.003ms
[0.421s][info][gc,phases   ] GC(48) Y: Concurrent Relocate 0.038ms
[0.421s][info][gc,alloc    ] GC(48) Y:                         Mark Start        Mark End      Relocate Start    Relocate End   
[0.421s][info][gc,alloc    ] GC(48) Y: Allocation Stalls:          1                1                1                1         
[0.421s][info][gc,load     ] GC(48) Y: Load: 0.00 (0%) / 0.00 (0%) / 0.00 (0%)
[0.422s][info][gc,mmu      ] GC(48) Y: MMU: 2ms/98.1%, 5ms/98.8%, 10ms/99.0%, 20ms/99.1%, 50ms/99.2%, 100ms/99.2%
[0.422s][info][gc,marking  ] GC(48) Y: Mark: 2 stripe(s), 1 proactive flush(es), 1 terminate flush(es), 0 completion(s), 0 continuation(s) 
[0.422s][info][gc,nmethod  ] GC(48) Y: NMethods: 287 registered, 11 unregistered
[0.422s][info][gc,metaspace] GC(48) Y: Metaspace: 0M used, 0M committed, 1088M reserved
[0.422s][info][gc,heap     ] GC(48) Y: Min Capacity: 8M(3%)
[0.422s][info][gc,heap     ] GC(48) Y: Max Capacity: 256M(100%)
[0.422s][info][gc,heap     ] GC(48) Y: Soft Max Capacity: 256M(100%)
[0.422s][info][gc,heap     ] GC(48) Y: Heap Statistics:
[0.422s][info][gc,heap     ] GC(48) Y:                Mark Start          Mark End        Relocate Start      Relocate End           High               Low         
[0.422s][info][gc,heap     ] GC(48) Y:  Capacity:      256M (100%)        256M (100%)        256M (100%)        256M (100%)        256M (100%)        256M (100%)   
[0.422s][info][gc,heap     ] GC(48) Y:      Free:        0M (0%)            0M (0%)            0M (0%)            0M (0%)            0M (0%)            0M (0%)     
[0.422s][info][gc,heap     ] GC(48) Y:      Used:      256M (100%)        256M (100%)        256M (100%)        256M (100%)        256M (100%)        256M (100%)   
[0.422s][info][gc,heap     ] GC(48) Y: Young Generation Statistics:
[0.422s][info][gc,heap     ] GC(48) Y:                Mark Start          Mark End        Relocate Start      Relocate End    
[0.422s][info][gc,heap     ] GC(48) Y:      Used:        0M (0%)            0M (0%)            0M (0%)            0M (0%)     
[0.422s][info][gc,heap     ] GC(48) Y:      Live:         -                 0M (0%)            0M (0%)            0M (0%)     
[0.422s][info][gc,heap     ] GC(48) Y:   Garbage:         -                 0M (0%)            0M (0%)            0M (0%)     
[0.422s][info][gc,heap     ] GC(48) Y: Allocated:         -                 0M (0%)            0M (0%)            0M (0%)     
[0.422s][info][gc,heap     ] GC(48) Y: Reclaimed:         -                  -                 0M (0%)            0M (0%)     
[0.422s][info][gc,heap     ] GC(48) Y:  Promoted:         -                  -                 0M (0%)            0M (0%)     
[0.422s][info][gc,heap     ] GC(48) Y: Compacted:         -                  -                  -                 0M (0%)     
[0.422s][info][gc,phases   ] GC(48) Y: Young Generation (Promote All) 256M(100%)->256M(100%) 0.001s
[0.422s][info][gc,phases   ] GC(48) Y: Young Generation (Collect Roots)
[0.422s][info][gc,phases   ] GC(48) Y: Pause Mark Start (Major) 0.004ms
[0.422s][info][gc,phases   ] GC(48) Y: Concurrent Mark 0.462ms
[0.422s][info][gc,phases   ] GC(48) Y: Pause Mark End 0.003ms
[0.422s][info][gc,phases   ] GC(48) Y: Concurrent Mark Free 0.000ms
[0.422s][info][gc,phases   ] GC(48) Y: Concurrent Reset Relocation Set 0.000ms
[0.422s][info][gc,reloc    ] GC(48) Y: Using tenuring threshold: 0 (Computed)
[0.422s][info][gc,phases   ] GC(48) Y: Concurrent Select Relocation Set 0.063ms
[0.422s][info][gc,phases   ] GC(48) Y: Pause Relocate Start 0.003ms
[0.422s][info][gc,phases   ] GC(48) Y: Concurrent Relocate 0.042ms
[0.422s][info][gc,alloc    ] GC(48) Y:                         Mark Start        Mark End      Relocate Start    Relocate End   
[0.422s][info][gc,alloc    ] GC(48) Y: Allocation Stalls:          1                1                1                1         
[0.422s][info][gc,load     ] GC(48) Y: Load: 0.00 (0%) / 0.00 (0%) / 0.00 (0%)
[0.422s][info][gc,mmu      ] GC(48) Y: MMU: 2ms/98.1%, 5ms/98.8%, 10ms/99.0%, 20ms/99.1%, 50ms/99.2%, 100ms/99.2%
[0.423s][info][gc,marking  ] GC(48) Y: Mark: 2 stripe(s), 1 proactive flush(es), 1 terminate flush(es), 0 completion(s), 0 continuation(s) 
[0.423s][info][gc,nmethod  ] GC(48) Y: NMethods: 287 registered, 11 unregistered
[0.423s][info][gc,metaspace] GC(48) Y: Metaspace: 0M used, 0M committed, 1088M reserved
[0.423s][info][gc,heap     ] GC(48) Y: Min Capacity: 8M(3%)
[0.423s][info][gc,heap     ] GC(48) Y: Max Capacity: 256M(100%)
[0.423s][info][gc,heap     ] GC(48) Y: Soft Max Capacity: 256M(100%)
[0.423s][info][gc,heap     ] GC(48) Y: Heap Statistics:
[0.423s][info][gc,heap     ] GC(48) Y:                Mark Start          Mark End        Relocate Start      Relocate End           High               Low         
[0.423s][info][gc,heap     ] GC(48) Y:  Capacity:      256M (100%)        256M (100%)        256M (100%)        256M (100%)        256M (100%)        256M (100%)   
[0.423s][info][gc,heap     ] GC(48) Y:      Free:        0M (0%)            0M (0%)            0M (0%)            0M (0%)            0M (0%)            0M (0%)     
[0.423s][info][gc,heap     ] GC(48) Y:      Used:      256M (100%)        256M (100%)        256M (100%)        256M (100%)        256M (100%)        256M (100%)   
[0.423s][info][gc,heap     ] GC(48) Y: Young Generation Statistics:
[0.423s][info][gc,heap     ] GC(48) Y:                Mark Start          Mark End        Relocate Start      Relocate End    
[0.423s][info][gc,heap     ] GC(48) Y:      Used:        0M (0%)            0M (0%)            0M (0%)            0M (0%)     
[0.423s][info][gc,heap     ] GC(48) Y:      Live:         -                 0M (0%)            0M (0%)            0M (0%)     
[0.423s][info][gc,heap     ] GC(48) Y:   Garbage:         -                 0M (0%)            0M (0%)            0M (0%)     
[0.423s][info][gc,heap     ] GC(48) Y: Allocated:         -                 0M (0%)            0M (0%)            0M (0%)     
[0.423s][info][gc,heap     ] GC(48) Y: Reclaimed:         -                  -                 0M (0%)            0M (0%)     
[0.423s][info][gc,heap     ] GC(48) Y:  Promoted:         -                  -                 0M (0%)            0M (0%)     
[0.423s][info][gc,heap     ] GC(48) Y: Compacted:         -                  -                  -                 0M (0%)     
[0.423s][info][gc,phases   ] GC(48) Y: Young Generation (Collect Roots) 256M(100%)->256M(100%) 0.001s
[0.423s][info][gc,phases   ] GC(48) O: Old Generation
[0.424s][info][gc,phases   ] GC(48) O: Concurrent Mark 1.134ms
[0.424s][info][gc,phases   ] GC(48) O: Pause Mark End 0.006ms
[0.424s][info][gc,phases   ] GC(48) O: Concurrent Mark Free 0.001ms
[0.424s][info][gc,ref      ] GC(48) O: Clearing All SoftReferences
[0.424s][info][gc,phases   ] GC(48) O: Concurrent Process Non-Strong 0.247ms
[0.424s][info][gc,phases   ] GC(48) O: Concurrent Reset Relocation Set 0.000ms
[0.424s][info][gc          ] Allocation Stall (main) 4.452ms
[0.424s][info][gc,phases   ] GC(48) O: Concurrent Select Relocation Set 0.038ms
[0.424s][info][gc,task     ] GC(48) O: Using 2 Workers for Old Generation
[0.425s][info][gc,task     ] GC(48) O: Using 2 Workers for Old Generation
[0.425s][info][gc,phases   ] GC(48) O: Concurrent Remap Roots 0.350ms
[0.425s][info][gc,phases   ] GC(48) O: Pause Relocate Start 0.005ms
[0.425s][info][gc,phases   ] GC(48) O: Concurrent Relocate 0.096ms
[0.425s][info][gc,alloc    ] GC(48) O:                         Mark Start        Mark End      Relocate Start    Relocate End   
[0.425s][info][gc,alloc    ] GC(48) O: Allocation Stalls:          1                1                0                0         
[0.425s][info][gc,load     ] GC(48) O: Load: 0.00 (0%) / 0.00 (0%) / 0.00 (0%)
[0.425s][info][gc,mmu      ] GC(48) O: MMU: 2ms/98.1%, 5ms/98.8%, 10ms/99.0%, 20ms/99.1%, 50ms/99.2%, 100ms/99.2%
[0.425s][info][gc,marking  ] GC(48) O: Mark: 2 stripe(s), 1 proactive flush(es), 1 terminate flush(es), 0 completion(s), 0 continuation(s) 
[0.425s][info][gc,nmethod  ] GC(48) O: NMethods: 290 registered, 11 unregistered
[0.425s][info][gc,metaspace] GC(48) O: Metaspace: 0M used, 0M committed, 1088M reserved
[0.425s][info][gc,ref      ] GC(48) O:                       Encountered   Discovered     Enqueued 
[0.425s][info][gc,ref      ] GC(48) O: Soft References:               35           16            0 
[0.425s][info][gc,ref      ] GC(48) O: Weak References:               73           34            0 
[0.425s][info][gc,ref      ] GC(48) O: Final References:               0            0            0 
[0.425s][info][gc,ref      ] GC(48) O: Phantom References:             1            1            0 
[0.425s][info][gc,reloc    ] GC(48) O:                        Candidates     Selected     In-Place         Size        Empty    Relocated 
[0.425s][info][gc,reloc    ] GC(48) O: Small Pages:                    1            0            0           2M           0M           0M 
[0.425s][info][gc,reloc    ] GC(48) O: Medium Pages:                   0            0            0           0M           0M           0M 
[0.425s][info][gc,reloc    ] GC(48) O: Large Pages:                  127            0            0         254M           2M           0M 
[0.425s][info][gc,reloc    ] GC(48) O: Forwarding Usage: 0M
[0.425s][info][gc,heap     ] GC(48) O: Min Capacity: 8M(3%)
[0.425s][info][gc,heap     ] GC(48) O: Max Capacity: 256M(100%)
[0.425s][info][gc,heap     ] GC(48) O: Soft Max Capacity: 256M(100%)
[0.425s][info][gc,heap     ] GC(48) O: Heap Statistics:
[0.425s][info][gc,heap     ] GC(48) O:                Mark Start          Mark End        Relocate Start      Relocate End           High               Low         
[0.425s][info][gc,heap     ] GC(48) O:  Capacity:      256M (100%)        256M (100%)        256M (100%)        256M (100%)        256M (100%)        256M (100%)   
[0.425s][info][gc,heap     ] GC(48) O:      Free:        0M (0%)            0M (0%)            0M (0%)            0M (0%)            2M (1%)            0M (0%)     
[0.425s][info][gc,heap     ] GC(48) O:      Used:      256M (100%)        256M (100%)        256M (100%)        256M (100%)        256M (100%)        254M (99%)    
[0.425s][info][gc,heap     ] GC(48) O: Old Generation Statistics:
[0.425s][info][gc,heap     ] GC(48) O:                Mark Start          Mark End        Relocate Start      Relocate End    
[0.425s][info][gc,heap     ] GC(48) O:      Used:      256M (100%)        256M (100%)        254M (99%)         254M (99%)    
[0.425s][info][gc,heap     ] GC(48) O:      Live:         -               253M (99%)         253M (99%)         253M (99%)    
[0.425s][info][gc,heap     ] GC(48) O:   Garbage:         -                 2M (1%)            0M (0%)            0M (0%)     
[0.425s][info][gc,heap     ] GC(48) O: Allocated:         -                 0M (0%)            0M (0%)            0M (0%)     
[0.425s][info][gc,heap     ] GC(48) O: Reclaimed:         -                  -                 2M (1%)            2M (1%)     
[0.425s][info][gc,heap     ] GC(48) O: Compacted:         -                  -                  -                 0M (0%)     
[0.425s][info][gc,phases   ] GC(48) O: Old Generation 256M(100%)->256M(100%) 0.002s
[0.425s][info][gc          ] GC(48) Major Collection (Allocation Stall) 256M(100%)->256M(100%) 0.004s
[0.425s][info][gc,exit     ] Stopping ZGC
[0.425s][info][gc,stats    ] === Garbage Collection Statistics =======================================================================================================================
[0.425s][info][gc,stats    ]                                                              Last 10s              Last 10m              Last 10h                Total
[0.425s][info][gc,stats    ]                                                              Avg / Max             Avg / Max             Avg / Max             Avg / Max
[0.425s][info][gc,stats    ]        Contention: Mark Segment Reset Contention                     0 / 0                 0 / 0                 0 / 0                 0 / 0           ops/s
[0.426s][info][gc,stats    ]        Contention: Mark SeqNum Reset Contention                      0 / 0                 0 / 0                 0 / 0                 0 / 0           ops/s
[0.426s][info][gc,stats    ]          Critical: Allocation Stall                                  0 / 0                 0 / 0                 0 / 0                 0 / 0           ops/s
[0.426s][info][gc,stats    ]          Critical: Allocation Stall                              0.000 / 0.000         0.000 / 0.000         0.000 / 0.000         0.000 / 0.000       ms
[0.426s][info][gc,stats    ]          Critical: JNI Critical Stall                                0 / 0                 0 / 0                 0 / 0                 0 / 0           ops/s
[0.426s][info][gc,stats    ]          Critical: JNI Critical Stall                            0.000 / 0.000         0.000 / 0.000         0.000 / 0.000         0.000 / 0.000       ms
[0.426s][info][gc,stats    ]          Critical: Relocation Stall                                  0 / 0                 0 / 0                 0 / 0                 0 / 0           ops/s
[0.426s][info][gc,stats    ]          Critical: Relocation Stall                              0.000 / 0.000         0.000 / 0.000         0.000 / 0.000         0.000 / 0.000       ms
[0.426s][info][gc,stats    ]  Major Collection: Major Collection                              0.000 / 0.000         0.000 / 0.000         0.000 / 0.000         0.000 / 0.000       ms
[0.426s][info][gc,stats    ]            Memory: Allocation Rate                                   0 / 0                 0 / 0                 0 / 0                 0 / 0           MB/s
[0.426s][info][gc,stats    ]            Memory: Defragment                                        0 / 0                 0 / 0                 0 / 0                 0 / 0           ops/s
[0.426s][info][gc,stats    ]            Memory: Mapped Cache Harvest                              0 / 0                 0 / 0                 0 / 0                 0 / 0           MB/s
[0.426s][info][gc,stats    ]            Memory: Out Of Memory                                     0 / 0                 0 / 0                 0 / 0                 0 / 0           ops/s
[0.426s][info][gc,stats    ]            Memory: Uncommit                                          0 / 0                 0 / 0                 0 / 0                 0 / 0           MB/s
[0.426s][info][gc,stats    ]            Memory: Undo Object Allocation Failed                     0 / 0                 0 / 0                 0 / 0                 0 / 0           ops/s
[0.426s][info][gc,stats    ]            Memory: Undo Object Allocation Succeeded                  0 / 0                 0 / 0                 0 / 0                 0 / 0           ops/s
[0.426s][info][gc,stats    ]            Memory: Undo Page Allocation                              0 / 0                 0 / 0                 0 / 0                 0 / 0           ops/s
[0.426s][info][gc,stats    ]  Minor Collection: Minor Collection                              0.000 / 0.000         0.000 / 0.000         0.000 / 0.000         0.000 / 0.000       ms
[0.426s][info][gc,stats    ]    Old Generation: Old Generation                                0.000 / 0.000         0.000 / 0.000         0.000 / 0.000         0.000 / 0.000       ms
[0.426s][info][gc,stats    ]         Old Pause: Pause Mark End                                0.000 / 0.000         0.000 / 0.000         0.000 / 0.000         0.000 / 0.000       ms
[0.426s][info][gc,stats    ]         Old Pause: Pause Relocate Start                          0.000 / 0.000         0.000 / 0.000         0.000 / 0.000         0.000 / 0.000       ms
[0.426s][info][gc,stats    ]         Old Phase: Concurrent Mark                               0.000 / 0.000         0.000 / 0.000         0.000 / 0.000         0.000 / 0.000       ms
[0.426s][info][gc,stats    ]         Old Phase: Concurrent Mark Continue                      0.000 / 0.000         0.000 / 0.000         0.000 / 0.000         0.000 / 0.000       ms
[0.426s][info][gc,stats    ]         Old Phase: Concurrent Mark Free                          0.000 / 0.000         0.000 / 0.000         0.000 / 0.000         0.000 / 0.000       ms
[0.426s][info][gc,stats    ]         Old Phase: Concurrent Process Non-Strong                 0.000 / 0.000         0.000 / 0.000         0.000 / 0.000         0.000 / 0.000       ms
[0.426s][info][gc,stats    ]         Old Phase: Concurrent Relocate                           0.000 / 0.000         0.000 / 0.000         0.000 / 0.000         0.000 / 0.000       ms
[0.426s][info][gc,stats    ]         Old Phase: Concurrent Remap Roots                        0.000 / 0.000         0.000 / 0.000         0.000 / 0.000         0.000 / 0.000       ms
[0.426s][info][gc,stats    ]         Old Phase: Concurrent Reset Relocation Set               0.000 / 0.000         0.000 / 0.000         0.000 / 0.000         0.000 / 0.000       ms
[0.426s][info][gc,stats    ]         Old Phase: Concurrent Select Relocation Set              0.000 / 0.000         0.000 / 0.000         0.000 / 0.000         0.000 / 0.000       ms
[0.426s][info][gc,stats    ]      Old Subphase: Concurrent Classes Purge                      0.000 / 0.000         0.000 / 0.000         0.000 / 0.000         0.000 / 0.000       ms
[0.426s][info][gc,stats    ]      Old Subphase: Concurrent Classes Unlink                     0.000 / 0.000         0.000 / 0.000         0.000 / 0.000         0.000 / 0.000       ms
[0.426s][info][gc,stats    ]      Old Subphase: Concurrent Mark Follow                        0.000 / 0.000         0.000 / 0.000         0.000 / 0.000         0.000 / 0.000       ms
[0.426s][info][gc,stats    ]      Old Subphase: Concurrent Mark Root Colored                  0.000 / 0.000         0.000 / 0.000         0.000 / 0.000         0.000 / 0.000       ms
[0.426s][info][gc,stats    ]      Old Subphase: Concurrent Mark Root Uncolored                0.000 / 0.000         0.000 / 0.000         0.000 / 0.000         0.000 / 0.000       ms
[0.426s][info][gc,stats    ]      Old Subphase: Concurrent Mark Roots                         0.000 / 0.000         0.000 / 0.000         0.000 / 0.000         0.000 / 0.000       ms
[0.426s][info][gc,stats    ]      Old Subphase: Concurrent References Enqueue                 0.000 / 0.000         0.000 / 0.000         0.000 / 0.000         0.000 / 0.000       ms
[0.426s][info][gc,stats    ]      Old Subphase: Concurrent References Process                 0.000 / 0.000         0.000 / 0.000         0.000 / 0.000         0.000 / 0.000       ms
[0.426s][info][gc,stats    ]      Old Subphase: Concurrent Remap Remembered                   0.000 / 0.000         0.000 / 0.000         0.000 / 0.000         0.000 / 0.000       ms
[0.426s][info][gc,stats    ]      Old Subphase: Concurrent Remap Roots Colored                0.000 / 0.000         0.000 / 0.000         0.000 / 0.000         0.000 / 0.000       ms
[0.426s][info][gc,stats    ]      Old Subphase: Concurrent Remap Roots Uncolored              0.000 / 0.000         0.000 / 0.000         0.000 / 0.000         0.000 / 0.000       ms
[0.426s][info][gc,stats    ]      Old Subphase: Concurrent Roots ClassLoaderDataGraph         0.000 / 0.000         0.000 / 0.000         0.000 / 0.000         0.000 / 0.000       ms
[0.426s][info][gc,stats    ]      Old Subphase: Concurrent Roots CodeCache                    0.000 / 0.000         0.000 / 0.000         0.000 / 0.000         0.000 / 0.000       ms
[0.426s][info][gc,stats    ]      Old Subphase: Concurrent Roots JavaThreads                  0.000 / 0.000         0.000 / 0.000         0.000 / 0.000         0.000 / 0.000       ms
[0.426s][info][gc,stats    ]      Old Subphase: Concurrent Roots OopStorageSet                0.000 / 0.000         0.000 / 0.000         0.000 / 0.000         0.000 / 0.000       ms
[0.426s][info][gc,stats    ]      Old Subphase: Concurrent Weak Roots OopStorageSet           0.000 / 0.000         0.000 / 0.000         0.000 / 0.000         0.000 / 0.000       ms
[0.426s][info][gc,stats    ]            System: Java Threads                                      0 / 0                 0 / 0                 0 / 0                 0 / 0           threads
[0.426s][info][gc,stats    ]  Young Generation: Young Generation                              0.000 / 0.000         0.000 / 0.000         0.000 / 0.000         0.000 / 0.000       ms
[0.426s][info][gc,stats    ]  Young Generation: Young Generation                              0.000 / 0.000         0.000 / 0.000         0.000 / 0.000         0.000 / 0.000       ms
[0.426s][info][gc,stats    ]  Young Generation: Young Generation (Collect Roots)              0.000 / 0.000         0.000 / 0.000         0.000 / 0.000         0.000 / 0.000       ms
[0.426s][info][gc,stats    ]  Young Generation: Young Generation (Promote All)                0.000 / 0.000         0.000 / 0.000         0.000 / 0.000         0.000 / 0.000       ms
[0.426s][info][gc,stats    ]       Young Pause: Pause Mark End                                0.000 / 0.000         0.000 / 0.000         0.000 / 0.000         0.000 / 0.000       ms
[0.426s][info][gc,stats    ]       Young Pause: Pause Mark Start                              0.000 / 0.000         0.000 / 0.000         0.000 / 0.000         0.000 / 0.000       ms
[0.426s][info][gc,stats    ]       Young Pause: Pause Mark Start (Major)                      0.000 / 0.000         0.000 / 0.000         0.000 / 0.000         0.000 / 0.000       ms
[0.426s][info][gc,stats    ]       Young Pause: Pause Relocate Start                          0.000 / 0.000         0.000 / 0.000         0.000 / 0.000         0.000 / 0.000       ms
[0.426s][info][gc,stats    ]       Young Phase: Concurrent Mark                               0.000 / 0.000         0.000 / 0.000         0.000 / 0.000         0.000 / 0.000       ms
[0.426s][info][gc,stats    ]       Young Phase: Concurrent Mark Continue                      0.000 / 0.000         0.000 / 0.000         0.000 / 0.000         0.000 / 0.000       ms
[0.426s][info][gc,stats    ]       Young Phase: Concurrent Mark Free                          0.000 / 0.000         0.000 / 0.000         0.000 / 0.000         0.000 / 0.000       ms
[0.426s][info][gc,stats    ]       Young Phase: Concurrent Relocate                           0.000 / 0.000         0.000 / 0.000         0.000 / 0.000         0.000 / 0.000       ms
[0.426s][info][gc,stats    ]       Young Phase: Concurrent Reset Relocation Set               0.000 / 0.000         0.000 / 0.000         0.000 / 0.000         0.000 / 0.000       ms
[0.426s][info][gc,stats    ]       Young Phase: Concurrent Select Relocation Set              0.000 / 0.000         0.000 / 0.000         0.000 / 0.000         0.000 / 0.000       ms
[0.426s][info][gc,stats    ]    Young Subphase: Concurrent Mark Follow                        0.000 / 0.000         0.000 / 0.000         0.000 / 0.000         0.000 / 0.000       ms
[0.426s][info][gc,stats    ]    Young Subphase: Concurrent Mark Root Colored                  0.000 / 0.000         0.000 / 0.000         0.000 / 0.000         0.000 / 0.000       ms
[0.426s][info][gc,stats    ]    Young Subphase: Concurrent Mark Root Uncolored                0.000 / 0.000         0.000 / 0.000         0.000 / 0.000         0.000 / 0.000       ms
[0.426s][info][gc,stats    ]    Young Subphase: Concurrent Mark Roots                         0.000 / 0.000         0.000 / 0.000         0.000 / 0.000         0.000 / 0.000       ms
[0.426s][info][gc,stats    ]    Young Subphase: Concurrent Relocate Remset FP                 0.000 / 0.000         0.000 / 0.000         0.000 / 0.000         0.000 / 0.000       ms
[0.426s][info][gc,stats    ]    Young Subphase: Concurrent Roots ClassLoaderDataGraph         0.000 / 0.000         0.000 / 0.000         0.000 / 0.000         0.000 / 0.000       ms
[0.426s][info][gc,stats    ]    Young Subphase: Concurrent Roots CodeCache                    0.000 / 0.000         0.000 / 0.000         0.000 / 0.000         0.000 / 0.000       ms
[0.426s][info][gc,stats    ]    Young Subphase: Concurrent Roots JavaThreads                  0.000 / 0.000         0.000 / 0.000         0.000 / 0.000         0.000 / 0.000       ms
[0.426s][info][gc,stats    ]    Young Subphase: Concurrent Roots OopStorageSet                0.000 / 0.000         0.000 / 0.000         0.000 / 0.000         0.000 / 0.000       ms
[0.426s][info][gc,stats    ]    Young Subphase: Concurrent Weak Roots OopStorageSet           0.000 / 0.000         0.000 / 0.000         0.000 / 0.000         0.000 / 0.000       ms
[0.426s][info][gc,stats    ] =========================================================================================================================================================
[0.426s][info][gc,exit     ] Heap
[0.426s][info][gc,exit     ]  ZHeap           used 256M, capacity 256M, max capacity 256M
[0.426s][info][gc,exit     ]   Cache          0M (0)
[0.426s][info][gc,exit     ]  Metaspace       used 484K, committed 704K, reserved 1114112K
[0.426s][info][gc,exit     ]   class space    used 18K, committed 128K, reserved 1048576K
