[2026-01-04T23:18:26.339-0600][0.008s] CardTable entry size: 512
[2026-01-04T23:18:26.339-0600][0.009s] Using G1
[2026-01-04T23:18:26.340-0600][0.010s] Version: 25.0.1+8-LTS-27 (release)
[2026-01-04T23:18:26.340-0600][0.010s] CPUs: 16 total, 16 available
[2026-01-04T23:18:26.340-0600][0.010s] Memory: 15720M
[2026-01-04T23:18:26.340-0600][0.010s] Large Page Support: Disabled
[2026-01-04T23:18:26.340-0600][0.010s] NUMA Support: Disabled
[2026-01-04T23:18:26.340-0600][0.010s] Compressed Oops: Enabled (32-bit)
[2026-01-04T23:18:26.340-0600][0.010s] Heap Region Size: 1M
[2026-01-04T23:18:26.340-0600][0.010s] Heap Min Capacity: 128M
[2026-01-04T23:18:26.340-0600][0.010s] Heap Initial Capacity: 128M
[2026-01-04T23:18:26.340-0600][0.010s] Heap Max Capacity: 256M
[2026-01-04T23:18:26.414-0600][0.084s] Pre-touch: Disabled
[2026-01-04T23:18:26.414-0600][0.084s] Parallel Workers: 13
[2026-01-04T23:18:26.414-0600][0.084s] Concurrent Workers: 3
[2026-01-04T23:18:26.414-0600][0.084s] Concurrent Refinement Workers: 13
[2026-01-04T23:18:26.414-0600][0.084s] Periodic GC: Disabled
[2026-01-04T23:18:26.422-0600][0.092s] CDS archive(s) mapped at: [0x0000000027000000-0x0000000027dd0000-0x0000000027dd0000), size 14483456, SharedBaseAddress: 0x0000000027000000, ArchiveRelocationMode: 1.
[2026-01-04T23:18:26.422-0600][0.092s] Compressed class space mapped at: 0x0000000028000000-0x0000000068000000, reserved size: 1073741824
[2026-01-04T23:18:26.422-0600][0.092s] UseCompressedClassPointers 1, UseCompactObjectHeaders 0
[2026-01-04T23:18:26.422-0600][0.092s] Narrow klass pointer bits 32, Max shift 3
[2026-01-04T23:18:26.422-0600][0.092s] Narrow klass base: 0x0000000027000000, Narrow klass shift: 0
[2026-01-04T23:18:26.422-0600][0.092s] Encoding Range: [0x0000000027000000 - 0x0000000127000000), (4294967296 bytes)
[2026-01-04T23:18:26.422-0600][0.092s] Klass Range:    [0x0000000027010000 - 0x0000000068000000), (1090453504 bytes)
[2026-01-04T23:18:26.422-0600][0.092s] Klass ID Range:  [65536 - 1090519033) (1090453497)
[2026-01-04T23:18:26.422-0600][0.092s] Protection zone: [0x0000000027000000 - 0x0000000027010000), (65536 bytes)
[2026-01-04T23:18:26.472-0600][0.141s] GC(0) Pause Young (Concurrent Start) (G1 Humongous Allocation)
[2026-01-04T23:18:26.472-0600][0.141s] GC(0) Using 3 workers of 13 for evacuation
[2026-01-04T23:18:26.473-0600][0.142s] GC(0)   Pre Evacuate Collection Set: 0.15ms
[2026-01-04T23:18:26.473-0600][0.142s] GC(0)   Merge Heap Roots: 0.03ms
[2026-01-04T23:18:26.473-0600][0.142s] GC(0)   Evacuate Collection Set: 0.53ms
[2026-01-04T23:18:26.473-0600][0.142s] GC(0)   Post Evacuate Collection Set: 0.15ms
[2026-01-04T23:18:26.473-0600][0.142s] GC(0)   Other: 0.16ms
[2026-01-04T23:18:26.473-0600][0.142s] GC(0) Eden regions: 2->0(29)
[2026-01-04T23:18:26.473-0600][0.142s] GC(0) Survivor regions: 0->1(6)
[2026-01-04T23:18:26.473-0600][0.142s] GC(0) Old regions: 2->2
[2026-01-04T23:18:26.473-0600][0.142s] GC(0) Humongous regions: 56->56
[2026-01-04T23:18:26.473-0600][0.143s] GC(0) Metaspace: 389K(576K)->389K(576K) NonClass: 371K(448K)->371K(448K) Class: 17K(128K)->17K(128K)
[2026-01-04T23:18:26.473-0600][0.143s] GC(0) Pause Young (Concurrent Start) (G1 Humongous Allocation) 59M->57M(130M) 1.277ms
[2026-01-04T23:18:26.473-0600][0.143s] GC(0) User=0.00s Sys=0.00s Real=0.00s
[2026-01-04T23:18:26.473-0600][0.143s] GC(1) Concurrent Mark Cycle
[2026-01-04T23:18:26.473-0600][0.143s] GC(1) Concurrent Scan Root Regions
[2026-01-04T23:18:26.473-0600][0.143s] GC(1) Concurrent Scan Root Regions 0.362ms
[2026-01-04T23:18:26.473-0600][0.143s] GC(1) Concurrent Mark
[2026-01-04T23:18:26.473-0600][0.143s] GC(1) Concurrent Mark From Roots
[2026-01-04T23:18:26.473-0600][0.143s] GC(1) Using 3 workers of 3 for marking
[2026-01-04T23:18:26.475-0600][0.145s] GC(1) Concurrent Mark From Roots 1.922ms
[2026-01-04T23:18:26.475-0600][0.145s] GC(1) Concurrent Preclean
[2026-01-04T23:18:26.475-0600][0.145s] GC(1) Concurrent Preclean 0.016ms
[2026-01-04T23:18:26.475-0600][0.145s] GC(1) Pause Remark
[2026-01-04T23:18:26.476-0600][0.145s] GC(1) Pause Remark 66M->66M(130M) 0.320ms
[2026-01-04T23:18:26.476-0600][0.145s] GC(1) User=0.00s Sys=0.00s Real=0.00s
[2026-01-04T23:18:26.476-0600][0.145s] GC(1) Concurrent Mark 2.467ms
[2026-01-04T23:18:26.476-0600][0.145s] GC(1) Concurrent Rebuild Remembered Sets and Scrub Regions
[2026-01-04T23:18:26.476-0600][0.146s] GC(1) Concurrent Rebuild Remembered Sets and Scrub Regions 0.598ms
[2026-01-04T23:18:26.476-0600][0.146s] GC(1) Pause Cleanup
[2026-01-04T23:18:26.476-0600][0.146s] GC(1) Pause Cleanup 68M->68M(130M) 0.036ms
[2026-01-04T23:18:26.476-0600][0.146s] GC(1) User=0.00s Sys=0.00s Real=0.00s
[2026-01-04T23:18:26.476-0600][0.146s] GC(1) Concurrent Clear Claimed Marks
[2026-01-04T23:18:26.476-0600][0.146s] GC(1) Concurrent Clear Claimed Marks 0.022ms
[2026-01-04T23:18:26.476-0600][0.146s] GC(1) Concurrent Cleanup for Next Mark
[2026-01-04T23:18:26.476-0600][0.147s] GC(1) Concurrent Cleanup for Next Mark 0.297ms
[2026-01-04T23:18:26.477-0600][0.147s] GC(1) Concurrent Mark Cycle 4.022ms
[2026-01-04T23:18:26.526-0600][0.196s] GC(2) Pause Young (Prepare Mixed) (G1 Humongous Allocation)
[2026-01-04T23:18:26.527-0600][0.197s] GC(2) Using 6 workers of 13 for evacuation
[2026-01-04T23:18:26.527-0600][0.197s] GC(2)   Pre Evacuate Collection Set: 0.11ms
[2026-01-04T23:18:26.527-0600][0.197s] GC(2)   Merge Heap Roots: 0.03ms
[2026-01-04T23:18:26.527-0600][0.197s] GC(2)   Evacuate Collection Set: 0.32ms
[2026-01-04T23:18:26.527-0600][0.197s] GC(2)   Post Evacuate Collection Set: 0.16ms
[2026-01-04T23:18:26.527-0600][0.197s] GC(2)   Other: 0.21ms
[2026-01-04T23:18:26.527-0600][0.197s] GC(2) Eden regions: 1->0(3)
[2026-01-04T23:18:26.527-0600][0.197s] GC(2) Survivor regions: 1->1(2)
[2026-01-04T23:18:26.527-0600][0.197s] GC(2) Old regions: 2->2
[2026-01-04T23:18:26.527-0600][0.197s] GC(2) Humongous regions: 250->250
[2026-01-04T23:18:26.527-0600][0.198s] GC(2) Metaspace: 439K(640K)->439K(640K) NonClass: 421K(512K)->421K(512K) Class: 17K(128K)->17K(128K)
[2026-01-04T23:18:26.528-0600][0.198s] GC(2) Pause Young (Prepare Mixed) (G1 Humongous Allocation) 252M->251M(256M) 1.067ms
[2026-01-04T23:18:26.528-0600][0.198s] GC(2) User=0.00s Sys=0.00s Real=0.00s
[2026-01-04T23:18:26.528-0600][0.198s] GC(3) Pause Young (Mixed) (G1 Humongous Allocation)
[2026-01-04T23:18:26.528-0600][0.198s] GC(3) Using 6 workers of 13 for evacuation
[2026-01-04T23:18:26.529-0600][0.199s] GC(3)   Pre Evacuate Collection Set: 0.10ms
[2026-01-04T23:18:26.529-0600][0.199s] GC(3)   Merge Heap Roots: 0.03ms
[2026-01-04T23:18:26.529-0600][0.199s] GC(3)   Evacuate Collection Set: 0.24ms
[2026-01-04T23:18:26.529-0600][0.199s] GC(3)   Post Evacuate Collection Set: 0.20ms
[2026-01-04T23:18:26.529-0600][0.199s] GC(3)   Other: 0.04ms
[2026-01-04T23:18:26.529-0600][0.199s] GC(3) Eden regions: 1->0(1)
[2026-01-04T23:18:26.529-0600][0.199s] GC(3) Survivor regions: 1->0(0)
[2026-01-04T23:18:26.529-0600][0.199s] GC(3) Old regions: 2->3
[2026-01-04T23:18:26.529-0600][0.199s] GC(3) Humongous regions: 252->252
[2026-01-04T23:18:26.529-0600][0.199s] GC(3) Metaspace: 439K(640K)->439K(640K) NonClass: 421K(512K)->421K(512K) Class: 17K(128K)->17K(128K)
[2026-01-04T23:18:26.529-0600][0.199s] GC(3) Pause Young (Mixed) (G1 Humongous Allocation) (Evacuation Failure: Allocation) 253M->253M(256M) 0.791ms
[2026-01-04T23:18:26.529-0600][0.199s] GC(3) User=0.00s Sys=0.00s Real=0.00s
[2026-01-04T23:18:26.529-0600][0.199s] Attempting full compaction
[2026-01-04T23:18:26.529-0600][0.199s] GC(4) Pause Full (G1 Compaction Pause)
[2026-01-04T23:18:26.529-0600][0.199s] GC(4) Using 6 workers of 13 for full compaction
[2026-01-04T23:18:26.529-0600][0.199s] GC(4) Phase 1: Mark live objects
[2026-01-04T23:18:26.530-0600][0.200s] GC(4) Phase 1: Mark live objects 0.693ms
[2026-01-04T23:18:26.530-0600][0.200s] GC(4) Phase 2: Prepare compaction
[2026-01-04T23:18:26.530-0600][0.200s] GC(4) Phase 2: Prepare compaction 0.204ms
[2026-01-04T23:18:26.530-0600][0.200s] GC(4) Phase 3: Adjust pointers
[2026-01-04T23:18:26.530-0600][0.201s] GC(4) Phase 3: Adjust pointers 0.437ms
[2026-01-04T23:18:26.530-0600][0.201s] GC(4) Phase 4: Compact heap
[2026-01-04T23:18:26.532-0600][0.201s] GC(4) Phase 4: Compact heap 0.275ms
[2026-01-04T23:18:26.532-0600][0.201s] GC(4) Phase 5: Reset Metadata
[2026-01-04T23:18:26.532-0600][0.201s] GC(4) Phase 5: Reset Metadata 0.208ms
[2026-01-04T23:18:26.532-0600][0.202s] GC(4) Eden regions: 0->0(2)
[2026-01-04T23:18:26.533-0600][0.202s] GC(4) Survivor regions: 0->0(0)
[2026-01-04T23:18:26.533-0600][0.202s] GC(4) Old regions: 3->2
[2026-01-04T23:18:26.533-0600][0.202s] GC(4) Humongous regions: 252->252
[2026-01-04T23:18:26.533-0600][0.202s] GC(4) Metaspace: 439K(640K)->439K(640K) NonClass: 421K(512K)->421K(512K) Class: 17K(128K)->17K(128K)
[2026-01-04T23:18:26.533-0600][0.202s] GC(4) Pause Full (G1 Compaction Pause) 253M->253M(256M) 2.797ms
[2026-01-04T23:18:26.533-0600][0.202s] GC(4) User=0.00s Sys=0.00s Real=0.00s
[2026-01-04T23:18:26.533-0600][0.202s] Attempting maximal full compaction clearing soft references
[2026-01-04T23:18:26.533-0600][0.202s] GC(5) Pause Full (G1 Compaction Pause)
[2026-01-04T23:18:26.533-0600][0.202s] GC(5) Using 6 workers of 13 for full compaction
[2026-01-04T23:18:26.533-0600][0.202s] GC(5) Phase 1: Mark live objects
[2026-01-04T23:18:26.534-0600][0.203s] GC(5) Phase 1: Mark live objects 0.912ms
[2026-01-04T23:18:26.534-0600][0.203s] GC(5) Phase 2: Prepare compaction
[2026-01-04T23:18:26.534-0600][0.203s] GC(5) Phase 2: Prepare compaction 0.500ms
[2026-01-04T23:18:26.534-0600][0.203s] GC(5) Phase 3: Adjust pointers
[2026-01-04T23:18:26.535-0600][0.204s] GC(5) Phase 3: Adjust pointers 0.543ms
[2026-01-04T23:18:26.535-0600][0.204s] GC(5) Phase 4: Compact heap
[2026-01-04T23:18:26.535-0600][0.205s] GC(5) Phase 4: Compact heap 0.781ms
[2026-01-04T23:18:26.535-0600][0.205s] GC(5) Phase 5: Reset Metadata
[2026-01-04T23:18:26.535-0600][0.205s] GC(5) Phase 5: Reset Metadata 0.087ms
[2026-01-04T23:18:26.536-0600][0.205s] GC(5) Eden regions: 0->0(2)
[2026-01-04T23:18:26.536-0600][0.205s] GC(5) Survivor regions: 0->0(0)
[2026-01-04T23:18:26.536-0600][0.205s] GC(5) Old regions: 2->2
[2026-01-04T23:18:26.536-0600][0.205s] GC(5) Humongous regions: 252->252
[2026-01-04T23:18:26.536-0600][0.205s] GC(5) Metaspace: 439K(640K)->437K(640K) NonClass: 421K(512K)->420K(512K) Class: 17K(128K)->17K(128K)
[2026-01-04T23:18:26.536-0600][0.205s] GC(5) Pause Full (G1 Compaction Pause) 253M->253M(256M) 3.519ms
[2026-01-04T23:18:26.536-0600][0.205s] GC(5) User=0.00s Sys=0.00s Real=0.00s
[2026-01-04T23:18:26.536-0600][0.206s] GC(6) Pause Young (Concurrent Start) (G1 Evacuation Pause)
[2026-01-04T23:18:26.536-0600][0.206s] GC(6) Using 6 workers of 13 for evacuation
[2026-01-04T23:18:26.536-0600][0.206s] GC(6)   Pre Evacuate Collection Set: 0.12ms
[2026-01-04T23:18:26.536-0600][0.206s] GC(6)   Merge Heap Roots: 0.02ms
[2026-01-04T23:18:26.536-0600][0.206s] GC(6)   Evacuate Collection Set: 0.11ms
[2026-01-04T23:18:26.536-0600][0.206s] GC(6)   Post Evacuate Collection Set: 0.09ms
[2026-01-04T23:18:26.536-0600][0.206s] GC(6)   Other: 0.04ms
[2026-01-04T23:18:26.536-0600][0.206s] GC(6) Eden regions: 0->0(1)
[2026-01-04T23:18:26.536-0600][0.206s] GC(6) Survivor regions: 0->0(0)
[2026-01-04T23:18:26.536-0600][0.206s] GC(6) Old regions: 2->2
[2026-01-04T23:18:26.536-0600][0.206s] GC(6) Humongous regions: 254->254
[2026-01-04T23:18:26.536-0600][0.206s] GC(6) Metaspace: 437K(640K)->437K(640K) NonClass: 420K(512K)->420K(512K) Class: 17K(128K)->17K(128K)
[2026-01-04T23:18:26.536-0600][0.206s] GC(6) Pause Young (Concurrent Start) (G1 Evacuation Pause) 255M->255M(256M) 0.523ms
[2026-01-04T23:18:26.536-0600][0.206s] GC(6) User=0.03s Sys=0.06s Real=0.00s
[2026-01-04T23:18:26.536-0600][0.206s] GC(7) Concurrent Mark Cycle
[2026-01-04T23:18:26.536-0600][0.206s] Attempting full compaction
[2026-01-04T23:18:26.536-0600][0.206s] GC(7) Concurrent Scan Root Regions
[2026-01-04T23:18:26.536-0600][0.206s] GC(8) Pause Full (G1 Compaction Pause)
[2026-01-04T23:18:26.536-0600][0.206s] GC(7) Concurrent Scan Root Regions 0.042ms
[2026-01-04T23:18:26.536-0600][0.206s] GC(8) Using 6 workers of 13 for full compaction
[2026-01-04T23:18:26.536-0600][0.206s] GC(7) Concurrent Mark
[2026-01-04T23:18:26.536-0600][0.206s] GC(7) Concurrent Mark From Roots
[2026-01-04T23:18:26.536-0600][0.206s] GC(7) Using 3 workers of 3 for marking
[2026-01-04T23:18:26.537-0600][0.206s] GC(8) Phase 1: Mark live objects
[2026-01-04T23:18:26.537-0600][0.207s] GC(8) Phase 1: Mark live objects 0.584ms
[2026-01-04T23:18:26.537-0600][0.207s] GC(8) Phase 2: Prepare compaction
[2026-01-04T23:18:26.537-0600][0.207s] GC(8) Phase 2: Prepare compaction 0.179ms
[2026-01-04T23:18:26.537-0600][0.207s] GC(8) Phase 3: Adjust pointers
[2026-01-04T23:18:26.538-0600][0.208s] GC(8) Phase 3: Adjust pointers 0.631ms
[2026-01-04T23:18:26.538-0600][0.208s] GC(8) Phase 4: Compact heap
[2026-01-04T23:18:26.538-0600][0.208s] GC(8) Phase 4: Compact heap 0.097ms
[2026-01-04T23:18:26.538-0600][0.208s] GC(8) Phase 5: Reset Metadata
[2026-01-04T23:18:26.538-0600][0.208s] GC(8) Phase 5: Reset Metadata 0.192ms
[2026-01-04T23:18:26.539-0600][0.209s] GC(8) Eden regions: 0->0(1)
[2026-01-04T23:18:26.539-0600][0.209s] GC(8) Survivor regions: 0->0(0)
[2026-01-04T23:18:26.539-0600][0.209s] GC(8) Old regions: 2->2
[2026-01-04T23:18:26.539-0600][0.209s] GC(8) Humongous regions: 254->254
[2026-01-04T23:18:26.539-0600][0.209s] GC(8) Metaspace: 437K(640K)->437K(640K) NonClass: 420K(512K)->420K(512K) Class: 17K(128K)->17K(128K)
[2026-01-04T23:18:26.539-0600][0.209s] GC(8) Pause Full (G1 Compaction Pause) 255M->255M(256M) 2.560ms
[2026-01-04T23:18:26.539-0600][0.209s] GC(8) User=0.00s Sys=0.00s Real=0.00s
[2026-01-04T23:18:26.539-0600][0.209s] Attempting maximal full compaction clearing soft references
[2026-01-04T23:18:26.539-0600][0.209s] GC(9) Pause Full (G1 Compaction Pause)
[2026-01-04T23:18:26.539-0600][0.209s] GC(9) Using 6 workers of 13 for full compaction
[2026-01-04T23:18:26.539-0600][0.209s] GC(9) Phase 1: Mark live objects
[2026-01-04T23:18:26.540-0600][0.210s] GC(9) Phase 1: Mark live objects 0.633ms
[2026-01-04T23:18:26.540-0600][0.210s] GC(9) Phase 2: Prepare compaction
[2026-01-04T23:18:26.540-0600][0.210s] GC(9) Phase 2: Prepare compaction 0.342ms
[2026-01-04T23:18:26.540-0600][0.210s] GC(9) Phase 3: Adjust pointers
[2026-01-04T23:18:26.541-0600][0.211s] GC(9) Phase 3: Adjust pointers 0.574ms
[2026-01-04T23:18:26.541-0600][0.211s] GC(9) Phase 4: Compact heap
[2026-01-04T23:18:26.541-0600][0.211s] GC(9) Phase 4: Compact heap 0.342ms
[2026-01-04T23:18:26.541-0600][0.211s] GC(9) Phase 5: Reset Metadata
[2026-01-04T23:18:26.541-0600][0.211s] GC(9) Phase 5: Reset Metadata 0.086ms
[2026-01-04T23:18:26.542-0600][0.211s] GC(9) Eden regions: 0->0(1)
[2026-01-04T23:18:26.542-0600][0.211s] GC(9) Survivor regions: 0->0(0)
[2026-01-04T23:18:26.542-0600][0.211s] GC(9) Old regions: 2->2
[2026-01-04T23:18:26.542-0600][0.211s] GC(9) Humongous regions: 254->254
[2026-01-04T23:18:26.542-0600][0.211s] GC(9) Metaspace: 437K(640K)->437K(640K) NonClass: 420K(512K)->420K(512K) Class: 17K(128K)->17K(128K)
[2026-01-04T23:18:26.542-0600][0.211s] GC(9) Pause Full (G1 Compaction Pause) 255M->255M(256M) 2.674ms
[2026-01-04T23:18:26.542-0600][0.211s] GC(9) User=0.00s Sys=0.00s Real=0.00s
[2026-01-04T23:18:26.542-0600][0.211s] GC(7) Concurrent Mark From Roots 5.249ms
[2026-01-04T23:18:26.542-0600][0.212s] GC(10) Pause Young (Normal) (G1 Evacuation Pause)
[2026-01-04T23:18:26.542-0600][0.212s] GC(10) Using 6 workers of 13 for evacuation
[2026-01-04T23:18:26.542-0600][0.212s] GC(10)   Pre Evacuate Collection Set: 0.06ms
[2026-01-04T23:18:26.542-0600][0.212s] GC(10)   Merge Heap Roots: 0.03ms
[2026-01-04T23:18:26.542-0600][0.212s] GC(10)   Evacuate Collection Set: 0.04ms
[2026-01-04T23:18:26.542-0600][0.212s] GC(10)   Post Evacuate Collection Set: 0.08ms
[2026-01-04T23:18:26.542-0600][0.212s] GC(10)   Other: 0.05ms
[2026-01-04T23:18:26.542-0600][0.212s] GC(10) Eden regions: 0->0(1)
[2026-01-04T23:18:26.542-0600][0.212s] GC(10) Survivor regions: 0->0(0)
[2026-01-04T23:18:26.542-0600][0.212s] GC(10) Old regions: 2->2
[2026-01-04T23:18:26.542-0600][0.212s] GC(10) Humongous regions: 254->254
[2026-01-04T23:18:26.542-0600][0.212s] GC(10) Metaspace: 437K(640K)->437K(640K) NonClass: 420K(512K)->420K(512K) Class: 17K(128K)->17K(128K)
[2026-01-04T23:18:26.542-0600][0.212s] GC(10) Pause Young (Normal) (G1 Evacuation Pause) 255M->255M(256M) 0.475ms
[2026-01-04T23:18:26.542-0600][0.212s] GC(10) User=0.00s Sys=0.00s Real=0.00s
[2026-01-04T23:18:26.542-0600][0.212s] Attempting full compaction
[2026-01-04T23:18:26.542-0600][0.212s] GC(11) Pause Full (G1 Compaction Pause)
[2026-01-04T23:18:26.542-0600][0.212s] GC(11) Using 6 workers of 13 for full compaction
[2026-01-04T23:18:26.543-0600][0.212s] GC(11) Phase 1: Mark live objects
[2026-01-04T23:18:26.543-0600][0.213s] GC(11) Phase 1: Mark live objects 0.687ms
[2026-01-04T23:18:26.543-0600][0.213s] GC(11) Phase 2: Prepare compaction
[2026-01-04T23:18:26.543-0600][0.213s] GC(11) Phase 2: Prepare compaction 0.095ms
[2026-01-04T23:18:26.543-0600][0.213s] GC(11) Phase 3: Adjust pointers
[2026-01-04T23:18:26.544-0600][0.214s] GC(11) Phase 3: Adjust pointers 0.672ms
[2026-01-04T23:18:26.544-0600][0.214s] GC(11) Phase 4: Compact heap
[2026-01-04T23:18:26.545-0600][0.214s] GC(11) Phase 4: Compact heap 0.419ms
[2026-01-04T23:18:26.545-0600][0.214s] GC(11) Phase 5: Reset Metadata
[2026-01-04T23:18:26.545-0600][0.214s] GC(11) Phase 5: Reset Metadata 0.161ms
[2026-01-04T23:18:26.545-0600][0.215s] GC(11) Eden regions: 0->0(1)
[2026-01-04T23:18:26.545-0600][0.215s] GC(11) Survivor regions: 0->0(0)
[2026-01-04T23:18:26.545-0600][0.215s] GC(11) Old regions: 2->2
[2026-01-04T23:18:26.545-0600][0.215s] GC(11) Humongous regions: 254->254
[2026-01-04T23:18:26.545-0600][0.215s] GC(11) Metaspace: 437K(640K)->437K(640K) NonClass: 420K(512K)->420K(512K) Class: 17K(128K)->17K(128K)
[2026-01-04T23:18:26.545-0600][0.215s] GC(11) Pause Full (G1 Compaction Pause) 255M->255M(256M) 2.664ms
[2026-01-04T23:18:26.545-0600][0.215s] GC(11) User=0.00s Sys=0.00s Real=0.00s
[2026-01-04T23:18:26.545-0600][0.215s] Attempting maximal full compaction clearing soft references
[2026-01-04T23:18:26.545-0600][0.215s] GC(12) Pause Full (G1 Compaction Pause)
[2026-01-04T23:18:26.545-0600][0.215s] GC(12) Using 6 workers of 13 for full compaction
[2026-01-04T23:18:26.545-0600][0.215s] GC(12) Phase 1: Mark live objects
[2026-01-04T23:18:26.546-0600][0.216s] GC(12) Phase 1: Mark live objects 0.659ms
[2026-01-04T23:18:26.546-0600][0.216s] GC(12) Phase 2: Prepare compaction
[2026-01-04T23:18:26.546-0600][0.216s] GC(12) Phase 2: Prepare compaction 0.303ms
[2026-01-04T23:18:26.546-0600][0.216s] GC(12) Phase 3: Adjust pointers
[2026-01-04T23:18:26.547-0600][0.217s] GC(12) Phase 3: Adjust pointers 0.631ms
[2026-01-04T23:18:26.547-0600][0.217s] GC(12) Phase 4: Compact heap
[2026-01-04T23:18:26.547-0600][0.217s] GC(12) Phase 4: Compact heap 0.246ms
[2026-01-04T23:18:26.547-0600][0.217s] GC(12) Phase 5: Reset Metadata
[2026-01-04T23:18:26.547-0600][0.217s] GC(12) Phase 5: Reset Metadata 0.057ms
[2026-01-04T23:18:26.547-0600][0.217s] GC(12) Eden regions: 0->0(1)
[2026-01-04T23:18:26.547-0600][0.217s] GC(12) Survivor regions: 0->0(0)
[2026-01-04T23:18:26.547-0600][0.217s] GC(12) Old regions: 2->2
[2026-01-04T23:18:26.547-0600][0.217s] GC(12) Humongous regions: 254->254
[2026-01-04T23:18:26.547-0600][0.217s] GC(12) Metaspace: 437K(640K)->437K(640K) NonClass: 420K(512K)->420K(512K) Class: 17K(128K)->17K(128K)
[2026-01-04T23:18:26.547-0600][0.217s] GC(12) Pause Full (G1 Compaction Pause) 255M->255M(256M) 2.499ms
[2026-01-04T23:18:26.547-0600][0.217s] GC(12) User=0.00s Sys=0.00s Real=0.00s
[2026-01-04T23:18:26.547-0600][0.217s] GC(7) Concurrent Mark Abort
[2026-01-04T23:18:26.547-0600][0.217s] GC(7) Concurrent Mark Cycle 11.227ms
[2026-01-04T23:18:26.547-0600][0.217s] GC(13) Pause Young (Concurrent Start) (G1 Humongous Allocation)
[2026-01-04T23:18:26.547-0600][0.217s] GC(13) Using 6 workers of 13 for evacuation
[2026-01-04T23:18:26.547-0600][0.218s] GC(13)   Pre Evacuate Collection Set: 0.09ms
[2026-01-04T23:18:26.547-0600][0.218s] GC(13)   Merge Heap Roots: 0.02ms
[2026-01-04T23:18:26.547-0600][0.218s] GC(13)   Evacuate Collection Set: 0.08ms
[2026-01-04T23:18:26.547-0600][0.218s] GC(13)   Post Evacuate Collection Set: 0.10ms
[2026-01-04T23:18:26.547-0600][0.218s] GC(13)   Other: 0.04ms
[2026-01-04T23:18:26.547-0600][0.218s] GC(13) Eden regions: 0->0(1)
[2026-01-04T23:18:26.547-0600][0.218s] GC(13) Survivor regions: 0->0(0)
[2026-01-04T23:18:26.547-0600][0.218s] GC(13) Old regions: 2->2
[2026-01-04T23:18:26.547-0600][0.218s] GC(13) Humongous regions: 254->254
[2026-01-04T23:18:26.547-0600][0.218s] GC(13) Metaspace: 437K(640K)->437K(640K) NonClass: 420K(512K)->420K(512K) Class: 17K(128K)->17K(128K)
[2026-01-04T23:18:26.547-0600][0.218s] GC(13) Pause Young (Concurrent Start) (G1 Humongous Allocation) 255M->255M(256M) 0.507ms
[2026-01-04T23:18:26.547-0600][0.218s] GC(13) User=0.00s Sys=0.00s Real=0.00s
[2026-01-04T23:18:26.547-0600][0.218s] GC(14) Concurrent Mark Cycle
[2026-01-04T23:18:26.547-0600][0.218s] GC(14) Concurrent Scan Root Regions
[2026-01-04T23:18:26.547-0600][0.218s] GC(15) Pause Young (Normal) (G1 Humongous Allocation)
[2026-01-04T23:18:26.547-0600][0.218s] GC(14) Concurrent Scan Root Regions 0.017ms
[2026-01-04T23:18:26.547-0600][0.218s] GC(15) Using 6 workers of 13 for evacuation
[2026-01-04T23:18:26.547-0600][0.218s] GC(14) Concurrent Mark
[2026-01-04T23:18:26.547-0600][0.218s] GC(14) Concurrent Mark From Roots
[2026-01-04T23:18:26.547-0600][0.218s] GC(14) Using 3 workers of 3 for marking
[2026-01-04T23:18:26.549-0600][0.218s] GC(15)   Pre Evacuate Collection Set: 0.09ms
[2026-01-04T23:18:26.549-0600][0.218s] GC(15)   Merge Heap Roots: 0.02ms
[2026-01-04T23:18:26.549-0600][0.218s] GC(15)   Evacuate Collection Set: 0.03ms
[2026-01-04T23:18:26.549-0600][0.218s] GC(15)   Post Evacuate Collection Set: 0.08ms
[2026-01-04T23:18:26.549-0600][0.218s] GC(15)   Other: 0.05ms
[2026-01-04T23:18:26.549-0600][0.218s] GC(15) Eden regions: 0->0(1)
[2026-01-04T23:18:26.549-0600][0.218s] GC(15) Survivor regions: 0->0(0)
[2026-01-04T23:18:26.549-0600][0.218s] GC(15) Old regions: 2->2
[2026-01-04T23:18:26.549-0600][0.218s] GC(15) Humongous regions: 254->254
[2026-01-04T23:18:26.549-0600][0.218s] GC(15) Metaspace: 437K(640K)->437K(640K) NonClass: 420K(512K)->420K(512K) Class: 17K(128K)->17K(128K)
[2026-01-04T23:18:26.549-0600][0.218s] GC(15) Pause Young (Normal) (G1 Humongous Allocation) 255M->255M(256M) 0.469ms
[2026-01-04T23:18:26.549-0600][0.218s] GC(15) User=0.00s Sys=0.00s Real=0.00s
[2026-01-04T23:18:26.549-0600][0.218s] Attempting full compaction
[2026-01-04T23:18:26.549-0600][0.218s] GC(16) Pause Full (G1 Compaction Pause)
[2026-01-04T23:18:26.549-0600][0.218s] GC(16) Using 6 workers of 13 for full compaction
[2026-01-04T23:18:26.549-0600][0.219s] GC(16) Phase 1: Mark live objects
[2026-01-04T23:18:26.550-0600][0.219s] GC(16) Phase 1: Mark live objects 0.577ms
[2026-01-04T23:18:26.550-0600][0.219s] GC(16) Phase 2: Prepare compaction
[2026-01-04T23:18:26.550-0600][0.219s] GC(16) Phase 2: Prepare compaction 0.096ms
[2026-01-04T23:18:26.550-0600][0.219s] GC(16) Phase 3: Adjust pointers
[2026-01-04T23:18:26.550-0600][0.220s] GC(16) Phase 3: Adjust pointers 0.480ms
[2026-01-04T23:18:26.550-0600][0.220s] GC(16) Phase 4: Compact heap
[2026-01-04T23:18:26.550-0600][0.220s] GC(16) Phase 4: Compact heap 0.083ms
[2026-01-04T23:18:26.550-0600][0.220s] GC(16) Phase 5: Reset Metadata
[2026-01-04T23:18:26.551-0600][0.220s] GC(16) Phase 5: Reset Metadata 0.193ms
[2026-01-04T23:18:26.551-0600][0.220s] GC(16) Eden regions: 0->0(1)
[2026-01-04T23:18:26.551-0600][0.220s] GC(16) Survivor regions: 0->0(0)
[2026-01-04T23:18:26.551-0600][0.220s] GC(16) Old regions: 2->2
[2026-01-04T23:18:26.551-0600][0.220s] GC(16) Humongous regions: 254->254
[2026-01-04T23:18:26.551-0600][0.220s] GC(16) Metaspace: 437K(640K)->437K(640K) NonClass: 420K(512K)->420K(512K) Class: 17K(128K)->17K(128K)
[2026-01-04T23:18:26.551-0600][0.220s] GC(16) Pause Full (G1 Compaction Pause) 255M->255M(256M) 2.036ms
[2026-01-04T23:18:26.551-0600][0.220s] GC(16) User=0.00s Sys=0.00s Real=0.00s
[2026-01-04T23:18:26.551-0600][0.220s] Attempting maximal full compaction clearing soft references
[2026-01-04T23:18:26.551-0600][0.220s] GC(17) Pause Full (G1 Compaction Pause)
[2026-01-04T23:18:26.551-0600][0.220s] GC(17) Using 6 workers of 13 for full compaction
[2026-01-04T23:18:26.551-0600][0.221s] GC(17) Phase 1: Mark live objects
[2026-01-04T23:18:26.552-0600][0.221s] GC(17) Phase 1: Mark live objects 0.521ms
[2026-01-04T23:18:26.552-0600][0.221s] GC(17) Phase 2: Prepare compaction
[2026-01-04T23:18:26.552-0600][0.221s] GC(17) Phase 2: Prepare compaction 0.314ms
[2026-01-04T23:18:26.552-0600][0.222s] GC(17) Phase 3: Adjust pointers
[2026-01-04T23:18:26.553-0600][0.222s] GC(17) Phase 3: Adjust pointers 0.693ms
[2026-01-04T23:18:26.553-0600][0.222s] GC(17) Phase 4: Compact heap
[2026-01-04T23:18:26.553-0600][0.223s] GC(17) Phase 4: Compact heap 0.580ms
[2026-01-04T23:18:26.553-0600][0.223s] GC(17) Phase 5: Reset Metadata
[2026-01-04T23:18:26.553-0600][0.223s] GC(17) Phase 5: Reset Metadata 0.054ms
[2026-01-04T23:18:26.554-0600][0.223s] GC(17) Eden regions: 0->0(1)
[2026-01-04T23:18:26.554-0600][0.223s] GC(17) Survivor regions: 0->0(0)
[2026-01-04T23:18:26.554-0600][0.223s] GC(17) Old regions: 2->2
[2026-01-04T23:18:26.554-0600][0.223s] GC(17) Humongous regions: 254->254
[2026-01-04T23:18:26.554-0600][0.223s] GC(17) Metaspace: 437K(640K)->437K(640K) NonClass: 420K(512K)->420K(512K) Class: 17K(128K)->17K(128K)
[2026-01-04T23:18:26.554-0600][0.223s] GC(17) Pause Full (G1 Compaction Pause) 255M->255M(256M) 2.752ms
[2026-01-04T23:18:26.554-0600][0.223s] GC(17) User=0.00s Sys=0.02s Real=0.00s
[2026-01-04T23:18:26.554-0600][0.223s] GC(14) Concurrent Mark From Roots 5.329ms
[2026-01-04T23:18:26.554-0600][0.223s] GC(14) Concurrent Mark Abort
[2026-01-04T23:18:26.554-0600][0.223s] GC(14) Concurrent Mark Cycle 5.503ms
[2026-01-04T23:18:26.554-0600][0.223s] GC(18) Pause Young (Normal) (G1 Humongous Allocation)
[2026-01-04T23:18:26.554-0600][0.223s] GC(18) Using 6 workers of 13 for evacuation
[2026-01-04T23:18:26.554-0600][0.224s] GC(18)   Pre Evacuate Collection Set: 0.05ms
[2026-01-04T23:18:26.554-0600][0.224s] GC(18)   Merge Heap Roots: 0.02ms
[2026-01-04T23:18:26.554-0600][0.224s] GC(18)   Evacuate Collection Set: 0.03ms
[2026-01-04T23:18:26.554-0600][0.224s] GC(18)   Post Evacuate Collection Set: 0.08ms
[2026-01-04T23:18:26.554-0600][0.224s] GC(18)   Other: 0.04ms
[2026-01-04T23:18:26.554-0600][0.224s] GC(18) Eden regions: 0->0(1)
[2026-01-04T23:18:26.554-0600][0.224s] GC(18) Survivor regions: 0->0(0)
[2026-01-04T23:18:26.554-0600][0.224s] GC(18) Old regions: 2->2
[2026-01-04T23:18:26.554-0600][0.224s] GC(18) Humongous regions: 254->254
[2026-01-04T23:18:26.554-0600][0.224s] GC(18) Metaspace: 437K(640K)->437K(640K) NonClass: 420K(512K)->420K(512K) Class: 17K(128K)->17K(128K)
[2026-01-04T23:18:26.554-0600][0.224s] GC(18) Pause Young (Normal) (G1 Humongous Allocation) 255M->255M(256M) 0.415ms
[2026-01-04T23:18:26.554-0600][0.224s] GC(18) User=0.00s Sys=0.00s Real=0.00s
[2026-01-04T23:18:26.554-0600][0.224s] Attempting full compaction
[2026-01-04T23:18:26.554-0600][0.224s] GC(19) Pause Full (G1 Compaction Pause)
[2026-01-04T23:18:26.554-0600][0.224s] GC(19) Using 6 workers of 13 for full compaction
[2026-01-04T23:18:26.554-0600][0.224s] GC(19) Phase 1: Mark live objects
[2026-01-04T23:18:26.554-0600][0.224s] GC(19) Phase 1: Mark live objects 0.529ms
[2026-01-04T23:18:26.554-0600][0.224s] GC(19) Phase 2: Prepare compaction
[2026-01-04T23:18:26.555-0600][0.225s] GC(19) Phase 2: Prepare compaction 0.138ms
[2026-01-04T23:18:26.555-0600][0.225s] GC(19) Phase 3: Adjust pointers
[2026-01-04T23:18:26.555-0600][0.225s] GC(19) Phase 3: Adjust pointers 0.496ms
[2026-01-04T23:18:26.555-0600][0.225s] GC(19) Phase 4: Compact heap
[2026-01-04T23:18:26.555-0600][0.225s] GC(19) Phase 4: Compact heap 0.082ms
[2026-01-04T23:18:26.555-0600][0.225s] GC(19) Phase 5: Reset Metadata
[2026-01-04T23:18:26.555-0600][0.225s] GC(19) Phase 5: Reset Metadata 0.201ms
[2026-01-04T23:18:26.556-0600][0.226s] GC(19) Eden regions: 0->0(1)
[2026-01-04T23:18:26.556-0600][0.226s] GC(19) Survivor regions: 0->0(0)
[2026-01-04T23:18:26.556-0600][0.226s] GC(19) Old regions: 2->2
[2026-01-04T23:18:26.556-0600][0.226s] GC(19) Humongous regions: 254->254
[2026-01-04T23:18:26.556-0600][0.226s] GC(19) Metaspace: 437K(640K)->437K(640K) NonClass: 420K(512K)->420K(512K) Class: 17K(128K)->17K(128K)
[2026-01-04T23:18:26.556-0600][0.226s] GC(19) Pause Full (G1 Compaction Pause) 255M->255M(256M) 2.018ms
[2026-01-04T23:18:26.556-0600][0.226s] GC(19) User=0.00s Sys=0.00s Real=0.00s
[2026-01-04T23:18:26.556-0600][0.226s] Attempting maximal full compaction clearing soft references
[2026-01-04T23:18:26.556-0600][0.226s] GC(20) Pause Full (G1 Compaction Pause)
[2026-01-04T23:18:26.556-0600][0.226s] GC(20) Using 6 workers of 13 for full compaction
[2026-01-04T23:18:26.556-0600][0.226s] GC(20) Phase 1: Mark live objects
[2026-01-04T23:18:26.556-0600][0.227s] GC(20) Phase 1: Mark live objects 0.750ms
[2026-01-04T23:18:26.556-0600][0.227s] GC(20) Phase 2: Prepare compaction
[2026-01-04T23:18:26.558-0600][0.227s] GC(20) Phase 2: Prepare compaction 0.483ms
[2026-01-04T23:18:26.558-0600][0.227s] GC(20) Phase 3: Adjust pointers
[2026-01-04T23:18:26.558-0600][0.228s] GC(20) Phase 3: Adjust pointers 0.465ms
[2026-01-04T23:18:26.558-0600][0.228s] GC(20) Phase 4: Compact heap
[2026-01-04T23:18:26.558-0600][0.228s] GC(20) Phase 4: Compact heap 0.472ms
[2026-01-04T23:18:26.558-0600][0.228s] GC(20) Phase 5: Reset Metadata
[2026-01-04T23:18:26.558-0600][0.228s] GC(20) Phase 5: Reset Metadata 0.069ms
[2026-01-04T23:18:26.558-0600][0.229s] GC(20) Eden regions: 0->0(1)
[2026-01-04T23:18:26.558-0600][0.229s] GC(20) Survivor regions: 0->0(0)
[2026-01-04T23:18:26.558-0600][0.229s] GC(20) Old regions: 2->2
[2026-01-04T23:18:26.558-0600][0.229s] GC(20) Humongous regions: 254->254
[2026-01-04T23:18:26.559-0600][0.229s] GC(20) Metaspace: 437K(640K)->437K(640K) NonClass: 420K(512K)->420K(512K) Class: 17K(128K)->17K(128K)
[2026-01-04T23:18:26.559-0600][0.229s] GC(20) Pause Full (G1 Compaction Pause) 255M->255M(256M) 2.845ms
[2026-01-04T23:18:26.559-0600][0.229s] GC(20) User=0.00s Sys=0.00s Real=0.00s
[2026-01-04T23:18:26.559-0600][0.229s] GC(21) Pause Young (Concurrent Start) (G1 Humongous Allocation)
[2026-01-04T23:18:26.559-0600][0.229s] GC(21) Using 6 workers of 13 for evacuation
[2026-01-04T23:18:26.559-0600][0.229s] GC(21)   Pre Evacuate Collection Set: 0.12ms
[2026-01-04T23:18:26.559-0600][0.229s] GC(21)   Merge Heap Roots: 0.03ms
[2026-01-04T23:18:26.559-0600][0.229s] GC(21)   Evacuate Collection Set: 0.09ms
[2026-01-04T23:18:26.559-0600][0.229s] GC(21)   Post Evacuate Collection Set: 0.11ms
[2026-01-04T23:18:26.559-0600][0.229s] GC(21)   Other: 0.05ms
[2026-01-04T23:18:26.559-0600][0.229s] GC(21) Eden regions: 0->0(1)
[2026-01-04T23:18:26.559-0600][0.229s] GC(21) Survivor regions: 0->0(0)
[2026-01-04T23:18:26.559-0600][0.229s] GC(21) Old regions: 2->2
[2026-01-04T23:18:26.559-0600][0.229s] GC(21) Humongous regions: 254->254
[2026-01-04T23:18:26.559-0600][0.229s] GC(21) Metaspace: 437K(640K)->437K(640K) NonClass: 420K(512K)->420K(512K) Class: 17K(128K)->17K(128K)
[2026-01-04T23:18:26.559-0600][0.229s] GC(21) Pause Young (Concurrent Start) (G1 Humongous Allocation) 255M->255M(256M) 0.566ms
[2026-01-04T23:18:26.559-0600][0.229s] GC(21) User=0.00s Sys=0.00s Real=0.00s
[2026-01-04T23:18:26.559-0600][0.229s] GC(22) Concurrent Mark Cycle
[2026-01-04T23:18:26.559-0600][0.229s] GC(22) Concurrent Scan Root Regions
[2026-01-04T23:18:26.559-0600][0.229s] GC(23) Pause Young (Normal) (G1 Humongous Allocation)
[2026-01-04T23:18:26.559-0600][0.229s] GC(22) Concurrent Scan Root Regions 0.019ms
[2026-01-04T23:18:26.559-0600][0.229s] GC(23) Using 6 workers of 13 for evacuation
[2026-01-04T23:18:26.559-0600][0.229s] GC(22) Concurrent Mark
[2026-01-04T23:18:26.559-0600][0.230s] GC(22) Concurrent Mark From Roots
[2026-01-04T23:18:26.559-0600][0.230s] GC(22) Using 3 workers of 3 for marking
[2026-01-04T23:18:26.559-0600][0.230s] GC(23)   Pre Evacuate Collection Set: 0.05ms
[2026-01-04T23:18:26.561-0600][0.230s] GC(23)   Merge Heap Roots: 0.02ms
[2026-01-04T23:18:26.561-0600][0.230s] GC(23)   Evacuate Collection Set: 0.04ms
[2026-01-04T23:18:26.561-0600][0.230s] GC(23)   Post Evacuate Collection Set: 0.10ms
[2026-01-04T23:18:26.561-0600][0.230s] GC(23)   Other: 0.04ms
[2026-01-04T23:18:26.561-0600][0.230s] GC(23) Eden regions: 0->0(1)
[2026-01-04T23:18:26.561-0600][0.230s] GC(23) Survivor regions: 0->0(0)
[2026-01-04T23:18:26.561-0600][0.230s] GC(23) Old regions: 2->2
[2026-01-04T23:18:26.561-0600][0.230s] GC(23) Humongous regions: 254->254
[2026-01-04T23:18:26.561-0600][0.230s] GC(23) Metaspace: 437K(640K)->437K(640K) NonClass: 420K(512K)->420K(512K) Class: 17K(128K)->17K(128K)
[2026-01-04T23:18:26.561-0600][0.230s] GC(23) Pause Young (Normal) (G1 Humongous Allocation) 255M->255M(256M) 0.427ms
[2026-01-04T23:18:26.561-0600][0.230s] GC(23) User=0.00s Sys=0.00s Real=0.00s
[2026-01-04T23:18:26.561-0600][0.230s] Attempting full compaction
[2026-01-04T23:18:26.561-0600][0.230s] GC(24) Pause Full (G1 Compaction Pause)
[2026-01-04T23:18:26.561-0600][0.230s] GC(24) Using 6 workers of 13 for full compaction
[2026-01-04T23:18:26.561-0600][0.230s] GC(24) Phase 1: Mark live objects
[2026-01-04T23:18:26.562-0600][0.231s] GC(24) Phase 1: Mark live objects 0.764ms
[2026-01-04T23:18:26.562-0600][0.231s] GC(24) Phase 2: Prepare compaction
[2026-01-04T23:18:26.562-0600][0.231s] GC(24) Phase 2: Prepare compaction 0.131ms
[2026-01-04T23:18:26.562-0600][0.231s] GC(24) Phase 3: Adjust pointers
[2026-01-04T23:18:26.562-0600][0.232s] GC(24) Phase 3: Adjust pointers 0.524ms
[2026-01-04T23:18:26.562-0600][0.232s] GC(24) Phase 4: Compact heap
[2026-01-04T23:18:26.562-0600][0.232s] GC(24) Phase 4: Compact heap 0.101ms
[2026-01-04T23:18:26.562-0600][0.232s] GC(24) Phase 5: Reset Metadata
[2026-01-04T23:18:26.563-0600][0.232s] GC(24) Phase 5: Reset Metadata 0.233ms
[2026-01-04T23:18:26.563-0600][0.232s] GC(24) Eden regions: 0->0(1)
[2026-01-04T23:18:26.563-0600][0.232s] GC(24) Survivor regions: 0->0(0)
[2026-01-04T23:18:26.563-0600][0.232s] GC(24) Old regions: 2->2
[2026-01-04T23:18:26.563-0600][0.232s] GC(24) Humongous regions: 254->254
[2026-01-04T23:18:26.563-0600][0.232s] GC(24) Metaspace: 437K(640K)->437K(640K) NonClass: 420K(512K)->420K(512K) Class: 17K(128K)->17K(128K)
[2026-01-04T23:18:26.563-0600][0.233s] GC(24) Pause Full (G1 Compaction Pause) 255M->255M(256M) 2.588ms
[2026-01-04T23:18:26.563-0600][0.233s] GC(24) User=0.00s Sys=0.00s Real=0.00s
[2026-01-04T23:18:26.563-0600][0.233s] Attempting maximal full compaction clearing soft references
[2026-01-04T23:18:26.563-0600][0.233s] GC(25) Pause Full (G1 Compaction Pause)
[2026-01-04T23:18:26.563-0600][0.233s] GC(25) Using 6 workers of 13 for full compaction
[2026-01-04T23:18:26.563-0600][0.233s] GC(25) Phase 1: Mark live objects
[2026-01-04T23:18:26.564-0600][0.233s] GC(25) Phase 1: Mark live objects 0.677ms
[2026-01-04T23:18:26.564-0600][0.233s] GC(25) Phase 2: Prepare compaction
[2026-01-04T23:18:26.564-0600][0.234s] GC(25) Phase 2: Prepare compaction 0.416ms
[2026-01-04T23:18:26.564-0600][0.234s] GC(25) Phase 3: Adjust pointers
[2026-01-04T23:18:26.565-0600][0.235s] GC(25) Phase 3: Adjust pointers 0.669ms
[2026-01-04T23:18:26.565-0600][0.235s] GC(25) Phase 4: Compact heap
[2026-01-04T23:18:26.566-0600][0.235s] GC(25) Phase 4: Compact heap 0.507ms
[2026-01-04T23:18:26.566-0600][0.235s] GC(25) Phase 5: Reset Metadata
[2026-01-04T23:18:26.566-0600][0.235s] GC(25) Phase 5: Reset Metadata 0.073ms
[2026-01-04T23:18:26.566-0600][0.236s] GC(25) Eden regions: 0->0(1)
[2026-01-04T23:18:26.566-0600][0.236s] GC(25) Survivor regions: 0->0(0)
[2026-01-04T23:18:26.566-0600][0.236s] GC(25) Old regions: 2->2
[2026-01-04T23:18:26.566-0600][0.236s] GC(25) Humongous regions: 254->254
[2026-01-04T23:18:26.566-0600][0.236s] GC(25) Metaspace: 437K(640K)->437K(640K) NonClass: 420K(512K)->420K(512K) Class: 17K(128K)->17K(128K)
[2026-01-04T23:18:26.566-0600][0.236s] GC(25) Pause Full (G1 Compaction Pause) 255M->255M(256M) 3.122ms
[2026-01-04T23:18:26.566-0600][0.236s] GC(25) User=0.00s Sys=0.00s Real=0.00s
[2026-01-04T23:18:26.567-0600][0.236s] GC(22) Concurrent Mark From Roots 6.233ms
[2026-01-04T23:18:26.567-0600][0.236s] GC(22) Concurrent Mark Abort
[2026-01-04T23:18:26.567-0600][0.236s] GC(22) Concurrent Mark Cycle 6.413ms
[2026-01-04T23:18:26.567-0600][0.236s] GC(26) Pause Young (Normal) (G1 Humongous Allocation)
[2026-01-04T23:18:26.567-0600][0.236s] GC(26) Using 6 workers of 13 for evacuation
[2026-01-04T23:18:26.567-0600][0.236s] GC(26)   Pre Evacuate Collection Set: 0.07ms
[2026-01-04T23:18:26.567-0600][0.236s] GC(26)   Merge Heap Roots: 0.02ms
[2026-01-04T23:18:26.567-0600][0.236s] GC(26)   Evacuate Collection Set: 0.04ms
[2026-01-04T23:18:26.567-0600][0.236s] GC(26)   Post Evacuate Collection Set: 0.10ms
[2026-01-04T23:18:26.567-0600][0.236s] GC(26)   Other: 0.05ms
[2026-01-04T23:18:26.567-0600][0.236s] GC(26) Eden regions: 0->0(1)
[2026-01-04T23:18:26.567-0600][0.236s] GC(26) Survivor regions: 0->0(0)
[2026-01-04T23:18:26.567-0600][0.236s] GC(26) Old regions: 2->2
[2026-01-04T23:18:26.567-0600][0.236s] GC(26) Humongous regions: 254->254
[2026-01-04T23:18:26.567-0600][0.236s] GC(26) Metaspace: 437K(640K)->437K(640K) NonClass: 420K(512K)->420K(512K) Class: 17K(128K)->17K(128K)
[2026-01-04T23:18:26.567-0600][0.236s] GC(26) Pause Young (Normal) (G1 Humongous Allocation) 255M->255M(256M) 0.490ms
[2026-01-04T23:18:26.567-0600][0.236s] GC(26) User=0.00s Sys=0.00s Real=0.00s
[2026-01-04T23:18:26.567-0600][0.236s] Attempting full compaction
[2026-01-04T23:18:26.567-0600][0.236s] GC(27) Pause Full (G1 Compaction Pause)
[2026-01-04T23:18:26.567-0600][0.236s] GC(27) Using 6 workers of 13 for full compaction
[2026-01-04T23:18:26.567-0600][0.236s] GC(27) Phase 1: Mark live objects
[2026-01-04T23:18:26.568-0600][0.237s] GC(27) Phase 1: Mark live objects 0.606ms
[2026-01-04T23:18:26.568-0600][0.237s] GC(27) Phase 2: Prepare compaction
[2026-01-04T23:18:26.568-0600][0.237s] GC(27) Phase 2: Prepare compaction 0.138ms
[2026-01-04T23:18:26.568-0600][0.237s] GC(27) Phase 3: Adjust pointers
[2026-01-04T23:18:26.568-0600][0.238s] GC(27) Phase 3: Adjust pointers 0.549ms
[2026-01-04T23:18:26.568-0600][0.238s] GC(27) Phase 4: Compact heap
[2026-01-04T23:18:26.568-0600][0.238s] GC(27) Phase 4: Compact heap 0.102ms
[2026-01-04T23:18:26.568-0600][0.238s] GC(27) Phase 5: Reset Metadata
[2026-01-04T23:18:26.569-0600][0.238s] GC(27) Phase 5: Reset Metadata 0.236ms
[2026-01-04T23:18:26.569-0600][0.239s] GC(27) Eden regions: 0->0(1)
[2026-01-04T23:18:26.569-0600][0.239s] GC(27) Survivor regions: 0->0(0)
[2026-01-04T23:18:26.569-0600][0.239s] GC(27) Old regions: 2->2
[2026-01-04T23:18:26.569-0600][0.239s] GC(27) Humongous regions: 254->254
[2026-01-04T23:18:26.569-0600][0.239s] GC(27) Metaspace: 437K(640K)->437K(640K) NonClass: 420K(512K)->420K(512K) Class: 17K(128K)->17K(128K)
[2026-01-04T23:18:26.569-0600][0.239s] GC(27) Pause Full (G1 Compaction Pause) 255M->255M(256M) 2.240ms
[2026-01-04T23:18:26.569-0600][0.239s] GC(27) User=0.00s Sys=0.02s Real=0.00s
[2026-01-04T23:18:26.569-0600][0.239s] Attempting maximal full compaction clearing soft references
[2026-01-04T23:18:26.569-0600][0.239s] GC(28) Pause Full (G1 Compaction Pause)
[2026-01-04T23:18:26.569-0600][0.239s] GC(28) Using 6 workers of 13 for full compaction
[2026-01-04T23:18:26.569-0600][0.239s] GC(28) Phase 1: Mark live objects
[2026-01-04T23:18:26.570-0600][0.239s] GC(28) Phase 1: Mark live objects 0.518ms
[2026-01-04T23:18:26.570-0600][0.239s] GC(28) Phase 2: Prepare compaction
[2026-01-04T23:18:26.570-0600][0.240s] GC(28) Phase 2: Prepare compaction 0.468ms
[2026-01-04T23:18:26.570-0600][0.240s] GC(28) Phase 3: Adjust pointers
[2026-01-04T23:18:26.571-0600][0.240s] GC(28) Phase 3: Adjust pointers 0.668ms
[2026-01-04T23:18:26.571-0600][0.240s] GC(28) Phase 4: Compact heap
[2026-01-04T23:18:26.571-0600][0.241s] GC(28) Phase 4: Compact heap 0.464ms
[2026-01-04T23:18:26.571-0600][0.241s] GC(28) Phase 5: Reset Metadata
[2026-01-04T23:18:26.572-0600][0.241s] GC(28) Phase 5: Reset Metadata 0.066ms
[2026-01-04T23:18:26.572-0600][0.241s] GC(28) Eden regions: 0->0(1)
[2026-01-04T23:18:26.572-0600][0.241s] GC(28) Survivor regions: 0->0(0)
[2026-01-04T23:18:26.572-0600][0.241s] GC(28) Old regions: 2->2
[2026-01-04T23:18:26.572-0600][0.241s] GC(28) Humongous regions: 254->254
[2026-01-04T23:18:26.572-0600][0.241s] GC(28) Metaspace: 437K(640K)->437K(640K) NonClass: 420K(512K)->420K(512K) Class: 17K(128K)->17K(128K)
[2026-01-04T23:18:26.572-0600][0.241s] GC(28) Pause Full (G1 Compaction Pause) 255M->255M(256M) 2.778ms
[2026-01-04T23:18:26.572-0600][0.241s] GC(28) User=0.00s Sys=0.00s Real=0.00s
[2026-01-04T23:18:26.572-0600][0.242s] GC(29) Pause Young (Concurrent Start) (G1 Humongous Allocation)
[2026-01-04T23:18:26.572-0600][0.242s] GC(29) Using 6 workers of 13 for evacuation
[2026-01-04T23:18:26.572-0600][0.242s] GC(29)   Pre Evacuate Collection Set: 0.12ms
[2026-01-04T23:18:26.572-0600][0.242s] GC(29)   Merge Heap Roots: 0.02ms
[2026-01-04T23:18:26.572-0600][0.242s] GC(29)   Evacuate Collection Set: 0.10ms
[2026-01-04T23:18:26.572-0600][0.242s] GC(29)   Post Evacuate Collection Set: 0.10ms
[2026-01-04T23:18:26.572-0600][0.242s] GC(29)   Other: 0.04ms
[2026-01-04T23:18:26.572-0600][0.242s] GC(29) Eden regions: 0->0(1)
[2026-01-04T23:18:26.572-0600][0.242s] GC(29) Survivor regions: 0->0(0)
[2026-01-04T23:18:26.572-0600][0.242s] GC(29) Old regions: 2->2
[2026-01-04T23:18:26.572-0600][0.242s] GC(29) Humongous regions: 254->254
[2026-01-04T23:18:26.572-0600][0.242s] GC(29) Metaspace: 437K(640K)->437K(640K) NonClass: 420K(512K)->420K(512K) Class: 17K(128K)->17K(128K)
[2026-01-04T23:18:26.572-0600][0.242s] GC(29) Pause Young (Concurrent Start) (G1 Humongous Allocation) 255M->255M(256M) 0.549ms
[2026-01-04T23:18:26.573-0600][0.242s] GC(29) User=0.00s Sys=0.00s Real=0.00s
[2026-01-04T23:18:26.573-0600][0.242s] GC(30) Concurrent Mark Cycle
[2026-01-04T23:18:26.573-0600][0.242s] GC(31) Pause Young (Normal) (G1 Humongous Allocation)
[2026-01-04T23:18:26.573-0600][0.242s] GC(30) Concurrent Scan Root Regions
[2026-01-04T23:18:26.573-0600][0.242s] GC(31) Using 6 workers of 13 for evacuation
[2026-01-04T23:18:26.573-0600][0.242s] GC(30) Concurrent Scan Root Regions 0.053ms
[2026-01-04T23:18:26.573-0600][0.242s] GC(30) Concurrent Mark
[2026-01-04T23:18:26.573-0600][0.242s] GC(30) Concurrent Mark From Roots
[2026-01-04T23:18:26.573-0600][0.242s] GC(30) Using 3 workers of 3 for marking
[2026-01-04T23:18:26.573-0600][0.242s] GC(31)   Pre Evacuate Collection Set: 0.05ms
[2026-01-04T23:18:26.573-0600][0.242s] GC(31)   Merge Heap Roots: 0.02ms
[2026-01-04T23:18:26.573-0600][0.242s] GC(31)   Evacuate Collection Set: 0.03ms
[2026-01-04T23:18:26.573-0600][0.242s] GC(31)   Post Evacuate Collection Set: 0.09ms
[2026-01-04T23:18:26.573-0600][0.242s] GC(31)   Other: 0.06ms
[2026-01-04T23:18:26.573-0600][0.242s] GC(31) Eden regions: 0->0(1)
[2026-01-04T23:18:26.573-0600][0.242s] GC(31) Survivor regions: 0->0(0)
[2026-01-04T23:18:26.573-0600][0.243s] GC(31) Old regions: 2->2
[2026-01-04T23:18:26.573-0600][0.243s] GC(31) Humongous regions: 254->254
[2026-01-04T23:18:26.573-0600][0.243s] GC(31) Metaspace: 437K(640K)->437K(640K) NonClass: 420K(512K)->420K(512K) Class: 17K(128K)->17K(128K)
[2026-01-04T23:18:26.573-0600][0.243s] GC(31) Pause Young (Normal) (G1 Humongous Allocation) 255M->255M(256M) 0.417ms
[2026-01-04T23:18:26.573-0600][0.243s] GC(31) User=0.00s Sys=0.00s Real=0.00s
[2026-01-04T23:18:26.573-0600][0.243s] Attempting full compaction
[2026-01-04T23:18:26.573-0600][0.243s] GC(32) Pause Full (G1 Compaction Pause)
[2026-01-04T23:18:26.573-0600][0.243s] GC(32) Using 6 workers of 13 for full compaction
[2026-01-04T23:18:26.573-0600][0.243s] GC(32) Phase 1: Mark live objects
[2026-01-04T23:18:26.574-0600][0.243s] GC(32) Phase 1: Mark live objects 0.619ms
[2026-01-04T23:18:26.574-0600][0.243s] GC(32) Phase 2: Prepare compaction
[2026-01-04T23:18:26.574-0600][0.244s] GC(32) Phase 2: Prepare compaction 0.125ms
[2026-01-04T23:18:26.574-0600][0.244s] GC(32) Phase 3: Adjust pointers
[2026-01-04T23:18:26.574-0600][0.244s] GC(32) Phase 3: Adjust pointers 0.510ms
[2026-01-04T23:18:26.574-0600][0.244s] GC(32) Phase 4: Compact heap
[2026-01-04T23:18:26.574-0600][0.244s] GC(32) Phase 4: Compact heap 0.106ms
[2026-01-04T23:18:26.574-0600][0.244s] GC(32) Phase 5: Reset Metadata
[2026-01-04T23:18:26.574-0600][0.244s] GC(32) Phase 5: Reset Metadata 0.225ms
[2026-01-04T23:18:26.574-0600][0.245s] GC(32) Eden regions: 0->0(1)
[2026-01-04T23:18:26.574-0600][0.245s] GC(32) Survivor regions: 0->0(0)
[2026-01-04T23:18:26.574-0600][0.245s] GC(32) Old regions: 2->2
[2026-01-04T23:18:26.574-0600][0.245s] GC(32) Humongous regions: 254->254
[2026-01-04T23:18:26.574-0600][0.245s] GC(32) Metaspace: 437K(640K)->437K(640K) NonClass: 420K(512K)->420K(512K) Class: 17K(128K)->17K(128K)
[2026-01-04T23:18:26.574-0600][0.245s] GC(32) Pause Full (G1 Compaction Pause) 255M->255M(256M) 2.300ms
[2026-01-04T23:18:26.574-0600][0.245s] GC(32) User=0.00s Sys=0.00s Real=0.00s
[2026-01-04T23:18:26.574-0600][0.245s] Attempting maximal full compaction clearing soft references
[2026-01-04T23:18:26.574-0600][0.245s] GC(33) Pause Full (G1 Compaction Pause)
[2026-01-04T23:18:26.574-0600][0.245s] GC(33) Using 6 workers of 13 for full compaction
[2026-01-04T23:18:26.576-0600][0.245s] GC(33) Phase 1: Mark live objects
[2026-01-04T23:18:26.576-0600][0.246s] GC(33) Phase 1: Mark live objects 1.118ms
[2026-01-04T23:18:26.577-0600][0.246s] GC(33) Phase 2: Prepare compaction
[2026-01-04T23:18:26.577-0600][0.247s] GC(33) Phase 2: Prepare compaction 0.249ms
[2026-01-04T23:18:26.577-0600][0.247s] GC(33) Phase 3: Adjust pointers
[2026-01-04T23:18:26.577-0600][0.247s] GC(33) Phase 3: Adjust pointers 0.459ms
[2026-01-04T23:18:26.577-0600][0.247s] GC(33) Phase 4: Compact heap
[2026-01-04T23:18:26.577-0600][0.247s] GC(33) Phase 4: Compact heap 0.244ms
[2026-01-04T23:18:26.577-0600][0.247s] GC(33) Phase 5: Reset Metadata
[2026-01-04T23:18:26.577-0600][0.248s] GC(33) Phase 5: Reset Metadata 0.060ms
[2026-01-04T23:18:26.578-0600][0.248s] GC(33) Eden regions: 0->0(1)
[2026-01-04T23:18:26.578-0600][0.248s] GC(33) Survivor regions: 0->0(0)
[2026-01-04T23:18:26.578-0600][0.248s] GC(33) Old regions: 2->2
[2026-01-04T23:18:26.578-0600][0.248s] GC(33) Humongous regions: 254->254
[2026-01-04T23:18:26.578-0600][0.248s] GC(33) Metaspace: 437K(640K)->437K(640K) NonClass: 420K(512K)->420K(512K) Class: 17K(128K)->17K(128K)
[2026-01-04T23:18:26.578-0600][0.248s] GC(33) Pause Full (G1 Compaction Pause) 255M->255M(256M) 3.030ms
[2026-01-04T23:18:26.578-0600][0.248s] GC(33) User=0.00s Sys=0.00s Real=0.00s
[2026-01-04T23:18:26.578-0600][0.248s] GC(30) Concurrent Mark From Roots 5.804ms
[2026-01-04T23:18:26.578-0600][0.248s] GC(30) Concurrent Mark Abort
[2026-01-04T23:18:26.578-0600][0.248s] GC(30) Concurrent Mark Cycle 6.003ms
[2026-01-04T23:18:26.578-0600][0.248s] GC(34) Pause Young (Normal) (G1 Humongous Allocation)
[2026-01-04T23:18:26.578-0600][0.248s] GC(34) Using 6 workers of 13 for evacuation
[2026-01-04T23:18:26.578-0600][0.248s] GC(34)   Pre Evacuate Collection Set: 0.07ms
[2026-01-04T23:18:26.578-0600][0.248s] GC(34)   Merge Heap Roots: 0.02ms
[2026-01-04T23:18:26.578-0600][0.248s] GC(34)   Evacuate Collection Set: 0.04ms
[2026-01-04T23:18:26.578-0600][0.248s] GC(34)   Post Evacuate Collection Set: 0.11ms
[2026-01-04T23:18:26.578-0600][0.248s] GC(34)   Other: 0.05ms
[2026-01-04T23:18:26.578-0600][0.248s] GC(34) Eden regions: 0->0(1)
[2026-01-04T23:18:26.578-0600][0.249s] GC(34) Survivor regions: 0->0(0)
[2026-01-04T23:18:26.578-0600][0.249s] GC(34) Old regions: 2->2
[2026-01-04T23:18:26.578-0600][0.249s] GC(34) Humongous regions: 254->254
[2026-01-04T23:18:26.578-0600][0.249s] GC(34) Metaspace: 437K(640K)->437K(640K) NonClass: 420K(512K)->420K(512K) Class: 17K(128K)->17K(128K)
[2026-01-04T23:18:26.578-0600][0.249s] GC(34) Pause Young (Normal) (G1 Humongous Allocation) 255M->255M(256M) 0.464ms
[2026-01-04T23:18:26.578-0600][0.249s] GC(34) User=0.00s Sys=0.00s Real=0.00s
[2026-01-04T23:18:26.578-0600][0.249s] Attempting full compaction
[2026-01-04T23:18:26.579-0600][0.249s] GC(35) Pause Full (G1 Compaction Pause)
[2026-01-04T23:18:26.579-0600][0.249s] GC(35) Using 6 workers of 13 for full compaction
[2026-01-04T23:18:26.579-0600][0.249s] GC(35) Phase 1: Mark live objects
[2026-01-04T23:18:26.579-0600][0.249s] GC(35) Phase 1: Mark live objects 0.663ms
[2026-01-04T23:18:26.579-0600][0.249s] GC(35) Phase 2: Prepare compaction
[2026-01-04T23:18:26.580-0600][0.250s] GC(35) Phase 2: Prepare compaction 0.338ms
[2026-01-04T23:18:26.580-0600][0.250s] GC(35) Phase 3: Adjust pointers
[2026-01-04T23:18:26.580-0600][0.250s] GC(35) Phase 3: Adjust pointers 0.548ms
[2026-01-04T23:18:26.580-0600][0.250s] GC(35) Phase 4: Compact heap
[2026-01-04T23:18:26.580-0600][0.250s] GC(35) Phase 4: Compact heap 0.085ms
[2026-01-04T23:18:26.580-0600][0.250s] GC(35) Phase 5: Reset Metadata
[2026-01-04T23:18:26.580-0600][0.251s] GC(35) Phase 5: Reset Metadata 0.180ms
[2026-01-04T23:18:26.580-0600][0.251s] GC(35) Eden regions: 0->0(1)
[2026-01-04T23:18:26.580-0600][0.251s] GC(35) Survivor regions: 0->0(0)
[2026-01-04T23:18:26.580-0600][0.251s] GC(35) Old regions: 2->2
[2026-01-04T23:18:26.580-0600][0.251s] GC(35) Humongous regions: 254->254
[2026-01-04T23:18:26.580-0600][0.251s] GC(35) Metaspace: 437K(640K)->437K(640K) NonClass: 420K(512K)->420K(512K) Class: 17K(128K)->17K(128K)
[2026-01-04T23:18:26.580-0600][0.251s] GC(35) Pause Full (G1 Compaction Pause) 255M->255M(256M) 2.461ms
[2026-01-04T23:18:26.580-0600][0.251s] GC(35) User=0.00s Sys=0.00s Real=0.00s
[2026-01-04T23:18:26.580-0600][0.251s] Attempting maximal full compaction clearing soft references
[2026-01-04T23:18:26.580-0600][0.251s] GC(36) Pause Full (G1 Compaction Pause)
[2026-01-04T23:18:26.580-0600][0.251s] GC(36) Using 6 workers of 13 for full compaction
[2026-01-04T23:18:26.580-0600][0.251s] GC(36) Phase 1: Mark live objects
[2026-01-04T23:18:26.582-0600][0.252s] GC(36) Phase 1: Mark live objects 0.578ms
[2026-01-04T23:18:26.582-0600][0.252s] GC(36) Phase 2: Prepare compaction
[2026-01-04T23:18:26.582-0600][0.252s] GC(36) Phase 2: Prepare compaction 0.287ms
[2026-01-04T23:18:26.582-0600][0.252s] GC(36) Phase 3: Adjust pointers
[2026-01-04T23:18:26.583-0600][0.253s] GC(36) Phase 3: Adjust pointers 0.623ms
[2026-01-04T23:18:26.583-0600][0.253s] GC(36) Phase 4: Compact heap
[2026-01-04T23:18:26.583-0600][0.253s] GC(36) Phase 4: Compact heap 0.291ms
[2026-01-04T23:18:26.583-0600][0.253s] GC(36) Phase 5: Reset Metadata
[2026-01-04T23:18:26.583-0600][0.253s] GC(36) Phase 5: Reset Metadata 0.064ms
[2026-01-04T23:18:26.584-0600][0.253s] GC(36) Eden regions: 0->0(1)
[2026-01-04T23:18:26.584-0600][0.254s] GC(36) Survivor regions: 0->0(0)
[2026-01-04T23:18:26.584-0600][0.254s] GC(36) Old regions: 2->2
[2026-01-04T23:18:26.584-0600][0.254s] GC(36) Humongous regions: 254->254
[2026-01-04T23:18:26.584-0600][0.254s] GC(36) Metaspace: 437K(640K)->437K(640K) NonClass: 420K(512K)->420K(512K) Class: 17K(128K)->17K(128K)
[2026-01-04T23:18:26.584-0600][0.254s] GC(36) Pause Full (G1 Compaction Pause) 255M->255M(256M) 2.429ms
[2026-01-04T23:18:26.584-0600][0.254s] GC(36) User=0.02s Sys=0.00s Real=0.00s
[2026-01-04T23:18:26.584-0600][0.254s] GC(37) Pause Young (Concurrent Start) (G1 Humongous Allocation)
[2026-01-04T23:18:26.584-0600][0.254s] GC(37) Using 6 workers of 13 for evacuation
[2026-01-04T23:18:26.584-0600][0.254s] GC(37)   Pre Evacuate Collection Set: 0.10ms
[2026-01-04T23:18:26.584-0600][0.254s] GC(37)   Merge Heap Roots: 0.03ms
[2026-01-04T23:18:26.584-0600][0.254s] GC(37)   Evacuate Collection Set: 0.09ms
[2026-01-04T23:18:26.584-0600][0.254s] GC(37)   Post Evacuate Collection Set: 0.10ms
[2026-01-04T23:18:26.584-0600][0.254s] GC(37)   Other: 0.05ms
[2026-01-04T23:18:26.584-0600][0.254s] GC(37) Eden regions: 0->0(1)
[2026-01-04T23:18:26.584-0600][0.254s] GC(37) Survivor regions: 0->0(0)
[2026-01-04T23:18:26.584-0600][0.254s] GC(37) Old regions: 2->2
[2026-01-04T23:18:26.584-0600][0.254s] GC(37) Humongous regions: 254->254
[2026-01-04T23:18:26.584-0600][0.254s] GC(37) Metaspace: 437K(640K)->437K(640K) NonClass: 420K(512K)->420K(512K) Class: 17K(128K)->17K(128K)
[2026-01-04T23:18:26.584-0600][0.254s] GC(37) Pause Young (Concurrent Start) (G1 Humongous Allocation) 255M->255M(256M) 0.567ms
[2026-01-04T23:18:26.584-0600][0.254s] GC(37) User=0.00s Sys=0.00s Real=0.00s
[2026-01-04T23:18:26.584-0600][0.254s] GC(38) Concurrent Mark Cycle
[2026-01-04T23:18:26.584-0600][0.254s] GC(38) Concurrent Scan Root Regions
[2026-01-04T23:18:26.584-0600][0.254s] GC(39) Pause Young (Normal) (G1 Humongous Allocation)
[2026-01-04T23:18:26.584-0600][0.254s] GC(38) Concurrent Scan Root Regions 0.028ms
[2026-01-04T23:18:26.584-0600][0.254s] GC(38) Concurrent Mark
[2026-01-04T23:18:26.584-0600][0.254s] GC(39) Using 6 workers of 13 for evacuation
[2026-01-04T23:18:26.584-0600][0.254s] GC(38) Concurrent Mark From Roots
[2026-01-04T23:18:26.584-0600][0.254s] GC(38) Using 3 workers of 3 for marking
[2026-01-04T23:18:26.585-0600][0.255s] GC(39)   Pre Evacuate Collection Set: 0.05ms
[2026-01-04T23:18:26.585-0600][0.255s] GC(39)   Merge Heap Roots: 0.02ms
[2026-01-04T23:18:26.585-0600][0.255s] GC(39)   Evacuate Collection Set: 0.03ms
[2026-01-04T23:18:26.585-0600][0.255s] GC(39)   Post Evacuate Collection Set: 0.08ms
[2026-01-04T23:18:26.585-0600][0.255s] GC(39)   Other: 0.05ms
[2026-01-04T23:18:26.585-0600][0.255s] GC(39) Eden regions: 0->0(1)
[2026-01-04T23:18:26.585-0600][0.255s] GC(39) Survivor regions: 0->0(0)
[2026-01-04T23:18:26.585-0600][0.255s] GC(39) Old regions: 2->2
[2026-01-04T23:18:26.585-0600][0.255s] GC(39) Humongous regions: 254->254
[2026-01-04T23:18:26.585-0600][0.255s] GC(39) Metaspace: 437K(640K)->437K(640K) NonClass: 420K(512K)->420K(512K) Class: 17K(128K)->17K(128K)
[2026-01-04T23:18:26.585-0600][0.255s] GC(39) Pause Young (Normal) (G1 Humongous Allocation) 255M->255M(256M) 0.371ms
[2026-01-04T23:18:26.585-0600][0.255s] GC(39) User=0.00s Sys=0.00s Real=0.00s
[2026-01-04T23:18:26.585-0600][0.255s] Attempting full compaction
[2026-01-04T23:18:26.585-0600][0.255s] GC(40) Pause Full (G1 Compaction Pause)
[2026-01-04T23:18:26.585-0600][0.255s] GC(40) Using 6 workers of 13 for full compaction
[2026-01-04T23:18:26.585-0600][0.255s] GC(40) Phase 1: Mark live objects
[2026-01-04T23:18:26.586-0600][0.255s] GC(40) Phase 1: Mark live objects 0.556ms
[2026-01-04T23:18:26.586-0600][0.255s] GC(40) Phase 2: Prepare compaction
[2026-01-04T23:18:26.586-0600][0.256s] GC(40) Phase 2: Prepare compaction 0.108ms
[2026-01-04T23:18:26.586-0600][0.256s] GC(40) Phase 3: Adjust pointers
[2026-01-04T23:18:26.586-0600][0.256s] GC(40) Phase 3: Adjust pointers 0.534ms
[2026-01-04T23:18:26.586-0600][0.256s] GC(40) Phase 4: Compact heap
[2026-01-04T23:18:26.586-0600][0.256s] GC(40) Phase 4: Compact heap 0.102ms
[2026-01-04T23:18:26.586-0600][0.256s] GC(40) Phase 5: Reset Metadata
[2026-01-04T23:18:26.586-0600][0.256s] GC(40) Phase 5: Reset Metadata 0.192ms
[2026-01-04T23:18:26.586-0600][0.257s] GC(40) Eden regions: 0->0(1)
[2026-01-04T23:18:26.586-0600][0.257s] GC(40) Survivor regions: 0->0(0)
[2026-01-04T23:18:26.586-0600][0.257s] GC(40) Old regions: 2->2
[2026-01-04T23:18:26.586-0600][0.257s] GC(40) Humongous regions: 254->254
[2026-01-04T23:18:26.586-0600][0.257s] GC(40) Metaspace: 437K(640K)->437K(640K) NonClass: 420K(512K)->420K(512K) Class: 17K(128K)->17K(128K)
[2026-01-04T23:18:26.586-0600][0.257s] GC(40) Pause Full (G1 Compaction Pause) 255M->255M(256M) 2.180ms
[2026-01-04T23:18:26.586-0600][0.257s] GC(40) User=0.00s Sys=0.00s Real=0.00s
[2026-01-04T23:18:26.586-0600][0.257s] Attempting maximal full compaction clearing soft references
[2026-01-04T23:18:26.586-0600][0.257s] GC(41) Pause Full (G1 Compaction Pause)
[2026-01-04T23:18:26.588-0600][0.257s] GC(41) Using 6 workers of 13 for full compaction
[2026-01-04T23:18:26.588-0600][0.257s] GC(41) Phase 1: Mark live objects
[2026-01-04T23:18:26.588-0600][0.258s] GC(41) Phase 1: Mark live objects 0.526ms
[2026-01-04T23:18:26.588-0600][0.258s] GC(41) Phase 2: Prepare compaction
[2026-01-04T23:18:26.589-0600][0.258s] GC(41) Phase 2: Prepare compaction 0.307ms
[2026-01-04T23:18:26.589-0600][0.258s] GC(41) Phase 3: Adjust pointers
[2026-01-04T23:18:26.589-0600][0.259s] GC(41) Phase 3: Adjust pointers 0.692ms
[2026-01-04T23:18:26.589-0600][0.259s] GC(41) Phase 4: Compact heap
[2026-01-04T23:18:26.589-0600][0.259s] GC(41) Phase 4: Compact heap 0.234ms
[2026-01-04T23:18:26.589-0600][0.259s] GC(41) Phase 5: Reset Metadata
[2026-01-04T23:18:26.589-0600][0.259s] GC(41) Phase 5: Reset Metadata 0.051ms
[2026-01-04T23:18:26.590-0600][0.259s] GC(41) Eden regions: 0->0(1)
[2026-01-04T23:18:26.590-0600][0.259s] GC(41) Survivor regions: 0->0(0)
[2026-01-04T23:18:26.590-0600][0.259s] GC(41) Old regions: 2->2
[2026-01-04T23:18:26.590-0600][0.259s] GC(41) Humongous regions: 254->254
[2026-01-04T23:18:26.590-0600][0.259s] GC(41) Metaspace: 437K(640K)->437K(640K) NonClass: 420K(512K)->420K(512K) Class: 17K(128K)->17K(128K)
[2026-01-04T23:18:26.590-0600][0.259s] GC(41) Pause Full (G1 Compaction Pause) 255M->255M(256M) 2.418ms
[2026-01-04T23:18:26.590-0600][0.259s] GC(41) User=0.00s Sys=0.00s Real=0.00s
[2026-01-04T23:18:26.590-0600][0.259s] GC(38) Concurrent Mark From Roots 5.066ms
[2026-01-04T23:18:26.590-0600][0.259s] GC(42) Pause Young (Normal) (G1 Humongous Allocation)
[2026-01-04T23:18:26.590-0600][0.259s] GC(42) Using 6 workers of 13 for evacuation
[2026-01-04T23:18:26.590-0600][0.260s] GC(42)   Pre Evacuate Collection Set: 0.06ms
[2026-01-04T23:18:26.590-0600][0.260s] GC(42)   Merge Heap Roots: 0.02ms
[2026-01-04T23:18:26.590-0600][0.260s] GC(42)   Evacuate Collection Set: 0.03ms
[2026-01-04T23:18:26.590-0600][0.260s] GC(42)   Post Evacuate Collection Set: 0.08ms
[2026-01-04T23:18:26.590-0600][0.260s] GC(42)   Other: 0.04ms
[2026-01-04T23:18:26.590-0600][0.260s] GC(42) Eden regions: 0->0(1)
[2026-01-04T23:18:26.591-0600][0.260s] GC(42) Survivor regions: 0->0(0)
[2026-01-04T23:18:26.591-0600][0.260s] GC(42) Old regions: 2->2
[2026-01-04T23:18:26.591-0600][0.260s] GC(42) Humongous regions: 254->254
[2026-01-04T23:18:26.591-0600][0.260s] GC(42) Metaspace: 437K(640K)->437K(640K) NonClass: 420K(512K)->420K(512K) Class: 17K(128K)->17K(128K)
[2026-01-04T23:18:26.591-0600][0.260s] GC(42) Pause Young (Normal) (G1 Humongous Allocation) 255M->255M(256M) 0.394ms
[2026-01-04T23:18:26.591-0600][0.260s] GC(42) User=0.00s Sys=0.00s Real=0.00s
[2026-01-04T23:18:26.591-0600][0.260s] Attempting full compaction
[2026-01-04T23:18:26.591-0600][0.260s] GC(43) Pause Full (G1 Compaction Pause)
[2026-01-04T23:18:26.591-0600][0.260s] GC(43) Using 6 workers of 13 for full compaction
[2026-01-04T23:18:26.591-0600][0.260s] GC(43) Phase 1: Mark live objects
[2026-01-04T23:18:26.591-0600][0.261s] GC(43) Phase 1: Mark live objects 0.664ms
[2026-01-04T23:18:26.591-0600][0.261s] GC(43) Phase 2: Prepare compaction
[2026-01-04T23:18:26.591-0600][0.261s] GC(43) Phase 2: Prepare compaction 0.126ms
[2026-01-04T23:18:26.591-0600][0.261s] GC(43) Phase 3: Adjust pointers
[2026-01-04T23:18:26.591-0600][0.261s] GC(43) Phase 3: Adjust pointers 0.538ms
[2026-01-04T23:18:26.591-0600][0.261s] GC(43) Phase 4: Compact heap
[2026-01-04T23:18:26.591-0600][0.262s] GC(43) Phase 4: Compact heap 0.094ms
[2026-01-04T23:18:26.591-0600][0.262s] GC(43) Phase 5: Reset Metadata
[2026-01-04T23:18:26.592-0600][0.262s] GC(43) Phase 5: Reset Metadata 0.219ms
[2026-01-04T23:18:26.592-0600][0.262s] GC(43) Eden regions: 0->0(1)
[2026-01-04T23:18:26.592-0600][0.262s] GC(43) Survivor regions: 0->0(0)
[2026-01-04T23:18:26.592-0600][0.262s] GC(43) Old regions: 2->2
[2026-01-04T23:18:26.592-0600][0.262s] GC(43) Humongous regions: 254->254
[2026-01-04T23:18:26.592-0600][0.262s] GC(43) Metaspace: 437K(640K)->437K(640K) NonClass: 420K(512K)->420K(512K) Class: 17K(128K)->17K(128K)
[2026-01-04T23:18:26.592-0600][0.262s] GC(43) Pause Full (G1 Compaction Pause) 255M->255M(256M) 2.350ms
[2026-01-04T23:18:26.592-0600][0.262s] GC(43) User=0.00s Sys=0.00s Real=0.00s
[2026-01-04T23:18:26.592-0600][0.262s] Attempting maximal full compaction clearing soft references
[2026-01-04T23:18:26.592-0600][0.262s] GC(44) Pause Full (G1 Compaction Pause)
[2026-01-04T23:18:26.592-0600][0.262s] GC(44) Using 6 workers of 13 for full compaction
[2026-01-04T23:18:26.592-0600][0.262s] GC(44) Phase 1: Mark live objects
[2026-01-04T23:18:26.594-0600][0.263s] GC(44) Phase 1: Mark live objects 0.642ms
[2026-01-04T23:18:26.594-0600][0.263s] GC(44) Phase 2: Prepare compaction
[2026-01-04T23:18:26.594-0600][0.263s] GC(44) Phase 2: Prepare compaction 0.365ms
[2026-01-04T23:18:26.594-0600][0.263s] GC(44) Phase 3: Adjust pointers
[2026-01-04T23:18:26.595-0600][0.264s] GC(44) Phase 3: Adjust pointers 0.683ms
[2026-01-04T23:18:26.595-0600][0.264s] GC(44) Phase 4: Compact heap
[2026-01-04T23:18:26.595-0600][0.264s] GC(44) Phase 4: Compact heap 0.237ms
[2026-01-04T23:18:26.595-0600][0.264s] GC(44) Phase 5: Reset Metadata
[2026-01-04T23:18:26.595-0600][0.265s] GC(44) Phase 5: Reset Metadata 0.066ms
[2026-01-04T23:18:26.596-0600][0.265s] GC(44) Eden regions: 0->0(1)
[2026-01-04T23:18:26.596-0600][0.265s] GC(44) Survivor regions: 0->0(0)
[2026-01-04T23:18:26.596-0600][0.265s] GC(44) Old regions: 2->2
[2026-01-04T23:18:26.596-0600][0.265s] GC(44) Humongous regions: 254->254
[2026-01-04T23:18:26.596-0600][0.265s] GC(44) Metaspace: 437K(640K)->437K(640K) NonClass: 420K(512K)->420K(512K) Class: 17K(128K)->17K(128K)
[2026-01-04T23:18:26.596-0600][0.265s] GC(44) Pause Full (G1 Compaction Pause) 255M->255M(256M) 2.643ms
[2026-01-04T23:18:26.596-0600][0.265s] GC(44) User=0.00s Sys=0.00s Real=0.00s
[2026-01-04T23:18:26.596-0600][0.265s] GC(38) Concurrent Mark Abort
[2026-01-04T23:18:26.596-0600][0.265s] GC(38) Concurrent Mark Cycle 10.729ms
[2026-01-04T23:18:26.596-0600][0.265s] GC(45) Pause Young (Concurrent Start) (G1 Humongous Allocation)
[2026-01-04T23:18:26.596-0600][0.265s] GC(45) Using 6 workers of 13 for evacuation
[2026-01-04T23:18:26.596-0600][0.265s] GC(45)   Pre Evacuate Collection Set: 0.11ms
[2026-01-04T23:18:26.596-0600][0.265s] GC(45)   Merge Heap Roots: 0.02ms
[2026-01-04T23:18:26.596-0600][0.265s] GC(45)   Evacuate Collection Set: 0.09ms
[2026-01-04T23:18:26.596-0600][0.265s] GC(45)   Post Evacuate Collection Set: 0.09ms
[2026-01-04T23:18:26.596-0600][0.265s] GC(45)   Other: 0.05ms
[2026-01-04T23:18:26.596-0600][0.265s] GC(45) Eden regions: 0->0(1)
[2026-01-04T23:18:26.596-0600][0.265s] GC(45) Survivor regions: 0->0(0)
[2026-01-04T23:18:26.596-0600][0.265s] GC(45) Old regions: 2->2
[2026-01-04T23:18:26.596-0600][0.265s] GC(45) Humongous regions: 254->254
[2026-01-04T23:18:26.596-0600][0.265s] GC(45) Metaspace: 437K(640K)->437K(640K) NonClass: 420K(512K)->420K(512K) Class: 17K(128K)->17K(128K)
[2026-01-04T23:18:26.596-0600][0.265s] GC(45) Pause Young (Concurrent Start) (G1 Humongous Allocation) 255M->255M(256M) 0.505ms
[2026-01-04T23:18:26.596-0600][0.266s] GC(46) Concurrent Mark Cycle
[2026-01-04T23:18:26.596-0600][0.266s] GC(45) User=0.00s Sys=0.00s Real=0.00s
[2026-01-04T23:18:26.596-0600][0.266s] GC(46) Concurrent Scan Root Regions
[2026-01-04T23:18:26.596-0600][0.266s] GC(46) Concurrent Scan Root Regions 0.039ms
[2026-01-04T23:18:26.596-0600][0.266s] GC(46) Concurrent Mark
[2026-01-04T23:18:26.596-0600][0.266s] GC(46) Concurrent Mark From Roots
[2026-01-04T23:18:26.596-0600][0.266s] GC(47) Pause Young (Normal) (G1 Humongous Allocation)
[2026-01-04T23:18:26.596-0600][0.266s] GC(46) Using 3 workers of 3 for marking
[2026-01-04T23:18:26.596-0600][0.266s] GC(47) Using 6 workers of 13 for evacuation
[2026-01-04T23:18:26.597-0600][0.266s] GC(47)   Pre Evacuate Collection Set: 0.05ms
[2026-01-04T23:18:26.597-0600][0.266s] GC(47)   Merge Heap Roots: 0.02ms
[2026-01-04T23:18:26.597-0600][0.266s] GC(47)   Evacuate Collection Set: 0.03ms
[2026-01-04T23:18:26.597-0600][0.266s] GC(47)   Post Evacuate Collection Set: 0.08ms
[2026-01-04T23:18:26.597-0600][0.266s] GC(47)   Other: 0.03ms
[2026-01-04T23:18:26.597-0600][0.266s] GC(47) Eden regions: 0->0(1)
[2026-01-04T23:18:26.597-0600][0.266s] GC(47) Survivor regions: 0->0(0)
[2026-01-04T23:18:26.597-0600][0.266s] GC(47) Old regions: 2->2
[2026-01-04T23:18:26.597-0600][0.266s] GC(47) Humongous regions: 254->254
[2026-01-04T23:18:26.597-0600][0.266s] GC(47) Metaspace: 437K(640K)->437K(640K) NonClass: 420K(512K)->420K(512K) Class: 17K(128K)->17K(128K)
[2026-01-04T23:18:26.597-0600][0.266s] GC(47) Pause Young (Normal) (G1 Humongous Allocation) 255M->255M(256M) 0.464ms
[2026-01-04T23:18:26.597-0600][0.266s] GC(47) User=0.00s Sys=0.00s Real=0.00s
[2026-01-04T23:18:26.597-0600][0.266s] Attempting full compaction
[2026-01-04T23:18:26.597-0600][0.266s] GC(48) Pause Full (G1 Compaction Pause)
[2026-01-04T23:18:26.597-0600][0.266s] GC(48) Using 6 workers of 13 for full compaction
[2026-01-04T23:18:26.597-0600][0.266s] GC(48) Phase 1: Mark live objects
[2026-01-04T23:18:26.597-0600][0.267s] GC(48) Phase 1: Mark live objects 0.615ms
[2026-01-04T23:18:26.597-0600][0.267s] GC(48) Phase 2: Prepare compaction
[2026-01-04T23:18:26.597-0600][0.267s] GC(48) Phase 2: Prepare compaction 0.120ms
[2026-01-04T23:18:26.597-0600][0.267s] GC(48) Phase 3: Adjust pointers
[2026-01-04T23:18:26.598-0600][0.268s] GC(48) Phase 3: Adjust pointers 0.541ms
[2026-01-04T23:18:26.598-0600][0.268s] GC(48) Phase 4: Compact heap
[2026-01-04T23:18:26.598-0600][0.268s] GC(48) Phase 4: Compact heap 0.115ms
[2026-01-04T23:18:26.598-0600][0.268s] GC(48) Phase 5: Reset Metadata
[2026-01-04T23:18:26.598-0600][0.268s] GC(48) Phase 5: Reset Metadata 0.210ms
[2026-01-04T23:18:26.599-0600][0.268s] GC(48) Eden regions: 0->0(1)
[2026-01-04T23:18:26.599-0600][0.268s] GC(48) Survivor regions: 0->0(0)
[2026-01-04T23:18:26.599-0600][0.268s] GC(48) Old regions: 2->2
[2026-01-04T23:18:26.599-0600][0.268s] GC(48) Humongous regions: 254->254
[2026-01-04T23:18:26.599-0600][0.268s] GC(48) Metaspace: 437K(640K)->437K(640K) NonClass: 420K(512K)->420K(512K) Class: 17K(128K)->17K(128K)
[2026-01-04T23:18:26.599-0600][0.268s] GC(48) Pause Full (G1 Compaction Pause) 255M->255M(256M) 2.244ms
[2026-01-04T23:18:26.599-0600][0.268s] GC(48) User=0.00s Sys=0.00s Real=0.00s
[2026-01-04T23:18:26.599-0600][0.268s] Attempting maximal full compaction clearing soft references
[2026-01-04T23:18:26.599-0600][0.268s] GC(49) Pause Full (G1 Compaction Pause)
[2026-01-04T23:18:26.599-0600][0.268s] GC(49) Using 6 workers of 13 for full compaction
[2026-01-04T23:18:26.599-0600][0.269s] GC(49) Phase 1: Mark live objects
[2026-01-04T23:18:26.599-0600][0.269s] GC(49) Phase 1: Mark live objects 0.547ms
[2026-01-04T23:18:26.599-0600][0.269s] GC(49) Phase 2: Prepare compaction
[2026-01-04T23:18:26.600-0600][0.269s] GC(49) Phase 2: Prepare compaction 0.304ms
[2026-01-04T23:18:26.600-0600][0.269s] GC(49) Phase 3: Adjust pointers
[2026-01-04T23:18:26.600-0600][0.270s] GC(49) Phase 3: Adjust pointers 0.561ms
[2026-01-04T23:18:26.600-0600][0.270s] GC(49) Phase 4: Compact heap
[2026-01-04T23:18:26.601-0600][0.270s] GC(49) Phase 4: Compact heap 0.275ms
[2026-01-04T23:18:26.601-0600][0.270s] GC(49) Phase 5: Reset Metadata
[2026-01-04T23:18:26.601-0600][0.270s] GC(49) Phase 5: Reset Metadata 0.049ms
[2026-01-04T23:18:26.601-0600][0.271s] GC(49) Eden regions: 0->0(1)
[2026-01-04T23:18:26.601-0600][0.271s] GC(49) Survivor regions: 0->0(0)
[2026-01-04T23:18:26.601-0600][0.271s] GC(49) Old regions: 2->2
[2026-01-04T23:18:26.601-0600][0.271s] GC(49) Humongous regions: 254->254
[2026-01-04T23:18:26.601-0600][0.271s] GC(49) Metaspace: 437K(640K)->437K(640K) NonClass: 420K(512K)->420K(512K) Class: 17K(128K)->17K(128K)
[2026-01-04T23:18:26.601-0600][0.271s] GC(49) Pause Full (G1 Compaction Pause) 255M->255M(256M) 2.289ms
[2026-01-04T23:18:26.601-0600][0.271s] GC(49) User=0.00s Sys=0.02s Real=0.00s
[2026-01-04T23:18:26.601-0600][0.271s] GC(46) Concurrent Mark From Roots 5.132ms
[2026-01-04T23:18:26.601-0600][0.271s] GC(46) Concurrent Mark Abort
[2026-01-04T23:18:26.601-0600][0.271s] GC(46) Concurrent Mark Cycle 5.254ms
[2026-01-04T23:18:26.601-0600][0.271s] GC(50) Pause Young (Normal) (G1 Evacuation Pause)
[2026-01-04T23:18:26.601-0600][0.271s] GC(50) Using 6 workers of 13 for evacuation
[2026-01-04T23:18:26.601-0600][0.271s] GC(50)   Pre Evacuate Collection Set: 0.05ms
[2026-01-04T23:18:26.601-0600][0.271s] GC(50)   Merge Heap Roots: 0.02ms
[2026-01-04T23:18:26.601-0600][0.271s] GC(50)   Evacuate Collection Set: 0.06ms
[2026-01-04T23:18:26.601-0600][0.271s] GC(50)   Post Evacuate Collection Set: 0.09ms
[2026-01-04T23:18:26.601-0600][0.271s] GC(50)   Other: 0.04ms
[2026-01-04T23:18:26.601-0600][0.271s] GC(50) Eden regions: 0->0(1)
[2026-01-04T23:18:26.601-0600][0.271s] GC(50) Survivor regions: 0->0(0)
[2026-01-04T23:18:26.601-0600][0.271s] GC(50) Old regions: 2->2
[2026-01-04T23:18:26.601-0600][0.271s] GC(50) Humongous regions: 254->254
[2026-01-04T23:18:26.601-0600][0.271s] GC(50) Metaspace: 437K(640K)->437K(640K) NonClass: 420K(512K)->420K(512K) Class: 17K(128K)->17K(128K)
[2026-01-04T23:18:26.601-0600][0.271s] GC(50) Pause Young (Normal) (G1 Evacuation Pause) 255M->255M(256M) 0.424ms
[2026-01-04T23:18:26.601-0600][0.271s] GC(50) User=0.00s Sys=0.00s Real=0.00s
[2026-01-04T23:18:26.601-0600][0.271s] Attempting full compaction
[2026-01-04T23:18:26.602-0600][0.271s] GC(51) Pause Full (G1 Compaction Pause)
[2026-01-04T23:18:26.602-0600][0.271s] GC(51) Using 6 workers of 13 for full compaction
[2026-01-04T23:18:26.602-0600][0.271s] GC(51) Phase 1: Mark live objects
[2026-01-04T23:18:26.603-0600][0.272s] GC(51) Phase 1: Mark live objects 0.666ms
[2026-01-04T23:18:26.603-0600][0.272s] GC(51) Phase 2: Prepare compaction
[2026-01-04T23:18:26.603-0600][0.272s] GC(51) Phase 2: Prepare compaction 0.132ms
[2026-01-04T23:18:26.603-0600][0.272s] GC(51) Phase 3: Adjust pointers
[2026-01-04T23:18:26.604-0600][0.273s] GC(51) Phase 3: Adjust pointers 0.616ms
[2026-01-04T23:18:26.604-0600][0.273s] GC(51) Phase 4: Compact heap
[2026-01-04T23:18:26.604-0600][0.273s] GC(51) Phase 4: Compact heap 0.112ms
[2026-01-04T23:18:26.604-0600][0.273s] GC(51) Phase 5: Reset Metadata
[2026-01-04T23:18:26.604-0600][0.273s] GC(51) Phase 5: Reset Metadata 0.228ms
[2026-01-04T23:18:26.604-0600][0.274s] GC(51) Eden regions: 0->0(2)
[2026-01-04T23:18:26.604-0600][0.274s] GC(51) Survivor regions: 0->0(0)
[2026-01-04T23:18:26.604-0600][0.274s] GC(51) Old regions: 2->2
[2026-01-04T23:18:26.604-0600][0.274s] GC(51) Humongous regions: 254->252
[2026-01-04T23:18:26.604-0600][0.274s] GC(51) Metaspace: 437K(640K)->437K(640K) NonClass: 420K(512K)->420K(512K) Class: 17K(128K)->17K(128K)
[2026-01-04T23:18:26.604-0600][0.274s] GC(51) Pause Full (G1 Compaction Pause) 255M->253M(256M) 2.419ms
[2026-01-04T23:18:26.604-0600][0.274s] GC(51) User=0.00s Sys=0.00s Real=0.00s
[2026-01-04T23:18:26.605-0600][0.275s] Heap
[2026-01-04T23:18:26.605-0600][0.275s]  garbage-first heap   total reserved 262144K, committed 262144K, used 259575K [0x00000000f0000000, 0x0000000100000000)
[2026-01-04T23:18:26.605-0600][0.275s]   region size 1024K, 1 young (1024K), 0 survivors (0K)
[2026-01-04T23:18:26.605-0600][0.275s]  Metaspace       used 438K, committed 640K, reserved 1114112K
[2026-01-04T23:18:26.605-0600][0.275s]   class space    used 17K, committed 128K, reserved 1048576K
